<html>
<body>
<pre>
<h1>礦ision Build Log</h1>
<h2>Tool Versions:</h2>
IDE-Version: μVision V5.14.0.0
Copyright (C) 2015 ARM Ltd and ARM Germany GmbH. All rights reserved.
License Information: zhao ji, cmiot, LIC=KIVNN-YVVD9-68LFC-7Q8LR-BGK9P-R57ZY
 
Tool Versions:
Toolchain:       MDK-ARM Professional  Version: 5.14.0.0
Toolchain Path:  C:\Keil_v5\ARM\ARMCC\Bin
C Compiler:      Armcc.exe V5.05 update 1 (build 106)
Assembler:       Armasm.exe V5.05 update 1 (build 106)
Linker/Locator:  ArmLink.exe V5.05 update 1 (build 106)
Library Manager: ArmAr.exe V5.05 update 1 (build 106)
Hex Converter:   FromElf.exe V5.05 update 1 (build 106)
CPU DLL:         SARMCM3.DLL V5.14.0.0
Dialog DLL:      DCM.DLL V1.13.1.0
Target DLL:      STLink\ST-LINKIII-KEIL_SWO.dll V2.0.14.0_KEIL
Dialog DLL:      TCM.DLL V1.14.4.0
 
<h2>Project:</h2>
D:\GitHub\NB-IoT_Terminal\D5200.uvprojx
Project File Date:  06/06/2018

<h2>Output:</h2>
Build target 'NB-IoT_TestTerminal'
Before Build - User command #1: beforeBuild.bat
D:\GitHub\NB-IoT_Terminal>cd /d D:\GitHub\NB-IoT_Terminal\ 
D:\GitHub\NB-IoT_Terminal>cd.1>HAL\COMMON\build_version.h 
D:\GitHub\NB-IoT_Terminal>set h= 9 
D:\GitHub\NB-IoT_Terminal>echo #define __CMIOT_VERSION__ "D5200 V1.0 Build20180607 Rel.095311" 1>>HAL\COMMON\build_version.h 
D:\GitHub\NB-IoT_Terminal>del Output\*.hex /s 
删除文件 - D:\GitHub\NB-IoT_Terminal\Output\D5200 V1.0 Build20180607 Rel.093026.hex
D:\GitHub\NB-IoT_Terminal>del Output\*.bin /s 
删除文件 - D:\GitHub\NB-IoT_Terminal\Output\D5200 V1.0 Build20180607 Rel.093026.bin
D:\GitHub\NB-IoT_Terminal>exit
compiling main.c...
compiling common.c...
linking...
Program Size: Code=51128 RO-data=106132 RW-data=2412 ZI-data=23892  
FromELF: creating hex file...
After Build - User command #1: C:/keil_v5/ARM/ARMCC/bin/fromelf.exe  -bin -o ./Objects/NB-IoT_TestTerminal.bin ./Objects/NB-IoT_TestTerminal.axf
Warning: Q3910W: Old syntax, please use '--bin'.
Finished: 0 information, 1 warning and 0 error messages.
After Build - User command #2: afterBuild.bat
D:\GitHub\NB-IoT_Terminal>cd /d D:\GitHub\NB-IoT_Terminal\ 
D:\GitHub\NB-IoT_Terminal>set /p a= 0<HAL\COMMON\build_version.h 
D:\GitHub\NB-IoT_Terminal>COPY Objects\NB-IoT_TestTerminal.hex Output\ 
已复制         1 个文件。
D:\GitHub\NB-IoT_Terminal>COPY Objects\NB-IoT_TestTerminal.bin Output\ 
已复制         1 个文件。
D:\GitHub\NB-IoT_Terminal>RENAME Output\NB-IoT_TestTerminal.hex "D5200 V1.0 Build20180607 Rel.095311.hex 
D:\GitHub\NB-IoT_Terminal>RENAME Output\NB-IoT_TestTerminal.bin "D5200 V1.0 Build20180607 Rel.095311.bin 
D:\GitHub\NB-IoT_Terminal>exit
".\Objects\NB-IoT_TestTerminal.axf" - 0 Error(s), 0 Warning(s).

<h2>Collection of Component include folders:</h2>
  D:\GitHub\NB-IoT_Terminal\RTE
  C:\Keil_v5\ARM\PACK\Keil\STM32F1xx_DFP\1.0.5\Device\Include

<h2>Collection of Component Files used:</h2>
</pre>
</body>
</html>
