Component: ARM Compiler 5.05 update 1 (build 106) Tool: armlink [4d0efa]

==============================================================================

Section Cross References

    startup_stm32f10x_hd.o(RESET) refers to startup_stm32f10x_hd.o(STACK) for __initial_sp
    startup_stm32f10x_hd.o(RESET) refers to startup_stm32f10x_hd.o(.text) for Reset_Handler
    startup_stm32f10x_hd.o(RESET) refers to stm32f10x_it.o(i.NMI_Handler) for NMI_Handler
    startup_stm32f10x_hd.o(RESET) refers to stm32f10x_it.o(i.HardFault_Handler) for HardFault_Handler
    startup_stm32f10x_hd.o(RESET) refers to stm32f10x_it.o(i.MemManage_Handler) for MemManage_Handler
    startup_stm32f10x_hd.o(RESET) refers to stm32f10x_it.o(i.BusFault_Handler) for BusFault_Handler
    startup_stm32f10x_hd.o(RESET) refers to stm32f10x_it.o(i.UsageFault_Handler) for UsageFault_Handler
    startup_stm32f10x_hd.o(RESET) refers to port.o(.emb_text) for SVC_Handler
    startup_stm32f10x_hd.o(RESET) refers to stm32f10x_it.o(i.DebugMon_Handler) for DebugMon_Handler
    startup_stm32f10x_hd.o(RESET) refers to delay.o(i.SysTick_Handler) for SysTick_Handler
    startup_stm32f10x_hd.o(RESET) refers to key.o(i.EXTI2_IRQHandler) for EXTI2_IRQHandler
    startup_stm32f10x_hd.o(RESET) refers to key.o(i.EXTI3_IRQHandler) for EXTI3_IRQHandler
    startup_stm32f10x_hd.o(RESET) refers to key.o(i.EXTI4_IRQHandler) for EXTI4_IRQHandler
    startup_stm32f10x_hd.o(RESET) refers to timer.o(i.TIM3_IRQHandler) for TIM3_IRQHandler
    startup_stm32f10x_hd.o(RESET) refers to usart.o(i.USART1_IRQHandler) for USART1_IRQHandler
    startup_stm32f10x_hd.o(RESET) refers to usart.o(i.USART2_IRQHandler) for USART2_IRQHandler
    startup_stm32f10x_hd.o(RESET) refers to usart.o(i.USART3_IRQHandler) for USART3_IRQHandler
    startup_stm32f10x_hd.o(RESET) refers to key.o(i.EXTI15_10_IRQHandler) for EXTI15_10_IRQHandler
    startup_stm32f10x_hd.o(.text) refers to system_stm32f10x.o(i.SystemInit) for SystemInit
    startup_stm32f10x_hd.o(.text) refers to entry.o(.ARM.Collect$$$$00000000) for __main
    stm32f10x_adc.o(i.ADC_DeInit) refers to stm32f10x_rcc.o(i.RCC_APB2PeriphResetCmd) for RCC_APB2PeriphResetCmd
    stm32f10x_bkp.o(i.BKP_DeInit) refers to stm32f10x_rcc.o(i.RCC_BackupResetCmd) for RCC_BackupResetCmd
    stm32f10x_can.o(i.CAN_DeInit) refers to stm32f10x_rcc.o(i.RCC_APB1PeriphResetCmd) for RCC_APB1PeriphResetCmd
    stm32f10x_can.o(i.CAN_GetITStatus) refers to stm32f10x_can.o(i.CheckITStatus) for CheckITStatus
    stm32f10x_cec.o(i.CEC_DeInit) refers to stm32f10x_rcc.o(i.RCC_APB1PeriphResetCmd) for RCC_APB1PeriphResetCmd
    stm32f10x_dac.o(i.DAC_DeInit) refers to stm32f10x_rcc.o(i.RCC_APB1PeriphResetCmd) for RCC_APB1PeriphResetCmd
    stm32f10x_flash.o(i.FLASH_EnableWriteProtection) refers to stm32f10x_flash.o(i.FLASH_WaitForLastOperation) for FLASH_WaitForLastOperation
    stm32f10x_flash.o(i.FLASH_EraseAllBank1Pages) refers to stm32f10x_flash.o(i.FLASH_WaitForLastBank1Operation) for FLASH_WaitForLastBank1Operation
    stm32f10x_flash.o(i.FLASH_EraseAllPages) refers to stm32f10x_flash.o(i.FLASH_WaitForLastOperation) for FLASH_WaitForLastOperation
    stm32f10x_flash.o(i.FLASH_EraseOptionBytes) refers to stm32f10x_flash.o(i.FLASH_GetReadOutProtectionStatus) for FLASH_GetReadOutProtectionStatus
    stm32f10x_flash.o(i.FLASH_EraseOptionBytes) refers to stm32f10x_flash.o(i.FLASH_WaitForLastOperation) for FLASH_WaitForLastOperation
    stm32f10x_flash.o(i.FLASH_ErasePage) refers to stm32f10x_flash.o(i.FLASH_WaitForLastOperation) for FLASH_WaitForLastOperation
    stm32f10x_flash.o(i.FLASH_ProgramHalfWord) refers to stm32f10x_flash.o(i.FLASH_WaitForLastOperation) for FLASH_WaitForLastOperation
    stm32f10x_flash.o(i.FLASH_ProgramOptionByteData) refers to stm32f10x_flash.o(i.FLASH_WaitForLastOperation) for FLASH_WaitForLastOperation
    stm32f10x_flash.o(i.FLASH_ProgramWord) refers to stm32f10x_flash.o(i.FLASH_WaitForLastOperation) for FLASH_WaitForLastOperation
    stm32f10x_flash.o(i.FLASH_ReadOutProtection) refers to stm32f10x_flash.o(i.FLASH_WaitForLastOperation) for FLASH_WaitForLastOperation
    stm32f10x_flash.o(i.FLASH_UserOptionByteConfig) refers to stm32f10x_flash.o(i.FLASH_WaitForLastOperation) for FLASH_WaitForLastOperation
    stm32f10x_flash.o(i.FLASH_WaitForLastBank1Operation) refers to stm32f10x_flash.o(i.FLASH_GetBank1Status) for FLASH_GetBank1Status
    stm32f10x_flash.o(i.FLASH_WaitForLastOperation) refers to stm32f10x_flash.o(i.FLASH_GetBank1Status) for FLASH_GetBank1Status
    stm32f10x_gpio.o(i.GPIO_AFIODeInit) refers to stm32f10x_rcc.o(i.RCC_APB2PeriphResetCmd) for RCC_APB2PeriphResetCmd
    stm32f10x_gpio.o(i.GPIO_DeInit) refers to stm32f10x_rcc.o(i.RCC_APB2PeriphResetCmd) for RCC_APB2PeriphResetCmd
    stm32f10x_i2c.o(i.I2C_DeInit) refers to stm32f10x_rcc.o(i.RCC_APB1PeriphResetCmd) for RCC_APB1PeriphResetCmd
    stm32f10x_i2c.o(i.I2C_Init) refers to stm32f10x_rcc.o(i.RCC_GetClocksFreq) for RCC_GetClocksFreq
[...]
    i._CMIOT_ShowRadioInfo                   0x080056a8   Section        0  ui.o(i._CMIOT_ShowRadioInfo)
    i._CMIOT_ShowSignalStrength              0x08005948   Section        0  ui.o(i._CMIOT_ShowSignalStrength)
    i._CMIOT_StartTaskProc                   0x08005b9c   Section        0  main.o(i._CMIOT_StartTaskProc)
    i._CMIOT_TabIndex                        0x08005c1c   Section        0  ui.o(i._CMIOT_TabIndex)
    i._CMIOT_UI_BootPage                     0x08006830   Section        0  ui.o(i._CMIOT_UI_BootPage)
    i._CMIOT_Uart_Init                       0x080068cc   Section        0  usart.o(i._CMIOT_Uart_Init)
    i._CMIOT_Uart_send                       0x08006ad0   Section        0  usart.o(i._CMIOT_Uart_send)
    i._CMIOT_atoi                            0x08006b10   Section        0  common.o(i._CMIOT_atoi)
    i.__0sprintf                             0x08006b98   Section        0  printfa.o(i.__0sprintf)
    i.__0vsnprintf                           0x08006bc0   Section        0  printfa.o(i.__0vsnprintf)
    i.__scatterload_copy                     0x08006be4   Section       14  handlers.o(i.__scatterload_copy)
    i.__scatterload_null                     0x08006bf2   Section        2  handlers.o(i.__scatterload_null)
    i.__scatterload_zeroinit                 0x08006bf4   Section       14  handlers.o(i.__scatterload_zeroinit)
    i._fp_digits                             0x08006c04   Section        0  printfa.o(i._fp_digits)
    _fp_digits                               0x08006c05   Thumb Code   334  printfa.o(i._fp_digits)
    i._printf_core                           0x08006d68   Section        0  printfa.o(i._printf_core)
    _printf_core                             0x08006d69   Thumb Code  1744  printfa.o(i._printf_core)
    i._printf_post_padding                   0x08007444   Section        0  printfa.o(i._printf_post_padding)
    _printf_post_padding                     0x08007445   Thumb Code    36  printfa.o(i._printf_post_padding)
    i._printf_pre_padding                    0x08007468   Section        0  printfa.o(i._printf_pre_padding)
    _printf_pre_padding                      0x08007469   Thumb Code    46  printfa.o(i._printf_pre_padding)
    i._snputc                                0x08007496   Section        0  printfa.o(i._snputc)
    _snputc                                  0x08007497   Thumb Code    22  printfa.o(i._snputc)
    i._sputc                                 0x080074ac   Section        0  printfa.o(i._sputc)
    _sputc                                   0x080074ad   Thumb Code    10  printfa.o(i._sputc)
    i.cm_key_init                            0x080074b8   Section        0  key.o(i.cm_key_init)
    i.delay_init                             0x0800768c   Section        0  delay.o(i.delay_init)
    i.delay_ms                               0x080076dc   Section        0  delay.o(i.delay_ms)
    i.delay_us                               0x08007700   Section        0  delay.o(i.delay_us)
    i.floor                                  0x08007748   Section        0  floor.o(i.floor)
    i.main                                   0x08007824   Section        0  main.o(i.main)
    i.prvAddCurrentTaskToDelayedList         0x080078b4   Section        0  tasks.o(i.prvAddCurrentTaskToDelayedList)
    prvAddCurrentTaskToDelayedList           0x080078b5   Thumb Code   124  tasks.o(i.prvAddCurrentTaskToDelayedList)
    i.prvAddNewTaskToReadyList               0x0800794c   Section        0  tasks.o(i.prvAddNewTaskToReadyList)
    prvAddNewTaskToReadyList                 0x0800794d   Thumb Code   150  tasks.o(i.prvAddNewTaskToReadyList)
    i.prvCheckForValidListAndQueue           0x08007a00   Section        0  timers.o(i.prvCheckForValidListAndQueue)
    prvCheckForValidListAndQueue             0x08007a01   Thumb Code    72  timers.o(i.prvCheckForValidListAndQueue)
    i.prvCheckTasksWaitingTermination        0x08007a64   Section        0  tasks.o(i.prvCheckTasksWaitingTermination)
    prvCheckTasksWaitingTermination          0x08007a65   Thumb Code    60  tasks.o(i.prvCheckTasksWaitingTermination)
    i.prvCopyDataFromQueue                   0x08007aac   Section        0  queue.o(i.prvCopyDataFromQueue)
    prvCopyDataFromQueue                     0x08007aad   Thumb Code    42  queue.o(i.prvCopyDataFromQueue)
    i.prvCopyDataToQueue                     0x08007ad6   Section        0  queue.o(i.prvCopyDataToQueue)
    prvCopyDataToQueue                       0x08007ad7   Thumb Code   124  queue.o(i.prvCopyDataToQueue)
    i.prvDebugLevelCommand                   0x08007b54   Section        0  user_cli.o(i.prvDebugLevelCommand)
    i.prvDeleteTCB                           0x08007be0   Section        0  tasks.o(i.prvDeleteTCB)
    prvDeleteTCB                             0x08007be1   Thumb Code    18  tasks.o(i.prvDeleteTCB)
    i.prvGetHeapUsageCommand                 0x08007bf4   Section        0  user_cli.o(i.prvGetHeapUsageCommand)
    i.prvGetNextExpireTime                   0x08007d3c   Section        0  timers.o(i.prvGetNextExpireTime)
    prvGetNextExpireTime                     0x08007d3d   Thumb Code    36  timers.o(i.prvGetNextExpireTime)
    i.prvGetNumberOfParameters               0x08007d64   Section        0  freertos_cli.o(i.prvGetNumberOfParameters)
    prvGetNumberOfParameters                 0x08007d65   Thumb Code    46  freertos_cli.o(i.prvGetNumberOfParameters)
    i.prvGetSysTimeCommand                   0x08007d94   Section        0  user_cli.o(i.prvGetSysTimeCommand)
    i.prvHeapInit                            0x08007dec   Section        0  heap_4.o(i.prvHeapInit)
    prvHeapInit                              0x08007ded   Thumb Code    98  heap_4.o(i.prvHeapInit)
    i.prvHelpCommand                         0x08007e68   Section        0  freertos_cli.o(i.prvHelpCommand)
    prvHelpCommand                           0x08007e69   Thumb Code    66  freertos_cli.o(i.prvHelpCommand)
    i.prvIdleTask                            0x08007eb4   Section        0  tasks.o(i.prvIdleTask)
    prvIdleTask                              0x08007eb5   Thumb Code    32  tasks.o(i.prvIdleTask)
    i.prvInitialiseNewQueue                  0x08007edc   Section        0  queue.o(i.prvInitialiseNewQueue)
    prvInitialiseNewQueue                    0x08007edd   Thumb Code    42  queue.o(i.prvInitialiseNewQueue)
    i.prvInitialiseNewTask                   0x08007f06   Section        0  tasks.o(i.prvInitialiseNewTask)
    prvInitialiseNewTask                     0x08007f07   Thumb Code   146  tasks.o(i.prvInitialiseNewTask)
    i.prvInitialiseTaskLists                 0x08007f98   Section        0  tasks.o(i.prvInitialiseTaskLists)
    prvInitialiseTaskLists                   0x08007f99   Thumb Code    70  tasks.o(i.prvInitialiseTaskLists)
    i.prvInsertBlockIntoFreeList             0x08008000   Section        0  heap_4.o(i.prvInsertBlockIntoFreeList)
    prvInsertBlockIntoFreeList               0x08008001   Thumb Code    96  heap_4.o(i.prvInsertBlockIntoFreeList)
    i.prvInsertTimerInActiveList             0x08008068   Section        0  timers.o(i.prvInsertTimerInActiveList)
    prvInsertTimerInActiveList               0x08008069   Thumb Code    80  timers.o(i.prvInsertTimerInActiveList)
    i.prvIsQueueEmpty                        0x080080c0   Section        0  queue.o(i.prvIsQueueEmpty)
    prvIsQueueEmpty                          0x080080c1   Thumb Code    26  queue.o(i.prvIsQueueEmpty)
    i.prvIsQueueFull                         0x080080da   Section        0  queue.o(i.prvIsQueueFull)
    prvIsQueueFull                           0x080080db   Thumb Code    30  queue.o(i.prvIsQueueFull)
    i.prvNotifyQueueSetContainer             0x080080f8   Section        0  queue.o(i.prvNotifyQueueSetContainer)
    prvNotifyQueueSetContainer               0x080080f9   Thumb Code    82  queue.o(i.prvNotifyQueueSetContainer)
    i.prvProcessExpiredTimer                 0x0800814c   Section        0  timers.o(i.prvProcessExpiredTimer)
    prvProcessExpiredTimer                   0x0800814d   Thumb Code    70  timers.o(i.prvProcessExpiredTimer)
    i.prvProcessReceivedCommands             0x08008198   Section        0  timers.o(i.prvProcessReceivedCommands)
    prvProcessReceivedCommands               0x08008199   Thumb Code   200  timers.o(i.prvProcessReceivedCommands)
    i.prvProcessTimerOrBlockTask             0x08008264   Section        0  timers.o(i.prvProcessTimerOrBlockTask)
    prvProcessTimerOrBlockTask               0x08008265   Thumb Code   102  timers.o(i.prvProcessTimerOrBlockTask)
    i.prvResetNextTaskUnblockTime            0x080082d8   Section        0  tasks.o(i.prvResetNextTaskUnblockTime)
    prvResetNextTaskUnblockTime              0x080082d9   Thumb Code    42  tasks.o(i.prvResetNextTaskUnblockTime)
    i.prvSampleTimeNow                       0x0800830c   Section        0  timers.o(i.prvSampleTimeNow)
    prvSampleTimeNow                         0x0800830d   Thumb Code    40  timers.o(i.prvSampleTimeNow)
    i.prvSwitchTimerLists                    0x08008338   Section        0  timers.o(i.prvSwitchTimerLists)
    prvSwitchTimerLists                      0x08008339   Thumb Code   122  timers.o(i.prvSwitchTimerLists)
    i.prvTaskCheckFreeStackSpace             0x080083bc   Section        0  tasks.o(i.prvTaskCheckFreeStackSpace)
    prvTaskCheckFreeStackSpace               0x080083bd   Thumb Code    22  tasks.o(i.prvTaskCheckFreeStackSpace)
    i.prvTaskExitError                       0x080083d2   Section        0  port.o(i.prvTaskExitError)
    prvTaskExitError                         0x080083d3   Thumb Code    22  port.o(i.prvTaskExitError)
    i.prvTimerTask                           0x080083e8   Section        0  timers.o(i.prvTimerTask)
    prvTimerTask                             0x080083e9   Thumb Code    26  timers.o(i.prvTimerTask)
    i.prvUnlockQueue                         0x08008402   Section        0  queue.o(i.prvUnlockQueue)
    prvUnlockQueue                           0x08008403   Thumb Code   146  queue.o(i.prvUnlockQueue)
    i.pvPortMalloc                           0x08008494   Section        0  heap_4.o(i.pvPortMalloc)
    i.pxPortInitialiseStack                  0x08008564   Section        0  port.o(i.pxPortInitialiseStack)
    i.ulTaskNotifyTake                       0x08008588   Section        0  tasks.o(i.ulTaskNotifyTake)
    i.uxListRemove                           0x080085fc   Section        0  list.o(i.uxListRemove)
    i.uxTaskGetStackHighWaterMark            0x08008624   Section        0  tasks.o(i.uxTaskGetStackHighWaterMark)
    i.vListInitialise                        0x0800864c   Section        0  list.o(i.vListInitialise)
    i.vListInitialiseItem                    0x08008666   Section        0  list.o(i.vListInitialiseItem)
    i.vListInsert                            0x0800866c   Section        0  list.o(i.vListInsert)
    i.vListInsertEnd                         0x080086a0   Section        0  list.o(i.vListInsertEnd)
    i.vPortEnterCritical                     0x080086b8   Section        0  port.o(i.vPortEnterCritical)
    i.vPortExitCritical                      0x080086dc   Section        0  port.o(i.vPortExitCritical)
    i.vPortFree                              0x080086fc   Section        0  heap_4.o(i.vPortFree)
    i.vPortSetupTimerInterrupt               0x08008744   Section        0  port.o(i.vPortSetupTimerInterrupt)
    i.vQueueAddToRegistry                    0x0800875c   Section        0  queue.o(i.vQueueAddToRegistry)
    i.vQueueWaitForMessageRestricted         0x08008788   Section        0  queue.o(i.vQueueWaitForMessageRestricted)
    i.vTaskDelay                             0x080087d4   Section        0  tasks.o(i.vTaskDelay)
    i.vTaskDelete                            0x08008808   Section        0  tasks.o(i.vTaskDelete)
    i.vTaskInternalSetTimeOutState           0x080088d4   Section        0  tasks.o(i.vTaskInternalSetTimeOutState)
    i.vTaskMissedYield                       0x080088ec   Section        0  tasks.o(i.vTaskMissedYield)
    i.vTaskNotifyGiveFromISR                 0x080088f8   Section        0  tasks.o(i.vTaskNotifyGiveFromISR)
    i.vTaskPlaceOnEventList                  0x080089ac   Section        0  tasks.o(i.vTaskPlaceOnEventList)
    i.vTaskPlaceOnEventListRestricted        0x080089cc   Section        0  tasks.o(i.vTaskPlaceOnEventListRestricted)
    i.vTaskStartScheduler                    0x080089f4   Section        0  tasks.o(i.vTaskStartScheduler)
    i.vTaskSuspendAll                        0x08008a68   Section        0  tasks.o(i.vTaskSuspendAll)
    i.vTaskSwitchContext                     0x08008a78   Section        0  tasks.o(i.vTaskSwitchContext)
    i.xPortGetFreeHeapSize                   0x08008b1c   Section        0  heap_4.o(i.xPortGetFreeHeapSize)
    i.xPortStartScheduler                    0x08008b28   Section        0  port.o(i.xPortStartScheduler)
    i.xPortSysTickHandler                    0x08008b5c   Section        0  port.o(i.xPortSysTickHandler)
    i.xQueueGenericCreate                    0x08008b90   Section        0  queue.o(i.xQueueGenericCreate)
    i.xQueueGenericReset                     0x08008bc8   Section        0  queue.o(i.xQueueGenericReset)
    i.xQueueGenericSend                      0x08008c48   Section        0  queue.o(i.xQueueGenericSend)
    i.xQueueGenericSendFromISR               0x08008d80   Section        0  queue.o(i.xQueueGenericSendFromISR)
    i.xQueueReceive                          0x08008e1c   Section        0  queue.o(i.xQueueReceive)
    i.xTaskCheckForTimeOut                   0x08008f20   Section        0  tasks.o(i.xTaskCheckForTimeOut)
    i.xTaskCreate                            0x08008f7c   Section        0  tasks.o(i.xTaskCreate)
    i.xTaskGetSchedulerState                 0x08008fdc   Section        0  tasks.o(i.xTaskGetSchedulerState)
    i.xTaskGetTickCount                      0x08008ffc   Section        0  tasks.o(i.xTaskGetTickCount)
    i.xTaskIncrementTick                     0x08009008   Section        0  tasks.o(i.xTaskIncrementTick)
    i.xTaskPriorityDisinherit                0x08009124   Section        0  tasks.o(i.xTaskPriorityDisinherit)
    i.xTaskRemoveFromEventList               0x080091a8   Section        0  tasks.o(i.xTaskRemoveFromEventList)
    i.xTaskResumeAll                         0x08009228   Section        0  tasks.o(i.xTaskResumeAll)
    i.xTimerCreateTimerTask                  0x08009310   Section        0  timers.o(i.xTimerCreateTimerTask)
    i.xTimerGenericCommand                   0x0800934c   Section        0  timers.o(i.xTimerGenericCommand)
    .constdata                               0x080093b8   Section       85  main.o(.constdata)
    __func__                                 0x080093b8   Data           5  main.o(.constdata)
    __func__                                 0x080093bd   Data          21  main.o(.constdata)
    __func__                                 0x080093d2   Data          19  main.o(.constdata)
    __func__                                 0x080093e5   Data          19  main.o(.constdata)
    __func__                                 0x080093f8   Data          21  main.o(.constdata)
    .constdata                               0x08009410   Section       16  freertos_cli.o(.constdata)
    xHelpCommand                             0x08009410   Data          16  freertos_cli.o(.constdata)
    .constdata                               0x08009420   Section      872  m5310.o(.constdata)
    __func__                                 0x08009420   Data          29  m5310.o(.constdata)
    __func__                                 0x08009490   Data          20  m5310.o(.constdata)
    __func__                                 0x080094a4   Data          31  m5310.o(.constdata)
    __func__                                 0x080094ec   Data          24  m5310.o(.constdata)
    __func__                                 0x0800952c   Data          21  m5310.o(.constdata)
    __func__                                 0x0800956c   Data          24  m5310.o(.constdata)
    __func__                                 0x080095ac   Data          16  m5310.o(.constdata)
    __func__                                 0x080095e4   Data          15  m5310.o(.constdata)
    __func__                                 0x0800961c   Data          15  m5310.o(.constdata)
    __func__                                 0x08009654   Data          15  m5310.o(.constdata)
    __func__                                 0x0800968c   Data          18  m5310.o(.constdata)
    __func__                                 0x080096c8   Data          27  m5310.o(.constdata)
    __func__                                 0x0800970c   Data          23  m5310.o(.constdata)
    .constdata                               0x08009788   Section    22803  st7789s.o(.constdata)
    .constdata                               0x0800f09b   Section    58737  ui.o(.constdata)
    __func__                                 0x0801d5d3   Data          16  ui.o(.constdata)
    __func__                                 0x0801d5e3   Data          25  ui.o(.constdata)
    __func__                                 0x0801d5fc   Data          16  ui.o(.constdata)
    .constdata                               0x0801d60c   Section       72  key.o(.constdata)
    __func__                                 0x0801d60c   Data          17  key.o(.constdata)
    __func__                                 0x0801d61d   Data          17  key.o(.constdata)
    __func__                                 0x0801d62e   Data          17  key.o(.constdata)
    __func__                                 0x0801d63f   Data          21  key.o(.constdata)
    .conststring                             0x0801d654   Section      221  freertos_cli.o(.conststring)
    .conststring                             0x0801d734   Section      214  user_cli.o(.conststring)
    .data                                    0x20000000   Section       20  stm32f10x_rcc.o(.data)
    APBAHBPrescTable                         0x20000000   Data          16  stm32f10x_rcc.o(.data)
    ADCPrescTable                            0x20000010   Data           4  stm32f10x_rcc.o(.data)
    .data                                    0x20000014   Section       26  main.o(.data)
    .data                                    0x20000030   Section       20  system_stm32f10x.o(.data)
    .data                                    0x20000044   Section       68  tasks.o(.data)
    pxDelayedTaskList                        0x20000048   Data           4  tasks.o(.data)
    pxOverflowDelayedTaskList                0x2000004c   Data           4  tasks.o(.data)
    uxDeletedTasksWaitingCleanUp             0x20000050   Data           4  tasks.o(.data)
    uxCurrentNumberOfTasks                   0x20000054   Data           4  tasks.o(.data)
    xTickCount                               0x20000058   Data           4  tasks.o(.data)
    uxTopReadyPriority                       0x2000005c   Data           4  tasks.o(.data)
    xSchedulerRunning                        0x20000060   Data           4  tasks.o(.data)
    uxPendedTicks                            0x20000064   Data           4  tasks.o(.data)
    xYieldPending                            0x20000068   Data           4  tasks.o(.data)
    xNumOfOverflows                          0x2000006c   Data           4  tasks.o(.data)
    uxTaskNumber                             0x20000070   Data           4  tasks.o(.data)
    xNextTaskUnblockTime                     0x20000074   Data           4  tasks.o(.data)
    xIdleTaskHandle                          0x20000078   Data           4  tasks.o(.data)
    uxSchedulerSuspended                     0x2000007c   Data           4  tasks.o(.data)
    ulTaskSwitchedInTime                     0x20000080   Data           4  tasks.o(.data)
    ulTotalRunTime                           0x20000084   Data           4  tasks.o(.data)
    .data                                    0x20000088   Section       20  timers.o(.data)
    pxCurrentTimerList                       0x20000088   Data           4  timers.o(.data)
    pxOverflowTimerList                      0x2000008c   Data           4  timers.o(.data)
    xTimerQueue                              0x20000090   Data           4  timers.o(.data)
    xTimerTaskHandle                         0x20000094   Data           4  timers.o(.data)
    xLastTime                                0x20000098   Data           4  timers.o(.data)
    .data                                    0x2000009c   Section       24  heap_4.o(.data)
    xStart                                   0x2000009c   Data           8  heap_4.o(.data)
    pxEnd                                    0x200000a4   Data           4  heap_4.o(.data)
    xFreeBytesRemaining                      0x200000a8   Data           4  heap_4.o(.data)
    xMinimumEverFreeBytesRemaining           0x200000ac   Data           4  heap_4.o(.data)
    xBlockAllocatedBit                       0x200000b0   Data           4  heap_4.o(.data)
    .data                                    0x200000b4   Section        4  port.o(.data)
    uxCriticalNesting                        0x200000b4   Data           4  port.o(.data)
    .data                                    0x200000b8   Section        1  delay.o(.data)
    fac_us                                   0x200000b8   Data           1  delay.o(.data)
    .data                                    0x200000c0   Section        8  timer.o(.data)
    .data                                    0x200000c8   Section        1  common.o(.data)
    .data                                    0x200000cc   Section       20  freertos_cli.o(.data)
    xRegisteredCommands                      0x200000cc   Data           8  freertos_cli.o(.data)
    pxLastCommandInList                      0x200000d4   Data           4  freertos_cli.o(.data)
    pxCommand                                0x200000d8   Data           4  freertos_cli.o(.data)
    pxCommand                                0x200000dc   Data           4  freertos_cli.o(.data)
    .data                                    0x200000e0   Section       48  user_cli.o(.data)
    CliCommandList                           0x200000e0   Data          48  user_cli.o(.data)
    .data                                    0x20000110   Section        4  m5310.o(.data)
    .data                                    0x20000114   Section     1966  st7789s.o(.data)
    .bss                                     0x200008c4   Section      132  main.o(.bss)
    pcOutputString                           0x200008e4   Data         100  main.o(.bss)
    .bss                                     0x20000948   Section       64  queue.o(.bss)
    .bss                                     0x20000988   Section      200  tasks.o(.bss)
    pxReadyTasksLists                        0x20000988   Data         100  tasks.o(.bss)
    xDelayedTaskList1                        0x200009ec   Data          20  tasks.o(.bss)
    xDelayedTaskList2                        0x20000a00   Data          20  tasks.o(.bss)
    xPendingReadyList                        0x20000a14   Data          20  tasks.o(.bss)
    xTasksWaitingTermination                 0x20000a28   Data          20  tasks.o(.bss)
    xSuspendedTaskList                       0x20000a3c   Data          20  tasks.o(.bss)
    .bss                                     0x20000a50   Section       40  timers.o(.bss)
    xActiveTimerList1                        0x20000a50   Data          20  timers.o(.bss)
    xActiveTimerList2                        0x20000a64   Data          20  timers.o(.bss)
    .bss                                     0x20000a78   Section    20480  heap_4.o(.bss)
    ucHeap                                   0x20000a78   Data       20480  heap_4.o(.bss)
    .bss                                     0x20005a78   Section      512  m5310.o(.bss)
    .bss                                     0x20005c78   Section      128  ui.o(.bss)
    msg                                      0x20005c78   Data         128  ui.o(.bss)
    STACK                                    0x20005cf8   Section     1024  startup_stm32f10x_hd.o(STACK)

    Global Symbols

    Symbol Name                              Value     Ov Type        Size  Object(Section)

    BuildAttributes$$THM_ISAv4$P$D$K$B$S$PE$A:L22UL41UL21$X:L11$S22US41US21$IEEE1$IW$USESV6$~STKCKD$USESV7$~SHL$OTIME$ROPI$IEEEJ$EBA8$MICROLIB$REQ8$PRES8$EABIv2 0x00000000   Number         0  anon$$obj.o ABSOLUTE
    __ARM_use_no_argv                        0x00000000   Number         0  main.o ABSOLUTE
    _printf_a                                0x00000000   Number         0  stubs.o ABSOLUTE
    _printf_c                                0x00000000   Number         0  stubs.o ABSOLUTE
    _printf_charcount                        0x00000000   Number         0  stubs.o ABSOLUTE
    _printf_d                                0x00000000   Number         0  stubs.o ABSOLUTE
    _printf_e                                0x00000000   Number         0  stubs.o ABSOLUTE
    _printf_f                                0x00000000   Number         0  stubs.o ABSOLUTE
    _printf_flags                            0x00000000   Number         0  stubs.o ABSOLUTE
    _printf_fp_dec                           0x00000000   Number         0  stubs.o ABSOLUTE
    _printf_fp_hex                           0x00000000   Number         0  stubs.o ABSOLUTE
    _printf_g                                0x00000000   Number         0  stubs.o ABSOLUTE
    _printf_i                                0x00000000   Number         0  stubs.o ABSOLUTE
    _printf_int_dec                          0x00000000   Number         0  stubs.o ABSOLUTE
    _printf_l                                0x00000000   Number         0  stubs.o ABSOLUTE
    _printf_lc                               0x00000000   Number         0  stubs.o ABSOLUTE
    _printf_ll                               0x00000000   Number         0  stubs.o ABSOLUTE
    _printf_lld                              0x00000000   Number         0  stubs.o ABSOLUTE
    _printf_lli                              0x00000000   Number         0  stubs.o ABSOLUTE
    _printf_llo                              0x00000000   Number         0  stubs.o ABSOLUTE
    _printf_llu                              0x00000000   Number         0  stubs.o ABSOLUTE
    _printf_llx                              0x00000000   Number         0  stubs.o ABSOLUTE
    _printf_longlong_dec                     0x00000000   Number         0  stubs.o ABSOLUTE
    _printf_longlong_hex                     0x00000000   Number         0  stubs.o ABSOLUTE
    _printf_longlong_oct                     0x00000000   Number         0  stubs.o ABSOLUTE
    _printf_ls                               0x00000000   Number         0  stubs.o ABSOLUTE
    _printf_mbtowc                           0x00000000   Number         0  stubs.o ABSOLUTE
    _printf_n                                0x00000000   Number         0  stubs.o ABSOLUTE
    _printf_o                                0x00000000   Number         0  stubs.o ABSOLUTE
    _printf_p                                0x00000000   Number         0  stubs.o ABSOLUTE
    _printf_percent                          0x00000000   Number         0  stubs.o ABSOLUTE
    _printf_pre_padding                      0x00000000   Number         0  stubs.o ABSOLUTE
    _printf_return_value                     0x00000000   Number         0  stubs.o ABSOLUTE
    _printf_s                                0x00000000   Number         0  stubs.o ABSOLUTE
    _printf_sizespec                         0x00000000   Number         0  stubs.o ABSOLUTE
    _printf_str                              0x00000000   Number         0  stubs.o ABSOLUTE
    _printf_truncate_signed                  0x00000000   Number         0  stubs.o ABSOLUTE
    _printf_truncate_unsigned                0x00000000   Number         0  stubs.o ABSOLUTE
    _printf_u                                0x00000000   Number         0  stubs.o ABSOLUTE
    _printf_wc                               0x00000000   Number         0  stubs.o ABSOLUTE
    _printf_wctomb                           0x00000000   Number         0  stubs.o ABSOLUTE
    _printf_widthprec                        0x00000000   Number         0  stubs.o ABSOLUTE
    _printf_x                                0x00000000   Number         0  stubs.o ABSOLUTE
    __cpp_initialize__aeabi_                  - Undefined Weak Reference
    __cxa_finalize                            - Undefined Weak Reference
    _clock_init                               - Undefined Weak Reference
    _microlib_exit                            - Undefined Weak Reference
    __Vectors_Size                           0x00000130   Number         0  startup_stm32f10x_hd.o ABSOLUTE
    __Vectors                                0x08000000   Data           4  startup_stm32f10x_hd.o(RESET)
    __Vectors_End                            0x08000130   Data           0  startup_stm32f10x_hd.o(RESET)
    __main                                   0x08000131   Thumb Code     0  entry.o(.ARM.Collect$$$$00000000)
    _main_stk                                0x08000131   Thumb Code     0  entry2.o(.ARM.Collect$$$$00000001)
    _main_scatterload                        0x08000135   Thumb Code     0  entry5.o(.ARM.Collect$$$$00000004)
    __main_after_scatterload                 0x08000139   Thumb Code     0  entry5.o(.ARM.Collect$$$$00000004)
    _main_clock                              0x08000139   Thumb Code     0  entry7b.o(.ARM.Collect$$$$00000008)
    _main_cpp_init                           0x08000139   Thumb Code     0  entry8b.o(.ARM.Collect$$$$0000000A)
    _main_init                               0x08000139   Thumb Code     0  entry9a.o(.ARM.Collect$$$$0000000B)
    __rt_final_cpp                           0x08000141   Thumb Code     0  entry10a.o(.ARM.Collect$$$$0000000D)
    __rt_final_exit                          0x08000141   Thumb Code     0  entry11a.o(.ARM.Collect$$$$0000000F)
    SVC_Handler                              0x08000145   Thumb Code    32  port.o(.emb_text)
    __asm___6_port_c_39a90d8d__prvStartFirstTask 0x08000169   Thumb Code    28  port.o(.emb_text)
    PendSV_Handler                           0x08000189   Thumb Code    72  port.o(.emb_text)
    vPortGetIPSR                             0x080001d5   Thumb Code     6  port.o(.emb_text)
    Reset_Handler                            0x080001dd   Thumb Code     8  startup_stm32f10x_hd.o(.text)
    ADC1_2_IRQHandler                        0x080001f7   Thumb Code     0  startup_stm32f10x_hd.o(.text)
    ADC3_IRQHandler                          0x080001f7   Thumb Code     0  startup_stm32f10x_hd.o(.text)
    CAN1_RX1_IRQHandler                      0x080001f7   Thumb Code     0  startup_stm32f10x_hd.o(.text)
    CAN1_SCE_IRQHandler                      0x080001f7   Thumb Code     0  startup_stm32f10x_hd.o(.text)
    DMA1_Channel1_IRQHandler                 0x080001f7   Thumb Code     0  startup_stm32f10x_hd.o(.text)
    DMA1_Channel2_IRQHandler                 0x080001f7   Thumb Code     0  startup_stm32f10x_hd.o(.text)
    DMA1_Channel3_IRQHandler                 0x080001f7   Thumb Code     0  startup_stm32f10x_hd.o(.text)
    DMA1_Channel4_IRQHandler                 0x080001f7   Thumb Code     0  startup_stm32f10x_hd.o(.text)
    DMA1_Channel5_IRQHandler                 0x080001f7   Thumb Code     0  startup_stm32f10x_hd.o(.text)
    DMA1_Channel6_IRQHandler                 0x080001f7   Thumb Code     0  startup_stm32f10x_hd.o(.text)
    DMA1_Channel7_IRQHandler                 0x080001f7   Thumb Code     0  startup_stm32f10x_hd.o(.text)
    DMA2_Channel1_IRQHandler                 0x080001f7   Thumb Code     0  startup_stm32f10x_hd.o(.text)
    DMA2_Channel2_IRQHandler                 0x080001f7   Thumb Code     0  startup_stm32f10x_hd.o(.text)
    DMA2_Channel3_IRQHandler                 0x080001f7   Thumb Code     0  startup_stm32f10x_hd.o(.text)
    DMA2_Channel4_5_IRQHandler               0x080001f7   Thumb Code     0  startup_stm32f10x_hd.o(.text)
    EXTI0_IRQHandler                         0x080001f7   Thumb Code     0  startup_stm32f10x_hd.o(.text)
    EXTI1_IRQHandler                         0x080001f7   Thumb Code     0  startup_stm32f10x_hd.o(.text)
    EXTI9_5_IRQHandler                       0x080001f7   Thumb Code     0  startup_stm32f10x_hd.o(.text)
    FLASH_IRQHandler                         0x080001f7   Thumb Code     0  startup_stm32f10x_hd.o(.text)
    FSMC_IRQHandler                          0x080001f7   Thumb Code     0  startup_stm32f10x_hd.o(.text)
    I2C1_ER_IRQHandler                       0x080001f7   Thumb Code     0  startup_stm32f10x_hd.o(.text)
    I2C1_EV_IRQHandler                       0x080001f7   Thumb Code     0  startup_stm32f10x_hd.o(.text)
    I2C2_ER_IRQHandler                       0x080001f7   Thumb Code     0  startup_stm32f10x_hd.o(.text)
    I2C2_EV_IRQHandler                       0x080001f7   Thumb Code     0  startup_stm32f10x_hd.o(.text)
    PVD_IRQHandler                           0x080001f7   Thumb Code     0  startup_stm32f10x_hd.o(.text)
    RCC_IRQHandler                           0x080001f7   Thumb Code     0  startup_stm32f10x_hd.o(.text)
    RTCAlarm_IRQHandler                      0x080001f7   Thumb Code     0  startup_stm32f10x_hd.o(.text)
    RTC_IRQHandler                           0x080001f7   Thumb Code     0  startup_stm32f10x_hd.o(.text)
    SDIO_IRQHandler                          0x080001f7   Thumb Code     0  startup_stm32f10x_hd.o(.text)
    SPI1_IRQHandler                          0x080001f7   Thumb Code     0  startup_stm32f10x_hd.o(.text)
    SPI2_IRQHandler                          0x080001f7   Thumb Code     0  startup_stm32f10x_hd.o(.text)
    SPI3_IRQHandler                          0x080001f7   Thumb Code     0  startup_stm32f10x_hd.o(.text)
    TAMPER_IRQHandler                        0x080001f7   Thumb Code     0  startup_stm32f10x_hd.o(.text)
    TIM1_BRK_IRQHandler                      0x080001f7   Thumb Code     0  startup_stm32f10x_hd.o(.text)
    TIM1_CC_IRQHandler                       0x080001f7   Thumb Code     0  startup_stm32f10x_hd.o(.text)
    TIM1_TRG_COM_IRQHandler                  0x080001f7   Thumb Code     0  startup_stm32f10x_hd.o(.text)
    TIM1_UP_IRQHandler                       0x080001f7   Thumb Code     0  startup_stm32f10x_hd.o(.text)
    TIM2_IRQHandler                          0x080001f7   Thumb Code     0  startup_stm32f10x_hd.o(.text)
    TIM4_IRQHandler                          0x080001f7   Thumb Code     0  startup_stm32f10x_hd.o(.text)
    TIM5_IRQHandler                          0x080001f7   Thumb Code     0  startup_stm32f10x_hd.o(.text)
    TIM6_IRQHandler                          0x080001f7   Thumb Code     0  startup_stm32f10x_hd.o(.text)
    TIM7_IRQHandler                          0x080001f7   Thumb Code     0  startup_stm32f10x_hd.o(.text)
    TIM8_BRK_IRQHandler                      0x080001f7   Thumb Code     0  startup_stm32f10x_hd.o(.text)
    TIM8_CC_IRQHandler                       0x080001f7   Thumb Code     0  startup_stm32f10x_hd.o(.text)
    TIM8_TRG_COM_IRQHandler                  0x080001f7   Thumb Code     0  startup_stm32f10x_hd.o(.text)
    TIM8_UP_IRQHandler                       0x080001f7   Thumb Code     0  startup_stm32f10x_hd.o(.text)
    UART4_IRQHandler                         0x080001f7   Thumb Code     0  startup_stm32f10x_hd.o(.text)
    UART5_IRQHandler                         0x080001f7   Thumb Code     0  startup_stm32f10x_hd.o(.text)
    USBWakeUp_IRQHandler                     0x080001f7   Thumb Code     0  startup_stm32f10x_hd.o(.text)
    USB_HP_CAN1_TX_IRQHandler                0x080001f7   Thumb Code     0  startup_stm32f10x_hd.o(.text)
    USB_LP_CAN1_RX0_IRQHandler               0x080001f7   Thumb Code     0  startup_stm32f10x_hd.o(.text)
    WWDG_IRQHandler                          0x080001f7   Thumb Code     0  startup_stm32f10x_hd.o(.text)
    __aeabi_memcpy                           0x08000201   Thumb Code    36  memcpya.o(.text)
    __aeabi_memcpy4                          0x08000201   Thumb Code     0  memcpya.o(.text)
    __aeabi_memcpy8                          0x08000201   Thumb Code     0  memcpya.o(.text)
    __aeabi_memset                           0x08000225   Thumb Code    14  memseta.o(.text)
    __aeabi_memset4                          0x08000225   Thumb Code     0  memseta.o(.text)
    __aeabi_memset8                          0x08000225   Thumb Code     0  memseta.o(.text)
    __aeabi_memclr                           0x08000233   Thumb Code     4  memseta.o(.text)
    __aeabi_memclr4                          0x08000233   Thumb Code     0  memseta.o(.text)
    __aeabi_memclr8                          0x08000233   Thumb Code     0  memseta.o(.text)
    _memset$wrapper                          0x08000237   Thumb Code    18  memseta.o(.text)
    strstr                                   0x08000249   Thumb Code    36  strstr.o(.text)
    strncpy                                  0x0800026d   Thumb Code    24  strncpy.o(.text)
    strlen                                   0x08000285   Thumb Code    14  strlen.o(.text)
    strncat                                  0x08000293   Thumb Code    40  strncat.o(.text)
    strncmp                                  0x080002bb   Thumb Code    30  strncmp.o(.text)
    __aeabi_fmul                             0x080002d9   Thumb Code   100  fmul.o(.text)
    __aeabi_fdiv                             0x0800033d   Thumb Code   124  fdiv.o(.text)
    __aeabi_dadd                             0x080003b9   Thumb Code   322  dadd.o(.text)
    __aeabi_dsub                             0x080004fb   Thumb Code     6  dadd.o(.text)
    __aeabi_drsub                            0x08000501   Thumb Code     6  dadd.o(.text)
    __aeabi_ui2f                             0x08000507   Thumb Code    10  ffltui.o(.text)
    __aeabi_d2uiz                            0x08000511   Thumb Code    50  dfixui.o(.text)
    __aeabi_f2d                              0x08000543   Thumb Code    38  f2d.o(.text)
    __aeabi_uidiv                            0x08000569   Thumb Code     0  uidiv.o(.text)
    __aeabi_uidivmod                         0x08000569   Thumb Code    44  uidiv.o(.text)
    __aeabi_uldivmod                         0x08000595   Thumb Code    98  uldiv.o(.text)
    __aeabi_llsl                             0x080005f7   Thumb Code    30  llshl.o(.text)
    _ll_shift_l                              0x080005f7   Thumb Code     0  llshl.o(.text)
    __aeabi_llsr                             0x08000615   Thumb Code    32  llushr.o(.text)
    _ll_ushift_r                             0x08000615   Thumb Code     0  llushr.o(.text)
    __aeabi_lasr                             0x08000635   Thumb Code    36  llsshr.o(.text)
    _ll_sshift_r                             0x08000635   Thumb Code     0  llsshr.o(.text)
    __I$use$fp                               0x08000659   Thumb Code     0  iusefp.o(.text)
    _float_round                             0x08000659   Thumb Code    18  fepilogue.o(.text)
    _float_epilogue                          0x0800066b   Thumb Code    92  fepilogue.o(.text)
    _double_round                            0x080006c7   Thumb Code    30  depilogue.o(.text)
    _double_epilogue                         0x080006e5   Thumb Code   156  depilogue.o(.text)
    __aeabi_dmul                             0x08000781   Thumb Code   228  dmul.o(.text)
    __aeabi_ddiv                             0x08000865   Thumb Code   222  ddiv.o(.text)
    __aeabi_d2ulz                            0x08000943   Thumb Code    48  dfixul.o(.text)
    __aeabi_cdrcmple                         0x08000975   Thumb Code    48  cdrcmple.o(.text)
    __scatterload                            0x080009a5   Thumb Code    28  init.o(.text)
    __scatterload_rt2                        0x080009a5   Thumb Code     0  init.o(.text)
    __decompress                             0x080009c9   Thumb Code     0  __dczerorl2.o(.text)
    __decompress1                            0x080009c9   Thumb Code    86  __dczerorl2.o(.text)
    BusFault_Handler                         0x08000a1f   Thumb Code     4  stm32f10x_it.o(i.BusFault_Handler)
    ConfigureTimeForRunTimeStats             0x08000a25   Thumb Code    22  timer.o(i.ConfigureTimeForRunTimeStats)
    DBGMCU_Config                            0x08000a41   Thumb Code    26  stm32f10x_dbgmcu.o(i.DBGMCU_Config)
    DebugMon_Handler                         0x08000a61   Thumb Code     2  stm32f10x_it.o(i.DebugMon_Handler)
    EXTI15_10_IRQHandler                     0x08000a65   Thumb Code   202  key.o(i.EXTI15_10_IRQHandler)
    EXTI2_IRQHandler                         0x08000b95   Thumb Code   108  key.o(i.EXTI2_IRQHandler)
    EXTI3_IRQHandler                         0x08000c41   Thumb Code    94  key.o(i.EXTI3_IRQHandler)
    EXTI4_IRQHandler                         0x08000ce1   Thumb Code    94  key.o(i.EXTI4_IRQHandler)
    EXTI_ClearITPendingBit                   0x08000d81   Thumb Code     6  stm32f10x_exti.o(i.EXTI_ClearITPendingBit)
    EXTI_GetITStatus                         0x08000d8d   Thumb Code    34  stm32f10x_exti.o(i.EXTI_GetITStatus)
    EXTI_Init                                0x08000db5   Thumb Code   142  stm32f10x_exti.o(i.EXTI_Init)
    FreeRTOS_CLIGetParameter                 0x08000e49   Thumb Code    92  freertos_cli.o(i.FreeRTOS_CLIGetParameter)
    FreeRTOS_CLIProcessCommand               0x08000ea5   Thumb Code   208  freertos_cli.o(i.FreeRTOS_CLIProcessCommand)
    FreeRTOS_CLIRegisterCommand              0x08000f85   Thumb Code    46  freertos_cli.o(i.FreeRTOS_CLIRegisterCommand)
    GPIO_EXTILineConfig                      0x08000fb9   Thumb Code    60  stm32f10x_gpio.o(i.GPIO_EXTILineConfig)
    GPIO_Init                                0x08000ff9   Thumb Code   278  stm32f10x_gpio.o(i.GPIO_Init)
    GPIO_PinRemapConfig                      0x08001111   Thumb Code   138  stm32f10x_gpio.o(i.GPIO_PinRemapConfig)
    GPIO_SetBits                             0x080011a1   Thumb Code     4  stm32f10x_gpio.o(i.GPIO_SetBits)
    HardFault_Handler                        0x080011a5   Thumb Code     4  stm32f10x_it.o(i.HardFault_Handler)
    LCD_Clear                                0x080011a9   Thumb Code    90  st7789s.o(i.LCD_Clear)
    LCD_DrawLine                             0x08001211   Thumb Code   176  st7789s.o(i.LCD_DrawLine)
    LCD_DrawPoint                            0x080012c1   Thumb Code    86  st7789s.o(i.LCD_DrawPoint)
    LCD_DrawRectangle                        0x08001329   Thumb Code    64  st7789s.o(i.LCD_DrawRectangle)
    LCD_Fill                                 0x08001369   Thumb Code   132  st7789s.o(i.LCD_Fill)
    LCD_GPIO_Init                            0x080013f9   Thumb Code    72  st7789s.o(i.LCD_GPIO_Init)
    LCD_Init                                 0x08001449   Thumb Code  1576  st7789s.o(i.LCD_Init)
    LCD_RESET                                0x08001a79   Thumb Code    40  st7789s.o(i.LCD_RESET)
    LCD_SetCursor                            0x08001aa5   Thumb Code   160  st7789s.o(i.LCD_SetCursor)
    LCD_ShowChar                             0x08001b4d   Thumb Code   436  st7789s.o(i.LCD_ShowChar)
    LCD_ShowChinese                          0x08001d15   Thumb Code  1228  st7789s.o(i.LCD_ShowChinese)
    LCD_ShowFontEN                           0x080021e5   Thumb Code   212  st7789s.o(i.LCD_ShowFontEN)
    LCD_ShowFontHZ                           0x080022c1   Thumb Code   478  st7789s.o(i.LCD_ShowFontHZ)
    LCD_ShowPicture                          0x080024ad   Thumb Code    94  st7789s.o(i.LCD_ShowPicture)
    LCD_ShowString                           0x08002511   Thumb Code   102  st7789s.o(i.LCD_ShowString)
    LCD_WR_REG                               0x08002579   Thumb Code    36  st7789s.o(i.LCD_WR_REG)
    LCD_WriteRAM_Prepare                     0x080025a5   Thumb Code    10  st7789s.o(i.LCD_WriteRAM_Prepare)
    MemManage_Handler                        0x080025af   Thumb Code     4  stm32f10x_it.o(i.MemManage_Handler)
    NMI_Handler                              0x080025b3   Thumb Code     2  stm32f10x_it.o(i.NMI_Handler)
    NVIC_Init                                0x080025b5   Thumb Code   100  misc.o(i.NVIC_Init)
    NVIC_PriorityGroupConfig                 0x08002625   Thumb Code    10  misc.o(i.NVIC_PriorityGroupConfig)
    RCC_APB1PeriphClockCmd                   0x08002639   Thumb Code    26  stm32f10x_rcc.o(i.RCC_APB1PeriphClockCmd)
    RCC_APB1PeriphResetCmd                   0x08002659   Thumb Code    26  stm32f10x_rcc.o(i.RCC_APB1PeriphResetCmd)
    RCC_APB2PeriphClockCmd                   0x08002679   Thumb Code    26  stm32f10x_rcc.o(i.RCC_APB2PeriphClockCmd)
    RCC_APB2PeriphResetCmd                   0x08002699   Thumb Code    26  stm32f10x_rcc.o(i.RCC_APB2PeriphResetCmd)
    RCC_GetClocksFreq                        0x080026b9   Thumb Code   192  stm32f10x_rcc.o(i.RCC_GetClocksFreq)
    SysTick_CLKSourceConfig                  0x08002875   Thumb Code    40  misc.o(i.SysTick_CLKSourceConfig)
    SysTick_Handler                          0x0800289d   Thumb Code    16  delay.o(i.SysTick_Handler)
    SystemInit                               0x080028ad   Thumb Code    78  system_stm32f10x.o(i.SystemInit)
    TIM3_IRQHandler                          0x0800290d   Thumb Code    42  timer.o(i.TIM3_IRQHandler)
    TIM3_Int_Init                            0x08002941   Thumb Code    90  timer.o(i.TIM3_Int_Init)
    TIM_ClearITPendingBit                    0x080029a1   Thumb Code     6  stm32f10x_tim.o(i.TIM_ClearITPendingBit)
    TIM_Cmd                                  0x080029a7   Thumb Code    24  stm32f10x_tim.o(i.TIM_Cmd)
    TIM_GetITStatus                          0x080029bf   Thumb Code    34  stm32f10x_tim.o(i.TIM_GetITStatus)
    TIM_ITConfig                             0x080029e1   Thumb Code    18  stm32f10x_tim.o(i.TIM_ITConfig)
    TIM_TimeBaseInit                         0x080029f5   Thumb Code   122  stm32f10x_tim.o(i.TIM_TimeBaseInit)
    USART1_IRQHandler                        0x08002a99   Thumb Code    24  usart.o(i.USART1_IRQHandler)
    USART2_IRQHandler                        0x08002ab5   Thumb Code   130  usart.o(i.USART2_IRQHandler)
    USART3_IRQHandler                        0x08002b49   Thumb Code    66  usart.o(i.USART3_IRQHandler)
    USART_ClearFlag                          0x08002bbd   Thumb Code    18  stm32f10x_usart.o(i.USART_ClearFlag)
    USART_Cmd                                0x08002bcf   Thumb Code    24  stm32f10x_usart.o(i.USART_Cmd)
    USART_DeInit                             0x08002be9   Thumb Code   134  stm32f10x_usart.o(i.USART_DeInit)
    USART_GetFlagStatus                      0x08002c85   Thumb Code    26  stm32f10x_usart.o(i.USART_GetFlagStatus)
    USART_GetITStatus                        0x08002c9f   Thumb Code    84  stm32f10x_usart.o(i.USART_GetITStatus)
    USART_ITConfig                           0x08002cf3   Thumb Code    74  stm32f10x_usart.o(i.USART_ITConfig)
    USART_Init                               0x08002d3d   Thumb Code   210  stm32f10x_usart.o(i.USART_Init)
    USART_ReceiveData                        0x08002e15   Thumb Code    10  stm32f10x_usart.o(i.USART_ReceiveData)
    USART_SendData                           0x08002e1f   Thumb Code     8  stm32f10x_usart.o(i.USART_SendData)
    UsageFault_Handler                       0x08002e27   Thumb Code     4  stm32f10x_it.o(i.UsageFault_Handler)
    _CMIOT_CLI_Init                          0x08002e2d   Thumb Code    26  user_cli.o(i._CMIOT_CLI_Init)
    _CMIOT_CliTaskProc                       0x08002e4d   Thumb Code    96  main.o(i._CMIOT_CliTaskProc)
    _CMIOT_ComprehensiveTest                 0x08002ee9   Thumb Code   912  ui.o(i._CMIOT_ComprehensiveTest)
    _CMIOT_Debug                             0x08003341   Thumb Code    68  common.o(i._CMIOT_Debug)
    _CMIOT_ExecuteAtCmd                      0x0800338d   Thumb Code   142  m5310.o(i._CMIOT_ExecuteAtCmd)
    _CMIOT_GUI_Init                          0x08003469   Thumb Code   634  ui.o(i._CMIOT_GUI_Init)
    _CMIOT_GetICCID                          0x08003799   Thumb Code   130  m5310.o(i._CMIOT_GetICCID)
    _CMIOT_GetIMEI                           0x08003861   Thumb Code   130  m5310.o(i._CMIOT_GetIMEI)
    _CMIOT_GetIMSI                           0x08003929   Thumb Code   176  m5310.o(i._CMIOT_GetIMSI)
    _CMIOT_GetModuleName                     0x08003a1d   Thumb Code   152  m5310.o(i._CMIOT_GetModuleName)
    _CMIOT_GetModuleVersion                  0x08003af1   Thumb Code   152  m5310.o(i._CMIOT_GetModuleVersion)
    _CMIOT_GetNB_Band                        0x08003bc5   Thumb Code   184  m5310.o(i._CMIOT_GetNB_Band)
    _CMIOT_GetNetworkDelay                   0x08003cc9   Thumb Code   166  m5310.o(i._CMIOT_GetNetworkDelay)
    _CMIOT_GetPLMN                           0x08003dd9   Thumb Code   130  m5310.o(i._CMIOT_GetPLMN)
    _CMIOT_Get_PSM_TIMER_Value               0x08003e95   Thumb Code   578  m5310.o(i._CMIOT_Get_PSM_TIMER_Value)
    _CMIOT_LcdTaskProc                       0x08004179   Thumb Code    20  main.o(i._CMIOT_LcdTaskProc)
    _CMIOT_M5310TaskProc                     0x0800419d   Thumb Code   120  main.o(i._CMIOT_M5310TaskProc)
    _CMIOT_M5310_GetRegisterTime             0x08004269   Thumb Code   156  m5310.o(i._CMIOT_M5310_GetRegisterTime)
    _CMIOT_M5310_GetSignalstrength           0x08004385   Thumb Code   146  m5310.o(i._CMIOT_M5310_GetSignalstrength)
    _CMIOT_M5310_GetUeState                  0x0800445d   Thumb Code   666  m5310.o(i._CMIOT_M5310_GetUeState)
    _CMIOT_NBIOT_Measurement                 0x08004835   Thumb Code    86  ui.o(i._CMIOT_NBIOT_Measurement)
    _CMIOT_ShowBatteryLevel                  0x080048a1   Thumb Code   322  ui.o(i._CMIOT_ShowBatteryLevel)
    _CMIOT_ShowDeviceInfo                    0x080049e9   Thumb Code   404  ui.o(i._CMIOT_ShowDeviceInfo)
    _CMIOT_ShowInstructionMsg                0x08004be5   Thumb Code   328  ui.o(i._CMIOT_ShowInstructionMsg)
    _CMIOT_ShowNetworkRegTime                0x08004ebd   Thumb Code   888  ui.o(i._CMIOT_ShowNetworkRegTime)
    _CMIOT_ShowPingResult                    0x080052fd   Thumb Code   750  ui.o(i._CMIOT_ShowPingResult)
    _CMIOT_ShowRadioInfo                     0x080056a9   Thumb Code   514  ui.o(i._CMIOT_ShowRadioInfo)
    _CMIOT_ShowSignalStrength                0x08005949   Thumb Code   596  ui.o(i._CMIOT_ShowSignalStrength)
    _CMIOT_StartTaskProc                     0x08005b9d   Thumb Code    70  main.o(i._CMIOT_StartTaskProc)
    _CMIOT_TabIndex                          0x08005c1d   Thumb Code  3092  ui.o(i._CMIOT_TabIndex)
    _CMIOT_UI_BootPage                       0x08006831   Thumb Code   108  ui.o(i._CMIOT_UI_BootPage)
    _CMIOT_Uart_Init                         0x080068cd   Thumb Code   490  usart.o(i._CMIOT_Uart_Init)
    _CMIOT_Uart_send                         0x08006ad1   Thumb Code    64  usart.o(i._CMIOT_Uart_send)
    _CMIOT_atoi                              0x08006b11   Thumb Code   134  common.o(i._CMIOT_atoi)
    __0sprintf                               0x08006b99   Thumb Code    34  printfa.o(i.__0sprintf)
    __1sprintf                               0x08006b99   Thumb Code     0  printfa.o(i.__0sprintf)
    __2sprintf                               0x08006b99   Thumb Code     0  printfa.o(i.__0sprintf)
    __c89sprintf                             0x08006b99   Thumb Code     0  printfa.o(i.__0sprintf)
    sprintf                                  0x08006b99   Thumb Code     0  printfa.o(i.__0sprintf)
    __0vsnprintf                             0x08006bc1   Thumb Code    32  printfa.o(i.__0vsnprintf)
    __1vsnprintf                             0x08006bc1   Thumb Code     0  printfa.o(i.__0vsnprintf)
    __2vsnprintf                             0x08006bc1   Thumb Code     0  printfa.o(i.__0vsnprintf)
    __c89vsnprintf                           0x08006bc1   Thumb Code     0  printfa.o(i.__0vsnprintf)
    vsnprintf                                0x08006bc1   Thumb Code     0  printfa.o(i.__0vsnprintf)
    __scatterload_copy                       0x08006be5   Thumb Code    14  handlers.o(i.__scatterload_copy)
    __scatterload_null                       0x08006bf3   Thumb Code     2  handlers.o(i.__scatterload_null)
    __scatterload_zeroinit                   0x08006bf5   Thumb Code    14  handlers.o(i.__scatterload_zeroinit)
    cm_key_init                              0x080074b9   Thumb Code   452  key.o(i.cm_key_init)
    delay_init                               0x0800768d   Thumb Code    68  delay.o(i.delay_init)
    delay_ms                                 0x080076dd   Thumb Code    34  delay.o(i.delay_ms)
    delay_us                                 0x08007701   Thumb Code    68  delay.o(i.delay_us)
    floor                                    0x08007749   Thumb Code   204  floor.o(i.floor)
    main                                     0x08007825   Thumb Code    88  main.o(i.main)
    prvDebugLevelCommand                     0x08007b55   Thumb Code   104  user_cli.o(i.prvDebugLevelCommand)
    prvGetHeapUsageCommand                   0x08007bf5   Thumb Code   188  user_cli.o(i.prvGetHeapUsageCommand)
    prvGetSysTimeCommand                     0x08007d95   Thumb Code    54  user_cli.o(i.prvGetSysTimeCommand)
    pvPortMalloc                             0x08008495   Thumb Code   188  heap_4.o(i.pvPortMalloc)
    pxPortInitialiseStack                    0x08008565   Thumb Code    30  port.o(i.pxPortInitialiseStack)
    ulTaskNotifyTake                         0x08008589   Thumb Code   108  tasks.o(i.ulTaskNotifyTake)
    uxListRemove                             0x080085fd   Thumb Code    40  list.o(i.uxListRemove)
    uxTaskGetStackHighWaterMark              0x08008625   Thumb Code    34  tasks.o(i.uxTaskGetStackHighWaterMark)
    vListInitialise                          0x0800864d   Thumb Code    26  list.o(i.vListInitialise)
    vListInitialiseItem                      0x08008667   Thumb Code     6  list.o(i.vListInitialiseItem)
    vListInsert                              0x0800866d   Thumb Code    52  list.o(i.vListInsert)
    vListInsertEnd                           0x080086a1   Thumb Code    24  list.o(i.vListInsertEnd)
    vPortEnterCritical                       0x080086b9   Thumb Code    30  port.o(i.vPortEnterCritical)
    vPortExitCritical                        0x080086dd   Thumb Code    28  port.o(i.vPortExitCritical)
    vPortFree                                0x080086fd   Thumb Code    64  heap_4.o(i.vPortFree)
    vPortSetupTimerInterrupt                 0x08008745   Thumb Code    20  port.o(i.vPortSetupTimerInterrupt)
    vQueueAddToRegistry                      0x0800875d   Thumb Code    38  queue.o(i.vQueueAddToRegistry)
    vQueueWaitForMessageRestricted           0x08008789   Thumb Code    74  queue.o(i.vQueueWaitForMessageRestricted)
    vTaskDelay                               0x080087d5   Thumb Code    46  tasks.o(i.vTaskDelay)
    vTaskDelete                              0x08008809   Thumb Code   166  tasks.o(i.vTaskDelete)
    vTaskInternalSetTimeOutState             0x080088d5   Thumb Code    14  tasks.o(i.vTaskInternalSetTimeOutState)
    vTaskMissedYield                         0x080088ed   Thumb Code     8  tasks.o(i.vTaskMissedYield)
    vTaskNotifyGiveFromISR                   0x080088f9   Thumb Code   154  tasks.o(i.vTaskNotifyGiveFromISR)
    vTaskPlaceOnEventList                    0x080089ad   Thumb Code    28  tasks.o(i.vTaskPlaceOnEventList)
    vTaskPlaceOnEventListRestricted          0x080089cd   Thumb Code    36  tasks.o(i.vTaskPlaceOnEventListRestricted)
    vTaskStartScheduler                      0x080089f5   Thumb Code    86  tasks.o(i.vTaskStartScheduler)
    vTaskSuspendAll                          0x08008a69   Thumb Code    12  tasks.o(i.vTaskSuspendAll)
    vTaskSwitchContext                       0x08008a79   Thumb Code   130  tasks.o(i.vTaskSwitchContext)
    xPortGetFreeHeapSize                     0x08008b1d   Thumb Code     6  heap_4.o(i.xPortGetFreeHeapSize)
    xPortStartScheduler                      0x08008b29   Thumb Code    42  port.o(i.xPortStartScheduler)
    xPortSysTickHandler                      0x08008b5d   Thumb Code    46  port.o(i.xPortSysTickHandler)
    xQueueGenericCreate                      0x08008b91   Thumb Code    56  queue.o(i.xQueueGenericCreate)
    xQueueGenericReset                       0x08008bc9   Thumb Code   122  queue.o(i.xQueueGenericReset)
    xQueueGenericSend                        0x08008c49   Thumb Code   308  queue.o(i.xQueueGenericSend)
    xQueueGenericSendFromISR                 0x08008d81   Thumb Code   156  queue.o(i.xQueueGenericSendFromISR)
    xQueueReceive                            0x08008e1d   Thumb Code   256  queue.o(i.xQueueReceive)
    xTaskCheckForTimeOut                     0x08008f21   Thumb Code    84  tasks.o(i.xTaskCheckForTimeOut)
    xTaskCreate                              0x08008f7d   Thumb Code    96  tasks.o(i.xTaskCreate)
    xTaskGetSchedulerState                   0x08008fdd   Thumb Code    24  tasks.o(i.xTaskGetSchedulerState)
    xTaskGetTickCount                        0x08008ffd   Thumb Code     6  tasks.o(i.xTaskGetTickCount)
    xTaskIncrementTick                       0x08009009   Thumb Code   238  tasks.o(i.xTaskIncrementTick)
    xTaskPriorityDisinherit                  0x08009125   Thumb Code   122  tasks.o(i.xTaskPriorityDisinherit)
    xTaskRemoveFromEventList                 0x080091a9   Thumb Code   104  tasks.o(i.xTaskRemoveFromEventList)
    xTaskResumeAll                           0x08009229   Thumb Code   196  tasks.o(i.xTaskResumeAll)
    xTimerCreateTimerTask                    0x08009311   Thumb Code    40  timers.o(i.xTimerCreateTimerTask)
    xTimerGenericCommand                     0x0800934d   Thumb Code   104  timers.o(i.xTimerGenericCommand)
    asc2_1206                                0x08009788   Data        1140  st7789s.o(.constdata)
    asc2_1608                                0x08009bfc   Data        1520  st7789s.o(.constdata)
    ascii_3216                               0x0800a1ec   Data       12160  st7789s.o(.constdata)
    newArialCnChar24x24                      0x0800d16c   Data         456  st7789s.o(.constdata)
    newArialCnChar16x16                      0x0800d334   Data        3384  st7789s.o(.constdata)
    EnChar24x24                              0x0800e06c   Data        2072  st7789s.o(.constdata)
    Arial24x27                               0x0800e884   Data        1105  st7789s.o(.constdata)
    Yahei16x21                               0x0800ecd5   Data         966  st7789s.o(.constdata)
    gImage_signalSign                        0x0800f09b   Data         800  ui.o(.constdata)
    BluetoothImage                           0x0800f3bb   Data        1080  ui.o(.constdata)
    LogoImage                                0x0800f7f3   Data        1800  ui.o(.constdata)
    BootImage                                0x0800fefb   Data       20000  ui.o(.constdata)
    gImage_settingIcon                       0x08014d1b   Data        5000  ui.o(.constdata)
    gImage_radioIcon                         0x080160a3   Data        5000  ui.o(.constdata)
    gImage_cellIcon                          0x0801742b   Data        5000  ui.o(.constdata)
    gImage_pingIcon                          0x080187b3   Data        5000  ui.o(.constdata)
    gImage_testIcon                          0x08019b3b   Data        5000  ui.o(.constdata)
    gImage_bluetoothIcon                     0x0801aec3   Data        5000  ui.o(.constdata)
    gImage_instructionsIcon                  0x0801c24b   Data        5000  ui.o(.constdata)
    Region$$Table$$Base                      0x0801d80c   Number         0  anon$$obj.o(Region$$Table)
    Region$$Table$$Limit                     0x0801d82c   Number         0  anon$$obj.o(Region$$Table)
    UART_CLI_RxBufferLen                     0x20000014   Data           4  main.o(.data)
    start_task                               0x20000018   Data           4  main.o(.data)
    cli_task                                 0x2000001c   Data           4  main.o(.data)
    m5310_task                               0x20000020   Data           4  main.o(.data)
    lcd_task                                 0x20000024   Data           4  main.o(.data)
    menuPosition                             0x20000028   Data           6  main.o(.data)
    SystemCoreClock                          0x20000030   Data           4  system_stm32f10x.o(.data)
    AHBPrescTable                            0x20000034   Data          16  system_stm32f10x.o(.data)
    pxCurrentTCB                             0x20000044   Data           4  tasks.o(.data)
    FreeRTOSRunTimeTicks                     0x200000c0   Data           8  timer.o(.data)
    DEBUG_FLAG                               0x200000c8   Data           1  common.o(.data)
    UART_M5310_RxBufferLen                   0x20000110   Data           4  m5310.o(.data)
    Arial16x18                               0x20000114   Data        1960  st7789s.o(.data)
    POINT_COLOR                              0x200008bc   Data           2  st7789s.o(.data)
    BACK_COLOR                               0x200008be   Data           2  st7789s.o(.data)
    DeviceCode                               0x200008c0   Data           2  st7789s.o(.data)
    UART_CLI_RxBuffer                        0x200008c4   Data          32  main.o(.bss)
    xQueueRegistry                           0x20000948   Data          64  queue.o(.bss)
    UART_M5310_RxBuffer                      0x20005a78   Data         512  m5310.o(.bss)
    __initial_sp                             0x200060f8   Data           0  startup_stm32f10x_hd.o(STACK)



==============================================================================

Memory Map of the image

  Image Entry point : 0x08000131

  Load Region LR_IROM1 (Base: 0x08000000, Size: 0x0001e0f0, Max: 0x00040000, ABSOLUTE, COMPRESSED[0x0001dea4])

    Execution Region ER_IROM1 (Base: 0x08000000, Size: 0x0001d82c, Max: 0x00040000, ABSOLUTE)

    Base Addr    Size         Type   Attr      Idx    E Section Name        Object

    0x08000000   0x00000130   Data   RO            3    RESET               startup_stm32f10x_hd.o
    0x08000130   0x00000000   Code   RO         5119  * .ARM.Collect$$$$00000000  mc_w.l(entry.o)
    0x08000130   0x00000004   Code   RO         5419    .ARM.Collect$$$$00000001  mc_w.l(entry2.o)
    0x08000134   0x00000004   Code   RO         5422    .ARM.Collect$$$$00000004  mc_w.l(entry5.o)
    0x08000138   0x00000000   Code   RO         5424    .ARM.Collect$$$$00000008  mc_w.l(entry7b.o)
    0x08000138   0x00000000   Code   RO         5426    .ARM.Collect$$$$0000000A  mc_w.l(entry8b.o)
    0x08000138   0x00000008   Code   RO         5427    .ARM.Collect$$$$0000000B  mc_w.l(entry9a.o)
    0x08000140   0x00000000   Code   RO         5429    .ARM.Collect$$$$0000000D  mc_w.l(entry10a.o)
    0x08000140   0x00000000   Code   RO         5431    .ARM.Collect$$$$0000000F  mc_w.l(entry11a.o)
    0x08000140   0x00000004   Code   RO         5420    .ARM.Collect$$$$00002712  mc_w.l(entry2.o)
    0x08000144   0x00000096   Code   RO         4324    .emb_text           port.o
    0x080001da   0x00000002   PAD
    0x080001dc   0x00000024   Code   RO            4    .text               startup_stm32f10x_hd.o
    0x08000200   0x00000024   Code   RO         5122    .text               mc_w.l(memcpya.o)
    0x08000224   0x00000024   Code   RO         5124    .text               mc_w.l(memseta.o)
    0x08000248   0x00000024   Code   RO         5128    .text               mc_w.l(strstr.o)
    0x0800026c   0x00000018   Code   RO         5130    .text               mc_w.l(strncpy.o)
    0x08000284   0x0000000e   Code   RO         5132    .text               mc_w.l(strlen.o)
    0x08000292   0x00000028   Code   RO         5134    .text               mc_w.l(strncat.o)
    0x080002ba   0x0000001e   Code   RO         5136    .text               mc_w.l(strncmp.o)
    0x080002d8   0x00000064   Code   RO         5407    .text               mf_w.l(fmul.o)
    0x0800033c   0x0000007c   Code   RO         5409    .text               mf_w.l(fdiv.o)
    0x080003b8   0x0000014e   Code   RO         5411    .text               mf_w.l(dadd.o)
    0x08000506   0x0000000a   Code   RO         5413    .text               mf_w.l(ffltui.o)
    0x08000510   0x00000032   Code   RO         5415    .text               mf_w.l(dfixui.o)
    0x08000542   0x00000026   Code   RO         5417    .text               mf_w.l(f2d.o)
    0x08000568   0x0000002c   Code   RO         5436    .text               mc_w.l(uidiv.o)
    0x08000594   0x00000062   Code   RO         5438    .text               mc_w.l(uldiv.o)
    0x080005f6   0x0000001e   Code   RO         5440    .text               mc_w.l(llshl.o)
    0x08000614   0x00000020   Code   RO         5442    .text               mc_w.l(llushr.o)
    0x08000634   0x00000024   Code   RO         5444    .text               mc_w.l(llsshr.o)
    0x08000658   0x00000000   Code   RO         5446    .text               mc_w.l(iusefp.o)
    0x08000658   0x0000006e   Code   RO         5447    .text               mf_w.l(fepilogue.o)
    0x080006c6   0x000000ba   Code   RO         5449    .text               mf_w.l(depilogue.o)
    0x08000780   0x000000e4   Code   RO         5451    .text               mf_w.l(dmul.o)
    0x08000864   0x000000de   Code   RO         5453    .text               mf_w.l(ddiv.o)
    0x08000942   0x00000030   Code   RO         5455    .text               mf_w.l(dfixul.o)
    0x08000972   0x00000002   PAD
    0x08000974   0x00000030   Code   RO         5457    .text               mf_w.l(cdrcmple.o)
    0x080009a4   0x00000024   Code   RO         5459    .text               mc_w.l(init.o)
    0x080009c8   0x00000056   Code   RO         5471    .text               mc_w.l(__dczerorl2.o)
    0x08000a1e   0x00000004   Code   RO         3185    i.BusFault_Handler  stm32f10x_it.o
    0x08000a22   0x00000002   PAD
    0x08000a24   0x0000001c   Code   RO         4510    i.ConfigureTimeForRunTimeStats  timer.o
    0x08000a40   0x00000020   Code   RO          798    i.DBGMCU_Config     stm32f10x_dbgmcu.o
    0x08000a60   0x00000002   Code   RO         3186    i.DebugMon_Handler  stm32f10x_it.o
    0x08000a62   0x00000002   PAD
    0x08000a64   0x00000130   Code   RO         5074    i.EXTI15_10_IRQHandler  key.o
    0x08000b94   0x000000ac   Code   RO         5075    i.EXTI2_IRQHandler  key.o
    0x08000c40   0x000000a0   Code   RO         5076    i.EXTI3_IRQHandler  key.o
    0x08000ce0   0x000000a0   Code   RO         5077    i.EXTI4_IRQHandler  key.o
    0x08000d80   0x0000000c   Code   RO          895    i.EXTI_ClearITPendingBit  stm32f10x_exti.o
    0x08000d8c   0x00000028   Code   RO          899    i.EXTI_GetITStatus  stm32f10x_exti.o
    0x08000db4   0x00000094   Code   RO          900    i.EXTI_Init         stm32f10x_exti.o
    0x08000e48   0x0000005c   Code   RO         4590    i.FreeRTOS_CLIGetParameter  freertos_cli.o
    0x08000ea4   0x000000e0   Code   RO         4591    i.FreeRTOS_CLIProcessCommand  freertos_cli.o
    0x08000f84   0x00000034   Code   RO         4592    i.FreeRTOS_CLIRegisterCommand  freertos_cli.o
    0x08000fb8   0x00000040   Code   RO         1245    i.GPIO_EXTILineConfig  stm32f10x_gpio.o
    0x08000ff8   0x00000116   Code   RO         1248    i.GPIO_Init         stm32f10x_gpio.o
    0x0800110e   0x00000002   PAD
    0x08001110   0x00000090   Code   RO         1250    i.GPIO_PinRemapConfig  stm32f10x_gpio.o
    0x080011a0   0x00000004   Code   RO         1256    i.GPIO_SetBits      stm32f10x_gpio.o
    0x080011a4   0x00000004   Code   RO         3187    i.HardFault_Handler  stm32f10x_it.o
    0x080011a8   0x00000068   Code   RO         4782    i.LCD_Clear         st7789s.o
    0x08001210   0x000000b0   Code   RO         4785    i.LCD_DrawLine      st7789s.o
    0x080012c0   0x00000068   Code   RO         4786    i.LCD_DrawPoint     st7789s.o
    0x08001328   0x00000040   Code   RO         4787    i.LCD_DrawRectangle  st7789s.o
    0x08001368   0x00000090   Code   RO         4788    i.LCD_Fill          st7789s.o
    0x080013f8   0x00000050   Code   RO         4789    i.LCD_GPIO_Init     st7789s.o
    0x08001448   0x00000630   Code   RO         4790    i.LCD_Init          st7789s.o
    0x08001a78   0x0000002c   Code   RO         4791    i.LCD_RESET         st7789s.o
    0x08001aa4   0x000000a8   Code   RO         4954    i.LCD_SetCursor     st7789s.o
    0x08001b4c   0x000001c8   Code   RO         4794    i.LCD_ShowChar      st7789s.o
    0x08001d14   0x000004d0   Code   RO         4795    i.LCD_ShowChinese   st7789s.o
    0x080021e4   0x000000dc   Code   RO         4796    i.LCD_ShowFontEN    st7789s.o
    0x080022c0   0x000001ec   Code   RO         4797    i.LCD_ShowFontHZ    st7789s.o
    0x080024ac   0x00000064   Code   RO         4800    i.LCD_ShowPicture   st7789s.o
    0x08002510   0x00000066   Code   RO         4801    i.LCD_ShowString    st7789s.o
    0x08002576   0x00000002   PAD
    0x08002578   0x0000002c   Code   RO         4802    i.LCD_WR_REG        st7789s.o
    0x080025a4   0x0000000a   Code   RO         4804    i.LCD_WriteRAM_Prepare  st7789s.o
    0x080025ae   0x00000004   Code   RO         3188    i.MemManage_Handler  stm32f10x_it.o
    0x080025b2   0x00000002   Code   RO         3189    i.NMI_Handler       stm32f10x_it.o
    0x080025b4   0x00000070   Code   RO           10    i.NVIC_Init         misc.o
    0x08002624   0x00000014   Code   RO           11    i.NVIC_PriorityGroupConfig  misc.o
    0x08002638   0x00000020   Code   RO         1664    i.RCC_APB1PeriphClockCmd  stm32f10x_rcc.o
    0x08002658   0x00000020   Code   RO         1665    i.RCC_APB1PeriphResetCmd  stm32f10x_rcc.o
    0x08002678   0x00000020   Code   RO         1666    i.RCC_APB2PeriphClockCmd  stm32f10x_rcc.o
    0x08002698   0x00000020   Code   RO         1667    i.RCC_APB2PeriphResetCmd  stm32f10x_rcc.o
    0x080026b8   0x000000d4   Code   RO         1674    i.RCC_GetClocksFreq  stm32f10x_rcc.o
    0x0800278c   0x00000008   Code   RO         3243    i.SetSysClock       system_stm32f10x.o
    0x08002794   0x000000e0   Code   RO         3244    i.SetSysClockTo72   system_stm32f10x.o
    0x08002874   0x00000028   Code   RO           14    i.SysTick_CLKSourceConfig  misc.o
    0x0800289c   0x00000010   Code   RO         4395    i.SysTick_Handler   delay.o
    0x080028ac   0x00000060   Code   RO         3246    i.SystemInit        system_stm32f10x.o
    0x0800290c   0x00000034   Code   RO         4511    i.TIM3_IRQHandler   timer.o
    0x08002940   0x00000060   Code   RO         4512    i.TIM3_Int_Init     timer.o
    0x080029a0   0x00000006   Code   RO         2293    i.TIM_ClearITPendingBit  stm32f10x_tim.o
    0x080029a6   0x00000018   Code   RO         2298    i.TIM_Cmd           stm32f10x_tim.o
    0x080029be   0x00000022   Code   RO         2319    i.TIM_GetITStatus   stm32f10x_tim.o
    0x080029e0   0x00000012   Code   RO         2323    i.TIM_ITConfig      stm32f10x_tim.o
    0x080029f2   0x00000002   PAD
    0x080029f4   0x000000a4   Code   RO         2369    i.TIM_TimeBaseInit  stm32f10x_tim.o
    0x08002a98   0x0000001c   Code   RO         4467    i.USART1_IRQHandler  usart.o
    0x08002ab4   0x00000094   Code   RO         4468    i.USART2_IRQHandler  usart.o
    0x08002b48   0x00000074   Code   RO         4469    i.USART3_IRQHandler  usart.o
    0x08002bbc   0x00000012   Code   RO         2830    i.USART_ClearFlag   stm32f10x_usart.o
    0x08002bce   0x00000018   Code   RO         2834    i.USART_Cmd         stm32f10x_usart.o
    0x08002be6   0x00000002   PAD
    0x08002be8   0x0000009c   Code   RO         2836    i.USART_DeInit      stm32f10x_usart.o
    0x08002c84   0x0000001a   Code   RO         2837    i.USART_GetFlagStatus  stm32f10x_usart.o
    0x08002c9e   0x00000054   Code   RO         2838    i.USART_GetITStatus  stm32f10x_usart.o
    0x08002cf2   0x0000004a   Code   RO         2840    i.USART_ITConfig    stm32f10x_usart.o
    0x08002d3c   0x000000d8   Code   RO         2841    i.USART_Init        stm32f10x_usart.o
    0x08002e14   0x0000000a   Code   RO         2848    i.USART_ReceiveData  stm32f10x_usart.o
    0x08002e1e   0x00000008   Code   RO         2851    i.USART_SendData    stm32f10x_usart.o
    0x08002e26   0x00000004   Code   RO         3190    i.UsageFault_Handler  stm32f10x_it.o
    0x08002e2a   0x00000002   PAD
    0x08002e2c   0x00000020   Code   RO         4637    i._CMIOT_CLI_Init   user_cli.o
    0x08002e4c   0x0000009c   Code   RO         3064    i._CMIOT_CliTaskProc  main.o
    0x08002ee8   0x00000458   Code   RO         4970    i._CMIOT_ComprehensiveTest  ui.o
    0x08003340   0x0000004c   Code   RO         4540    i._CMIOT_Debug      common.o
    0x0800338c   0x000000dc   Code   RO         4681    i._CMIOT_ExecuteAtCmd  m5310.o
    0x08003468   0x00000330   Code   RO         4971    i._CMIOT_GUI_Init   ui.o
    0x08003798   0x000000c8   Code   RO         4682    i._CMIOT_GetICCID   m5310.o
    0x08003860   0x000000c8   Code   RO         4683    i._CMIOT_GetIMEI    m5310.o
    0x08003928   0x000000f4   Code   RO         4684    i._CMIOT_GetIMSI    m5310.o
    0x08003a1c   0x000000d4   Code   RO         4685    i._CMIOT_GetModuleName  m5310.o
    0x08003af0   0x000000d4   Code   RO         4686    i._CMIOT_GetModuleVersion  m5310.o
    0x08003bc4   0x00000104   Code   RO         4687    i._CMIOT_GetNB_Band  m5310.o
    0x08003cc8   0x00000110   Code   RO         4688    i._CMIOT_GetNetworkDelay  m5310.o
    0x08003dd8   0x000000bc   Code   RO         4689    i._CMIOT_GetPLMN    m5310.o
    0x08003e94   0x000002e4   Code   RO         4690    i._CMIOT_Get_PSM_TIMER_Value  m5310.o
    0x08004178   0x00000024   Code   RO         3065    i._CMIOT_LcdTaskProc  main.o
    0x0800419c   0x000000cc   Code   RO         3066    i._CMIOT_M5310TaskProc  main.o
    0x08004268   0x0000011c   Code   RO         4691    i._CMIOT_M5310_GetRegisterTime  m5310.o
    0x08004384   0x000000d8   Code   RO         4692    i._CMIOT_M5310_GetSignalstrength  m5310.o
    0x0800445c   0x000003d8   Code   RO         4693    i._CMIOT_M5310_GetUeState  m5310.o
    0x08004834   0x0000006c   Code   RO         4972    i._CMIOT_NBIOT_Measurement  ui.o
    0x080048a0   0x00000148   Code   RO         4973    i._CMIOT_ShowBatteryLevel  ui.o
    0x080049e8   0x000001fc   Code   RO         4974    i._CMIOT_ShowDeviceInfo  ui.o
    0x08004be4   0x000002d8   Code   RO         4975    i._CMIOT_ShowInstructionMsg  ui.o
    0x08004ebc   0x00000440   Code   RO         4976    i._CMIOT_ShowNetworkRegTime  ui.o
    0x080052fc   0x000003ac   Code   RO         4977    i._CMIOT_ShowPingResult  ui.o
    0x080056a8   0x000002a0   Code   RO         4978    i._CMIOT_ShowRadioInfo  ui.o
    0x08005948   0x00000254   Code   RO         4979    i._CMIOT_ShowSignalStrength  ui.o
    0x08005b9c   0x00000080   Code   RO         3067    i._CMIOT_StartTaskProc  main.o
    0x08005c1c   0x00000c14   Code   RO         4980    i._CMIOT_TabIndex   ui.o
    0x08006830   0x0000009c   Code   RO         4981    i._CMIOT_UI_BootPage  ui.o
    0x080068cc   0x00000204   Code   RO         4470    i._CMIOT_Uart_Init  usart.o
    0x08006ad0   0x00000040   Code   RO         4471    i._CMIOT_Uart_send  usart.o
    0x08006b10   0x00000086   Code   RO         4543    i._CMIOT_atoi       common.o
    0x08006b96   0x00000002   PAD
    0x08006b98   0x00000028   Code   RO         5381    i.__0sprintf        mc_w.l(printfa.o)
    0x08006bc0   0x00000024   Code   RO         5384    i.__0vsnprintf      mc_w.l(printfa.o)
    0x08006be4   0x0000000e   Code   RO         5465    i.__scatterload_copy  mc_w.l(handlers.o)
    0x08006bf2   0x00000002   Code   RO         5466    i.__scatterload_null  mc_w.l(handlers.o)
    0x08006bf4   0x0000000e   Code   RO         5467    i.__scatterload_zeroinit  mc_w.l(handlers.o)
    0x08006c02   0x00000002   PAD
    0x08006c04   0x00000164   Code   RO         5386    i._fp_digits        mc_w.l(printfa.o)
    0x08006d68   0x000006dc   Code   RO         5387    i._printf_core      mc_w.l(printfa.o)
    0x08007444   0x00000024   Code   RO         5388    i._printf_post_padding  mc_w.l(printfa.o)
    0x08007468   0x0000002e   Code   RO         5389    i._printf_pre_padding  mc_w.l(printfa.o)
    0x08007496   0x00000016   Code   RO         5390    i._snputc           mc_w.l(printfa.o)
    0x080074ac   0x0000000a   Code   RO         5391    i._sputc            mc_w.l(printfa.o)
    0x080074b6   0x00000002   PAD
    0x080074b8   0x000001d4   Code   RO         5078    i.cm_key_init       key.o
    0x0800768c   0x00000050   Code   RO         4396    i.delay_init        delay.o
    0x080076dc   0x00000022   Code   RO         4397    i.delay_ms          delay.o
    0x080076fe   0x00000002   PAD
    0x08007700   0x00000048   Code   RO         4398    i.delay_us          delay.o
    0x08007748   0x000000dc   Code   RO         5116    i.floor             m_ws.l(floor.o)
    0x08007824   0x00000090   Code   RO         3068    i.main              main.o
    0x080078b4   0x00000098   Code   RO         3807    i.prvAddCurrentTaskToDelayedList  tasks.o
    0x0800794c   0x000000b4   Code   RO         3808    i.prvAddNewTaskToReadyList  tasks.o
    0x08007a00   0x00000064   Code   RO         4145    i.prvCheckForValidListAndQueue  timers.o
    0x08007a64   0x00000048   Code   RO         3809    i.prvCheckTasksWaitingTermination  tasks.o
    0x08007aac   0x0000002a   Code   RO         3446    i.prvCopyDataFromQueue  queue.o
    0x08007ad6   0x0000007c   Code   RO         3447    i.prvCopyDataToQueue  queue.o
    0x08007b52   0x00000002   PAD
    0x08007b54   0x0000008c   Code   RO         4638    i.prvDebugLevelCommand  user_cli.o
    0x08007be0   0x00000012   Code   RO         3810    i.prvDeleteTCB      tasks.o
    0x08007bf2   0x00000002   PAD
    0x08007bf4   0x00000148   Code   RO         4639    i.prvGetHeapUsageCommand  user_cli.o
    0x08007d3c   0x00000028   Code   RO         4146    i.prvGetNextExpireTime  timers.o
    0x08007d64   0x0000002e   Code   RO         4593    i.prvGetNumberOfParameters  freertos_cli.o
    0x08007d92   0x00000002   PAD
    0x08007d94   0x00000058   Code   RO         4640    i.prvGetSysTimeCommand  user_cli.o
    0x08007dec   0x0000007c   Code   RO         4275    i.prvHeapInit       heap_4.o
    0x08007e68   0x0000004c   Code   RO         4594    i.prvHelpCommand    freertos_cli.o
    0x08007eb4   0x00000028   Code   RO         3811    i.prvIdleTask       tasks.o
    0x08007edc   0x0000002a   Code   RO         3450    i.prvInitialiseNewQueue  queue.o
    0x08007f06   0x00000092   Code   RO         3812    i.prvInitialiseNewTask  tasks.o
    0x08007f98   0x00000068   Code   RO         3813    i.prvInitialiseTaskLists  tasks.o
    0x08008000   0x00000068   Code   RO         4276    i.prvInsertBlockIntoFreeList  heap_4.o
    0x08008068   0x00000058   Code   RO         4148    i.prvInsertTimerInActiveList  timers.o
    0x080080c0   0x0000001a   Code   RO         3451    i.prvIsQueueEmpty   queue.o
    0x080080da   0x0000001e   Code   RO         3452    i.prvIsQueueFull    queue.o
    0x080080f8   0x00000052   Code   RO         3453    i.prvNotifyQueueSetContainer  queue.o
    0x0800814a   0x00000002   PAD
    0x0800814c   0x0000004c   Code   RO         4149    i.prvProcessExpiredTimer  timers.o
    0x08008198   0x000000cc   Code   RO         4150    i.prvProcessReceivedCommands  timers.o
    0x08008264   0x00000074   Code   RO         4151    i.prvProcessTimerOrBlockTask  timers.o
    0x080082d8   0x00000034   Code   RO         3814    i.prvResetNextTaskUnblockTime  tasks.o
    0x0800830c   0x0000002c   Code   RO         4152    i.prvSampleTimeNow  timers.o
    0x08008338   0x00000084   Code   RO         4153    i.prvSwitchTimerLists  timers.o
    0x080083bc   0x00000016   Code   RO         3815    i.prvTaskCheckFreeStackSpace  tasks.o
    0x080083d2   0x00000016   Code   RO         4325    i.prvTaskExitError  port.o
    0x080083e8   0x0000001a   Code   RO         4154    i.prvTimerTask      timers.o
    0x08008402   0x00000092   Code   RO         3454    i.prvUnlockQueue    queue.o
    0x08008494   0x000000d0   Code   RO         4277    i.pvPortMalloc      heap_4.o
    0x08008564   0x00000024   Code   RO         4326    i.pxPortInitialiseStack  port.o
    0x08008588   0x00000074   Code   RO         3818    i.ulTaskNotifyTake  tasks.o
    0x080085fc   0x00000028   Code   RO         3406    i.uxListRemove      list.o
    0x08008624   0x00000028   Code   RO         3820    i.uxTaskGetStackHighWaterMark  tasks.o
    0x0800864c   0x0000001a   Code   RO         3407    i.vListInitialise   list.o
    0x08008666   0x00000006   Code   RO         3408    i.vListInitialiseItem  list.o
    0x0800866c   0x00000034   Code   RO         3409    i.vListInsert       list.o
    0x080086a0   0x00000018   Code   RO         3410    i.vListInsertEnd    list.o
    0x080086b8   0x00000024   Code   RO         4328    i.vPortEnterCritical  port.o
    0x080086dc   0x00000020   Code   RO         4329    i.vPortExitCritical  port.o
    0x080086fc   0x00000048   Code   RO         4278    i.vPortFree         heap_4.o
    0x08008744   0x00000018   Code   RO         4330    i.vPortSetupTimerInterrupt  port.o
    0x0800875c   0x0000002c   Code   RO         3458    i.vQueueAddToRegistry  queue.o
    0x08008788   0x0000004a   Code   RO         3461    i.vQueueWaitForMessageRestricted  queue.o
    0x080087d2   0x00000002   PAD
    0x080087d4   0x00000034   Code   RO         3824    i.vTaskDelay        tasks.o
    0x08008808   0x000000cc   Code   RO         3826    i.vTaskDelete       tasks.o
    0x080088d4   0x00000018   Code   RO         3828    i.vTaskInternalSetTimeOutState  tasks.o
    0x080088ec   0x0000000c   Code   RO         3829    i.vTaskMissedYield  tasks.o
    0x080088f8   0x000000b4   Code   RO         3830    i.vTaskNotifyGiveFromISR  tasks.o
    0x080089ac   0x00000020   Code   RO         3831    i.vTaskPlaceOnEventList  tasks.o
    0x080089cc   0x00000028   Code   RO         3832    i.vTaskPlaceOnEventListRestricted  tasks.o
    0x080089f4   0x00000074   Code   RO         3839    i.vTaskStartScheduler  tasks.o
    0x08008a68   0x00000010   Code   RO         3841    i.vTaskSuspendAll   tasks.o
    0x08008a78   0x000000a4   Code   RO         3842    i.vTaskSwitchContext  tasks.o
    0x08008b1c   0x0000000c   Code   RO         4280    i.xPortGetFreeHeapSize  heap_4.o
    0x08008b28   0x00000034   Code   RO         4331    i.xPortStartScheduler  port.o
    0x08008b5c   0x00000034   Code   RO         4332    i.xPortSysTickHandler  port.o
    0x08008b90   0x00000038   Code   RO         3466    i.xQueueGenericCreate  queue.o
    0x08008bc8   0x00000080   Code   RO         3467    i.xQueueGenericReset  queue.o
    0x08008c48   0x00000138   Code   RO         3468    i.xQueueGenericSend  queue.o
    0x08008d80   0x0000009c   Code   RO         3469    i.xQueueGenericSendFromISR  queue.o
    0x08008e1c   0x00000104   Code   RO         3476    i.xQueueReceive     queue.o
    0x08008f20   0x0000005c   Code   RO         3843    i.xTaskCheckForTimeOut  tasks.o
    0x08008f7c   0x00000060   Code   RO         3844    i.xTaskCreate       tasks.o
    0x08008fdc   0x00000020   Code   RO         3848    i.xTaskGetSchedulerState  tasks.o
    0x08008ffc   0x0000000c   Code   RO         3849    i.xTaskGetTickCount  tasks.o
    0x08009008   0x0000011c   Code   RO         3851    i.xTaskIncrementTick  tasks.o
    0x08009124   0x00000084   Code   RO         3854    i.xTaskPriorityDisinherit  tasks.o
    0x080091a8   0x00000080   Code   RO         3856    i.xTaskRemoveFromEventList  tasks.o
    0x08009228   0x000000e8   Code   RO         3857    i.xTaskResumeAll    tasks.o
    0x08009310   0x0000003c   Code   RO         4158    i.xTimerCreateTimerTask  timers.o
    0x0800934c   0x0000006c   Code   RO         4159    i.xTimerGenericCommand  timers.o
    0x080093b8   0x00000055   Data   RO         3070    .constdata          main.o
    0x0800940d   0x00000003   PAD
    0x08009410   0x00000010   Data   RO         4596    .constdata          freertos_cli.o
    0x08009420   0x00000368   Data   RO         4696    .constdata          m5310.o
    0x08009788   0x00005913   Data   RO         4807    .constdata          st7789s.o
    0x0800f09b   0x0000e571   Data   RO         4983    .constdata          ui.o
    0x0801d60c   0x00000048   Data   RO         5079    .constdata          key.o
    0x0801d654   0x000000dd   Data   RO         4597    .conststring        freertos_cli.o
    0x0801d731   0x00000003   PAD
    0x0801d734   0x000000d6   Data   RO         4641    .conststring        user_cli.o
    0x0801d80a   0x00000002   PAD
    0x0801d80c   0x00000020   Data   RO         5463    Region$$Table       anon$$obj.o


    Execution Region RW_IRAM1 (Base: 0x20000000, Size: 0x000060f8, Max: 0x0000c000, ABSOLUTE, COMPRESSED[0x00000678])

    Base Addr    Size         Type   Attr      Idx    E Section Name        Object

    0x20000000   0x00000014   Data   RW         1694    .data               stm32f10x_rcc.o
    0x20000014   0x0000001a   Data   RW         3071    .data               main.o
    0x2000002e   0x00000002   PAD
    0x20000030   0x00000014   Data   RW         3247    .data               system_stm32f10x.o
    0x20000044   0x00000044   Data   RW         3860    .data               tasks.o
    0x20000088   0x00000014   Data   RW         4167    .data               timers.o
    0x2000009c   0x00000018   Data   RW         4283    .data               heap_4.o
    0x200000b4   0x00000004   Data   RW         4333    .data               port.o
    0x200000b8   0x00000001   Data   RW         4400    .data               delay.o
    0x200000b9   0x00000007   PAD
    0x200000c0   0x00000008   Data   RW         4513    .data               timer.o
    0x200000c8   0x00000001   Data   RW         4545    .data               common.o
    0x200000c9   0x00000003   PAD
    0x200000cc   0x00000014   Data   RW         4598    .data               freertos_cli.o
    0x200000e0   0x00000030   Data   RW         4642    .data               user_cli.o
    0x20000110   0x00000004   Data   RW         4697    .data               m5310.o
    0x20000114   0x000007ae   Data   RW         4808    .data               st7789s.o
    0x200008c2   0x00000002   PAD
    0x200008c4   0x00000084   Zero   RW         3069    .bss                main.o
    0x20000948   0x00000040   Zero   RW         3483    .bss                queue.o
    0x20000988   0x000000c8   Zero   RW         3859    .bss                tasks.o
    0x20000a50   0x00000028   Zero   RW         4166    .bss                timers.o
    0x20000a78   0x00005000   Zero   RW         4282    .bss                heap_4.o
    0x20005a78   0x00000200   Zero   RW         4695    .bss                m5310.o
    0x20005c78   0x00000080   Zero   RW         4982    .bss                ui.o
    0x20005cf8   0x00000400   Zero   RW            1    STACK               startup_stm32f10x_hd.o


==============================================================================

Image component sizes


      Code (inc. data)   RO Data    RW Data    ZI Data      Debug   Object Name

       210          8          0          1          0       2450   common.o
         0          0          0          0          0        488   croutine.o
       202         16          0          1          0       2121   delay.o
         0          0          0          0          0      11588   event_groups.o
       490         32        237         20          0       5478   freertos_cli.o
       520         68          0         24      20480       4070   heap_4.o
      1264        314         72          0          0       3030   key.o
       148          0          0          0          0       2838   list.o
      4232       1324        872          4        512      13921   m5310.o
       668        274         85         26        132      15255   main.o
       172         22          0          0          0     256533   misc.o
       404         48          0          4          0       8796   port.o
      1522         20          0          0         64      13878   queue.o
      5124        170      22803       1966          0      16955   st7789s.o
        36          8        304          0       1024        816   startup_stm32f10x_hd.o
        32          6          0          0          0        508   stm32f10x_dbgmcu.o
       200         18          0          0          0       1884   stm32f10x_exti.o
       490         10          0          0          0       3671   stm32f10x_gpio.o
        20          0          0          0          0       2405   stm32f10x_it.o
       340         44          0         20          0       5232   stm32f10x_rcc.o
       246         42          0          0          0       3234   stm32f10x_tim.o
       616         28          0          0          0       6750   stm32f10x_usart.o
       328         28          0         20          0       2025   system_stm32f10x.o
      2790        434          0         68        200      28690   tasks.o
       176         22          0          8          0       1736   timer.o
       994        112          0         20         40       7867   timers.o
     10144       1700      58737          0        128      10900   ui.o
       872         98          0          0          0       3975   usart.o
       588        216        214         48          0       4258   user_cli.o

    ----------------------------------------------------------------------
     32858       5062      83364       2244      22580     441352   Object Totals
         0          0         32          0          0          0   (incl. Generated)
        30          0          8         14          0          0   (incl. Padding)

    ----------------------------------------------------------------------

      Code (inc. data)   RO Data    RW Data    ZI Data      Debug   Library Member Name

       220         16          0          0          0         84   floor.o
        86          0          0          0          0          0   __dczerorl2.o
         0          0          0          0          0          0   entry.o
         0          0          0          0          0          0   entry10a.o
         0          0          0          0          0          0   entry11a.o
         8          4          0          0          0          0   entry2.o
         4          0          0          0          0          0   entry5.o
         0          0          0          0          0          0   entry7b.o
         0          0          0          0          0          0   entry8b.o
         8          4          0          0          0          0   entry9a.o
        30          0          0          0          0          0   handlers.o
        36          8          0          0          0         68   init.o
         0          0          0          0          0          0   iusefp.o
        30          0          0          0          0         68   llshl.o
        36          0          0          0          0         68   llsshr.o
        32          0          0          0          0         68   llushr.o
        36          0          0          0          0         68   memcpya.o
        36          0          0          0          0        108   memseta.o
      2302         90          0          0          0        660   printfa.o
        14          0          0          0          0         68   strlen.o
        40          0          0          0          0         76   strncat.o
        30          0          0          0          0         80   strncmp.o
        24          0          0          0          0         76   strncpy.o
        36          0          0          0          0         80   strstr.o
        44          0          0          0          0         80   uidiv.o
        98          0          0          0          0         92   uldiv.o
        48          0          0          0          0         68   cdrcmple.o
       334          0          0          0          0        148   dadd.o
       222          0          0          0          0        100   ddiv.o
       186          0          0          0          0        176   depilogue.o
        50          0          0          0          0         76   dfixui.o
        48          0          0          0          0         68   dfixul.o
       228          0          0          0          0         96   dmul.o
        38          0          0          0          0         68   f2d.o
       124          0          0          0          0         88   fdiv.o
       110          0          0          0          0        168   fepilogue.o
        10          0          0          0          0         68   ffltui.o
       100          0          0          0          0         76   fmul.o

    ----------------------------------------------------------------------
      4654        122          0          0          0       2944   Library Totals
         6          0          0          0          0          0   (incl. Padding)

    ----------------------------------------------------------------------

      Code (inc. data)   RO Data    RW Data    ZI Data      Debug   Library Name

       220         16          0          0          0         84   m_ws.l
      2930        106          0          0          0       1660   mc_w.l
      1498          0          0          0          0       1200   mf_w.l

    ----------------------------------------------------------------------
      4654        122          0          0          0       2944   Library Totals

    ----------------------------------------------------------------------

==============================================================================


      Code (inc. data)   RO Data    RW Data    ZI Data      Debug   

     37512       5184      83364       2244      22580     433452   Grand Totals
     37512       5184      83364       1656      22580     433452   ELF Image Totals (compressed)
     37512       5184      83364       1656          0          0   ROM Totals

==============================================================================

    Total RO  Size (Code + RO Data)               120876 ( 118.04kB)
    Total RW  Size (RW Data + ZI Data)             24824 (  24.24kB)
    Total ROM Size (Code + RO Data + RW Data)     122532 ( 119.66kB)

==============================================================================

