Component: ARM Compiler 5.05 update 1 (build 106) Tool: armlink [4d0efa]

==============================================================================

Section Cross References

    startup_stm32f10x_hd.o(RESET) refers to startup_stm32f10x_hd.o(STACK) for __initial_sp
    startup_stm32f10x_hd.o(RESET) refers to startup_stm32f10x_hd.o(.text) for Reset_Handler
    startup_stm32f10x_hd.o(RESET) refers to stm32f10x_it.o(i.NMI_Handler) for NMI_Handler
    startup_stm32f10x_hd.o(RESET) refers to stm32f10x_it.o(i.HardFault_Handler) for HardFault_Handler
    startup_stm32f10x_hd.o(RESET) refers to stm32f10x_it.o(i.MemManage_Handler) for MemManage_Handler
    startup_stm32f10x_hd.o(RESET) refers to stm32f10x_it.o(i.BusFault_Handler) for BusFault_Handler
    startup_stm32f10x_hd.o(RESET) refers to stm32f10x_it.o(i.UsageFault_Handler) for UsageFault_Handler
    startup_stm32f10x_hd.o(RESET) refers to port.o(.emb_text) for SVC_Handler
    startup_stm32f10x_hd.o(RESET) refers to stm32f10x_it.o(i.DebugMon_Handler) for DebugMon_Handler
    startup_stm32f10x_hd.o(RESET) refers to delay.o(i.SysTick_Handler) for SysTick_Handler
    startup_stm32f10x_hd.o(RESET) refers to key.o(i.EXTI2_IRQHandler) for EXTI2_IRQHandler
    startup_stm32f10x_hd.o(RESET) refers to key.o(i.EXTI3_IRQHandler) for EXTI3_IRQHandler
    startup_stm32f10x_hd.o(RESET) refers to key.o(i.EXTI4_IRQHandler) for EXTI4_IRQHandler
    startup_stm32f10x_hd.o(RESET) refers to timer.o(i.TIM3_IRQHandler) for TIM3_IRQHandler
    startup_stm32f10x_hd.o(RESET) refers to usart.o(i.USART1_IRQHandler) for USART1_IRQHandler
    startup_stm32f10x_hd.o(RESET) refers to usart.o(i.USART2_IRQHandler) for USART2_IRQHandler
    startup_stm32f10x_hd.o(RESET) refers to usart.o(i.USART3_IRQHandler) for USART3_IRQHandler
    startup_stm32f10x_hd.o(RESET) refers to key.o(i.EXTI15_10_IRQHandler) for EXTI15_10_IRQHandler
    startup_stm32f10x_hd.o(.text) refers to system_stm32f10x.o(i.SystemInit) for SystemInit
    startup_stm32f10x_hd.o(.text) refers to entry.o(.ARM.Collect$$$$00000000) for __main
    stm32f10x_adc.o(i.ADC_DeInit) refers to stm32f10x_rcc.o(i.RCC_APB2PeriphResetCmd) for RCC_APB2PeriphResetCmd
    stm32f10x_bkp.o(i.BKP_DeInit) refers to stm32f10x_rcc.o(i.RCC_BackupResetCmd) for RCC_BackupResetCmd
    stm32f10x_can.o(i.CAN_DeInit) refers to stm32f10x_rcc.o(i.RCC_APB1PeriphResetCmd) for RCC_APB1PeriphResetCmd
    stm32f10x_can.o(i.CAN_GetITStatus) refers to stm32f10x_can.o(i.CheckITStatus) for CheckITStatus
    stm32f10x_cec.o(i.CEC_DeInit) refers to stm32f10x_rcc.o(i.RCC_APB1PeriphResetCmd) for RCC_APB1PeriphResetCmd
    stm32f10x_dac.o(i.DAC_DeInit) refers to stm32f10x_rcc.o(i.RCC_APB1PeriphResetCmd) for RCC_APB1PeriphResetCmd
    stm32f10x_flash.o(i.FLASH_EnableWriteProtection) refers to stm32f10x_flash.o(i.FLASH_WaitForLastOperation) for FLASH_WaitForLastOperation
    stm32f10x_flash.o(i.FLASH_EraseAllBank1Pages) refers to stm32f10x_flash.o(i.FLASH_WaitForLastBank1Operation) for FLASH_WaitForLastBank1Operation
    stm32f10x_flash.o(i.FLASH_EraseAllPages) refers to stm32f10x_flash.o(i.FLASH_WaitForLastOperation) for FLASH_WaitForLastOperation
    stm32f10x_flash.o(i.FLASH_EraseOptionBytes) refers to stm32f10x_flash.o(i.FLASH_GetReadOutProtectionStatus) for FLASH_GetReadOutProtectionStatus
    stm32f10x_flash.o(i.FLASH_EraseOptionBytes) refers to stm32f10x_flash.o(i.FLASH_WaitForLastOperation) for FLASH_WaitForLastOperation
    stm32f10x_flash.o(i.FLASH_ErasePage) refers to stm32f10x_flash.o(i.FLASH_WaitForLastOperation) for FLASH_WaitForLastOperation
    stm32f10x_flash.o(i.FLASH_ProgramHalfWord) refers to stm32f10x_flash.o(i.FLASH_WaitForLastOperation) for FLASH_WaitForLastOperation
    stm32f10x_flash.o(i.FLASH_ProgramOptionByteData) refers to stm32f10x_flash.o(i.FLASH_WaitForLastOperation) for FLASH_WaitForLastOperation
    stm32f10x_flash.o(i.FLASH_ProgramWord) refers to stm32f10x_flash.o(i.FLASH_WaitForLastOperation) for FLASH_WaitForLastOperation
    stm32f10x_flash.o(i.FLASH_ReadOutProtection) refers to stm32f10x_flash.o(i.FLASH_WaitForLastOperation) for FLASH_WaitForLastOperation
    stm32f10x_flash.o(i.FLASH_UserOptionByteConfig) refers to stm32f10x_flash.o(i.FLASH_WaitForLastOperation) for FLASH_WaitForLastOperation
    stm32f10x_flash.o(i.FLASH_WaitForLastBank1Operation) refers to stm32f10x_flash.o(i.FLASH_GetBank1Status) for FLASH_GetBank1Status
    stm32f10x_flash.o(i.FLASH_WaitForLastOperation) refers to stm32f10x_flash.o(i.FLASH_GetBank1Status) for FLASH_GetBank1Status
    stm32f10x_gpio.o(i.GPIO_AFIODeInit) refers to stm32f10x_rcc.o(i.RCC_APB2PeriphResetCmd) for RCC_APB2PeriphResetCmd
    stm32f10x_gpio.o(i.GPIO_DeInit) refers to stm32f10x_rcc.o(i.RCC_APB2PeriphResetCmd) for RCC_APB2PeriphResetCmd
    stm32f10x_i2c.o(i.I2C_DeInit) refers to stm32f10x_rcc.o(i.RCC_APB1PeriphResetCmd) for RCC_APB1PeriphResetCmd
    stm32f10x_i2c.o(i.I2C_Init) refers to stm32f10x_rcc.o(i.RCC_GetClocksFreq) for RCC_GetClocksFreq
[...]
    i.prvProcessReceivedCommands             0x08008d58   Section        0  timers.o(i.prvProcessReceivedCommands)
    prvProcessReceivedCommands               0x08008d59   Thumb Code   200  timers.o(i.prvProcessReceivedCommands)
    i.prvProcessTimerOrBlockTask             0x08008e24   Section        0  timers.o(i.prvProcessTimerOrBlockTask)
    prvProcessTimerOrBlockTask               0x08008e25   Thumb Code   102  timers.o(i.prvProcessTimerOrBlockTask)
    i.prvResetNextTaskUnblockTime            0x08008e98   Section        0  tasks.o(i.prvResetNextTaskUnblockTime)
    prvResetNextTaskUnblockTime              0x08008e99   Thumb Code    42  tasks.o(i.prvResetNextTaskUnblockTime)
    i.prvSampleTimeNow                       0x08008ecc   Section        0  timers.o(i.prvSampleTimeNow)
    prvSampleTimeNow                         0x08008ecd   Thumb Code    40  timers.o(i.prvSampleTimeNow)
    i.prvSendAt2BleModuleCommand             0x08008ef8   Section        0  user_cli.o(i.prvSendAt2BleModuleCommand)
    i.prvSendAt2NbModuleCommand              0x08008f40   Section        0  user_cli.o(i.prvSendAt2NbModuleCommand)
    i.prvSwitchTimerLists                    0x08008f88   Section        0  timers.o(i.prvSwitchTimerLists)
    prvSwitchTimerLists                      0x08008f89   Thumb Code   122  timers.o(i.prvSwitchTimerLists)
    i.prvTaskCheckFreeStackSpace             0x0800900c   Section        0  tasks.o(i.prvTaskCheckFreeStackSpace)
    prvTaskCheckFreeStackSpace               0x0800900d   Thumb Code    22  tasks.o(i.prvTaskCheckFreeStackSpace)
    i.prvTaskExitError                       0x08009022   Section        0  port.o(i.prvTaskExitError)
    prvTaskExitError                         0x08009023   Thumb Code    22  port.o(i.prvTaskExitError)
    i.prvTimerTask                           0x08009038   Section        0  timers.o(i.prvTimerTask)
    prvTimerTask                             0x08009039   Thumb Code    26  timers.o(i.prvTimerTask)
    i.prvUnlockQueue                         0x08009052   Section        0  queue.o(i.prvUnlockQueue)
    prvUnlockQueue                           0x08009053   Thumb Code   146  queue.o(i.prvUnlockQueue)
    i.pvPortMalloc                           0x080090e4   Section        0  heap_4.o(i.pvPortMalloc)
    i.pxPortInitialiseStack                  0x080091b4   Section        0  port.o(i.pxPortInitialiseStack)
    i.ulTaskNotifyTake                       0x080091d8   Section        0  tasks.o(i.ulTaskNotifyTake)
    i.uxListRemove                           0x0800924c   Section        0  list.o(i.uxListRemove)
    i.uxTaskGetStackHighWaterMark            0x08009274   Section        0  tasks.o(i.uxTaskGetStackHighWaterMark)
    i.vListInitialise                        0x0800929c   Section        0  list.o(i.vListInitialise)
    i.vListInitialiseItem                    0x080092b6   Section        0  list.o(i.vListInitialiseItem)
    i.vListInsert                            0x080092bc   Section        0  list.o(i.vListInsert)
    i.vListInsertEnd                         0x080092f0   Section        0  list.o(i.vListInsertEnd)
    i.vPortEnterCritical                     0x08009308   Section        0  port.o(i.vPortEnterCritical)
    i.vPortExitCritical                      0x0800932c   Section        0  port.o(i.vPortExitCritical)
    i.vPortFree                              0x0800934c   Section        0  heap_4.o(i.vPortFree)
    i.vPortSetupTimerInterrupt               0x08009394   Section        0  port.o(i.vPortSetupTimerInterrupt)
    i.vQueueAddToRegistry                    0x080093ac   Section        0  queue.o(i.vQueueAddToRegistry)
    i.vQueueWaitForMessageRestricted         0x080093d8   Section        0  queue.o(i.vQueueWaitForMessageRestricted)
    i.vTaskDelay                             0x08009424   Section        0  tasks.o(i.vTaskDelay)
    i.vTaskDelete                            0x08009458   Section        0  tasks.o(i.vTaskDelete)
    i.vTaskInternalSetTimeOutState           0x08009524   Section        0  tasks.o(i.vTaskInternalSetTimeOutState)
    i.vTaskMissedYield                       0x0800953c   Section        0  tasks.o(i.vTaskMissedYield)
    i.vTaskNotifyGiveFromISR                 0x08009548   Section        0  tasks.o(i.vTaskNotifyGiveFromISR)
    i.vTaskPlaceOnEventList                  0x080095fc   Section        0  tasks.o(i.vTaskPlaceOnEventList)
    i.vTaskPlaceOnEventListRestricted        0x0800961c   Section        0  tasks.o(i.vTaskPlaceOnEventListRestricted)
    i.vTaskStartScheduler                    0x08009644   Section        0  tasks.o(i.vTaskStartScheduler)
    i.vTaskSuspendAll                        0x080096b8   Section        0  tasks.o(i.vTaskSuspendAll)
    i.vTaskSwitchContext                     0x080096c8   Section        0  tasks.o(i.vTaskSwitchContext)
    i.xPortGetFreeHeapSize                   0x0800976c   Section        0  heap_4.o(i.xPortGetFreeHeapSize)
    i.xPortStartScheduler                    0x08009778   Section        0  port.o(i.xPortStartScheduler)
    i.xPortSysTickHandler                    0x080097ac   Section        0  port.o(i.xPortSysTickHandler)
    i.xQueueGenericCreate                    0x080097e0   Section        0  queue.o(i.xQueueGenericCreate)
    i.xQueueGenericReset                     0x08009818   Section        0  queue.o(i.xQueueGenericReset)
    i.xQueueGenericSend                      0x08009898   Section        0  queue.o(i.xQueueGenericSend)
    i.xQueueGenericSendFromISR               0x080099d0   Section        0  queue.o(i.xQueueGenericSendFromISR)
    i.xQueueReceive                          0x08009a6c   Section        0  queue.o(i.xQueueReceive)
    i.xTaskCheckForTimeOut                   0x08009b70   Section        0  tasks.o(i.xTaskCheckForTimeOut)
    i.xTaskCreate                            0x08009bcc   Section        0  tasks.o(i.xTaskCreate)
    i.xTaskGetSchedulerState                 0x08009c2c   Section        0  tasks.o(i.xTaskGetSchedulerState)
    i.xTaskGetTickCount                      0x08009c4c   Section        0  tasks.o(i.xTaskGetTickCount)
    i.xTaskIncrementTick                     0x08009c58   Section        0  tasks.o(i.xTaskIncrementTick)
    i.xTaskPriorityDisinherit                0x08009d74   Section        0  tasks.o(i.xTaskPriorityDisinherit)
    i.xTaskRemoveFromEventList               0x08009df8   Section        0  tasks.o(i.xTaskRemoveFromEventList)
    i.xTaskResumeAll                         0x08009e78   Section        0  tasks.o(i.xTaskResumeAll)
    i.xTimerCreate                           0x08009f60   Section        0  timers.o(i.xTimerCreate)
    i.xTimerCreateTimerTask                  0x08009f90   Section        0  timers.o(i.xTimerCreateTimerTask)
    i.xTimerGenericCommand                   0x08009fcc   Section        0  timers.o(i.xTimerGenericCommand)
    .constdata                               0x0800a038   Section       85  main.o(.constdata)
    __func__                                 0x0800a038   Data           5  main.o(.constdata)
    __func__                                 0x0800a03d   Data          21  main.o(.constdata)
    __func__                                 0x0800a052   Data          19  main.o(.constdata)
    __func__                                 0x0800a065   Data          19  main.o(.constdata)
    __func__                                 0x0800a078   Data          21  main.o(.constdata)
    .constdata                               0x0800a090   Section       16  freertos_cli.o(.constdata)
    xHelpCommand                             0x0800a090   Data          16  freertos_cli.o(.constdata)
    .constdata                               0x0800a0a0   Section      872  m5310.o(.constdata)
    __func__                                 0x0800a0a0   Data          29  m5310.o(.constdata)
    __func__                                 0x0800a110   Data          20  m5310.o(.constdata)
    __func__                                 0x0800a124   Data          31  m5310.o(.constdata)
    __func__                                 0x0800a16c   Data          24  m5310.o(.constdata)
    __func__                                 0x0800a1ac   Data          21  m5310.o(.constdata)
    __func__                                 0x0800a1ec   Data          24  m5310.o(.constdata)
    __func__                                 0x0800a22c   Data          16  m5310.o(.constdata)
    __func__                                 0x0800a264   Data          15  m5310.o(.constdata)
    __func__                                 0x0800a29c   Data          15  m5310.o(.constdata)
    __func__                                 0x0800a2d4   Data          15  m5310.o(.constdata)
    __func__                                 0x0800a30c   Data          18  m5310.o(.constdata)
    __func__                                 0x0800a348   Data          27  m5310.o(.constdata)
    __func__                                 0x0800a38c   Data          23  m5310.o(.constdata)
    .constdata                               0x0800a408   Section    22707  st7789s.o(.constdata)
    .constdata                               0x0800fcbb   Section    58737  ui.o(.constdata)
    __func__                                 0x0801e1f3   Data          16  ui.o(.constdata)
    __func__                                 0x0801e203   Data          25  ui.o(.constdata)
    __func__                                 0x0801e21c   Data          16  ui.o(.constdata)
    .constdata                               0x0801e22c   Section       72  key.o(.constdata)
    __func__                                 0x0801e22c   Data          17  key.o(.constdata)
    __func__                                 0x0801e23d   Data          17  key.o(.constdata)
    __func__                                 0x0801e24e   Data          17  key.o(.constdata)
    __func__                                 0x0801e25f   Data          21  key.o(.constdata)
    .conststring                             0x0801e274   Section      221  freertos_cli.o(.conststring)
    .conststring                             0x0801e354   Section      518  user_cli.o(.conststring)
    .data                                    0x20000000   Section       20  stm32f10x_rcc.o(.data)
    APBAHBPrescTable                         0x20000000   Data          16  stm32f10x_rcc.o(.data)
    ADCPrescTable                            0x20000010   Data           4  stm32f10x_rcc.o(.data)
    .data                                    0x20000014   Section       30  main.o(.data)
    .data                                    0x20000034   Section       20  system_stm32f10x.o(.data)
    .data                                    0x20000048   Section       68  tasks.o(.data)
    pxDelayedTaskList                        0x2000004c   Data           4  tasks.o(.data)
    pxOverflowDelayedTaskList                0x20000050   Data           4  tasks.o(.data)
    uxDeletedTasksWaitingCleanUp             0x20000054   Data           4  tasks.o(.data)
    uxCurrentNumberOfTasks                   0x20000058   Data           4  tasks.o(.data)
    xTickCount                               0x2000005c   Data           4  tasks.o(.data)
    uxTopReadyPriority                       0x20000060   Data           4  tasks.o(.data)
    xSchedulerRunning                        0x20000064   Data           4  tasks.o(.data)
    uxPendedTicks                            0x20000068   Data           4  tasks.o(.data)
    xYieldPending                            0x2000006c   Data           4  tasks.o(.data)
    xNumOfOverflows                          0x20000070   Data           4  tasks.o(.data)
    uxTaskNumber                             0x20000074   Data           4  tasks.o(.data)
    xNextTaskUnblockTime                     0x20000078   Data           4  tasks.o(.data)
    xIdleTaskHandle                          0x2000007c   Data           4  tasks.o(.data)
    uxSchedulerSuspended                     0x20000080   Data           4  tasks.o(.data)
    ulTaskSwitchedInTime                     0x20000084   Data           4  tasks.o(.data)
    ulTotalRunTime                           0x20000088   Data           4  tasks.o(.data)
    .data                                    0x2000008c   Section       20  timers.o(.data)
    pxCurrentTimerList                       0x2000008c   Data           4  timers.o(.data)
    pxOverflowTimerList                      0x20000090   Data           4  timers.o(.data)
    xTimerQueue                              0x20000094   Data           4  timers.o(.data)
    xTimerTaskHandle                         0x20000098   Data           4  timers.o(.data)
    xLastTime                                0x2000009c   Data           4  timers.o(.data)
    .data                                    0x200000a0   Section       24  heap_4.o(.data)
    xStart                                   0x200000a0   Data           8  heap_4.o(.data)
    pxEnd                                    0x200000a8   Data           4  heap_4.o(.data)
    xFreeBytesRemaining                      0x200000ac   Data           4  heap_4.o(.data)
    xMinimumEverFreeBytesRemaining           0x200000b0   Data           4  heap_4.o(.data)
    xBlockAllocatedBit                       0x200000b4   Data           4  heap_4.o(.data)
    .data                                    0x200000b8   Section        4  port.o(.data)
    uxCriticalNesting                        0x200000b8   Data           4  port.o(.data)
    .data                                    0x200000bc   Section        1  delay.o(.data)
    fac_us                                   0x200000bc   Data           1  delay.o(.data)
    .data                                    0x200000bd   Section        2  usart.o(.data)
    .data                                    0x200000c0   Section        8  timer.o(.data)
    .data                                    0x200000c8   Section        1  common.o(.data)
    .data                                    0x200000cc   Section       20  freertos_cli.o(.data)
    xRegisteredCommands                      0x200000cc   Data           8  freertos_cli.o(.data)
    pxLastCommandInList                      0x200000d4   Data           4  freertos_cli.o(.data)
    pxCommand                                0x200000d8   Data           4  freertos_cli.o(.data)
    pxCommand                                0x200000dc   Data           4  freertos_cli.o(.data)
    .data                                    0x200000e0   Section      112  user_cli.o(.data)
    CliCommandList                           0x200000e0   Data         112  user_cli.o(.data)
    .data                                    0x20000150   Section       18  m5310.o(.data)
    .data                                    0x20000162   Section     1966  st7789s.o(.data)
    .bss                                     0x20000910   Section      132  main.o(.bss)
    pcOutputString                           0x20000930   Data         100  main.o(.bss)
    .bss                                     0x20000994   Section       64  queue.o(.bss)
    .bss                                     0x200009d4   Section      200  tasks.o(.bss)
    pxReadyTasksLists                        0x200009d4   Data         100  tasks.o(.bss)
    xDelayedTaskList1                        0x20000a38   Data          20  tasks.o(.bss)
    xDelayedTaskList2                        0x20000a4c   Data          20  tasks.o(.bss)
    xPendingReadyList                        0x20000a60   Data          20  tasks.o(.bss)
    xTasksWaitingTermination                 0x20000a74   Data          20  tasks.o(.bss)
    xSuspendedTaskList                       0x20000a88   Data          20  tasks.o(.bss)
    .bss                                     0x20000a9c   Section       40  timers.o(.bss)
    xActiveTimerList1                        0x20000a9c   Data          20  timers.o(.bss)
    xActiveTimerList2                        0x20000ab0   Data          20  timers.o(.bss)
    .bss                                     0x20000ac4   Section    20480  heap_4.o(.bss)
    ucHeap                                   0x20000ac4   Data       20480  heap_4.o(.bss)
    .bss                                     0x20005ac4   Section      512  m5310.o(.bss)
    .bss                                     0x20005cc4   Section      128  ui.o(.bss)
    msg                                      0x20005cc4   Data         128  ui.o(.bss)
    STACK                                    0x20005d48   Section     1024  startup_stm32f10x_hd.o(STACK)

    Global Symbols

    Symbol Name                              Value     Ov Type        Size  Object(Section)

    BuildAttributes$$THM_ISAv4$P$D$K$B$S$PE$A:L22UL41UL21$X:L11$S22US41US21$IEEE1$IW$USESV6$~STKCKD$USESV7$~SHL$OTIME$ROPI$IEEEJ$EBA8$MICROLIB$REQ8$PRES8$EABIv2 0x00000000   Number         0  anon$$obj.o ABSOLUTE
    __ARM_use_no_argv                        0x00000000   Number         0  main.o ABSOLUTE
    _printf_a                                0x00000000   Number         0  stubs.o ABSOLUTE
    _printf_c                                0x00000000   Number         0  stubs.o ABSOLUTE
    _printf_charcount                        0x00000000   Number         0  stubs.o ABSOLUTE
    _printf_d                                0x00000000   Number         0  stubs.o ABSOLUTE
    _printf_e                                0x00000000   Number         0  stubs.o ABSOLUTE
    _printf_f                                0x00000000   Number         0  stubs.o ABSOLUTE
    _printf_flags                            0x00000000   Number         0  stubs.o ABSOLUTE
    _printf_fp_dec                           0x00000000   Number         0  stubs.o ABSOLUTE
    _printf_fp_hex                           0x00000000   Number         0  stubs.o ABSOLUTE
    _printf_g                                0x00000000   Number         0  stubs.o ABSOLUTE
    _printf_i                                0x00000000   Number         0  stubs.o ABSOLUTE
    _printf_int_dec                          0x00000000   Number         0  stubs.o ABSOLUTE
    _printf_l                                0x00000000   Number         0  stubs.o ABSOLUTE
    _printf_lc                               0x00000000   Number         0  stubs.o ABSOLUTE
    _printf_ll                               0x00000000   Number         0  stubs.o ABSOLUTE
    _printf_lld                              0x00000000   Number         0  stubs.o ABSOLUTE
    _printf_lli                              0x00000000   Number         0  stubs.o ABSOLUTE
    _printf_llo                              0x00000000   Number         0  stubs.o ABSOLUTE
    _printf_llu                              0x00000000   Number         0  stubs.o ABSOLUTE
    _printf_llx                              0x00000000   Number         0  stubs.o ABSOLUTE
    _printf_longlong_dec                     0x00000000   Number         0  stubs.o ABSOLUTE
    _printf_longlong_hex                     0x00000000   Number         0  stubs.o ABSOLUTE
    _printf_longlong_oct                     0x00000000   Number         0  stubs.o ABSOLUTE
    _printf_ls                               0x00000000   Number         0  stubs.o ABSOLUTE
    _printf_mbtowc                           0x00000000   Number         0  stubs.o ABSOLUTE
    _printf_n                                0x00000000   Number         0  stubs.o ABSOLUTE
    _printf_o                                0x00000000   Number         0  stubs.o ABSOLUTE
    _printf_p                                0x00000000   Number         0  stubs.o ABSOLUTE
    _printf_percent                          0x00000000   Number         0  stubs.o ABSOLUTE
    _printf_pre_padding                      0x00000000   Number         0  stubs.o ABSOLUTE
    _printf_return_value                     0x00000000   Number         0  stubs.o ABSOLUTE
    _printf_s                                0x00000000   Number         0  stubs.o ABSOLUTE
    _printf_sizespec                         0x00000000   Number         0  stubs.o ABSOLUTE
    _printf_str                              0x00000000   Number         0  stubs.o ABSOLUTE
    _printf_truncate_signed                  0x00000000   Number         0  stubs.o ABSOLUTE
    _printf_truncate_unsigned                0x00000000   Number         0  stubs.o ABSOLUTE
    _printf_u                                0x00000000   Number         0  stubs.o ABSOLUTE
    _printf_wc                               0x00000000   Number         0  stubs.o ABSOLUTE
    _printf_wctomb                           0x00000000   Number         0  stubs.o ABSOLUTE
    _printf_widthprec                        0x00000000   Number         0  stubs.o ABSOLUTE
    _printf_x                                0x00000000   Number         0  stubs.o ABSOLUTE
    __cpp_initialize__aeabi_                  - Undefined Weak Reference
    __cxa_finalize                            - Undefined Weak Reference
    _clock_init                               - Undefined Weak Reference
    _microlib_exit                            - Undefined Weak Reference
    __Vectors_Size                           0x00000130   Number         0  startup_stm32f10x_hd.o ABSOLUTE
    __Vectors                                0x08000000   Data           4  startup_stm32f10x_hd.o(RESET)
    __Vectors_End                            0x08000130   Data           0  startup_stm32f10x_hd.o(RESET)
    __main                                   0x08000131   Thumb Code     0  entry.o(.ARM.Collect$$$$00000000)
    _main_stk                                0x08000131   Thumb Code     0  entry2.o(.ARM.Collect$$$$00000001)
    _main_scatterload                        0x08000135   Thumb Code     0  entry5.o(.ARM.Collect$$$$00000004)
    __main_after_scatterload                 0x08000139   Thumb Code     0  entry5.o(.ARM.Collect$$$$00000004)
    _main_clock                              0x08000139   Thumb Code     0  entry7b.o(.ARM.Collect$$$$00000008)
    _main_cpp_init                           0x08000139   Thumb Code     0  entry8b.o(.ARM.Collect$$$$0000000A)
    _main_init                               0x08000139   Thumb Code     0  entry9a.o(.ARM.Collect$$$$0000000B)
    __rt_final_cpp                           0x08000141   Thumb Code     0  entry10a.o(.ARM.Collect$$$$0000000D)
    __rt_final_exit                          0x08000141   Thumb Code     0  entry11a.o(.ARM.Collect$$$$0000000F)
    SVC_Handler                              0x08000145   Thumb Code    32  port.o(.emb_text)
    __asm___6_port_c_39a90d8d__prvStartFirstTask 0x08000169   Thumb Code    28  port.o(.emb_text)
    PendSV_Handler                           0x08000189   Thumb Code    72  port.o(.emb_text)
    vPortGetIPSR                             0x080001d5   Thumb Code     6  port.o(.emb_text)
    Reset_Handler                            0x080001dd   Thumb Code     8  startup_stm32f10x_hd.o(.text)
    ADC1_2_IRQHandler                        0x080001f7   Thumb Code     0  startup_stm32f10x_hd.o(.text)
    ADC3_IRQHandler                          0x080001f7   Thumb Code     0  startup_stm32f10x_hd.o(.text)
    CAN1_RX1_IRQHandler                      0x080001f7   Thumb Code     0  startup_stm32f10x_hd.o(.text)
    CAN1_SCE_IRQHandler                      0x080001f7   Thumb Code     0  startup_stm32f10x_hd.o(.text)
    DMA1_Channel1_IRQHandler                 0x080001f7   Thumb Code     0  startup_stm32f10x_hd.o(.text)
    DMA1_Channel2_IRQHandler                 0x080001f7   Thumb Code     0  startup_stm32f10x_hd.o(.text)
    DMA1_Channel3_IRQHandler                 0x080001f7   Thumb Code     0  startup_stm32f10x_hd.o(.text)
    DMA1_Channel4_IRQHandler                 0x080001f7   Thumb Code     0  startup_stm32f10x_hd.o(.text)
    DMA1_Channel5_IRQHandler                 0x080001f7   Thumb Code     0  startup_stm32f10x_hd.o(.text)
    DMA1_Channel6_IRQHandler                 0x080001f7   Thumb Code     0  startup_stm32f10x_hd.o(.text)
    DMA1_Channel7_IRQHandler                 0x080001f7   Thumb Code     0  startup_stm32f10x_hd.o(.text)
    DMA2_Channel1_IRQHandler                 0x080001f7   Thumb Code     0  startup_stm32f10x_hd.o(.text)
    DMA2_Channel2_IRQHandler                 0x080001f7   Thumb Code     0  startup_stm32f10x_hd.o(.text)
    DMA2_Channel3_IRQHandler                 0x080001f7   Thumb Code     0  startup_stm32f10x_hd.o(.text)
    DMA2_Channel4_5_IRQHandler               0x080001f7   Thumb Code     0  startup_stm32f10x_hd.o(.text)
    EXTI0_IRQHandler                         0x080001f7   Thumb Code     0  startup_stm32f10x_hd.o(.text)
    EXTI1_IRQHandler                         0x080001f7   Thumb Code     0  startup_stm32f10x_hd.o(.text)
    EXTI9_5_IRQHandler                       0x080001f7   Thumb Code     0  startup_stm32f10x_hd.o(.text)
    FLASH_IRQHandler                         0x080001f7   Thumb Code     0  startup_stm32f10x_hd.o(.text)
    FSMC_IRQHandler                          0x080001f7   Thumb Code     0  startup_stm32f10x_hd.o(.text)
    I2C1_ER_IRQHandler                       0x080001f7   Thumb Code     0  startup_stm32f10x_hd.o(.text)
    I2C1_EV_IRQHandler                       0x080001f7   Thumb Code     0  startup_stm32f10x_hd.o(.text)
    I2C2_ER_IRQHandler                       0x080001f7   Thumb Code     0  startup_stm32f10x_hd.o(.text)
    I2C2_EV_IRQHandler                       0x080001f7   Thumb Code     0  startup_stm32f10x_hd.o(.text)
    PVD_IRQHandler                           0x080001f7   Thumb Code     0  startup_stm32f10x_hd.o(.text)
    RCC_IRQHandler                           0x080001f7   Thumb Code     0  startup_stm32f10x_hd.o(.text)
    RTCAlarm_IRQHandler                      0x080001f7   Thumb Code     0  startup_stm32f10x_hd.o(.text)
    RTC_IRQHandler                           0x080001f7   Thumb Code     0  startup_stm32f10x_hd.o(.text)
    SDIO_IRQHandler                          0x080001f7   Thumb Code     0  startup_stm32f10x_hd.o(.text)
    SPI1_IRQHandler                          0x080001f7   Thumb Code     0  startup_stm32f10x_hd.o(.text)
    SPI2_IRQHandler                          0x080001f7   Thumb Code     0  startup_stm32f10x_hd.o(.text)
    SPI3_IRQHandler                          0x080001f7   Thumb Code     0  startup_stm32f10x_hd.o(.text)
    TAMPER_IRQHandler                        0x080001f7   Thumb Code     0  startup_stm32f10x_hd.o(.text)
    TIM1_BRK_IRQHandler                      0x080001f7   Thumb Code     0  startup_stm32f10x_hd.o(.text)
    TIM1_CC_IRQHandler                       0x080001f7   Thumb Code     0  startup_stm32f10x_hd.o(.text)
    TIM1_TRG_COM_IRQHandler                  0x080001f7   Thumb Code     0  startup_stm32f10x_hd.o(.text)
    TIM1_UP_IRQHandler                       0x080001f7   Thumb Code     0  startup_stm32f10x_hd.o(.text)
    TIM2_IRQHandler                          0x080001f7   Thumb Code     0  startup_stm32f10x_hd.o(.text)
    TIM4_IRQHandler                          0x080001f7   Thumb Code     0  startup_stm32f10x_hd.o(.text)
    TIM5_IRQHandler                          0x080001f7   Thumb Code     0  startup_stm32f10x_hd.o(.text)
    TIM6_IRQHandler                          0x080001f7   Thumb Code     0  startup_stm32f10x_hd.o(.text)
    TIM7_IRQHandler                          0x080001f7   Thumb Code     0  startup_stm32f10x_hd.o(.text)
    TIM8_BRK_IRQHandler                      0x080001f7   Thumb Code     0  startup_stm32f10x_hd.o(.text)
    TIM8_CC_IRQHandler                       0x080001f7   Thumb Code     0  startup_stm32f10x_hd.o(.text)
    TIM8_TRG_COM_IRQHandler                  0x080001f7   Thumb Code     0  startup_stm32f10x_hd.o(.text)
    TIM8_UP_IRQHandler                       0x080001f7   Thumb Code     0  startup_stm32f10x_hd.o(.text)
    UART4_IRQHandler                         0x080001f7   Thumb Code     0  startup_stm32f10x_hd.o(.text)
    UART5_IRQHandler                         0x080001f7   Thumb Code     0  startup_stm32f10x_hd.o(.text)
    USBWakeUp_IRQHandler                     0x080001f7   Thumb Code     0  startup_stm32f10x_hd.o(.text)
    USB_HP_CAN1_TX_IRQHandler                0x080001f7   Thumb Code     0  startup_stm32f10x_hd.o(.text)
    USB_LP_CAN1_RX0_IRQHandler               0x080001f7   Thumb Code     0  startup_stm32f10x_hd.o(.text)
    WWDG_IRQHandler                          0x080001f7   Thumb Code     0  startup_stm32f10x_hd.o(.text)
    __aeabi_memcpy                           0x08000201   Thumb Code    36  memcpya.o(.text)
    __aeabi_memcpy4                          0x08000201   Thumb Code     0  memcpya.o(.text)
    __aeabi_memcpy8                          0x08000201   Thumb Code     0  memcpya.o(.text)
    __aeabi_memset                           0x08000225   Thumb Code    14  memseta.o(.text)
    __aeabi_memset4                          0x08000225   Thumb Code     0  memseta.o(.text)
    __aeabi_memset8                          0x08000225   Thumb Code     0  memseta.o(.text)
    __aeabi_memclr                           0x08000233   Thumb Code     4  memseta.o(.text)
    __aeabi_memclr4                          0x08000233   Thumb Code     0  memseta.o(.text)
    __aeabi_memclr8                          0x08000233   Thumb Code     0  memseta.o(.text)
    _memset$wrapper                          0x08000237   Thumb Code    18  memseta.o(.text)
    strcat                                   0x08000249   Thumb Code    24  strcat.o(.text)
    strstr                                   0x08000261   Thumb Code    36  strstr.o(.text)
    strncpy                                  0x08000285   Thumb Code    24  strncpy.o(.text)
    strlen                                   0x0800029d   Thumb Code    14  strlen.o(.text)
    strncat                                  0x080002ab   Thumb Code    40  strncat.o(.text)
    strncmp                                  0x080002d3   Thumb Code    30  strncmp.o(.text)
    __aeabi_fmul                             0x080002f1   Thumb Code   100  fmul.o(.text)
    __aeabi_fdiv                             0x08000355   Thumb Code   124  fdiv.o(.text)
    __aeabi_dadd                             0x080003d1   Thumb Code   322  dadd.o(.text)
    __aeabi_dsub                             0x08000513   Thumb Code     6  dadd.o(.text)
    __aeabi_drsub                            0x08000519   Thumb Code     6  dadd.o(.text)
    __aeabi_dmul                             0x0800051f   Thumb Code   228  dmul.o(.text)
    __aeabi_ui2f                             0x08000603   Thumb Code    10  ffltui.o(.text)
    __aeabi_d2uiz                            0x0800060d   Thumb Code    50  dfixui.o(.text)
    __aeabi_f2d                              0x0800063f   Thumb Code    38  f2d.o(.text)
    __aeabi_d2f                              0x08000665   Thumb Code    56  d2f.o(.text)
    __aeabi_uidiv                            0x0800069d   Thumb Code     0  uidiv.o(.text)
    __aeabi_uidivmod                         0x0800069d   Thumb Code    44  uidiv.o(.text)
    __aeabi_uldivmod                         0x080006c9   Thumb Code    98  uldiv.o(.text)
    __aeabi_llsl                             0x0800072b   Thumb Code    30  llshl.o(.text)
    _ll_shift_l                              0x0800072b   Thumb Code     0  llshl.o(.text)
    __aeabi_llsr                             0x08000749   Thumb Code    32  llushr.o(.text)
    _ll_ushift_r                             0x08000749   Thumb Code     0  llushr.o(.text)
    __aeabi_lasr                             0x08000769   Thumb Code    36  llsshr.o(.text)
    _ll_sshift_r                             0x08000769   Thumb Code     0  llsshr.o(.text)
    __I$use$fp                               0x0800078d   Thumb Code     0  iusefp.o(.text)
    _float_round                             0x0800078d   Thumb Code    18  fepilogue.o(.text)
    _float_epilogue                          0x0800079f   Thumb Code    92  fepilogue.o(.text)
    _double_round                            0x080007fb   Thumb Code    30  depilogue.o(.text)
    _double_epilogue                         0x08000819   Thumb Code   156  depilogue.o(.text)
    __aeabi_ddiv                             0x080008b5   Thumb Code   222  ddiv.o(.text)
    __aeabi_d2ulz                            0x08000993   Thumb Code    48  dfixul.o(.text)
    __aeabi_cdrcmple                         0x080009c5   Thumb Code    48  cdrcmple.o(.text)
    __scatterload                            0x080009f5   Thumb Code    28  init.o(.text)
    __scatterload_rt2                        0x080009f5   Thumb Code     0  init.o(.text)
    __decompress                             0x08000a19   Thumb Code     0  __dczerorl2.o(.text)
    __decompress1                            0x08000a19   Thumb Code    86  __dczerorl2.o(.text)
    ADC_Cmd                                  0x08000a6f   Thumb Code    22  stm32f10x_adc.o(i.ADC_Cmd)
    ADC_DeInit                               0x08000a85   Thumb Code    78  stm32f10x_adc.o(i.ADC_DeInit)
    ADC_GetCalibrationStatus                 0x08000ae1   Thumb Code    20  stm32f10x_adc.o(i.ADC_GetCalibrationStatus)
    ADC_GetConversionValue                   0x08000af5   Thumb Code     8  stm32f10x_adc.o(i.ADC_GetConversionValue)
    ADC_GetFlagStatus                        0x08000afd   Thumb Code    18  stm32f10x_adc.o(i.ADC_GetFlagStatus)
    ADC_GetResetCalibrationStatus            0x08000b0f   Thumb Code    20  stm32f10x_adc.o(i.ADC_GetResetCalibrationStatus)
    ADC_Init                                 0x08000b25   Thumb Code    70  stm32f10x_adc.o(i.ADC_Init)
    ADC_RegularChannelConfig                 0x08000b75   Thumb Code   184  stm32f10x_adc.o(i.ADC_RegularChannelConfig)
    ADC_ResetCalibration                     0x08000c2d   Thumb Code    10  stm32f10x_adc.o(i.ADC_ResetCalibration)
    ADC_SoftwareStartConvCmd                 0x08000c37   Thumb Code    22  stm32f10x_adc.o(i.ADC_SoftwareStartConvCmd)
    ADC_StartCalibration                     0x08000c4d   Thumb Code    10  stm32f10x_adc.o(i.ADC_StartCalibration)
    Adc_Init                                 0x08000c59   Thumb Code   132  adc.o(i.Adc_Init)
    BusFault_Handler                         0x08000ce5   Thumb Code     4  stm32f10x_it.o(i.BusFault_Handler)
    ConfigureTimeForRunTimeStats             0x08000ce9   Thumb Code    22  timer.o(i.ConfigureTimeForRunTimeStats)
    DBGMCU_Config                            0x08000d05   Thumb Code    26  stm32f10x_dbgmcu.o(i.DBGMCU_Config)
    DebugMon_Handler                         0x08000d25   Thumb Code     2  stm32f10x_it.o(i.DebugMon_Handler)
    EXTI15_10_IRQHandler                     0x08000d29   Thumb Code   180  key.o(i.EXTI15_10_IRQHandler)
    EXTI2_IRQHandler                         0x08000e41   Thumb Code    98  key.o(i.EXTI2_IRQHandler)
    EXTI3_IRQHandler                         0x08000ee5   Thumb Code    84  key.o(i.EXTI3_IRQHandler)
    EXTI4_IRQHandler                         0x08000f79   Thumb Code    84  key.o(i.EXTI4_IRQHandler)
    EXTI_ClearITPendingBit                   0x0800100d   Thumb Code     6  stm32f10x_exti.o(i.EXTI_ClearITPendingBit)
    EXTI_GetITStatus                         0x08001019   Thumb Code    34  stm32f10x_exti.o(i.EXTI_GetITStatus)
    EXTI_Init                                0x08001041   Thumb Code   142  stm32f10x_exti.o(i.EXTI_Init)
    FreeRTOS_CLIGetParameter                 0x080010d5   Thumb Code    92  freertos_cli.o(i.FreeRTOS_CLIGetParameter)
    FreeRTOS_CLIProcessCommand               0x08001131   Thumb Code   208  freertos_cli.o(i.FreeRTOS_CLIProcessCommand)
    FreeRTOS_CLIRegisterCommand              0x08001211   Thumb Code    46  freertos_cli.o(i.FreeRTOS_CLIRegisterCommand)
    GPIO_EXTILineConfig                      0x08001245   Thumb Code    60  stm32f10x_gpio.o(i.GPIO_EXTILineConfig)
    GPIO_Init                                0x08001285   Thumb Code   278  stm32f10x_gpio.o(i.GPIO_Init)
    GPIO_PinRemapConfig                      0x0800139d   Thumb Code   138  stm32f10x_gpio.o(i.GPIO_PinRemapConfig)
    GPIO_SetBits                             0x0800142d   Thumb Code     4  stm32f10x_gpio.o(i.GPIO_SetBits)
    Get_Adc                                  0x08001431   Thumb Code    46  adc.o(i.Get_Adc)
    Get_Adc_Average                          0x08001465   Thumb Code    46  adc.o(i.Get_Adc_Average)
    HardFault_Handler                        0x08001493   Thumb Code     4  stm32f10x_it.o(i.HardFault_Handler)
    IWDG_Configuration                       0x08001499   Thumb Code    98  main.o(i.IWDG_Configuration)
    IWDG_Enable                              0x08001515   Thumb Code    10  stm32f10x_iwdg.o(i.IWDG_Enable)
    IWDG_ReloadCounter                       0x08001525   Thumb Code    10  stm32f10x_iwdg.o(i.IWDG_ReloadCounter)
    IWDG_SetPrescaler                        0x08001535   Thumb Code     6  stm32f10x_iwdg.o(i.IWDG_SetPrescaler)
    IWDG_SetReload                           0x08001541   Thumb Code     6  stm32f10x_iwdg.o(i.IWDG_SetReload)
    IWDG_WriteAccessCmd                      0x0800154d   Thumb Code     6  stm32f10x_iwdg.o(i.IWDG_WriteAccessCmd)
    LCD_Clear                                0x08001559   Thumb Code    90  st7789s.o(i.LCD_Clear)
    LCD_DrawLine                             0x080015c1   Thumb Code   176  st7789s.o(i.LCD_DrawLine)
    LCD_DrawPoint                            0x08001671   Thumb Code    86  st7789s.o(i.LCD_DrawPoint)
    LCD_DrawRectangle                        0x080016d9   Thumb Code    64  st7789s.o(i.LCD_DrawRectangle)
    LCD_Fill                                 0x08001719   Thumb Code   132  st7789s.o(i.LCD_Fill)
    LCD_GPIO_Init                            0x080017a9   Thumb Code    72  st7789s.o(i.LCD_GPIO_Init)
    LCD_Init                                 0x080017f9   Thumb Code  1576  st7789s.o(i.LCD_Init)
    LCD_RESET                                0x08001e29   Thumb Code    40  st7789s.o(i.LCD_RESET)
    LCD_SetCursor                            0x08001e55   Thumb Code   160  st7789s.o(i.LCD_SetCursor)
    LCD_ShowChar                             0x08001efd   Thumb Code   436  st7789s.o(i.LCD_ShowChar)
    LCD_ShowChinese                          0x080020c5   Thumb Code  1228  st7789s.o(i.LCD_ShowChinese)
    LCD_ShowFontEN                           0x08002595   Thumb Code   212  st7789s.o(i.LCD_ShowFontEN)
    LCD_ShowFontHZ                           0x08002671   Thumb Code   478  st7789s.o(i.LCD_ShowFontHZ)
    LCD_ShowPicture                          0x0800285d   Thumb Code    94  st7789s.o(i.LCD_ShowPicture)
    LCD_ShowString                           0x080028c1   Thumb Code   102  st7789s.o(i.LCD_ShowString)
    LCD_WR_REG                               0x08002929   Thumb Code    36  st7789s.o(i.LCD_WR_REG)
    LCD_WriteRAM_Prepare                     0x08002955   Thumb Code    10  st7789s.o(i.LCD_WriteRAM_Prepare)
    MemManage_Handler                        0x0800295f   Thumb Code     4  stm32f10x_it.o(i.MemManage_Handler)
    NMI_Handler                              0x08002963   Thumb Code     2  stm32f10x_it.o(i.NMI_Handler)
    NVIC_Init                                0x08002965   Thumb Code   100  misc.o(i.NVIC_Init)
    NVIC_PriorityGroupConfig                 0x080029d5   Thumb Code    10  misc.o(i.NVIC_PriorityGroupConfig)
    RCC_ADCCLKConfig                         0x080029e9   Thumb Code    18  stm32f10x_rcc.o(i.RCC_ADCCLKConfig)
    RCC_APB1PeriphClockCmd                   0x08002a01   Thumb Code    26  stm32f10x_rcc.o(i.RCC_APB1PeriphClockCmd)
    RCC_APB1PeriphResetCmd                   0x08002a21   Thumb Code    26  stm32f10x_rcc.o(i.RCC_APB1PeriphResetCmd)
    RCC_APB2PeriphClockCmd                   0x08002a41   Thumb Code    26  stm32f10x_rcc.o(i.RCC_APB2PeriphClockCmd)
    RCC_APB2PeriphResetCmd                   0x08002a61   Thumb Code    26  stm32f10x_rcc.o(i.RCC_APB2PeriphResetCmd)
    RCC_ClearFlag                            0x08002a81   Thumb Code    14  stm32f10x_rcc.o(i.RCC_ClearFlag)
    RCC_GetClocksFreq                        0x08002a95   Thumb Code   192  stm32f10x_rcc.o(i.RCC_GetClocksFreq)
    RCC_GetFlagStatus                        0x08002b69   Thumb Code    56  stm32f10x_rcc.o(i.RCC_GetFlagStatus)
    RCC_LSICmd                               0x08002ba5   Thumb Code     6  stm32f10x_rcc.o(i.RCC_LSICmd)
    SysTick_CLKSourceConfig                  0x08002c99   Thumb Code    40  misc.o(i.SysTick_CLKSourceConfig)
    SysTick_Handler                          0x08002cc1   Thumb Code    16  delay.o(i.SysTick_Handler)
    SystemInit                               0x08002cd1   Thumb Code    78  system_stm32f10x.o(i.SystemInit)
    TIM3_IRQHandler                          0x08002d31   Thumb Code    42  timer.o(i.TIM3_IRQHandler)
    TIM3_Int_Init                            0x08002d65   Thumb Code    90  timer.o(i.TIM3_Int_Init)
    TIM_ClearITPendingBit                    0x08002dc5   Thumb Code     6  stm32f10x_tim.o(i.TIM_ClearITPendingBit)
    TIM_Cmd                                  0x08002dcb   Thumb Code    24  stm32f10x_tim.o(i.TIM_Cmd)
    TIM_GetITStatus                          0x08002de3   Thumb Code    34  stm32f10x_tim.o(i.TIM_GetITStatus)
    TIM_ITConfig                             0x08002e05   Thumb Code    18  stm32f10x_tim.o(i.TIM_ITConfig)
    TIM_TimeBaseInit                         0x08002e19   Thumb Code   122  stm32f10x_tim.o(i.TIM_TimeBaseInit)
    USART1_IRQHandler                        0x08002ebd   Thumb Code    60  usart.o(i.USART1_IRQHandler)
    USART2_IRQHandler                        0x08002f05   Thumb Code   130  usart.o(i.USART2_IRQHandler)
    USART3_IRQHandler                        0x08002f99   Thumb Code   104  usart.o(i.USART3_IRQHandler)
    USART_ClearFlag                          0x08003039   Thumb Code    18  stm32f10x_usart.o(i.USART_ClearFlag)
    USART_Cmd                                0x0800304b   Thumb Code    24  stm32f10x_usart.o(i.USART_Cmd)
    USART_DeInit                             0x08003065   Thumb Code   134  stm32f10x_usart.o(i.USART_DeInit)
    USART_GetFlagStatus                      0x08003101   Thumb Code    26  stm32f10x_usart.o(i.USART_GetFlagStatus)
    USART_GetITStatus                        0x0800311b   Thumb Code    84  stm32f10x_usart.o(i.USART_GetITStatus)
    USART_ITConfig                           0x0800316f   Thumb Code    74  stm32f10x_usart.o(i.USART_ITConfig)
    USART_Init                               0x080031b9   Thumb Code   210  stm32f10x_usart.o(i.USART_Init)
    USART_ReceiveData                        0x08003291   Thumb Code    10  stm32f10x_usart.o(i.USART_ReceiveData)
    USART_SendData                           0x0800329b   Thumb Code     8  stm32f10x_usart.o(i.USART_SendData)
    UsageFault_Handler                       0x080032a3   Thumb Code     4  stm32f10x_it.o(i.UsageFault_Handler)
    _CMIOT_BluetoothMode                     0x080032a9   Thumb Code    30  ui.o(i._CMIOT_BluetoothMode)
    _CMIOT_CLI_Init                          0x080032d9   Thumb Code    26  user_cli.o(i._CMIOT_CLI_Init)
    _CMIOT_CliTaskProc                       0x080032f9   Thumb Code   100  main.o(i._CMIOT_CliTaskProc)
    _CMIOT_ComprehensiveTest                 0x08003391   Thumb Code  1388  ui.o(i._CMIOT_ComprehensiveTest)
    _CMIOT_Debug                             0x08003905   Thumb Code    68  common.o(i._CMIOT_Debug)
    _CMIOT_ExecuteAtCmd                      0x08003951   Thumb Code   142  m5310.o(i._CMIOT_ExecuteAtCmd)
    _CMIOT_GUI_Init                          0x08003a29   Thumb Code   634  ui.o(i._CMIOT_GUI_Init)
    _CMIOT_GetICCID                          0x08003d59   Thumb Code   144  m5310.o(i._CMIOT_GetICCID)
    _CMIOT_GetIMEI                           0x08003e39   Thumb Code   144  m5310.o(i._CMIOT_GetIMEI)
    _CMIOT_GetIMSI                           0x08003f1d   Thumb Code   168  m5310.o(i._CMIOT_GetIMSI)
    _CMIOT_GetModuleName                     0x08004009   Thumb Code   166  m5310.o(i._CMIOT_GetModuleName)
    _CMIOT_GetModuleVersion                  0x080040f9   Thumb Code   166  m5310.o(i._CMIOT_GetModuleVersion)
    _CMIOT_GetNB_Band                        0x080041e9   Thumb Code   196  m5310.o(i._CMIOT_GetNB_Band)
    _CMIOT_GetNetworkDelay                   0x08004305   Thumb Code   198  m5310.o(i._CMIOT_GetNetworkDelay)
    _CMIOT_GetPLMN                           0x08004429   Thumb Code   144  m5310.o(i._CMIOT_GetPLMN)
    _CMIOT_Get_PSM_TIMER_Value               0x080044fd   Thumb Code   588  m5310.o(i._CMIOT_Get_PSM_TIMER_Value)
    _CMIOT_LcdTaskProc                       0x080047f1   Thumb Code    20  main.o(i._CMIOT_LcdTaskProc)
    _CMIOT_M5310TaskProc                     0x08004815   Thumb Code   122  main.o(i._CMIOT_M5310TaskProc)
    _CMIOT_M5310_GetRegisterTime             0x080048f1   Thumb Code   156  m5310.o(i._CMIOT_M5310_GetRegisterTime)
    _CMIOT_M5310_GetSignalstrength           0x08004a0d   Thumb Code   146  m5310.o(i._CMIOT_M5310_GetSignalstrength)
    _CMIOT_M5310_GetUeState                  0x08004add   Thumb Code   666  m5310.o(i._CMIOT_M5310_GetUeState)
    _CMIOT_NBIOT_Measurement                 0x08004eb5   Thumb Code    94  ui.o(i._CMIOT_NBIOT_Measurement)
    _CMIOT_ShowBatteryLevel                  0x08004f29   Thumb Code   322  ui.o(i._CMIOT_ShowBatteryLevel)
    _CMIOT_ShowDeviceInfo                    0x08005071   Thumb Code   524  ui.o(i._CMIOT_ShowDeviceInfo)
    _CMIOT_ShowInstructionMsg                0x08005311   Thumb Code   328  ui.o(i._CMIOT_ShowInstructionMsg)
    _CMIOT_ShowNetworkRegTime                0x080055e9   Thumb Code   970  ui.o(i._CMIOT_ShowNetworkRegTime)
    _CMIOT_ShowPingResult                    0x08005aad   Thumb Code   786  ui.o(i._CMIOT_ShowPingResult)
    _CMIOT_ShowRadioInfo                     0x08005e85   Thumb Code   844  ui.o(i._CMIOT_ShowRadioInfo)
    _CMIOT_ShowSignalStrength                0x080062b5   Thumb Code   596  ui.o(i._CMIOT_ShowSignalStrength)
    _CMIOT_StartTaskProc                     0x08006509   Thumb Code    74  main.o(i._CMIOT_StartTaskProc)
    _CMIOT_TabIndex                          0x0800658d   Thumb Code  3092  ui.o(i._CMIOT_TabIndex)
    _CMIOT_UI_BootPage                       0x080071a1   Thumb Code   108  ui.o(i._CMIOT_UI_BootPage)
    _CMIOT_Uart_Init                         0x0800723d   Thumb Code   490  usart.o(i._CMIOT_Uart_Init)
    _CMIOT_Uart_send                         0x08007441   Thumb Code    64  usart.o(i._CMIOT_Uart_send)
    _CMIOT_atoi                              0x08007481   Thumb Code   134  common.o(i._CMIOT_atoi)
    __0sprintf                               0x08007509   Thumb Code    34  printfa.o(i.__0sprintf)
    __1sprintf                               0x08007509   Thumb Code     0  printfa.o(i.__0sprintf)
    __2sprintf                               0x08007509   Thumb Code     0  printfa.o(i.__0sprintf)
    __c89sprintf                             0x08007509   Thumb Code     0  printfa.o(i.__0sprintf)
    sprintf                                  0x08007509   Thumb Code     0  printfa.o(i.__0sprintf)
    __0vsnprintf                             0x08007531   Thumb Code    32  printfa.o(i.__0vsnprintf)
    __1vsnprintf                             0x08007531   Thumb Code     0  printfa.o(i.__0vsnprintf)
    __2vsnprintf                             0x08007531   Thumb Code     0  printfa.o(i.__0vsnprintf)
    __c89vsnprintf                           0x08007531   Thumb Code     0  printfa.o(i.__0vsnprintf)
    vsnprintf                                0x08007531   Thumb Code     0  printfa.o(i.__0vsnprintf)
    __scatterload_copy                       0x08007555   Thumb Code    14  handlers.o(i.__scatterload_copy)
    __scatterload_null                       0x08007563   Thumb Code     2  handlers.o(i.__scatterload_null)
    __scatterload_zeroinit                   0x08007565   Thumb Code    14  handlers.o(i.__scatterload_zeroinit)
    cm_getBatteryVol                         0x08007e29   Thumb Code    46  adc.o(i.cm_getBatteryVol)
    cm_key_init                              0x08007e5d   Thumb Code   460  key.o(i.cm_key_init)
    delay_init                               0x08008039   Thumb Code    68  delay.o(i.delay_init)
    delay_ms                                 0x08008089   Thumb Code    34  delay.o(i.delay_ms)
    delay_us                                 0x080080ad   Thumb Code    68  delay.o(i.delay_us)
    floor                                    0x080080f5   Thumb Code   204  floor.o(i.floor)
    main                                     0x080081d1   Thumb Code   112  main.o(i.main)
    prvDebugLevelCommand                     0x08008549   Thumb Code   108  user_cli.o(i.prvDebugLevelCommand)
    prvEnableBleDebugModeCommand             0x08008615   Thumb Code   108  user_cli.o(i.prvEnableBleDebugModeCommand)
    prvEnableNbDebugModeCommand              0x080086cd   Thumb Code   108  user_cli.o(i.prvEnableNbDebugModeCommand)
    prvGetHeapUsageCommand                   0x08008785   Thumb Code   188  user_cli.o(i.prvGetHeapUsageCommand)
    prvGetSysTimeCommand                     0x08008925   Thumb Code    54  user_cli.o(i.prvGetSysTimeCommand)
    prvSendAt2BleModuleCommand               0x08008ef9   Thumb Code    64  user_cli.o(i.prvSendAt2BleModuleCommand)
    prvSendAt2NbModuleCommand                0x08008f41   Thumb Code    64  user_cli.o(i.prvSendAt2NbModuleCommand)
    pvPortMalloc                             0x080090e5   Thumb Code   188  heap_4.o(i.pvPortMalloc)
    pxPortInitialiseStack                    0x080091b5   Thumb Code    30  port.o(i.pxPortInitialiseStack)
    ulTaskNotifyTake                         0x080091d9   Thumb Code   108  tasks.o(i.ulTaskNotifyTake)
    uxListRemove                             0x0800924d   Thumb Code    40  list.o(i.uxListRemove)
    uxTaskGetStackHighWaterMark              0x08009275   Thumb Code    34  tasks.o(i.uxTaskGetStackHighWaterMark)
    vListInitialise                          0x0800929d   Thumb Code    26  list.o(i.vListInitialise)
    vListInitialiseItem                      0x080092b7   Thumb Code     6  list.o(i.vListInitialiseItem)
    vListInsert                              0x080092bd   Thumb Code    52  list.o(i.vListInsert)
    vListInsertEnd                           0x080092f1   Thumb Code    24  list.o(i.vListInsertEnd)
    vPortEnterCritical                       0x08009309   Thumb Code    30  port.o(i.vPortEnterCritical)
    vPortExitCritical                        0x0800932d   Thumb Code    28  port.o(i.vPortExitCritical)
    vPortFree                                0x0800934d   Thumb Code    64  heap_4.o(i.vPortFree)
    vPortSetupTimerInterrupt                 0x08009395   Thumb Code    20  port.o(i.vPortSetupTimerInterrupt)
    vQueueAddToRegistry                      0x080093ad   Thumb Code    38  queue.o(i.vQueueAddToRegistry)
    vQueueWaitForMessageRestricted           0x080093d9   Thumb Code    74  queue.o(i.vQueueWaitForMessageRestricted)
    vTaskDelay                               0x08009425   Thumb Code    46  tasks.o(i.vTaskDelay)
    vTaskDelete                              0x08009459   Thumb Code   166  tasks.o(i.vTaskDelete)
    vTaskInternalSetTimeOutState             0x08009525   Thumb Code    14  tasks.o(i.vTaskInternalSetTimeOutState)
    vTaskMissedYield                         0x0800953d   Thumb Code     8  tasks.o(i.vTaskMissedYield)
    vTaskNotifyGiveFromISR                   0x08009549   Thumb Code   154  tasks.o(i.vTaskNotifyGiveFromISR)
    vTaskPlaceOnEventList                    0x080095fd   Thumb Code    28  tasks.o(i.vTaskPlaceOnEventList)
    vTaskPlaceOnEventListRestricted          0x0800961d   Thumb Code    36  tasks.o(i.vTaskPlaceOnEventListRestricted)
    vTaskStartScheduler                      0x08009645   Thumb Code    86  tasks.o(i.vTaskStartScheduler)
    vTaskSuspendAll                          0x080096b9   Thumb Code    12  tasks.o(i.vTaskSuspendAll)
    vTaskSwitchContext                       0x080096c9   Thumb Code   130  tasks.o(i.vTaskSwitchContext)
    xPortGetFreeHeapSize                     0x0800976d   Thumb Code     6  heap_4.o(i.xPortGetFreeHeapSize)
    xPortStartScheduler                      0x08009779   Thumb Code    42  port.o(i.xPortStartScheduler)
    xPortSysTickHandler                      0x080097ad   Thumb Code    46  port.o(i.xPortSysTickHandler)
    xQueueGenericCreate                      0x080097e1   Thumb Code    56  queue.o(i.xQueueGenericCreate)
    xQueueGenericReset                       0x08009819   Thumb Code   122  queue.o(i.xQueueGenericReset)
    xQueueGenericSend                        0x08009899   Thumb Code   308  queue.o(i.xQueueGenericSend)
    xQueueGenericSendFromISR                 0x080099d1   Thumb Code   156  queue.o(i.xQueueGenericSendFromISR)
    xQueueReceive                            0x08009a6d   Thumb Code   256  queue.o(i.xQueueReceive)
    xTaskCheckForTimeOut                     0x08009b71   Thumb Code    84  tasks.o(i.xTaskCheckForTimeOut)
    xTaskCreate                              0x08009bcd   Thumb Code    96  tasks.o(i.xTaskCreate)
    xTaskGetSchedulerState                   0x08009c2d   Thumb Code    24  tasks.o(i.xTaskGetSchedulerState)
    xTaskGetTickCount                        0x08009c4d   Thumb Code     6  tasks.o(i.xTaskGetTickCount)
    xTaskIncrementTick                       0x08009c59   Thumb Code   238  tasks.o(i.xTaskIncrementTick)
    xTaskPriorityDisinherit                  0x08009d75   Thumb Code   122  tasks.o(i.xTaskPriorityDisinherit)
    xTaskRemoveFromEventList                 0x08009df9   Thumb Code   104  tasks.o(i.xTaskRemoveFromEventList)
    xTaskResumeAll                           0x08009e79   Thumb Code   196  tasks.o(i.xTaskResumeAll)
    xTimerCreate                             0x08009f61   Thumb Code    48  timers.o(i.xTimerCreate)
    xTimerCreateTimerTask                    0x08009f91   Thumb Code    40  timers.o(i.xTimerCreateTimerTask)
    xTimerGenericCommand                     0x08009fcd   Thumb Code   104  timers.o(i.xTimerGenericCommand)
    asc2_1206                                0x0800a408   Data        1140  st7789s.o(.constdata)
    asc2_1608                                0x0800a87c   Data        1520  st7789s.o(.constdata)
    ascii_3216                               0x0800ae6c   Data       12160  st7789s.o(.constdata)
    newArialCnChar24x24                      0x0800ddec   Data         456  st7789s.o(.constdata)
    newArialCnChar16x16                      0x0800dfb4   Data        3960  st7789s.o(.constdata)
    EnChar16x24                              0x0800ef2c   Data        1400  st7789s.o(.constdata)
    Arial24x27                               0x0800f4a4   Data        1105  st7789s.o(.constdata)
    Yahei16x21                               0x0800f8f5   Data         966  st7789s.o(.constdata)
    gImage_signalSign                        0x0800fcbb   Data         800  ui.o(.constdata)
    BluetoothImage                           0x0800ffdb   Data        1080  ui.o(.constdata)
    LogoImage                                0x08010413   Data        1800  ui.o(.constdata)
    BootImage                                0x08010b1b   Data       20000  ui.o(.constdata)
    gImage_settingIcon                       0x0801593b   Data        5000  ui.o(.constdata)
    gImage_radioIcon                         0x08016cc3   Data        5000  ui.o(.constdata)
    gImage_cellIcon                          0x0801804b   Data        5000  ui.o(.constdata)
    gImage_pingIcon                          0x080193d3   Data        5000  ui.o(.constdata)
    gImage_testIcon                          0x0801a75b   Data        5000  ui.o(.constdata)
    gImage_bluetoothIcon                     0x0801bae3   Data        5000  ui.o(.constdata)
    gImage_instructionsIcon                  0x0801ce6b   Data        5000  ui.o(.constdata)
    Region$$Table$$Base                      0x0801e55c   Number         0  anon$$obj.o(Region$$Table)
    Region$$Table$$Limit                     0x0801e57c   Number         0  anon$$obj.o(Region$$Table)
    UART_CLI_RxBufferLen                     0x20000014   Data           4  main.o(.data)
    start_task                               0x20000018   Data           4  main.o(.data)
    cli_task                                 0x2000001c   Data           4  main.o(.data)
    m5310_task                               0x20000020   Data           4  main.o(.data)
    lcd_task                                 0x20000024   Data           4  main.o(.data)
    watchDogTimer                            0x20000028   Data           4  main.o(.data)
    menuPosition                             0x2000002c   Data           6  main.o(.data)
    SystemCoreClock                          0x20000034   Data           4  system_stm32f10x.o(.data)
    AHBPrescTable                            0x20000038   Data          16  system_stm32f10x.o(.data)
    pxCurrentTCB                             0x20000048   Data           4  tasks.o(.data)
    NB_DEBUG_FLAG                            0x200000bd   Data           1  usart.o(.data)
    BLE_DEBUG_FLAG                           0x200000be   Data           1  usart.o(.data)
    FreeRTOSRunTimeTicks                     0x200000c0   Data           8  timer.o(.data)
    DEBUG_FLAG                               0x200000c8   Data           1  common.o(.data)
    UART_M5310_RxBufferLen                   0x20000150   Data           4  m5310.o(.data)
    PING_ADDR                                0x20000154   Data          14  m5310.o(.data)
    Arial16x18                               0x20000162   Data        1960  st7789s.o(.data)
    POINT_COLOR                              0x2000090a   Data           2  st7789s.o(.data)
    BACK_COLOR                               0x2000090c   Data           2  st7789s.o(.data)
    DeviceCode                               0x2000090e   Data           2  st7789s.o(.data)
    UART_CLI_RxBuffer                        0x20000910   Data          32  main.o(.bss)
    xQueueRegistry                           0x20000994   Data          64  queue.o(.bss)
    UART_M5310_RxBuffer                      0x20005ac4   Data         512  m5310.o(.bss)
    __initial_sp                             0x20006148   Data           0  startup_stm32f10x_hd.o(STACK)



==============================================================================

Memory Map of the image

  Image Entry point : 0x08000131

  Load Region LR_IROM1 (Base: 0x08000000, Size: 0x0001ee8c, Max: 0x00040000, ABSOLUTE, COMPRESSED[0x0001ec2c])

    Execution Region ER_IROM1 (Base: 0x08000000, Size: 0x0001e57c, Max: 0x00040000, ABSOLUTE)

    Base Addr    Size         Type   Attr      Idx    E Section Name        Object

    0x08000000   0x00000130   Data   RO            3    RESET               startup_stm32f10x_hd.o
    0x08000130   0x00000000   Code   RO         5192  * .ARM.Collect$$$$00000000  mc_w.l(entry.o)
    0x08000130   0x00000004   Code   RO         5496    .ARM.Collect$$$$00000001  mc_w.l(entry2.o)
    0x08000134   0x00000004   Code   RO         5499    .ARM.Collect$$$$00000004  mc_w.l(entry5.o)
    0x08000138   0x00000000   Code   RO         5501    .ARM.Collect$$$$00000008  mc_w.l(entry7b.o)
    0x08000138   0x00000000   Code   RO         5503    .ARM.Collect$$$$0000000A  mc_w.l(entry8b.o)
    0x08000138   0x00000008   Code   RO         5504    .ARM.Collect$$$$0000000B  mc_w.l(entry9a.o)
    0x08000140   0x00000000   Code   RO         5506    .ARM.Collect$$$$0000000D  mc_w.l(entry10a.o)
    0x08000140   0x00000000   Code   RO         5508    .ARM.Collect$$$$0000000F  mc_w.l(entry11a.o)
    0x08000140   0x00000004   Code   RO         5497    .ARM.Collect$$$$00002712  mc_w.l(entry2.o)
    0x08000144   0x00000096   Code   RO         4333    .emb_text           port.o
    0x080001da   0x00000002   PAD
    0x080001dc   0x00000024   Code   RO            4    .text               startup_stm32f10x_hd.o
    0x08000200   0x00000024   Code   RO         5195    .text               mc_w.l(memcpya.o)
    0x08000224   0x00000024   Code   RO         5197    .text               mc_w.l(memseta.o)
    0x08000248   0x00000018   Code   RO         5199    .text               mc_w.l(strcat.o)
    0x08000260   0x00000024   Code   RO         5201    .text               mc_w.l(strstr.o)
    0x08000284   0x00000018   Code   RO         5203    .text               mc_w.l(strncpy.o)
    0x0800029c   0x0000000e   Code   RO         5205    .text               mc_w.l(strlen.o)
    0x080002aa   0x00000028   Code   RO         5207    .text               mc_w.l(strncat.o)
    0x080002d2   0x0000001e   Code   RO         5209    .text               mc_w.l(strncmp.o)
    0x080002f0   0x00000064   Code   RO         5480    .text               mf_w.l(fmul.o)
    0x08000354   0x0000007c   Code   RO         5482    .text               mf_w.l(fdiv.o)
    0x080003d0   0x0000014e   Code   RO         5484    .text               mf_w.l(dadd.o)
    0x0800051e   0x000000e4   Code   RO         5486    .text               mf_w.l(dmul.o)
    0x08000602   0x0000000a   Code   RO         5488    .text               mf_w.l(ffltui.o)
    0x0800060c   0x00000032   Code   RO         5490    .text               mf_w.l(dfixui.o)
    0x0800063e   0x00000026   Code   RO         5492    .text               mf_w.l(f2d.o)
    0x08000664   0x00000038   Code   RO         5494    .text               mf_w.l(d2f.o)
    0x0800069c   0x0000002c   Code   RO         5513    .text               mc_w.l(uidiv.o)
    0x080006c8   0x00000062   Code   RO         5515    .text               mc_w.l(uldiv.o)
    0x0800072a   0x0000001e   Code   RO         5517    .text               mc_w.l(llshl.o)
    0x08000748   0x00000020   Code   RO         5519    .text               mc_w.l(llushr.o)
    0x08000768   0x00000024   Code   RO         5521    .text               mc_w.l(llsshr.o)
    0x0800078c   0x00000000   Code   RO         5523    .text               mc_w.l(iusefp.o)
    0x0800078c   0x0000006e   Code   RO         5524    .text               mf_w.l(fepilogue.o)
    0x080007fa   0x000000ba   Code   RO         5526    .text               mf_w.l(depilogue.o)
    0x080008b4   0x000000de   Code   RO         5528    .text               mf_w.l(ddiv.o)
    0x08000992   0x00000030   Code   RO         5530    .text               mf_w.l(dfixul.o)
    0x080009c2   0x00000002   PAD
    0x080009c4   0x00000030   Code   RO         5532    .text               mf_w.l(cdrcmple.o)
    0x080009f4   0x00000024   Code   RO         5534    .text               mc_w.l(init.o)
    0x08000a18   0x00000056   Code   RO         5546    .text               mc_w.l(__dczerorl2.o)
    0x08000a6e   0x00000016   Code   RO          139    i.ADC_Cmd           stm32f10x_adc.o
    0x08000a84   0x0000005c   Code   RO          141    i.ADC_DeInit        stm32f10x_adc.o
    0x08000ae0   0x00000014   Code   RO          147    i.ADC_GetCalibrationStatus  stm32f10x_adc.o
    0x08000af4   0x00000008   Code   RO          148    i.ADC_GetConversionValue  stm32f10x_adc.o
    0x08000afc   0x00000012   Code   RO          150    i.ADC_GetFlagStatus  stm32f10x_adc.o
    0x08000b0e   0x00000014   Code   RO          153    i.ADC_GetResetCalibrationStatus  stm32f10x_adc.o
    0x08000b22   0x00000002   PAD
    0x08000b24   0x00000050   Code   RO          157    i.ADC_Init          stm32f10x_adc.o
    0x08000b74   0x000000b8   Code   RO          161    i.ADC_RegularChannelConfig  stm32f10x_adc.o
    0x08000c2c   0x0000000a   Code   RO          162    i.ADC_ResetCalibration  stm32f10x_adc.o
    0x08000c36   0x00000016   Code   RO          164    i.ADC_SoftwareStartConvCmd  stm32f10x_adc.o
    0x08000c4c   0x0000000a   Code   RO          166    i.ADC_StartCalibration  stm32f10x_adc.o
    0x08000c56   0x00000002   PAD
    0x08000c58   0x0000008c   Code   RO         5152    i.Adc_Init          adc.o
    0x08000ce4   0x00000004   Code   RO         3197    i.BusFault_Handler  stm32f10x_it.o
    0x08000ce8   0x0000001c   Code   RO         4522    i.ConfigureTimeForRunTimeStats  timer.o
    0x08000d04   0x00000020   Code   RO          798    i.DBGMCU_Config     stm32f10x_dbgmcu.o
    0x08000d24   0x00000002   Code   RO         3198    i.DebugMon_Handler  stm32f10x_it.o
    0x08000d26   0x00000002   PAD
    0x08000d28   0x00000118   Code   RO         5111    i.EXTI15_10_IRQHandler  key.o
    0x08000e40   0x000000a4   Code   RO         5112    i.EXTI2_IRQHandler  key.o
    0x08000ee4   0x00000094   Code   RO         5113    i.EXTI3_IRQHandler  key.o
    0x08000f78   0x00000094   Code   RO         5114    i.EXTI4_IRQHandler  key.o
    0x0800100c   0x0000000c   Code   RO          895    i.EXTI_ClearITPendingBit  stm32f10x_exti.o
    0x08001018   0x00000028   Code   RO          899    i.EXTI_GetITStatus  stm32f10x_exti.o
    0x08001040   0x00000094   Code   RO          900    i.EXTI_Init         stm32f10x_exti.o
    0x080010d4   0x0000005c   Code   RO         4602    i.FreeRTOS_CLIGetParameter  freertos_cli.o
    0x08001130   0x000000e0   Code   RO         4603    i.FreeRTOS_CLIProcessCommand  freertos_cli.o
    0x08001210   0x00000034   Code   RO         4604    i.FreeRTOS_CLIRegisterCommand  freertos_cli.o
    0x08001244   0x00000040   Code   RO         1245    i.GPIO_EXTILineConfig  stm32f10x_gpio.o
    0x08001284   0x00000116   Code   RO         1248    i.GPIO_Init         stm32f10x_gpio.o
    0x0800139a   0x00000002   PAD
    0x0800139c   0x00000090   Code   RO         1250    i.GPIO_PinRemapConfig  stm32f10x_gpio.o
    0x0800142c   0x00000004   Code   RO         1256    i.GPIO_SetBits      stm32f10x_gpio.o
    0x08001430   0x00000034   Code   RO         5153    i.Get_Adc           adc.o
    0x08001464   0x0000002e   Code   RO         5154    i.Get_Adc_Average   adc.o
    0x08001492   0x00000004   Code   RO         3199    i.HardFault_Handler  stm32f10x_it.o
    0x08001496   0x00000002   PAD
    0x08001498   0x0000007c   Code   RO         3064    i.IWDG_Configuration  main.o
    0x08001514   0x00000010   Code   RO         1560    i.IWDG_Enable       stm32f10x_iwdg.o
    0x08001524   0x00000010   Code   RO         1562    i.IWDG_ReloadCounter  stm32f10x_iwdg.o
    0x08001534   0x0000000c   Code   RO         1563    i.IWDG_SetPrescaler  stm32f10x_iwdg.o
    0x08001540   0x0000000c   Code   RO         1564    i.IWDG_SetReload    stm32f10x_iwdg.o
    0x0800154c   0x0000000c   Code   RO         1565    i.IWDG_WriteAccessCmd  stm32f10x_iwdg.o
    0x08001558   0x00000068   Code   RO         4818    i.LCD_Clear         st7789s.o
    0x080015c0   0x000000b0   Code   RO         4821    i.LCD_DrawLine      st7789s.o
    0x08001670   0x00000068   Code   RO         4822    i.LCD_DrawPoint     st7789s.o
    0x080016d8   0x00000040   Code   RO         4823    i.LCD_DrawRectangle  st7789s.o
    0x08001718   0x00000090   Code   RO         4824    i.LCD_Fill          st7789s.o
    0x080017a8   0x00000050   Code   RO         4825    i.LCD_GPIO_Init     st7789s.o
    0x080017f8   0x00000630   Code   RO         4826    i.LCD_Init          st7789s.o
    0x08001e28   0x0000002c   Code   RO         4827    i.LCD_RESET         st7789s.o
    0x08001e54   0x000000a8   Code   RO         4990    i.LCD_SetCursor     st7789s.o
    0x08001efc   0x000001c8   Code   RO         4830    i.LCD_ShowChar      st7789s.o
    0x080020c4   0x000004d0   Code   RO         4831    i.LCD_ShowChinese   st7789s.o
    0x08002594   0x000000dc   Code   RO         4832    i.LCD_ShowFontEN    st7789s.o
    0x08002670   0x000001ec   Code   RO         4833    i.LCD_ShowFontHZ    st7789s.o
    0x0800285c   0x00000064   Code   RO         4836    i.LCD_ShowPicture   st7789s.o
    0x080028c0   0x00000066   Code   RO         4837    i.LCD_ShowString    st7789s.o
    0x08002926   0x00000002   PAD
    0x08002928   0x0000002c   Code   RO         4838    i.LCD_WR_REG        st7789s.o
    0x08002954   0x0000000a   Code   RO         4840    i.LCD_WriteRAM_Prepare  st7789s.o
    0x0800295e   0x00000004   Code   RO         3200    i.MemManage_Handler  stm32f10x_it.o
    0x08002962   0x00000002   Code   RO         3201    i.NMI_Handler       stm32f10x_it.o
    0x08002964   0x00000070   Code   RO           10    i.NVIC_Init         misc.o
    0x080029d4   0x00000014   Code   RO           11    i.NVIC_PriorityGroupConfig  misc.o
    0x080029e8   0x00000018   Code   RO         1662    i.RCC_ADCCLKConfig  stm32f10x_rcc.o
    0x08002a00   0x00000020   Code   RO         1664    i.RCC_APB1PeriphClockCmd  stm32f10x_rcc.o
    0x08002a20   0x00000020   Code   RO         1665    i.RCC_APB1PeriphResetCmd  stm32f10x_rcc.o
    0x08002a40   0x00000020   Code   RO         1666    i.RCC_APB2PeriphClockCmd  stm32f10x_rcc.o
    0x08002a60   0x00000020   Code   RO         1667    i.RCC_APB2PeriphResetCmd  stm32f10x_rcc.o
    0x08002a80   0x00000014   Code   RO         1670    i.RCC_ClearFlag     stm32f10x_rcc.o
    0x08002a94   0x000000d4   Code   RO         1674    i.RCC_GetClocksFreq  stm32f10x_rcc.o
    0x08002b68   0x0000003c   Code   RO         1675    i.RCC_GetFlagStatus  stm32f10x_rcc.o
    0x08002ba4   0x0000000c   Code   RO         1683    i.RCC_LSICmd        stm32f10x_rcc.o
    0x08002bb0   0x00000008   Code   RO         3255    i.SetSysClock       system_stm32f10x.o
    0x08002bb8   0x000000e0   Code   RO         3256    i.SetSysClockTo72   system_stm32f10x.o
    0x08002c98   0x00000028   Code   RO           14    i.SysTick_CLKSourceConfig  misc.o
    0x08002cc0   0x00000010   Code   RO         4404    i.SysTick_Handler   delay.o
    0x08002cd0   0x00000060   Code   RO         3258    i.SystemInit        system_stm32f10x.o
    0x08002d30   0x00000034   Code   RO         4523    i.TIM3_IRQHandler   timer.o
    0x08002d64   0x00000060   Code   RO         4524    i.TIM3_Int_Init     timer.o
    0x08002dc4   0x00000006   Code   RO         2293    i.TIM_ClearITPendingBit  stm32f10x_tim.o
    0x08002dca   0x00000018   Code   RO         2298    i.TIM_Cmd           stm32f10x_tim.o
    0x08002de2   0x00000022   Code   RO         2319    i.TIM_GetITStatus   stm32f10x_tim.o
    0x08002e04   0x00000012   Code   RO         2323    i.TIM_ITConfig      stm32f10x_tim.o
    0x08002e16   0x00000002   PAD
    0x08002e18   0x000000a4   Code   RO         2369    i.TIM_TimeBaseInit  stm32f10x_tim.o
    0x08002ebc   0x00000048   Code   RO         4476    i.USART1_IRQHandler  usart.o
    0x08002f04   0x00000094   Code   RO         4477    i.USART2_IRQHandler  usart.o
    0x08002f98   0x000000a0   Code   RO         4478    i.USART3_IRQHandler  usart.o
    0x08003038   0x00000012   Code   RO         2830    i.USART_ClearFlag   stm32f10x_usart.o
    0x0800304a   0x00000018   Code   RO         2834    i.USART_Cmd         stm32f10x_usart.o
    0x08003062   0x00000002   PAD
    0x08003064   0x0000009c   Code   RO         2836    i.USART_DeInit      stm32f10x_usart.o
    0x08003100   0x0000001a   Code   RO         2837    i.USART_GetFlagStatus  stm32f10x_usart.o
    0x0800311a   0x00000054   Code   RO         2838    i.USART_GetITStatus  stm32f10x_usart.o
    0x0800316e   0x0000004a   Code   RO         2840    i.USART_ITConfig    stm32f10x_usart.o
    0x080031b8   0x000000d8   Code   RO         2841    i.USART_Init        stm32f10x_usart.o
    0x08003290   0x0000000a   Code   RO         2848    i.USART_ReceiveData  stm32f10x_usart.o
    0x0800329a   0x00000008   Code   RO         2851    i.USART_SendData    stm32f10x_usart.o
    0x080032a2   0x00000004   Code   RO         3202    i.UsageFault_Handler  stm32f10x_it.o
    0x080032a6   0x00000002   PAD
    0x080032a8   0x00000030   Code   RO         5005    i._CMIOT_BluetoothMode  ui.o
    0x080032d8   0x00000020   Code   RO         4649    i._CMIOT_CLI_Init   user_cli.o
    0x080032f8   0x00000098   Code   RO         3065    i._CMIOT_CliTaskProc  main.o
    0x08003390   0x00000574   Code   RO         5006    i._CMIOT_ComprehensiveTest  ui.o
    0x08003904   0x0000004c   Code   RO         4552    i._CMIOT_Debug      common.o
    0x08003950   0x000000d8   Code   RO         4717    i._CMIOT_ExecuteAtCmd  m5310.o
    0x08003a28   0x00000330   Code   RO         5007    i._CMIOT_GUI_Init   ui.o
    0x08003d58   0x000000e0   Code   RO         4718    i._CMIOT_GetICCID   m5310.o
    0x08003e38   0x000000e4   Code   RO         4719    i._CMIOT_GetIMEI    m5310.o
    0x08003f1c   0x000000ec   Code   RO         4720    i._CMIOT_GetIMSI    m5310.o
    0x08004008   0x000000f0   Code   RO         4721    i._CMIOT_GetModuleName  m5310.o
    0x080040f8   0x000000f0   Code   RO         4722    i._CMIOT_GetModuleVersion  m5310.o
    0x080041e8   0x0000011c   Code   RO         4723    i._CMIOT_GetNB_Band  m5310.o
    0x08004304   0x00000124   Code   RO         4724    i._CMIOT_GetNetworkDelay  m5310.o
    0x08004428   0x000000d4   Code   RO         4725    i._CMIOT_GetPLMN    m5310.o
    0x080044fc   0x000002f4   Code   RO         4726    i._CMIOT_Get_PSM_TIMER_Value  m5310.o
    0x080047f0   0x00000024   Code   RO         3066    i._CMIOT_LcdTaskProc  main.o
    0x08004814   0x000000dc   Code   RO         3067    i._CMIOT_M5310TaskProc  main.o
    0x080048f0   0x0000011c   Code   RO         4727    i._CMIOT_M5310_GetRegisterTime  m5310.o
    0x08004a0c   0x000000d0   Code   RO         4728    i._CMIOT_M5310_GetSignalstrength  m5310.o
    0x08004adc   0x000003d8   Code   RO         4729    i._CMIOT_M5310_GetUeState  m5310.o
    0x08004eb4   0x00000074   Code   RO         5008    i._CMIOT_NBIOT_Measurement  ui.o
    0x08004f28   0x00000148   Code   RO         5009    i._CMIOT_ShowBatteryLevel  ui.o
    0x08005070   0x000002a0   Code   RO         5010    i._CMIOT_ShowDeviceInfo  ui.o
    0x08005310   0x000002d8   Code   RO         5011    i._CMIOT_ShowInstructionMsg  ui.o
    0x080055e8   0x000004c4   Code   RO         5012    i._CMIOT_ShowNetworkRegTime  ui.o
    0x08005aac   0x000003d8   Code   RO         5013    i._CMIOT_ShowPingResult  ui.o
    0x08005e84   0x00000430   Code   RO         5014    i._CMIOT_ShowRadioInfo  ui.o
    0x080062b4   0x00000254   Code   RO         5015    i._CMIOT_ShowSignalStrength  ui.o
    0x08006508   0x00000084   Code   RO         3068    i._CMIOT_StartTaskProc  main.o
    0x0800658c   0x00000c14   Code   RO         5016    i._CMIOT_TabIndex   ui.o
    0x080071a0   0x0000009c   Code   RO         5017    i._CMIOT_UI_BootPage  ui.o
    0x0800723c   0x00000204   Code   RO         4479    i._CMIOT_Uart_Init  usart.o
    0x08007440   0x00000040   Code   RO         4480    i._CMIOT_Uart_send  usart.o
    0x08007480   0x00000086   Code   RO         4555    i._CMIOT_atoi       common.o
    0x08007506   0x00000002   PAD
    0x08007508   0x00000028   Code   RO         5454    i.__0sprintf        mc_w.l(printfa.o)
    0x08007530   0x00000024   Code   RO         5457    i.__0vsnprintf      mc_w.l(printfa.o)
    0x08007554   0x0000000e   Code   RO         5540    i.__scatterload_copy  mc_w.l(handlers.o)
    0x08007562   0x00000002   Code   RO         5541    i.__scatterload_null  mc_w.l(handlers.o)
    0x08007564   0x0000000e   Code   RO         5542    i.__scatterload_zeroinit  mc_w.l(handlers.o)
    0x08007572   0x00000002   PAD
    0x08007574   0x00000164   Code   RO         5459    i._fp_digits        mc_w.l(printfa.o)
    0x080076d8   0x000006dc   Code   RO         5460    i._printf_core      mc_w.l(printfa.o)
    0x08007db4   0x00000024   Code   RO         5461    i._printf_post_padding  mc_w.l(printfa.o)
    0x08007dd8   0x0000002e   Code   RO         5462    i._printf_pre_padding  mc_w.l(printfa.o)
    0x08007e06   0x00000016   Code   RO         5463    i._snputc           mc_w.l(printfa.o)
    0x08007e1c   0x0000000a   Code   RO         5464    i._sputc            mc_w.l(printfa.o)
    0x08007e26   0x00000002   PAD
    0x08007e28   0x00000034   Code   RO         5155    i.cm_getBatteryVol  adc.o
    0x08007e5c   0x000001dc   Code   RO         5115    i.cm_key_init       key.o
    0x08008038   0x00000050   Code   RO         4405    i.delay_init        delay.o
    0x08008088   0x00000022   Code   RO         4406    i.delay_ms          delay.o
    0x080080aa   0x00000002   PAD
    0x080080ac   0x00000048   Code   RO         4407    i.delay_us          delay.o
    0x080080f4   0x000000dc   Code   RO         5189    i.floor             m_ws.l(floor.o)
    0x080081d0   0x000000d8   Code   RO         3069    i.main              main.o
    0x080082a8   0x00000098   Code   RO         3816    i.prvAddCurrentTaskToDelayedList  tasks.o
    0x08008340   0x000000b4   Code   RO         3817    i.prvAddNewTaskToReadyList  tasks.o
    0x080083f4   0x00000064   Code   RO         4154    i.prvCheckForValidListAndQueue  timers.o
    0x08008458   0x00000048   Code   RO         3818    i.prvCheckTasksWaitingTermination  tasks.o
    0x080084a0   0x0000002a   Code   RO         3455    i.prvCopyDataFromQueue  queue.o
    0x080084ca   0x0000007c   Code   RO         3456    i.prvCopyDataToQueue  queue.o
    0x08008546   0x00000002   PAD
    0x08008548   0x000000b8   Code   RO         4650    i.prvDebugLevelCommand  user_cli.o
    0x08008600   0x00000012   Code   RO         3819    i.prvDeleteTCB      tasks.o
    0x08008612   0x00000002   PAD
    0x08008614   0x000000b8   Code   RO         4651    i.prvEnableBleDebugModeCommand  user_cli.o
    0x080086cc   0x000000b8   Code   RO         4652    i.prvEnableNbDebugModeCommand  user_cli.o
    0x08008784   0x00000148   Code   RO         4653    i.prvGetHeapUsageCommand  user_cli.o
    0x080088cc   0x00000028   Code   RO         4155    i.prvGetNextExpireTime  timers.o
    0x080088f4   0x0000002e   Code   RO         4605    i.prvGetNumberOfParameters  freertos_cli.o
    0x08008922   0x00000002   PAD
    0x08008924   0x00000058   Code   RO         4654    i.prvGetSysTimeCommand  user_cli.o
    0x0800897c   0x0000007c   Code   RO         4284    i.prvHeapInit       heap_4.o
    0x080089f8   0x0000004c   Code   RO         4606    i.prvHelpCommand    freertos_cli.o
    0x08008a44   0x00000028   Code   RO         3820    i.prvIdleTask       tasks.o
    0x08008a6c   0x0000002a   Code   RO         3459    i.prvInitialiseNewQueue  queue.o
    0x08008a96   0x00000092   Code   RO         3821    i.prvInitialiseNewTask  tasks.o
    0x08008b28   0x0000002e   Code   RO         4156    i.prvInitialiseNewTimer  timers.o
    0x08008b56   0x00000002   PAD
    0x08008b58   0x00000068   Code   RO         3822    i.prvInitialiseTaskLists  tasks.o
    0x08008bc0   0x00000068   Code   RO         4285    i.prvInsertBlockIntoFreeList  heap_4.o
    0x08008c28   0x00000058   Code   RO         4157    i.prvInsertTimerInActiveList  timers.o
    0x08008c80   0x0000001a   Code   RO         3460    i.prvIsQueueEmpty   queue.o
    0x08008c9a   0x0000001e   Code   RO         3461    i.prvIsQueueFull    queue.o
    0x08008cb8   0x00000052   Code   RO         3462    i.prvNotifyQueueSetContainer  queue.o
    0x08008d0a   0x00000002   PAD
    0x08008d0c   0x0000004c   Code   RO         4158    i.prvProcessExpiredTimer  timers.o
    0x08008d58   0x000000cc   Code   RO         4159    i.prvProcessReceivedCommands  timers.o
    0x08008e24   0x00000074   Code   RO         4160    i.prvProcessTimerOrBlockTask  timers.o
    0x08008e98   0x00000034   Code   RO         3823    i.prvResetNextTaskUnblockTime  tasks.o
    0x08008ecc   0x0000002c   Code   RO         4161    i.prvSampleTimeNow  timers.o
    0x08008ef8   0x00000048   Code   RO         4655    i.prvSendAt2BleModuleCommand  user_cli.o
    0x08008f40   0x00000048   Code   RO         4656    i.prvSendAt2NbModuleCommand  user_cli.o
    0x08008f88   0x00000084   Code   RO         4162    i.prvSwitchTimerLists  timers.o
    0x0800900c   0x00000016   Code   RO         3824    i.prvTaskCheckFreeStackSpace  tasks.o
    0x08009022   0x00000016   Code   RO         4334    i.prvTaskExitError  port.o
    0x08009038   0x0000001a   Code   RO         4163    i.prvTimerTask      timers.o
    0x08009052   0x00000092   Code   RO         3463    i.prvUnlockQueue    queue.o
    0x080090e4   0x000000d0   Code   RO         4286    i.pvPortMalloc      heap_4.o
    0x080091b4   0x00000024   Code   RO         4335    i.pxPortInitialiseStack  port.o
    0x080091d8   0x00000074   Code   RO         3827    i.ulTaskNotifyTake  tasks.o
    0x0800924c   0x00000028   Code   RO         3415    i.uxListRemove      list.o
    0x08009274   0x00000028   Code   RO         3829    i.uxTaskGetStackHighWaterMark  tasks.o
    0x0800929c   0x0000001a   Code   RO         3416    i.vListInitialise   list.o
    0x080092b6   0x00000006   Code   RO         3417    i.vListInitialiseItem  list.o
    0x080092bc   0x00000034   Code   RO         3418    i.vListInsert       list.o
    0x080092f0   0x00000018   Code   RO         3419    i.vListInsertEnd    list.o
    0x08009308   0x00000024   Code   RO         4337    i.vPortEnterCritical  port.o
    0x0800932c   0x00000020   Code   RO         4338    i.vPortExitCritical  port.o
    0x0800934c   0x00000048   Code   RO         4287    i.vPortFree         heap_4.o
    0x08009394   0x00000018   Code   RO         4339    i.vPortSetupTimerInterrupt  port.o
    0x080093ac   0x0000002c   Code   RO         3467    i.vQueueAddToRegistry  queue.o
    0x080093d8   0x0000004a   Code   RO         3470    i.vQueueWaitForMessageRestricted  queue.o
    0x08009422   0x00000002   PAD
    0x08009424   0x00000034   Code   RO         3833    i.vTaskDelay        tasks.o
    0x08009458   0x000000cc   Code   RO         3835    i.vTaskDelete       tasks.o
    0x08009524   0x00000018   Code   RO         3837    i.vTaskInternalSetTimeOutState  tasks.o
    0x0800953c   0x0000000c   Code   RO         3838    i.vTaskMissedYield  tasks.o
    0x08009548   0x000000b4   Code   RO         3839    i.vTaskNotifyGiveFromISR  tasks.o
    0x080095fc   0x00000020   Code   RO         3840    i.vTaskPlaceOnEventList  tasks.o
    0x0800961c   0x00000028   Code   RO         3841    i.vTaskPlaceOnEventListRestricted  tasks.o
    0x08009644   0x00000074   Code   RO         3848    i.vTaskStartScheduler  tasks.o
    0x080096b8   0x00000010   Code   RO         3850    i.vTaskSuspendAll   tasks.o
    0x080096c8   0x000000a4   Code   RO         3851    i.vTaskSwitchContext  tasks.o
    0x0800976c   0x0000000c   Code   RO         4289    i.xPortGetFreeHeapSize  heap_4.o
    0x08009778   0x00000034   Code   RO         4340    i.xPortStartScheduler  port.o
    0x080097ac   0x00000034   Code   RO         4341    i.xPortSysTickHandler  port.o
    0x080097e0   0x00000038   Code   RO         3475    i.xQueueGenericCreate  queue.o
    0x08009818   0x00000080   Code   RO         3476    i.xQueueGenericReset  queue.o
    0x08009898   0x00000138   Code   RO         3477    i.xQueueGenericSend  queue.o
    0x080099d0   0x0000009c   Code   RO         3478    i.xQueueGenericSendFromISR  queue.o
    0x08009a6c   0x00000104   Code   RO         3485    i.xQueueReceive     queue.o
    0x08009b70   0x0000005c   Code   RO         3852    i.xTaskCheckForTimeOut  tasks.o
    0x08009bcc   0x00000060   Code   RO         3853    i.xTaskCreate       tasks.o
    0x08009c2c   0x00000020   Code   RO         3857    i.xTaskGetSchedulerState  tasks.o
    0x08009c4c   0x0000000c   Code   RO         3858    i.xTaskGetTickCount  tasks.o
    0x08009c58   0x0000011c   Code   RO         3860    i.xTaskIncrementTick  tasks.o
    0x08009d74   0x00000084   Code   RO         3863    i.xTaskPriorityDisinherit  tasks.o
    0x08009df8   0x00000080   Code   RO         3865    i.xTaskRemoveFromEventList  tasks.o
    0x08009e78   0x000000e8   Code   RO         3866    i.xTaskResumeAll    tasks.o
    0x08009f60   0x00000030   Code   RO         4166    i.xTimerCreate      timers.o
    0x08009f90   0x0000003c   Code   RO         4167    i.xTimerCreateTimerTask  timers.o
    0x08009fcc   0x0000006c   Code   RO         4168    i.xTimerGenericCommand  timers.o
    0x0800a038   0x00000055   Data   RO         3071    .constdata          main.o
    0x0800a08d   0x00000003   PAD
    0x0800a090   0x00000010   Data   RO         4608    .constdata          freertos_cli.o
    0x0800a0a0   0x00000368   Data   RO         4732    .constdata          m5310.o
    0x0800a408   0x000058b3   Data   RO         4843    .constdata          st7789s.o
    0x0800fcbb   0x0000e571   Data   RO         5019    .constdata          ui.o
    0x0801e22c   0x00000048   Data   RO         5116    .constdata          key.o
    0x0801e274   0x000000dd   Data   RO         4609    .conststring        freertos_cli.o
    0x0801e351   0x00000003   PAD
    0x0801e354   0x00000206   Data   RO         4657    .conststring        user_cli.o
    0x0801e55a   0x00000002   PAD
    0x0801e55c   0x00000020   Data   RO         5538    Region$$Table       anon$$obj.o


    Execution Region RW_IRAM1 (Base: 0x20000000, Size: 0x00006148, Max: 0x0000c000, ABSOLUTE, COMPRESSED[0x000006b0])

    Base Addr    Size         Type   Attr      Idx    E Section Name        Object

    0x20000000   0x00000014   Data   RW         1694    .data               stm32f10x_rcc.o
    0x20000014   0x0000001e   Data   RW         3072    .data               main.o
    0x20000032   0x00000002   PAD
    0x20000034   0x00000014   Data   RW         3259    .data               system_stm32f10x.o
    0x20000048   0x00000044   Data   RW         3869    .data               tasks.o
    0x2000008c   0x00000014   Data   RW         4176    .data               timers.o
    0x200000a0   0x00000018   Data   RW         4292    .data               heap_4.o
    0x200000b8   0x00000004   Data   RW         4342    .data               port.o
    0x200000bc   0x00000001   Data   RW         4409    .data               delay.o
    0x200000bd   0x00000002   Data   RW         4481    .data               usart.o
    0x200000bf   0x00000001   PAD
    0x200000c0   0x00000008   Data   RW         4525    .data               timer.o
    0x200000c8   0x00000001   Data   RW         4557    .data               common.o
    0x200000c9   0x00000003   PAD
    0x200000cc   0x00000014   Data   RW         4610    .data               freertos_cli.o
    0x200000e0   0x00000070   Data   RW         4658    .data               user_cli.o
    0x20000150   0x00000012   Data   RW         4733    .data               m5310.o
    0x20000162   0x000007ae   Data   RW         4844    .data               st7789s.o
    0x20000910   0x00000084   Zero   RW         3070    .bss                main.o
    0x20000994   0x00000040   Zero   RW         3492    .bss                queue.o
    0x200009d4   0x000000c8   Zero   RW         3868    .bss                tasks.o
    0x20000a9c   0x00000028   Zero   RW         4175    .bss                timers.o
    0x20000ac4   0x00005000   Zero   RW         4291    .bss                heap_4.o
    0x20005ac4   0x00000200   Zero   RW         4731    .bss                m5310.o
    0x20005cc4   0x00000080   Zero   RW         5018    .bss                ui.o
    0x20005d44   0x00000004   PAD
    0x20005d48   0x00000400   Zero   RW            1    STACK               startup_stm32f10x_hd.o


==============================================================================

Image component sizes


      Code (inc. data)   RO Data    RW Data    ZI Data      Debug   Object Name

       290         20          0          0          0       2082   adc.o
       210          8          0          1          0       2450   common.o
         0          0          0          0          0        488   croutine.o
       202         16          0          1          0       2121   delay.o
         0          0          0          0          0       9196   event_groups.o
       490         32        237         20          0       5478   freertos_cli.o
       520         68          0         24      20480       4070   heap_4.o
      1216        310         72          0          0       2986   key.o
       148          0          0          0          0       2838   list.o
      4404       1380        872         18        512      14043   m5310.o
       880        354         85         30        132      18234   main.o
       172         22          0          0          0     265533   misc.o
       404         48          0          4          0       8796   port.o
      1522         20          0          0         64      13878   queue.o
      5124        170      22707       1966          0      16975   st7789s.o
        36          8        304          0       1024        816   startup_stm32f10x_hd.o
       486         24          0          0          0       7890   stm32f10x_adc.o
        32          6          0          0          0        508   stm32f10x_dbgmcu.o
       200         18          0          0          0       1884   stm32f10x_exti.o
       490         10          0          0          0       3671   stm32f10x_gpio.o
        20          0          0          0          0       2405   stm32f10x_it.o
        68         30          0          0          0       2214   stm32f10x_iwdg.o
       456         66          0         20          0       7184   stm32f10x_rcc.o
       246         42          0          0          0       3234   stm32f10x_tim.o
       616         28          0          0          0       6750   stm32f10x_usart.o
       328         28          0         20          0       2025   system_stm32f10x.o
      2790        434          0         68        200      28690   tasks.o
       176         22          0          8          0       1736   timer.o
      1088        112          0         20         40       9322   timers.o
     11224       1906      58737          0        128      11739   ui.o
       960        112          0          2          0       4290   usart.o
      1144        424        518        112          0       7501   user_cli.o

    ----------------------------------------------------------------------
     35978       5718      83572       2320      22584     471027   Object Totals
         0          0         32          0          0          0   (incl. Generated)
        36          0          8          6          4          0   (incl. Padding)

    ----------------------------------------------------------------------

      Code (inc. data)   RO Data    RW Data    ZI Data      Debug   Library Member Name

       220         16          0          0          0         84   floor.o
        86          0          0          0          0          0   __dczerorl2.o
         0          0          0          0          0          0   entry.o
         0          0          0          0          0          0   entry10a.o
         0          0          0          0          0          0   entry11a.o
         8          4          0          0          0          0   entry2.o
         4          0          0          0          0          0   entry5.o
         0          0          0          0          0          0   entry7b.o
         0          0          0          0          0          0   entry8b.o
         8          4          0          0          0          0   entry9a.o
        30          0          0          0          0          0   handlers.o
        36          8          0          0          0         68   init.o
         0          0          0          0          0          0   iusefp.o
        30          0          0          0          0         68   llshl.o
        36          0          0          0          0         68   llsshr.o
        32          0          0          0          0         68   llushr.o
        36          0          0          0          0         68   memcpya.o
        36          0          0          0          0        108   memseta.o
      2302         90          0          0          0        660   printfa.o
        24          0          0          0          0         68   strcat.o
        14          0          0          0          0         68   strlen.o
        40          0          0          0          0         76   strncat.o
        30          0          0          0          0         80   strncmp.o
        24          0          0          0          0         76   strncpy.o
        36          0          0          0          0         80   strstr.o
        44          0          0          0          0         80   uidiv.o
        98          0          0          0          0         92   uldiv.o
        48          0          0          0          0         68   cdrcmple.o
        56          0          0          0          0         88   d2f.o
       334          0          0          0          0        148   dadd.o
       222          0          0          0          0        100   ddiv.o
       186          0          0          0          0        176   depilogue.o
        50          0          0          0          0         76   dfixui.o
        48          0          0          0          0         68   dfixul.o
       228          0          0          0          0         96   dmul.o
        38          0          0          0          0         68   f2d.o
       124          0          0          0          0         88   fdiv.o
       110          0          0          0          0        168   fepilogue.o
        10          0          0          0          0         68   ffltui.o
       100          0          0          0          0         76   fmul.o

    ----------------------------------------------------------------------
      4734        122          0          0          0       3100   Library Totals
         6          0          0          0          0          0   (incl. Padding)

    ----------------------------------------------------------------------

      Code (inc. data)   RO Data    RW Data    ZI Data      Debug   Library Name

       220         16          0          0          0         84   m_ws.l
      2954        106          0          0          0       1728   mc_w.l
      1554          0          0          0          0       1288   mf_w.l

    ----------------------------------------------------------------------
      4734        122          0          0          0       3100   Library Totals

    ----------------------------------------------------------------------

==============================================================================


      Code (inc. data)   RO Data    RW Data    ZI Data      Debug   

     40712       5840      83572       2320      22584     461515   Grand Totals
     40712       5840      83572       1712      22584     461515   ELF Image Totals (compressed)
     40712       5840      83572       1712          0          0   ROM Totals

==============================================================================

    Total RO  Size (Code + RO Data)               124284 ( 121.37kB)
    Total RW  Size (RW Data + ZI Data)             24904 (  24.32kB)
    Total ROM Size (Code + RO Data + RW Data)     125996 ( 123.04kB)

==============================================================================

