Component: ARM Compiler 5.05 update 1 (build 106) Tool: armlink [4d0efa]

==============================================================================

Section Cross References

    startup_stm32f10x_hd.o(RESET) refers to startup_stm32f10x_hd.o(STACK) for __initial_sp
    startup_stm32f10x_hd.o(RESET) refers to startup_stm32f10x_hd.o(.text) for Reset_Handler
    startup_stm32f10x_hd.o(RESET) refers to stm32f10x_it.o(i.NMI_Handler) for NMI_Handler
    startup_stm32f10x_hd.o(RESET) refers to stm32f10x_it.o(i.HardFault_Handler) for HardFault_Handler
    startup_stm32f10x_hd.o(RESET) refers to stm32f10x_it.o(i.MemManage_Handler) for MemManage_Handler
    startup_stm32f10x_hd.o(RESET) refers to stm32f10x_it.o(i.BusFault_Handler) for BusFault_Handler
    startup_stm32f10x_hd.o(RESET) refers to stm32f10x_it.o(i.UsageFault_Handler) for UsageFault_Handler
    startup_stm32f10x_hd.o(RESET) refers to port.o(.emb_text) for SVC_Handler
    startup_stm32f10x_hd.o(RESET) refers to stm32f10x_it.o(i.DebugMon_Handler) for DebugMon_Handler
    startup_stm32f10x_hd.o(RESET) refers to delay.o(i.SysTick_Handler) for SysTick_Handler
    startup_stm32f10x_hd.o(RESET) refers to key.o(i.EXTI2_IRQHandler) for EXTI2_IRQHandler
    startup_stm32f10x_hd.o(RESET) refers to key.o(i.EXTI3_IRQHandler) for EXTI3_IRQHandler
    startup_stm32f10x_hd.o(RESET) refers to key.o(i.EXTI4_IRQHandler) for EXTI4_IRQHandler
    startup_stm32f10x_hd.o(RESET) refers to timer.o(i.TIM3_IRQHandler) for TIM3_IRQHandler
    startup_stm32f10x_hd.o(RESET) refers to usart.o(i.USART1_IRQHandler) for USART1_IRQHandler
    startup_stm32f10x_hd.o(RESET) refers to usart.o(i.USART2_IRQHandler) for USART2_IRQHandler
    startup_stm32f10x_hd.o(RESET) refers to usart.o(i.USART3_IRQHandler) for USART3_IRQHandler
    startup_stm32f10x_hd.o(RESET) refers to key.o(i.EXTI15_10_IRQHandler) for EXTI15_10_IRQHandler
    startup_stm32f10x_hd.o(.text) refers to system_stm32f10x.o(i.SystemInit) for SystemInit
    startup_stm32f10x_hd.o(.text) refers to entry.o(.ARM.Collect$$$$00000000) for __main
    stm32f10x_adc.o(i.ADC_DeInit) refers to stm32f10x_rcc.o(i.RCC_APB2PeriphResetCmd) for RCC_APB2PeriphResetCmd
    stm32f10x_bkp.o(i.BKP_DeInit) refers to stm32f10x_rcc.o(i.RCC_BackupResetCmd) for RCC_BackupResetCmd
    stm32f10x_can.o(i.CAN_DeInit) refers to stm32f10x_rcc.o(i.RCC_APB1PeriphResetCmd) for RCC_APB1PeriphResetCmd
    stm32f10x_can.o(i.CAN_GetITStatus) refers to stm32f10x_can.o(i.CheckITStatus) for CheckITStatus
    stm32f10x_cec.o(i.CEC_DeInit) refers to stm32f10x_rcc.o(i.RCC_APB1PeriphResetCmd) for RCC_APB1PeriphResetCmd
    stm32f10x_dac.o(i.DAC_DeInit) refers to stm32f10x_rcc.o(i.RCC_APB1PeriphResetCmd) for RCC_APB1PeriphResetCmd
    stm32f10x_flash.o(i.FLASH_EnableWriteProtection) refers to stm32f10x_flash.o(i.FLASH_WaitForLastOperation) for FLASH_WaitForLastOperation
    stm32f10x_flash.o(i.FLASH_EraseAllBank1Pages) refers to stm32f10x_flash.o(i.FLASH_WaitForLastBank1Operation) for FLASH_WaitForLastBank1Operation
    stm32f10x_flash.o(i.FLASH_EraseAllPages) refers to stm32f10x_flash.o(i.FLASH_WaitForLastOperation) for FLASH_WaitForLastOperation
    stm32f10x_flash.o(i.FLASH_EraseOptionBytes) refers to stm32f10x_flash.o(i.FLASH_GetReadOutProtectionStatus) for FLASH_GetReadOutProtectionStatus
    stm32f10x_flash.o(i.FLASH_EraseOptionBytes) refers to stm32f10x_flash.o(i.FLASH_WaitForLastOperation) for FLASH_WaitForLastOperation
    stm32f10x_flash.o(i.FLASH_ErasePage) refers to stm32f10x_flash.o(i.FLASH_WaitForLastOperation) for FLASH_WaitForLastOperation
    stm32f10x_flash.o(i.FLASH_ProgramHalfWord) refers to stm32f10x_flash.o(i.FLASH_WaitForLastOperation) for FLASH_WaitForLastOperation
    stm32f10x_flash.o(i.FLASH_ProgramOptionByteData) refers to stm32f10x_flash.o(i.FLASH_WaitForLastOperation) for FLASH_WaitForLastOperation
    stm32f10x_flash.o(i.FLASH_ProgramWord) refers to stm32f10x_flash.o(i.FLASH_WaitForLastOperation) for FLASH_WaitForLastOperation
    stm32f10x_flash.o(i.FLASH_ReadOutProtection) refers to stm32f10x_flash.o(i.FLASH_WaitForLastOperation) for FLASH_WaitForLastOperation
    stm32f10x_flash.o(i.FLASH_UserOptionByteConfig) refers to stm32f10x_flash.o(i.FLASH_WaitForLastOperation) for FLASH_WaitForLastOperation
    stm32f10x_flash.o(i.FLASH_WaitForLastBank1Operation) refers to stm32f10x_flash.o(i.FLASH_GetBank1Status) for FLASH_GetBank1Status
    stm32f10x_flash.o(i.FLASH_WaitForLastOperation) refers to stm32f10x_flash.o(i.FLASH_GetBank1Status) for FLASH_GetBank1Status
    stm32f10x_gpio.o(i.GPIO_AFIODeInit) refers to stm32f10x_rcc.o(i.RCC_APB2PeriphResetCmd) for RCC_APB2PeriphResetCmd
    stm32f10x_gpio.o(i.GPIO_DeInit) refers to stm32f10x_rcc.o(i.RCC_APB2PeriphResetCmd) for RCC_APB2PeriphResetCmd
    stm32f10x_i2c.o(i.I2C_DeInit) refers to stm32f10x_rcc.o(i.RCC_APB1PeriphResetCmd) for RCC_APB1PeriphResetCmd
    stm32f10x_i2c.o(i.I2C_Init) refers to stm32f10x_rcc.o(i.RCC_GetClocksFreq) for RCC_GetClocksFreq
[...]
    __func__                                 0x08020734   Data          23  bluetooth.o(.constdata)
    __func__                                 0x0802074b   Data          28  bluetooth.o(.constdata)
    __func__                                 0x08020790   Data          31  bluetooth.o(.constdata)
    __func__                                 0x080207d8   Data          21  bluetooth.o(.constdata)
    __func__                                 0x08020818   Data          29  bluetooth.o(.constdata)
    __func__                                 0x08020860   Data          19  bluetooth.o(.constdata)
    __func__                                 0x0802089c   Data          32  bluetooth.o(.constdata)
    __func__                                 0x080208e4   Data          18  bluetooth.o(.constdata)
    __func__                                 0x08020920   Data          24  bluetooth.o(.constdata)
    __func__                                 0x08020938   Data          16  bluetooth.o(.constdata)
    __func__                                 0x08020948   Data          26  bluetooth.o(.constdata)
    __func__                                 0x08020962   Data          25  bluetooth.o(.constdata)
    __func__                                 0x0802097b   Data          26  bluetooth.o(.constdata)
    __func__                                 0x08020995   Data          25  bluetooth.o(.constdata)
    __func__                                 0x080209ae   Data          33  bluetooth.o(.constdata)
    __func__                                 0x080209cf   Data          23  bluetooth.o(.constdata)
    .conststring                             0x080209e8   Section      221  freertos_cli.o(.conststring)
    .conststring                             0x08020ac8   Section      672  user_cli.o(.conststring)
    .conststring                             0x08020d68   Section       83  m5310.o(.conststring)
    .data                                    0x20000000   Section       20  stm32f10x_rcc.o(.data)
    APBAHBPrescTable                         0x20000000   Data          16  stm32f10x_rcc.o(.data)
    ADCPrescTable                            0x20000010   Data           4  stm32f10x_rcc.o(.data)
    .data                                    0x20000014   Section       38  main.o(.data)
    .data                                    0x2000003c   Section       20  system_stm32f10x.o(.data)
    .data                                    0x20000050   Section       68  tasks.o(.data)
    pxDelayedTaskList                        0x20000054   Data           4  tasks.o(.data)
    pxOverflowDelayedTaskList                0x20000058   Data           4  tasks.o(.data)
    uxDeletedTasksWaitingCleanUp             0x2000005c   Data           4  tasks.o(.data)
    uxCurrentNumberOfTasks                   0x20000060   Data           4  tasks.o(.data)
    xTickCount                               0x20000064   Data           4  tasks.o(.data)
    uxTopReadyPriority                       0x20000068   Data           4  tasks.o(.data)
    xSchedulerRunning                        0x2000006c   Data           4  tasks.o(.data)
    uxPendedTicks                            0x20000070   Data           4  tasks.o(.data)
    xYieldPending                            0x20000074   Data           4  tasks.o(.data)
    xNumOfOverflows                          0x20000078   Data           4  tasks.o(.data)
    uxTaskNumber                             0x2000007c   Data           4  tasks.o(.data)
    xNextTaskUnblockTime                     0x20000080   Data           4  tasks.o(.data)
    xIdleTaskHandle                          0x20000084   Data           4  tasks.o(.data)
    uxSchedulerSuspended                     0x20000088   Data           4  tasks.o(.data)
    ulTaskSwitchedInTime                     0x2000008c   Data           4  tasks.o(.data)
    ulTotalRunTime                           0x20000090   Data           4  tasks.o(.data)
    .data                                    0x20000094   Section       20  timers.o(.data)
    pxCurrentTimerList                       0x20000094   Data           4  timers.o(.data)
    pxOverflowTimerList                      0x20000098   Data           4  timers.o(.data)
    xTimerQueue                              0x2000009c   Data           4  timers.o(.data)
    xTimerTaskHandle                         0x200000a0   Data           4  timers.o(.data)
    xLastTime                                0x200000a4   Data           4  timers.o(.data)
    .data                                    0x200000a8   Section       24  heap_4.o(.data)
    xStart                                   0x200000a8   Data           8  heap_4.o(.data)
    pxEnd                                    0x200000b0   Data           4  heap_4.o(.data)
    xFreeBytesRemaining                      0x200000b4   Data           4  heap_4.o(.data)
    xMinimumEverFreeBytesRemaining           0x200000b8   Data           4  heap_4.o(.data)
    xBlockAllocatedBit                       0x200000bc   Data           4  heap_4.o(.data)
    .data                                    0x200000c0   Section        4  port.o(.data)
    uxCriticalNesting                        0x200000c0   Data           4  port.o(.data)
    .data                                    0x200000c4   Section        1  delay.o(.data)
    fac_us                                   0x200000c4   Data           1  delay.o(.data)
    .data                                    0x200000c5   Section        2  usart.o(.data)
    .data                                    0x200000c8   Section        8  timer.o(.data)
    .data                                    0x200000d0   Section        1  common.o(.data)
    .data                                    0x200000d4   Section       20  freertos_cli.o(.data)
    xRegisteredCommands                      0x200000d4   Data           8  freertos_cli.o(.data)
    pxLastCommandInList                      0x200000dc   Data           4  freertos_cli.o(.data)
    pxCommand                                0x200000e0   Data           4  freertos_cli.o(.data)
    pxCommand                                0x200000e4   Data           4  freertos_cli.o(.data)
    .data                                    0x200000e8   Section      144  user_cli.o(.data)
    CliCommandList                           0x200000e8   Data         144  user_cli.o(.data)
    .data                                    0x20000178   Section        4  m5310.o(.data)
    .data                                    0x2000017c   Section     1966  st7789s.o(.data)
    .data                                    0x2000092c   Section       12  bluetooth.o(.data)
    .data                                    0x20000938   Section        4  strtok.o(.data)
    state                                    0x20000938   Data           4  strtok.o(.data)
    .bss                                     0x2000093c   Section      200  main.o(.bss)
    pcOutputString                           0x200009a0   Data         100  main.o(.bss)
    .bss                                     0x20000a04   Section       64  queue.o(.bss)
    .bss                                     0x20000a44   Section      200  tasks.o(.bss)
    pxReadyTasksLists                        0x20000a44   Data         100  tasks.o(.bss)
    xDelayedTaskList1                        0x20000aa8   Data          20  tasks.o(.bss)
    xDelayedTaskList2                        0x20000abc   Data          20  tasks.o(.bss)
    xPendingReadyList                        0x20000ad0   Data          20  tasks.o(.bss)
    xTasksWaitingTermination                 0x20000ae4   Data          20  tasks.o(.bss)
    xSuspendedTaskList                       0x20000af8   Data          20  tasks.o(.bss)
    .bss                                     0x20000b0c   Section       40  timers.o(.bss)
    xActiveTimerList1                        0x20000b0c   Data          20  timers.o(.bss)
    xActiveTimerList2                        0x20000b20   Data          20  timers.o(.bss)
    .bss                                     0x20000b34   Section    20480  heap_4.o(.bss)
    ucHeap                                   0x20000b34   Data       20480  heap_4.o(.bss)
    .bss                                     0x20005b34   Section      512  m5310.o(.bss)
    .bss                                     0x20005d34   Section      128  ui.o(.bss)
    msg                                      0x20005d34   Data         128  ui.o(.bss)
    .bss                                     0x20005db4   Section     1088  bluetooth.o(.bss)
    msg                                      0x200061b4   Data          64  bluetooth.o(.bss)
    STACK                                    0x200061f8   Section     1024  startup_stm32f10x_hd.o(STACK)

    Global Symbols

    Symbol Name                              Value     Ov Type        Size  Object(Section)

    BuildAttributes$$THM_ISAv4$P$D$K$B$S$PE$A:L22UL41UL21$X:L11$S22US41US21$IEEE1$IW$USESV6$~STKCKD$USESV7$~SHL$OTIME$ROPI$IEEEJ$EBA8$MICROLIB$REQ8$PRES8$EABIv2 0x00000000   Number         0  anon$$obj.o ABSOLUTE
    __ARM_use_no_argv                        0x00000000   Number         0  main.o ABSOLUTE
    _printf_a                                0x00000000   Number         0  stubs.o ABSOLUTE
    _printf_c                                0x00000000   Number         0  stubs.o ABSOLUTE
    _printf_charcount                        0x00000000   Number         0  stubs.o ABSOLUTE
    _printf_d                                0x00000000   Number         0  stubs.o ABSOLUTE
    _printf_e                                0x00000000   Number         0  stubs.o ABSOLUTE
    _printf_f                                0x00000000   Number         0  stubs.o ABSOLUTE
    _printf_flags                            0x00000000   Number         0  stubs.o ABSOLUTE
    _printf_fp_dec                           0x00000000   Number         0  stubs.o ABSOLUTE
    _printf_fp_hex                           0x00000000   Number         0  stubs.o ABSOLUTE
    _printf_g                                0x00000000   Number         0  stubs.o ABSOLUTE
    _printf_i                                0x00000000   Number         0  stubs.o ABSOLUTE
    _printf_int_dec                          0x00000000   Number         0  stubs.o ABSOLUTE
    _printf_l                                0x00000000   Number         0  stubs.o ABSOLUTE
    _printf_lc                               0x00000000   Number         0  stubs.o ABSOLUTE
    _printf_ll                               0x00000000   Number         0  stubs.o ABSOLUTE
    _printf_lld                              0x00000000   Number         0  stubs.o ABSOLUTE
    _printf_lli                              0x00000000   Number         0  stubs.o ABSOLUTE
    _printf_llo                              0x00000000   Number         0  stubs.o ABSOLUTE
    _printf_llu                              0x00000000   Number         0  stubs.o ABSOLUTE
    _printf_llx                              0x00000000   Number         0  stubs.o ABSOLUTE
    _printf_longlong_dec                     0x00000000   Number         0  stubs.o ABSOLUTE
    _printf_longlong_hex                     0x00000000   Number         0  stubs.o ABSOLUTE
    _printf_longlong_oct                     0x00000000   Number         0  stubs.o ABSOLUTE
    _printf_ls                               0x00000000   Number         0  stubs.o ABSOLUTE
    _printf_mbtowc                           0x00000000   Number         0  stubs.o ABSOLUTE
    _printf_n                                0x00000000   Number         0  stubs.o ABSOLUTE
    _printf_o                                0x00000000   Number         0  stubs.o ABSOLUTE
    _printf_p                                0x00000000   Number         0  stubs.o ABSOLUTE
    _printf_percent                          0x00000000   Number         0  stubs.o ABSOLUTE
    _printf_pre_padding                      0x00000000   Number         0  stubs.o ABSOLUTE
    _printf_return_value                     0x00000000   Number         0  stubs.o ABSOLUTE
    _printf_s                                0x00000000   Number         0  stubs.o ABSOLUTE
    _printf_sizespec                         0x00000000   Number         0  stubs.o ABSOLUTE
    _printf_str                              0x00000000   Number         0  stubs.o ABSOLUTE
    _printf_truncate_signed                  0x00000000   Number         0  stubs.o ABSOLUTE
    _printf_truncate_unsigned                0x00000000   Number         0  stubs.o ABSOLUTE
    _printf_u                                0x00000000   Number         0  stubs.o ABSOLUTE
    _printf_wc                               0x00000000   Number         0  stubs.o ABSOLUTE
    _printf_wctomb                           0x00000000   Number         0  stubs.o ABSOLUTE
    _printf_widthprec                        0x00000000   Number         0  stubs.o ABSOLUTE
    _printf_x                                0x00000000   Number         0  stubs.o ABSOLUTE
    __cpp_initialize__aeabi_                  - Undefined Weak Reference
    __cxa_finalize                            - Undefined Weak Reference
    _clock_init                               - Undefined Weak Reference
    _microlib_exit                            - Undefined Weak Reference
    __Vectors_Size                           0x00000130   Number         0  startup_stm32f10x_hd.o ABSOLUTE
    __Vectors                                0x08000000   Data           4  startup_stm32f10x_hd.o(RESET)
    __Vectors_End                            0x08000130   Data           0  startup_stm32f10x_hd.o(RESET)
    __main                                   0x08000131   Thumb Code     0  entry.o(.ARM.Collect$$$$00000000)
    _main_stk                                0x08000131   Thumb Code     0  entry2.o(.ARM.Collect$$$$00000001)
    _main_scatterload                        0x08000135   Thumb Code     0  entry5.o(.ARM.Collect$$$$00000004)
    __main_after_scatterload                 0x08000139   Thumb Code     0  entry5.o(.ARM.Collect$$$$00000004)
    _main_clock                              0x08000139   Thumb Code     0  entry7b.o(.ARM.Collect$$$$00000008)
    _main_cpp_init                           0x08000139   Thumb Code     0  entry8b.o(.ARM.Collect$$$$0000000A)
    _main_init                               0x08000139   Thumb Code     0  entry9a.o(.ARM.Collect$$$$0000000B)
    __rt_final_cpp                           0x08000141   Thumb Code     0  entry10a.o(.ARM.Collect$$$$0000000D)
    __rt_final_exit                          0x08000141   Thumb Code     0  entry11a.o(.ARM.Collect$$$$0000000F)
    SVC_Handler                              0x08000145   Thumb Code    32  port.o(.emb_text)
    __asm___6_port_c_39a90d8d__prvStartFirstTask 0x08000169   Thumb Code    28  port.o(.emb_text)
    PendSV_Handler                           0x08000189   Thumb Code    72  port.o(.emb_text)
    vPortGetIPSR                             0x080001d5   Thumb Code     6  port.o(.emb_text)
    Reset_Handler                            0x080001dd   Thumb Code     8  startup_stm32f10x_hd.o(.text)
    ADC1_2_IRQHandler                        0x080001f7   Thumb Code     0  startup_stm32f10x_hd.o(.text)
    ADC3_IRQHandler                          0x080001f7   Thumb Code     0  startup_stm32f10x_hd.o(.text)
    CAN1_RX1_IRQHandler                      0x080001f7   Thumb Code     0  startup_stm32f10x_hd.o(.text)
    CAN1_SCE_IRQHandler                      0x080001f7   Thumb Code     0  startup_stm32f10x_hd.o(.text)
    DMA1_Channel1_IRQHandler                 0x080001f7   Thumb Code     0  startup_stm32f10x_hd.o(.text)
    DMA1_Channel2_IRQHandler                 0x080001f7   Thumb Code     0  startup_stm32f10x_hd.o(.text)
    DMA1_Channel3_IRQHandler                 0x080001f7   Thumb Code     0  startup_stm32f10x_hd.o(.text)
    DMA1_Channel4_IRQHandler                 0x080001f7   Thumb Code     0  startup_stm32f10x_hd.o(.text)
    DMA1_Channel5_IRQHandler                 0x080001f7   Thumb Code     0  startup_stm32f10x_hd.o(.text)
    DMA1_Channel6_IRQHandler                 0x080001f7   Thumb Code     0  startup_stm32f10x_hd.o(.text)
    DMA1_Channel7_IRQHandler                 0x080001f7   Thumb Code     0  startup_stm32f10x_hd.o(.text)
    DMA2_Channel1_IRQHandler                 0x080001f7   Thumb Code     0  startup_stm32f10x_hd.o(.text)
    DMA2_Channel2_IRQHandler                 0x080001f7   Thumb Code     0  startup_stm32f10x_hd.o(.text)
    DMA2_Channel3_IRQHandler                 0x080001f7   Thumb Code     0  startup_stm32f10x_hd.o(.text)
    DMA2_Channel4_5_IRQHandler               0x080001f7   Thumb Code     0  startup_stm32f10x_hd.o(.text)
    EXTI0_IRQHandler                         0x080001f7   Thumb Code     0  startup_stm32f10x_hd.o(.text)
    EXTI1_IRQHandler                         0x080001f7   Thumb Code     0  startup_stm32f10x_hd.o(.text)
    EXTI9_5_IRQHandler                       0x080001f7   Thumb Code     0  startup_stm32f10x_hd.o(.text)
    FLASH_IRQHandler                         0x080001f7   Thumb Code     0  startup_stm32f10x_hd.o(.text)
    FSMC_IRQHandler                          0x080001f7   Thumb Code     0  startup_stm32f10x_hd.o(.text)
    I2C1_ER_IRQHandler                       0x080001f7   Thumb Code     0  startup_stm32f10x_hd.o(.text)
    I2C1_EV_IRQHandler                       0x080001f7   Thumb Code     0  startup_stm32f10x_hd.o(.text)
    I2C2_ER_IRQHandler                       0x080001f7   Thumb Code     0  startup_stm32f10x_hd.o(.text)
    I2C2_EV_IRQHandler                       0x080001f7   Thumb Code     0  startup_stm32f10x_hd.o(.text)
    PVD_IRQHandler                           0x080001f7   Thumb Code     0  startup_stm32f10x_hd.o(.text)
    RCC_IRQHandler                           0x080001f7   Thumb Code     0  startup_stm32f10x_hd.o(.text)
    RTCAlarm_IRQHandler                      0x080001f7   Thumb Code     0  startup_stm32f10x_hd.o(.text)
    RTC_IRQHandler                           0x080001f7   Thumb Code     0  startup_stm32f10x_hd.o(.text)
    SDIO_IRQHandler                          0x080001f7   Thumb Code     0  startup_stm32f10x_hd.o(.text)
    SPI1_IRQHandler                          0x080001f7   Thumb Code     0  startup_stm32f10x_hd.o(.text)
    SPI2_IRQHandler                          0x080001f7   Thumb Code     0  startup_stm32f10x_hd.o(.text)
    SPI3_IRQHandler                          0x080001f7   Thumb Code     0  startup_stm32f10x_hd.o(.text)
    TAMPER_IRQHandler                        0x080001f7   Thumb Code     0  startup_stm32f10x_hd.o(.text)
    TIM1_BRK_IRQHandler                      0x080001f7   Thumb Code     0  startup_stm32f10x_hd.o(.text)
    TIM1_CC_IRQHandler                       0x080001f7   Thumb Code     0  startup_stm32f10x_hd.o(.text)
    TIM1_TRG_COM_IRQHandler                  0x080001f7   Thumb Code     0  startup_stm32f10x_hd.o(.text)
    TIM1_UP_IRQHandler                       0x080001f7   Thumb Code     0  startup_stm32f10x_hd.o(.text)
    TIM2_IRQHandler                          0x080001f7   Thumb Code     0  startup_stm32f10x_hd.o(.text)
    TIM4_IRQHandler                          0x080001f7   Thumb Code     0  startup_stm32f10x_hd.o(.text)
    TIM5_IRQHandler                          0x080001f7   Thumb Code     0  startup_stm32f10x_hd.o(.text)
    TIM6_IRQHandler                          0x080001f7   Thumb Code     0  startup_stm32f10x_hd.o(.text)
    TIM7_IRQHandler                          0x080001f7   Thumb Code     0  startup_stm32f10x_hd.o(.text)
    TIM8_BRK_IRQHandler                      0x080001f7   Thumb Code     0  startup_stm32f10x_hd.o(.text)
    TIM8_CC_IRQHandler                       0x080001f7   Thumb Code     0  startup_stm32f10x_hd.o(.text)
    TIM8_TRG_COM_IRQHandler                  0x080001f7   Thumb Code     0  startup_stm32f10x_hd.o(.text)
    TIM8_UP_IRQHandler                       0x080001f7   Thumb Code     0  startup_stm32f10x_hd.o(.text)
    UART4_IRQHandler                         0x080001f7   Thumb Code     0  startup_stm32f10x_hd.o(.text)
    UART5_IRQHandler                         0x080001f7   Thumb Code     0  startup_stm32f10x_hd.o(.text)
    USBWakeUp_IRQHandler                     0x080001f7   Thumb Code     0  startup_stm32f10x_hd.o(.text)
    USB_HP_CAN1_TX_IRQHandler                0x080001f7   Thumb Code     0  startup_stm32f10x_hd.o(.text)
    USB_LP_CAN1_RX0_IRQHandler               0x080001f7   Thumb Code     0  startup_stm32f10x_hd.o(.text)
    WWDG_IRQHandler                          0x080001f7   Thumb Code     0  startup_stm32f10x_hd.o(.text)
    __aeabi_memcpy                           0x08000201   Thumb Code    36  memcpya.o(.text)
    __aeabi_memcpy4                          0x08000201   Thumb Code     0  memcpya.o(.text)
    __aeabi_memcpy8                          0x08000201   Thumb Code     0  memcpya.o(.text)
    __aeabi_memset                           0x08000225   Thumb Code    14  memseta.o(.text)
    __aeabi_memset4                          0x08000225   Thumb Code     0  memseta.o(.text)
    __aeabi_memset8                          0x08000225   Thumb Code     0  memseta.o(.text)
    __aeabi_memclr                           0x08000233   Thumb Code     4  memseta.o(.text)
    __aeabi_memclr4                          0x08000233   Thumb Code     0  memseta.o(.text)
    __aeabi_memclr8                          0x08000233   Thumb Code     0  memseta.o(.text)
    _memset$wrapper                          0x08000237   Thumb Code    18  memseta.o(.text)
    strcat                                   0x08000249   Thumb Code    24  strcat.o(.text)
    strstr                                   0x08000261   Thumb Code    36  strstr.o(.text)
    strncpy                                  0x08000285   Thumb Code    24  strncpy.o(.text)
    strlen                                   0x0800029d   Thumb Code    14  strlen.o(.text)
    strcmp                                   0x080002ab   Thumb Code    28  strcmp.o(.text)
    strncat                                  0x080002c7   Thumb Code    40  strncat.o(.text)
    strncmp                                  0x080002ef   Thumb Code    30  strncmp.o(.text)
    strtok                                   0x0800030d   Thumb Code    62  strtok.o(.text)
    __aeabi_fmul                             0x08000351   Thumb Code   100  fmul.o(.text)
    __aeabi_fdiv                             0x080003b5   Thumb Code   124  fdiv.o(.text)
    __aeabi_dadd                             0x08000431   Thumb Code   322  dadd.o(.text)
    __aeabi_dsub                             0x08000573   Thumb Code     6  dadd.o(.text)
    __aeabi_drsub                            0x08000579   Thumb Code     6  dadd.o(.text)
    __aeabi_dmul                             0x0800057f   Thumb Code   228  dmul.o(.text)
    __aeabi_i2f                              0x08000663   Thumb Code    18  fflti.o(.text)
    __aeabi_ui2f                             0x08000675   Thumb Code    10  ffltui.o(.text)
    __aeabi_f2d                              0x0800067f   Thumb Code    38  f2d.o(.text)
    __aeabi_d2f                              0x080006a5   Thumb Code    56  d2f.o(.text)
    __aeabi_uidiv                            0x080006dd   Thumb Code     0  uidiv.o(.text)
    __aeabi_uidivmod                         0x080006dd   Thumb Code    44  uidiv.o(.text)
    __aeabi_uldivmod                         0x08000709   Thumb Code    98  uldiv.o(.text)
    __aeabi_llsl                             0x0800076b   Thumb Code    30  llshl.o(.text)
    _ll_shift_l                              0x0800076b   Thumb Code     0  llshl.o(.text)
    __aeabi_llsr                             0x08000789   Thumb Code    32  llushr.o(.text)
    _ll_ushift_r                             0x08000789   Thumb Code     0  llushr.o(.text)
    __aeabi_lasr                             0x080007a9   Thumb Code    36  llsshr.o(.text)
    _ll_sshift_r                             0x080007a9   Thumb Code     0  llsshr.o(.text)
    __I$use$fp                               0x080007cd   Thumb Code     0  iusefp.o(.text)
    _float_round                             0x080007cd   Thumb Code    18  fepilogue.o(.text)
    _float_epilogue                          0x080007df   Thumb Code    92  fepilogue.o(.text)
    _double_round                            0x0800083b   Thumb Code    30  depilogue.o(.text)
    _double_epilogue                         0x08000859   Thumb Code   156  depilogue.o(.text)
    __aeabi_ddiv                             0x080008f5   Thumb Code   222  ddiv.o(.text)
    __aeabi_d2ulz                            0x080009d3   Thumb Code    48  dfixul.o(.text)
    __aeabi_cdrcmple                         0x08000a05   Thumb Code    48  cdrcmple.o(.text)
    __scatterload                            0x08000a35   Thumb Code    28  init.o(.text)
    __scatterload_rt2                        0x08000a35   Thumb Code     0  init.o(.text)
    __decompress                             0x08000a59   Thumb Code     0  __dczerorl2.o(.text)
    __decompress1                            0x08000a59   Thumb Code    86  __dczerorl2.o(.text)
    ADC_Cmd                                  0x08000aaf   Thumb Code    22  stm32f10x_adc.o(i.ADC_Cmd)
    ADC_DeInit                               0x08000ac5   Thumb Code    78  stm32f10x_adc.o(i.ADC_DeInit)
    ADC_GetCalibrationStatus                 0x08000b21   Thumb Code    20  stm32f10x_adc.o(i.ADC_GetCalibrationStatus)
    ADC_GetConversionValue                   0x08000b35   Thumb Code     8  stm32f10x_adc.o(i.ADC_GetConversionValue)
    ADC_GetFlagStatus                        0x08000b3d   Thumb Code    18  stm32f10x_adc.o(i.ADC_GetFlagStatus)
    ADC_GetResetCalibrationStatus            0x08000b4f   Thumb Code    20  stm32f10x_adc.o(i.ADC_GetResetCalibrationStatus)
    ADC_Init                                 0x08000b65   Thumb Code    70  stm32f10x_adc.o(i.ADC_Init)
    ADC_RegularChannelConfig                 0x08000bb5   Thumb Code   184  stm32f10x_adc.o(i.ADC_RegularChannelConfig)
    ADC_ResetCalibration                     0x08000c6d   Thumb Code    10  stm32f10x_adc.o(i.ADC_ResetCalibration)
    ADC_SoftwareStartConvCmd                 0x08000c77   Thumb Code    22  stm32f10x_adc.o(i.ADC_SoftwareStartConvCmd)
    ADC_StartCalibration                     0x08000c8d   Thumb Code    10  stm32f10x_adc.o(i.ADC_StartCalibration)
    Adc_Init                                 0x08000c99   Thumb Code   132  adc.o(i.Adc_Init)
    BusFault_Handler                         0x08000d25   Thumb Code     4  stm32f10x_it.o(i.BusFault_Handler)
    ConfigureTimeForRunTimeStats             0x08000d29   Thumb Code    22  timer.o(i.ConfigureTimeForRunTimeStats)
    DBGMCU_Config                            0x08000d45   Thumb Code    26  stm32f10x_dbgmcu.o(i.DBGMCU_Config)
    DebugMon_Handler                         0x08000d65   Thumb Code     2  stm32f10x_it.o(i.DebugMon_Handler)
    EXTI15_10_IRQHandler                     0x08000d69   Thumb Code   220  key.o(i.EXTI15_10_IRQHandler)
    EXTI2_IRQHandler                         0x08000ec5   Thumb Code   120  key.o(i.EXTI2_IRQHandler)
    EXTI3_IRQHandler                         0x08000f99   Thumb Code   110  key.o(i.EXTI3_IRQHandler)
    EXTI4_IRQHandler                         0x08001065   Thumb Code   110  key.o(i.EXTI4_IRQHandler)
    EXTI_ClearITPendingBit                   0x08001131   Thumb Code     6  stm32f10x_exti.o(i.EXTI_ClearITPendingBit)
    EXTI_GetITStatus                         0x0800113d   Thumb Code    34  stm32f10x_exti.o(i.EXTI_GetITStatus)
    EXTI_Init                                0x08001165   Thumb Code   142  stm32f10x_exti.o(i.EXTI_Init)
    FreeRTOS_CLIGetParameter                 0x080011f9   Thumb Code    92  freertos_cli.o(i.FreeRTOS_CLIGetParameter)
    FreeRTOS_CLIProcessCommand               0x08001255   Thumb Code   208  freertos_cli.o(i.FreeRTOS_CLIProcessCommand)
    FreeRTOS_CLIRegisterCommand              0x08001335   Thumb Code    46  freertos_cli.o(i.FreeRTOS_CLIRegisterCommand)
    GPIO_EXTILineConfig                      0x08001369   Thumb Code    60  stm32f10x_gpio.o(i.GPIO_EXTILineConfig)
    GPIO_Init                                0x080013a9   Thumb Code   278  stm32f10x_gpio.o(i.GPIO_Init)
    GPIO_PinRemapConfig                      0x080014c1   Thumb Code   138  stm32f10x_gpio.o(i.GPIO_PinRemapConfig)
    GPIO_SetBits                             0x08001551   Thumb Code     4  stm32f10x_gpio.o(i.GPIO_SetBits)
    Get_Adc                                  0x08001555   Thumb Code    46  adc.o(i.Get_Adc)
    Get_Adc_Average                          0x08001589   Thumb Code    46  adc.o(i.Get_Adc_Average)
    HardFault_Handler                        0x080015b7   Thumb Code     4  stm32f10x_it.o(i.HardFault_Handler)
    IWDG_Configuration                       0x080015bd   Thumb Code    98  main.o(i.IWDG_Configuration)
    IWDG_Enable                              0x08001639   Thumb Code    10  stm32f10x_iwdg.o(i.IWDG_Enable)
    IWDG_ReloadCounter                       0x08001649   Thumb Code    10  stm32f10x_iwdg.o(i.IWDG_ReloadCounter)
    IWDG_SetPrescaler                        0x08001659   Thumb Code     6  stm32f10x_iwdg.o(i.IWDG_SetPrescaler)
    IWDG_SetReload                           0x08001665   Thumb Code     6  stm32f10x_iwdg.o(i.IWDG_SetReload)
    IWDG_WriteAccessCmd                      0x08001671   Thumb Code     6  stm32f10x_iwdg.o(i.IWDG_WriteAccessCmd)
    LCD_Clear                                0x0800167d   Thumb Code    90  st7789s.o(i.LCD_Clear)
    LCD_DrawLine                             0x080016e5   Thumb Code   176  st7789s.o(i.LCD_DrawLine)
    LCD_DrawPoint                            0x08001795   Thumb Code    86  st7789s.o(i.LCD_DrawPoint)
    LCD_DrawRectangle                        0x080017fd   Thumb Code    64  st7789s.o(i.LCD_DrawRectangle)
    LCD_Fill                                 0x0800183d   Thumb Code   132  st7789s.o(i.LCD_Fill)
    LCD_GPIO_Init                            0x080018cd   Thumb Code    72  st7789s.o(i.LCD_GPIO_Init)
    LCD_Init                                 0x0800191d   Thumb Code  1576  st7789s.o(i.LCD_Init)
    LCD_RESET                                0x08001f4d   Thumb Code    40  st7789s.o(i.LCD_RESET)
    LCD_SetCursor                            0x08001f79   Thumb Code   160  st7789s.o(i.LCD_SetCursor)
    LCD_ShowChar                             0x08002021   Thumb Code   436  st7789s.o(i.LCD_ShowChar)
    LCD_ShowChinese                          0x080021e9   Thumb Code  1228  st7789s.o(i.LCD_ShowChinese)
    LCD_ShowFontEN                           0x080026b9   Thumb Code   212  st7789s.o(i.LCD_ShowFontEN)
    LCD_ShowFontHZ                           0x08002795   Thumb Code   478  st7789s.o(i.LCD_ShowFontHZ)
    LCD_ShowPicture                          0x08002981   Thumb Code    94  st7789s.o(i.LCD_ShowPicture)
    LCD_ShowString                           0x080029e5   Thumb Code   102  st7789s.o(i.LCD_ShowString)
    LCD_WR_REG                               0x08002a4d   Thumb Code    36  st7789s.o(i.LCD_WR_REG)
    LCD_WriteRAM_Prepare                     0x08002a79   Thumb Code    10  st7789s.o(i.LCD_WriteRAM_Prepare)
    MemManage_Handler                        0x08002a83   Thumb Code     4  stm32f10x_it.o(i.MemManage_Handler)
    NMI_Handler                              0x08002a87   Thumb Code     2  stm32f10x_it.o(i.NMI_Handler)
    NVIC_Init                                0x08002a89   Thumb Code   100  misc.o(i.NVIC_Init)
    NVIC_PriorityGroupConfig                 0x08002af9   Thumb Code    10  misc.o(i.NVIC_PriorityGroupConfig)
    RCC_ADCCLKConfig                         0x08002b0d   Thumb Code    18  stm32f10x_rcc.o(i.RCC_ADCCLKConfig)
    RCC_APB1PeriphClockCmd                   0x08002b25   Thumb Code    26  stm32f10x_rcc.o(i.RCC_APB1PeriphClockCmd)
    RCC_APB1PeriphResetCmd                   0x08002b45   Thumb Code    26  stm32f10x_rcc.o(i.RCC_APB1PeriphResetCmd)
    RCC_APB2PeriphClockCmd                   0x08002b65   Thumb Code    26  stm32f10x_rcc.o(i.RCC_APB2PeriphClockCmd)
    RCC_APB2PeriphResetCmd                   0x08002b85   Thumb Code    26  stm32f10x_rcc.o(i.RCC_APB2PeriphResetCmd)
    RCC_ClearFlag                            0x08002ba5   Thumb Code    14  stm32f10x_rcc.o(i.RCC_ClearFlag)
    RCC_GetClocksFreq                        0x08002bb9   Thumb Code   192  stm32f10x_rcc.o(i.RCC_GetClocksFreq)
    RCC_GetFlagStatus                        0x08002c8d   Thumb Code    56  stm32f10x_rcc.o(i.RCC_GetFlagStatus)
    RCC_LSICmd                               0x08002cc9   Thumb Code     6  stm32f10x_rcc.o(i.RCC_LSICmd)
    SysTick_CLKSourceConfig                  0x08002dbd   Thumb Code    40  misc.o(i.SysTick_CLKSourceConfig)
    SysTick_Handler                          0x08002de5   Thumb Code    16  delay.o(i.SysTick_Handler)
    SystemInit                               0x08002df5   Thumb Code    78  system_stm32f10x.o(i.SystemInit)
    TIM3_IRQHandler                          0x08002e55   Thumb Code    42  timer.o(i.TIM3_IRQHandler)
    TIM3_Int_Init                            0x08002e89   Thumb Code    90  timer.o(i.TIM3_Int_Init)
    TIM_ClearITPendingBit                    0x08002ee9   Thumb Code     6  stm32f10x_tim.o(i.TIM_ClearITPendingBit)
    TIM_Cmd                                  0x08002eef   Thumb Code    24  stm32f10x_tim.o(i.TIM_Cmd)
    TIM_GetITStatus                          0x08002f07   Thumb Code    34  stm32f10x_tim.o(i.TIM_GetITStatus)
    TIM_ITConfig                             0x08002f29   Thumb Code    18  stm32f10x_tim.o(i.TIM_ITConfig)
    TIM_TimeBaseInit                         0x08002f3d   Thumb Code   122  stm32f10x_tim.o(i.TIM_TimeBaseInit)
    USART1_IRQHandler                        0x08002fe1   Thumb Code   174  usart.o(i.USART1_IRQHandler)
    USART2_IRQHandler                        0x080030c5   Thumb Code   132  usart.o(i.USART2_IRQHandler)
    USART3_IRQHandler                        0x08003159   Thumb Code   176  usart.o(i.USART3_IRQHandler)
    USART_ClearFlag                          0x0800324d   Thumb Code    18  stm32f10x_usart.o(i.USART_ClearFlag)
    USART_Cmd                                0x0800325f   Thumb Code    24  stm32f10x_usart.o(i.USART_Cmd)
    USART_DeInit                             0x08003279   Thumb Code   134  stm32f10x_usart.o(i.USART_DeInit)
    USART_GetFlagStatus                      0x08003315   Thumb Code    26  stm32f10x_usart.o(i.USART_GetFlagStatus)
    USART_GetITStatus                        0x0800332f   Thumb Code    84  stm32f10x_usart.o(i.USART_GetITStatus)
    USART_ITConfig                           0x08003383   Thumb Code    74  stm32f10x_usart.o(i.USART_ITConfig)
    USART_Init                               0x080033cd   Thumb Code   210  stm32f10x_usart.o(i.USART_Init)
    USART_ReceiveData                        0x080034a5   Thumb Code    10  stm32f10x_usart.o(i.USART_ReceiveData)
    USART_SendData                           0x080034af   Thumb Code     8  stm32f10x_usart.o(i.USART_SendData)
    UsageFault_Handler                       0x080034b7   Thumb Code     4  stm32f10x_it.o(i.UsageFault_Handler)
    _CMIOT_BLE_DataProcess                   0x080034bd   Thumb Code   412  bluetooth.o(i._CMIOT_BLE_DataProcess)
    _CMIOT_BLE_EnterPassthroughMode          0x080037c5   Thumb Code    70  bluetooth.o(i._CMIOT_BLE_EnterPassthroughMode)
    _CMIOT_BLE_ExitPassthroughMode           0x0800383d   Thumb Code    70  bluetooth.o(i._CMIOT_BLE_ExitPassthroughMode)
    _CMIOT_BLE_Init                          0x080038b1   Thumb Code    66  bluetooth.o(i._CMIOT_BLE_Init)
    _CMIOT_BLE_OffMaxPut                     0x08003919   Thumb Code    70  bluetooth.o(i._CMIOT_BLE_OffMaxPut)
    _CMIOT_BLE_RSP_attachTime                0x08003995   Thumb Code    82  bluetooth.o(i._CMIOT_BLE_RSP_attachTime)
    _CMIOT_BLE_RSP_comprehensiveTest         0x08003a31   Thumb Code   192  bluetooth.o(i._CMIOT_BLE_RSP_comprehensiveTest)
    _CMIOT_BLE_RSP_deviceInfo                0x08003ba5   Thumb Code   256  bluetooth.o(i._CMIOT_BLE_RSP_deviceInfo)
    _CMIOT_BLE_RSP_pingDelay                 0x08003d71   Thumb Code    90  bluetooth.o(i._CMIOT_BLE_RSP_pingDelay)
    _CMIOT_BLE_RSP_radioInfo                 0x08003e25   Thumb Code   310  bluetooth.o(i._CMIOT_BLE_RSP_radioInfo)
    _CMIOT_BLE_Reboot                        0x0800405d   Thumb Code   144  bluetooth.o(i._CMIOT_BLE_Reboot)
    _CMIOT_BLE_SetName                       0x08004155   Thumb Code   130  bluetooth.o(i._CMIOT_BLE_SetName)
    _CMIOT_BLE_SetPacketInterval             0x08004211   Thumb Code    70  bluetooth.o(i._CMIOT_BLE_SetPacketInterval)
    _CMIOT_BluetoothMode                     0x0800428d   Thumb Code    50  ui.o(i._CMIOT_BluetoothMode)
    _CMIOT_BluetoothTaskProc                 0x080042f1   Thumb Code    38  main.o(i._CMIOT_BluetoothTaskProc)
    _CMIOT_CLI_Init                          0x08004335   Thumb Code    26  user_cli.o(i._CMIOT_CLI_Init)
    _CMIOT_CliTaskProc                       0x08004355   Thumb Code   100  main.o(i._CMIOT_CliTaskProc)
    _CMIOT_Debug                             0x080043ed   Thumb Code    68  common.o(i._CMIOT_Debug)
    _CMIOT_ExecuteAtCmd                      0x08004439   Thumb Code   142  m5310.o(i._CMIOT_ExecuteAtCmd)
    _CMIOT_ExecuteBLEAtCmd                   0x08004511   Thumb Code   142  bluetooth.o(i._CMIOT_ExecuteBLEAtCmd)
    _CMIOT_GUI_Init                          0x080045e9   Thumb Code   666  ui.o(i._CMIOT_GUI_Init)
    _CMIOT_GetBleConnectedState              0x08004959   Thumb Code   140  bluetooth.o(i._CMIOT_GetBleConnectedState)
    _CMIOT_GetICCID                          0x08004a6d   Thumb Code   144  m5310.o(i._CMIOT_GetICCID)
    _CMIOT_GetIMEI                           0x08004b51   Thumb Code   144  m5310.o(i._CMIOT_GetIMEI)
    _CMIOT_GetIMSI                           0x08004c39   Thumb Code   166  m5310.o(i._CMIOT_GetIMSI)
    _CMIOT_GetModuleName                     0x08004d25   Thumb Code   166  m5310.o(i._CMIOT_GetModuleName)
    _CMIOT_GetModuleVersion                  0x08004e15   Thumb Code   166  m5310.o(i._CMIOT_GetModuleVersion)
    _CMIOT_GetNB_Band                        0x08004f09   Thumb Code   196  m5310.o(i._CMIOT_GetNB_Band)
    _CMIOT_GetNetworkDelay                   0x08005025   Thumb Code   208  m5310.o(i._CMIOT_GetNetworkDelay)
    _CMIOT_GetPLMN                           0x0800514d   Thumb Code   148  m5310.o(i._CMIOT_GetPLMN)
    _CMIOT_GetUeCellStats                    0x0800521d   Thumb Code   286  m5310.o(i._CMIOT_GetUeCellStats)
    _CMIOT_GetUeTHPStats                     0x080053c9   Thumb Code   444  m5310.o(i._CMIOT_GetUeTHPStats)
    _CMIOT_Get_PSM_TIMER_Value               0x08005725   Thumb Code   588  m5310.o(i._CMIOT_Get_PSM_TIMER_Value)
    _CMIOT_IsPdpAttached                     0x08005a1d   Thumb Code    88  m5310.o(i._CMIOT_IsPdpAttached)
    _CMIOT_LcdTaskProc                       0x08005ac1   Thumb Code    26  main.o(i._CMIOT_LcdTaskProc)
    _CMIOT_M5310TaskProc                     0x08005af1   Thumb Code   114  main.o(i._CMIOT_M5310TaskProc)
    _CMIOT_M5310Uartbuf2Ble                  0x08005bad   Thumb Code    60  bluetooth.o(i._CMIOT_M5310Uartbuf2Ble)
    _CMIOT_M5310_GetRegisterTime             0x08005c25   Thumb Code   156  m5310.o(i._CMIOT_M5310_GetRegisterTime)
    _CMIOT_M5310_GetSignalstrength           0x08005d41   Thumb Code   146  m5310.o(i._CMIOT_M5310_GetSignalstrength)
    _CMIOT_M5310_GetUeState                  0x08005e11   Thumb Code   666  m5310.o(i._CMIOT_M5310_GetUeState)
    _CMIOT_NBIOT_Measurement                 0x080061e9   Thumb Code    88  ui.o(i._CMIOT_NBIOT_Measurement)
    _CMIOT_ShowBatteryLevel                  0x08006255   Thumb Code   322  ui.o(i._CMIOT_ShowBatteryLevel)
    _CMIOT_ShowDeviceInfo                    0x0800639d   Thumb Code   626  ui.o(i._CMIOT_ShowDeviceInfo)
    _CMIOT_ShowInstructionMsg                0x080066ad   Thumb Code   300  ui.o(i._CMIOT_ShowInstructionMsg)
    _CMIOT_ShowNetworkRegTime                0x08006939   Thumb Code   970  ui.o(i._CMIOT_ShowNetworkRegTime)
    _CMIOT_ShowPingResult                    0x08006dfd   Thumb Code   794  ui.o(i._CMIOT_ShowPingResult)
    _CMIOT_ShowRadioInfo                     0x080071e9   Thumb Code  1344  ui.o(i._CMIOT_ShowRadioInfo)
    _CMIOT_ShowSignalStrength                0x08007729   Thumb Code  1242  ui.o(i._CMIOT_ShowSignalStrength)
    _CMIOT_ShowSpeedInfo                     0x08007c05   Thumb Code   366  ui.o(i._CMIOT_ShowSpeedInfo)
    _CMIOT_StartTaskProc                     0x08007dc1   Thumb Code    94  main.o(i._CMIOT_StartTaskProc)
    _CMIOT_Str_EndWith                       0x08007e71   Thumb Code    80  common.o(i._CMIOT_Str_EndWith)
    _CMIOT_Str_StartWith                     0x08007ec1   Thumb Code    56  common.o(i._CMIOT_Str_StartWith)
    _CMIOT_TabIndex                          0x08007ef9   Thumb Code  3144  ui.o(i._CMIOT_TabIndex)
    _CMIOT_UI_BootPage                       0x08008b5d   Thumb Code   108  ui.o(i._CMIOT_UI_BootPage)
    _CMIOT_Uart_Init                         0x08008bf9   Thumb Code   490  usart.o(i._CMIOT_Uart_Init)
    _CMIOT_Uart_send                         0x08008dfd   Thumb Code    64  usart.o(i._CMIOT_Uart_send)
    _CMIOT_atoi                              0x08008e3d   Thumb Code   134  common.o(i._CMIOT_atoi)
    __0snprintf                              0x08008ec5   Thumb Code    36  printfa.o(i.__0snprintf)
    __1snprintf                              0x08008ec5   Thumb Code     0  printfa.o(i.__0snprintf)
    __2snprintf                              0x08008ec5   Thumb Code     0  printfa.o(i.__0snprintf)
    __c89snprintf                            0x08008ec5   Thumb Code     0  printfa.o(i.__0snprintf)
    snprintf                                 0x08008ec5   Thumb Code     0  printfa.o(i.__0snprintf)
    __0sprintf                               0x08008eed   Thumb Code    34  printfa.o(i.__0sprintf)
    __1sprintf                               0x08008eed   Thumb Code     0  printfa.o(i.__0sprintf)
    __2sprintf                               0x08008eed   Thumb Code     0  printfa.o(i.__0sprintf)
    __c89sprintf                             0x08008eed   Thumb Code     0  printfa.o(i.__0sprintf)
    sprintf                                  0x08008eed   Thumb Code     0  printfa.o(i.__0sprintf)
    __0vsnprintf                             0x08008f15   Thumb Code    32  printfa.o(i.__0vsnprintf)
    __1vsnprintf                             0x08008f15   Thumb Code     0  printfa.o(i.__0vsnprintf)
    __2vsnprintf                             0x08008f15   Thumb Code     0  printfa.o(i.__0vsnprintf)
    __c89vsnprintf                           0x08008f15   Thumb Code     0  printfa.o(i.__0vsnprintf)
    vsnprintf                                0x08008f15   Thumb Code     0  printfa.o(i.__0vsnprintf)
    __scatterload_copy                       0x08008f39   Thumb Code    14  handlers.o(i.__scatterload_copy)
    __scatterload_null                       0x08008f47   Thumb Code     2  handlers.o(i.__scatterload_null)
    __scatterload_zeroinit                   0x08008f49   Thumb Code    14  handlers.o(i.__scatterload_zeroinit)
    cm_getAPN                                0x0800980d   Thumb Code   182  m5310.o(i.cm_getAPN)
    cm_getBatteryVol                         0x08009929   Thumb Code    46  adc.o(i.cm_getBatteryVol)
    cm_getbuildVersion                       0x0800995d   Thumb Code   284  common.o(i.cm_getbuildVersion)
    cm_key_init                              0x08009ab5   Thumb Code   460  key.o(i.cm_key_init)
    cm_split                                 0x08009c91   Thumb Code   106  common.o(i.cm_split)
    delay_init                               0x08009cfd   Thumb Code    68  delay.o(i.delay_init)
    delay_ms                                 0x08009d4d   Thumb Code    34  delay.o(i.delay_ms)
    delay_us                                 0x08009d71   Thumb Code    68  delay.o(i.delay_us)
    main                                     0x08009db9   Thumb Code   112  main.o(i.main)
    prvDebugLevelCommand                     0x0800a135   Thumb Code   108  user_cli.o(i.prvDebugLevelCommand)
    prvEnableBleDebugModeCommand             0x0800a201   Thumb Code   108  user_cli.o(i.prvEnableBleDebugModeCommand)
    prvEnableNbDebugModeCommand              0x0800a2b9   Thumb Code   108  user_cli.o(i.prvEnableNbDebugModeCommand)
    prvGetHeapUsageCommand                   0x0800a371   Thumb Code   188  user_cli.o(i.prvGetHeapUsageCommand)
    prvGetSysTimeCommand                     0x0800a511   Thumb Code    54  user_cli.o(i.prvGetSysTimeCommand)
    prvGetWechatHistoryDataCommand           0x0800a569   Thumb Code   124  user_cli.o(i.prvGetWechatHistoryDataCommand)
    prvGetWechatHistoryListCommand           0x0800a66d   Thumb Code    60  user_cli.o(i.prvGetWechatHistoryListCommand)
    prvSendAt2BleModuleCommand               0x0800ac81   Thumb Code    64  user_cli.o(i.prvSendAt2BleModuleCommand)
    prvSendAt2NbModuleCommand                0x0800acc9   Thumb Code    64  user_cli.o(i.prvSendAt2NbModuleCommand)
    pvPortMalloc                             0x0800ae6d   Thumb Code   188  heap_4.o(i.pvPortMalloc)
    pxPortInitialiseStack                    0x0800af3d   Thumb Code    30  port.o(i.pxPortInitialiseStack)
    ulTaskNotifyTake                         0x0800af61   Thumb Code   108  tasks.o(i.ulTaskNotifyTake)
    uxListRemove                             0x0800afd5   Thumb Code    40  list.o(i.uxListRemove)
    uxTaskGetStackHighWaterMark              0x0800affd   Thumb Code    34  tasks.o(i.uxTaskGetStackHighWaterMark)
    vListInitialise                          0x0800b025   Thumb Code    26  list.o(i.vListInitialise)
    vListInitialiseItem                      0x0800b03f   Thumb Code     6  list.o(i.vListInitialiseItem)
    vListInsert                              0x0800b045   Thumb Code    52  list.o(i.vListInsert)
    vListInsertEnd                           0x0800b079   Thumb Code    24  list.o(i.vListInsertEnd)
    vPortEnterCritical                       0x0800b091   Thumb Code    30  port.o(i.vPortEnterCritical)
    vPortExitCritical                        0x0800b0b5   Thumb Code    28  port.o(i.vPortExitCritical)
    vPortFree                                0x0800b0d5   Thumb Code    64  heap_4.o(i.vPortFree)
    vPortSetupTimerInterrupt                 0x0800b11d   Thumb Code    20  port.o(i.vPortSetupTimerInterrupt)
    vQueueAddToRegistry                      0x0800b135   Thumb Code    38  queue.o(i.vQueueAddToRegistry)
    vQueueWaitForMessageRestricted           0x0800b161   Thumb Code    74  queue.o(i.vQueueWaitForMessageRestricted)
    vTaskDelay                               0x0800b1ad   Thumb Code    46  tasks.o(i.vTaskDelay)
    vTaskDelete                              0x0800b1e1   Thumb Code   166  tasks.o(i.vTaskDelete)
    vTaskInternalSetTimeOutState             0x0800b2ad   Thumb Code    14  tasks.o(i.vTaskInternalSetTimeOutState)
    vTaskMissedYield                         0x0800b2c5   Thumb Code     8  tasks.o(i.vTaskMissedYield)
    vTaskNotifyGiveFromISR                   0x0800b2d1   Thumb Code   154  tasks.o(i.vTaskNotifyGiveFromISR)
    vTaskPlaceOnEventList                    0x0800b385   Thumb Code    28  tasks.o(i.vTaskPlaceOnEventList)
    vTaskPlaceOnEventListRestricted          0x0800b3a5   Thumb Code    36  tasks.o(i.vTaskPlaceOnEventListRestricted)
    vTaskStartScheduler                      0x0800b3cd   Thumb Code    86  tasks.o(i.vTaskStartScheduler)
    vTaskSuspendAll                          0x0800b441   Thumb Code    12  tasks.o(i.vTaskSuspendAll)
    vTaskSwitchContext                       0x0800b451   Thumb Code   130  tasks.o(i.vTaskSwitchContext)
    xPortGetFreeHeapSize                     0x0800b4f5   Thumb Code     6  heap_4.o(i.xPortGetFreeHeapSize)
    xPortStartScheduler                      0x0800b501   Thumb Code    42  port.o(i.xPortStartScheduler)
    xPortSysTickHandler                      0x0800b535   Thumb Code    46  port.o(i.xPortSysTickHandler)
    xQueueGenericCreate                      0x0800b569   Thumb Code    56  queue.o(i.xQueueGenericCreate)
    xQueueGenericReset                       0x0800b5a1   Thumb Code   122  queue.o(i.xQueueGenericReset)
    xQueueGenericSend                        0x0800b621   Thumb Code   308  queue.o(i.xQueueGenericSend)
    xQueueGenericSendFromISR                 0x0800b759   Thumb Code   156  queue.o(i.xQueueGenericSendFromISR)
    xQueueReceive                            0x0800b7f5   Thumb Code   256  queue.o(i.xQueueReceive)
    xTaskCheckForTimeOut                     0x0800b8f9   Thumb Code    84  tasks.o(i.xTaskCheckForTimeOut)
    xTaskCreate                              0x0800b955   Thumb Code    96  tasks.o(i.xTaskCreate)
    xTaskGetSchedulerState                   0x0800b9b5   Thumb Code    24  tasks.o(i.xTaskGetSchedulerState)
    xTaskGetTickCount                        0x0800b9d5   Thumb Code     6  tasks.o(i.xTaskGetTickCount)
    xTaskGetTickCountFromISR                 0x0800b9e1   Thumb Code     8  tasks.o(i.xTaskGetTickCountFromISR)
    xTaskIncrementTick                       0x0800b9ed   Thumb Code   238  tasks.o(i.xTaskIncrementTick)
    xTaskPriorityDisinherit                  0x0800bb09   Thumb Code   122  tasks.o(i.xTaskPriorityDisinherit)
    xTaskRemoveFromEventList                 0x0800bb8d   Thumb Code   104  tasks.o(i.xTaskRemoveFromEventList)
    xTaskResumeAll                           0x0800bc0d   Thumb Code   196  tasks.o(i.xTaskResumeAll)
    xTimerCreate                             0x0800bcf5   Thumb Code    48  timers.o(i.xTimerCreate)
    xTimerCreateTimerTask                    0x0800bd25   Thumb Code    40  timers.o(i.xTimerCreateTimerTask)
    xTimerGenericCommand                     0x0800bd61   Thumb Code   104  timers.o(i.xTimerGenericCommand)
    asc2_1206                                0x0800c3cc   Data        1140  st7789s.o(.constdata)
    asc2_1608                                0x0800c840   Data        1520  st7789s.o(.constdata)
    ascii_3216                               0x0800ce30   Data       12160  st7789s.o(.constdata)
    newArialCnChar24x24                      0x0800fdb0   Data         456  st7789s.o(.constdata)
    newArialCnChar16x16                      0x0800ff78   Data        4320  st7789s.o(.constdata)
    EnChar16x24                              0x08011058   Data        1400  st7789s.o(.constdata)
    Arial24x27                               0x080115d0   Data        1105  st7789s.o(.constdata)
    Yahei16x21                               0x08011a21   Data        1058  st7789s.o(.constdata)
    gImage_signalSign                        0x08011e43   Data         800  ui.o(.constdata)
    gImage_signalSign_success                0x08012163   Data         800  ui.o(.constdata)
    BluetoothImage                           0x08012483   Data        1080  ui.o(.constdata)
    LogoImage                                0x080128bb   Data        1800  ui.o(.constdata)
    BootImage                                0x08012fc3   Data       20000  ui.o(.constdata)
    gImage_settingIcon                       0x08017de3   Data        5000  ui.o(.constdata)
    gImage_radioIcon                         0x0801916b   Data        5000  ui.o(.constdata)
    gImage_cellIcon                          0x0801a4f3   Data        5000  ui.o(.constdata)
    gImage_pingIcon                          0x0801b87b   Data        5000  ui.o(.constdata)
    gImage_speedIcon                         0x0801cc03   Data        5000  ui.o(.constdata)
    gImage_bluetoothIcon                     0x0801df8b   Data        5000  ui.o(.constdata)
    gImage_instructionsIcon                  0x0801f313   Data        5000  ui.o(.constdata)
    Region$$Table$$Base                      0x08020dbc   Number         0  anon$$obj.o(Region$$Table)
    Region$$Table$$Limit                     0x08020ddc   Number         0  anon$$obj.o(Region$$Table)
    UART_CLI_RxBufferLen                     0x20000014   Data           4  main.o(.data)
    CM_UI_BUSY                               0x20000018   Data           1  main.o(.data)
    start_task                               0x2000001c   Data           4  main.o(.data)
    cli_task                                 0x20000020   Data           4  main.o(.data)
    m5310_task                               0x20000024   Data           4  main.o(.data)
    lcd_task                                 0x20000028   Data           4  main.o(.data)
    bluetooth_task                           0x2000002c   Data           4  main.o(.data)
    watchDogTimer                            0x20000030   Data           4  main.o(.data)
    menuPosition                             0x20000034   Data           6  main.o(.data)
    SystemCoreClock                          0x2000003c   Data           4  system_stm32f10x.o(.data)
    AHBPrescTable                            0x20000040   Data          16  system_stm32f10x.o(.data)
    pxCurrentTCB                             0x20000050   Data           4  tasks.o(.data)
    NB_DEBUG_FLAG                            0x200000c5   Data           1  usart.o(.data)
    BLE_DEBUG_FLAG                           0x200000c6   Data           1  usart.o(.data)
    FreeRTOSRunTimeTicks                     0x200000c8   Data           8  timer.o(.data)
    DEBUG_FLAG                               0x200000d0   Data           1  common.o(.data)
    UART_M5310_RxBufferLen                   0x20000178   Data           4  m5310.o(.data)
    Arial16x18                               0x2000017c   Data        1960  st7789s.o(.data)
    POINT_COLOR                              0x20000924   Data           2  st7789s.o(.data)
    BACK_COLOR                               0x20000926   Data           2  st7789s.o(.data)
    DeviceCode                               0x20000928   Data           2  st7789s.o(.data)
    UART_BLE_RxBufferLen                     0x2000092c   Data           4  bluetooth.o(.data)
    BLE_AT_EXE_FLAG                          0x20000930   Data           1  bluetooth.o(.data)
    bleAtExeTimer                            0x20000934   Data           4  bluetooth.o(.data)
    UART_CLI_RxBuffer                        0x2000093c   Data         100  main.o(.bss)
    xQueueRegistry                           0x20000a04   Data          64  queue.o(.bss)
    UART_M5310_RxBuffer                      0x20005b34   Data         512  m5310.o(.bss)
    UART_BLE_RxBuffer                        0x20005db4   Data        1024  bluetooth.o(.bss)
    __initial_sp                             0x200065f8   Data           0  startup_stm32f10x_hd.o(STACK)



==============================================================================

Memory Map of the image

  Image Entry point : 0x08000131

  Load Region LR_IROM1 (Base: 0x08000000, Size: 0x00021718, Max: 0x00040000, ABSOLUTE, COMPRESSED[0x00021494])

    Execution Region ER_IROM1 (Base: 0x08000000, Size: 0x00020ddc, Max: 0x00040000, ABSOLUTE)

    Base Addr    Size         Type   Attr      Idx    E Section Name        Object

    0x08000000   0x00000130   Data   RO            3    RESET               startup_stm32f10x_hd.o
    0x08000130   0x00000000   Code   RO         5390  * .ARM.Collect$$$$00000000  mc_w.l(entry.o)
    0x08000130   0x00000004   Code   RO         5698    .ARM.Collect$$$$00000001  mc_w.l(entry2.o)
    0x08000134   0x00000004   Code   RO         5701    .ARM.Collect$$$$00000004  mc_w.l(entry5.o)
    0x08000138   0x00000000   Code   RO         5703    .ARM.Collect$$$$00000008  mc_w.l(entry7b.o)
    0x08000138   0x00000000   Code   RO         5705    .ARM.Collect$$$$0000000A  mc_w.l(entry8b.o)
    0x08000138   0x00000008   Code   RO         5706    .ARM.Collect$$$$0000000B  mc_w.l(entry9a.o)
    0x08000140   0x00000000   Code   RO         5708    .ARM.Collect$$$$0000000D  mc_w.l(entry10a.o)
    0x08000140   0x00000000   Code   RO         5710    .ARM.Collect$$$$0000000F  mc_w.l(entry11a.o)
    0x08000140   0x00000004   Code   RO         5699    .ARM.Collect$$$$00002712  mc_w.l(entry2.o)
    0x08000144   0x00000096   Code   RO         4347    .emb_text           port.o
    0x080001da   0x00000002   PAD
    0x080001dc   0x00000024   Code   RO            4    .text               startup_stm32f10x_hd.o
    0x08000200   0x00000024   Code   RO         5393    .text               mc_w.l(memcpya.o)
    0x08000224   0x00000024   Code   RO         5395    .text               mc_w.l(memseta.o)
    0x08000248   0x00000018   Code   RO         5397    .text               mc_w.l(strcat.o)
    0x08000260   0x00000024   Code   RO         5399    .text               mc_w.l(strstr.o)
    0x08000284   0x00000018   Code   RO         5401    .text               mc_w.l(strncpy.o)
    0x0800029c   0x0000000e   Code   RO         5403    .text               mc_w.l(strlen.o)
    0x080002aa   0x0000001c   Code   RO         5405    .text               mc_w.l(strcmp.o)
    0x080002c6   0x00000028   Code   RO         5407    .text               mc_w.l(strncat.o)
    0x080002ee   0x0000001e   Code   RO         5409    .text               mc_w.l(strncmp.o)
    0x0800030c   0x00000044   Code   RO         5411    .text               mc_w.l(strtok.o)
    0x08000350   0x00000064   Code   RO         5680    .text               mf_w.l(fmul.o)
    0x080003b4   0x0000007c   Code   RO         5682    .text               mf_w.l(fdiv.o)
    0x08000430   0x0000014e   Code   RO         5684    .text               mf_w.l(dadd.o)
    0x0800057e   0x000000e4   Code   RO         5686    .text               mf_w.l(dmul.o)
    0x08000662   0x00000012   Code   RO         5688    .text               mf_w.l(fflti.o)
    0x08000674   0x0000000a   Code   RO         5690    .text               mf_w.l(ffltui.o)
    0x0800067e   0x00000026   Code   RO         5694    .text               mf_w.l(f2d.o)
    0x080006a4   0x00000038   Code   RO         5696    .text               mf_w.l(d2f.o)
    0x080006dc   0x0000002c   Code   RO         5715    .text               mc_w.l(uidiv.o)
    0x08000708   0x00000062   Code   RO         5717    .text               mc_w.l(uldiv.o)
    0x0800076a   0x0000001e   Code   RO         5719    .text               mc_w.l(llshl.o)
    0x08000788   0x00000020   Code   RO         5721    .text               mc_w.l(llushr.o)
    0x080007a8   0x00000024   Code   RO         5723    .text               mc_w.l(llsshr.o)
    0x080007cc   0x00000000   Code   RO         5725    .text               mc_w.l(iusefp.o)
    0x080007cc   0x0000006e   Code   RO         5726    .text               mf_w.l(fepilogue.o)
    0x0800083a   0x000000ba   Code   RO         5728    .text               mf_w.l(depilogue.o)
    0x080008f4   0x000000de   Code   RO         5730    .text               mf_w.l(ddiv.o)
    0x080009d2   0x00000030   Code   RO         5732    .text               mf_w.l(dfixul.o)
    0x08000a02   0x00000002   PAD
    0x08000a04   0x00000030   Code   RO         5734    .text               mf_w.l(cdrcmple.o)
    0x08000a34   0x00000024   Code   RO         5736    .text               mc_w.l(init.o)
    0x08000a58   0x00000056   Code   RO         5748    .text               mc_w.l(__dczerorl2.o)
    0x08000aae   0x00000016   Code   RO          139    i.ADC_Cmd           stm32f10x_adc.o
    0x08000ac4   0x0000005c   Code   RO          141    i.ADC_DeInit        stm32f10x_adc.o
    0x08000b20   0x00000014   Code   RO          147    i.ADC_GetCalibrationStatus  stm32f10x_adc.o
    0x08000b34   0x00000008   Code   RO          148    i.ADC_GetConversionValue  stm32f10x_adc.o
    0x08000b3c   0x00000012   Code   RO          150    i.ADC_GetFlagStatus  stm32f10x_adc.o
    0x08000b4e   0x00000014   Code   RO          153    i.ADC_GetResetCalibrationStatus  stm32f10x_adc.o
    0x08000b62   0x00000002   PAD
    0x08000b64   0x00000050   Code   RO          157    i.ADC_Init          stm32f10x_adc.o
    0x08000bb4   0x000000b8   Code   RO          161    i.ADC_RegularChannelConfig  stm32f10x_adc.o
    0x08000c6c   0x0000000a   Code   RO          162    i.ADC_ResetCalibration  stm32f10x_adc.o
    0x08000c76   0x00000016   Code   RO          164    i.ADC_SoftwareStartConvCmd  stm32f10x_adc.o
    0x08000c8c   0x0000000a   Code   RO          166    i.ADC_StartCalibration  stm32f10x_adc.o
    0x08000c96   0x00000002   PAD
    0x08000c98   0x0000008c   Code   RO         5242    i.Adc_Init          adc.o
    0x08000d24   0x00000004   Code   RO         3211    i.BusFault_Handler  stm32f10x_it.o
    0x08000d28   0x0000001c   Code   RO         4540    i.ConfigureTimeForRunTimeStats  timer.o
    0x08000d44   0x00000020   Code   RO          798    i.DBGMCU_Config     stm32f10x_dbgmcu.o
    0x08000d64   0x00000002   Code   RO         3212    i.DebugMon_Handler  stm32f10x_it.o
    0x08000d66   0x00000002   PAD
    0x08000d68   0x0000015c   Code   RO         5201    i.EXTI15_10_IRQHandler  key.o
    0x08000ec4   0x000000d4   Code   RO         5202    i.EXTI2_IRQHandler  key.o
    0x08000f98   0x000000cc   Code   RO         5203    i.EXTI3_IRQHandler  key.o
    0x08001064   0x000000cc   Code   RO         5204    i.EXTI4_IRQHandler  key.o
    0x08001130   0x0000000c   Code   RO          895    i.EXTI_ClearITPendingBit  stm32f10x_exti.o
    0x0800113c   0x00000028   Code   RO          899    i.EXTI_GetITStatus  stm32f10x_exti.o
    0x08001164   0x00000094   Code   RO          900    i.EXTI_Init         stm32f10x_exti.o
    0x080011f8   0x0000005c   Code   RO         4626    i.FreeRTOS_CLIGetParameter  freertos_cli.o
    0x08001254   0x000000e0   Code   RO         4627    i.FreeRTOS_CLIProcessCommand  freertos_cli.o
    0x08001334   0x00000034   Code   RO         4628    i.FreeRTOS_CLIRegisterCommand  freertos_cli.o
    0x08001368   0x00000040   Code   RO         1245    i.GPIO_EXTILineConfig  stm32f10x_gpio.o
    0x080013a8   0x00000116   Code   RO         1248    i.GPIO_Init         stm32f10x_gpio.o
    0x080014be   0x00000002   PAD
    0x080014c0   0x00000090   Code   RO         1250    i.GPIO_PinRemapConfig  stm32f10x_gpio.o
    0x08001550   0x00000004   Code   RO         1256    i.GPIO_SetBits      stm32f10x_gpio.o
    0x08001554   0x00000034   Code   RO         5243    i.Get_Adc           adc.o
    0x08001588   0x0000002e   Code   RO         5244    i.Get_Adc_Average   adc.o
    0x080015b6   0x00000004   Code   RO         3213    i.HardFault_Handler  stm32f10x_it.o
    0x080015ba   0x00000002   PAD
    0x080015bc   0x0000007c   Code   RO         3064    i.IWDG_Configuration  main.o
    0x08001638   0x00000010   Code   RO         1560    i.IWDG_Enable       stm32f10x_iwdg.o
    0x08001648   0x00000010   Code   RO         1562    i.IWDG_ReloadCounter  stm32f10x_iwdg.o
    0x08001658   0x0000000c   Code   RO         1563    i.IWDG_SetPrescaler  stm32f10x_iwdg.o
    0x08001664   0x0000000c   Code   RO         1564    i.IWDG_SetReload    stm32f10x_iwdg.o
    0x08001670   0x0000000c   Code   RO         1565    i.IWDG_WriteAccessCmd  stm32f10x_iwdg.o
    0x0800167c   0x00000068   Code   RO         4899    i.LCD_Clear         st7789s.o
    0x080016e4   0x000000b0   Code   RO         4902    i.LCD_DrawLine      st7789s.o
    0x08001794   0x00000068   Code   RO         4903    i.LCD_DrawPoint     st7789s.o
    0x080017fc   0x00000040   Code   RO         4904    i.LCD_DrawRectangle  st7789s.o
    0x0800183c   0x00000090   Code   RO         4905    i.LCD_Fill          st7789s.o
    0x080018cc   0x00000050   Code   RO         4906    i.LCD_GPIO_Init     st7789s.o
    0x0800191c   0x00000630   Code   RO         4907    i.LCD_Init          st7789s.o
    0x08001f4c   0x0000002c   Code   RO         4908    i.LCD_RESET         st7789s.o
    0x08001f78   0x000000a8   Code   RO         5071    i.LCD_SetCursor     st7789s.o
    0x08002020   0x000001c8   Code   RO         4911    i.LCD_ShowChar      st7789s.o
    0x080021e8   0x000004d0   Code   RO         4912    i.LCD_ShowChinese   st7789s.o
    0x080026b8   0x000000dc   Code   RO         4913    i.LCD_ShowFontEN    st7789s.o
    0x08002794   0x000001ec   Code   RO         4914    i.LCD_ShowFontHZ    st7789s.o
    0x08002980   0x00000064   Code   RO         4917    i.LCD_ShowPicture   st7789s.o
    0x080029e4   0x00000066   Code   RO         4918    i.LCD_ShowString    st7789s.o
    0x08002a4a   0x00000002   PAD
    0x08002a4c   0x0000002c   Code   RO         4919    i.LCD_WR_REG        st7789s.o
    0x08002a78   0x0000000a   Code   RO         4921    i.LCD_WriteRAM_Prepare  st7789s.o
    0x08002a82   0x00000004   Code   RO         3214    i.MemManage_Handler  stm32f10x_it.o
    0x08002a86   0x00000002   Code   RO         3215    i.NMI_Handler       stm32f10x_it.o
    0x08002a88   0x00000070   Code   RO           10    i.NVIC_Init         misc.o
    0x08002af8   0x00000014   Code   RO           11    i.NVIC_PriorityGroupConfig  misc.o
    0x08002b0c   0x00000018   Code   RO         1662    i.RCC_ADCCLKConfig  stm32f10x_rcc.o
    0x08002b24   0x00000020   Code   RO         1664    i.RCC_APB1PeriphClockCmd  stm32f10x_rcc.o
    0x08002b44   0x00000020   Code   RO         1665    i.RCC_APB1PeriphResetCmd  stm32f10x_rcc.o
    0x08002b64   0x00000020   Code   RO         1666    i.RCC_APB2PeriphClockCmd  stm32f10x_rcc.o
    0x08002b84   0x00000020   Code   RO         1667    i.RCC_APB2PeriphResetCmd  stm32f10x_rcc.o
    0x08002ba4   0x00000014   Code   RO         1670    i.RCC_ClearFlag     stm32f10x_rcc.o
    0x08002bb8   0x000000d4   Code   RO         1674    i.RCC_GetClocksFreq  stm32f10x_rcc.o
    0x08002c8c   0x0000003c   Code   RO         1675    i.RCC_GetFlagStatus  stm32f10x_rcc.o
    0x08002cc8   0x0000000c   Code   RO         1683    i.RCC_LSICmd        stm32f10x_rcc.o
    0x08002cd4   0x00000008   Code   RO         3269    i.SetSysClock       system_stm32f10x.o
    0x08002cdc   0x000000e0   Code   RO         3270    i.SetSysClockTo72   system_stm32f10x.o
    0x08002dbc   0x00000028   Code   RO           14    i.SysTick_CLKSourceConfig  misc.o
    0x08002de4   0x00000010   Code   RO         4418    i.SysTick_Handler   delay.o
    0x08002df4   0x00000060   Code   RO         3272    i.SystemInit        system_stm32f10x.o
    0x08002e54   0x00000034   Code   RO         4541    i.TIM3_IRQHandler   timer.o
    0x08002e88   0x00000060   Code   RO         4542    i.TIM3_Int_Init     timer.o
    0x08002ee8   0x00000006   Code   RO         2293    i.TIM_ClearITPendingBit  stm32f10x_tim.o
    0x08002eee   0x00000018   Code   RO         2298    i.TIM_Cmd           stm32f10x_tim.o
    0x08002f06   0x00000022   Code   RO         2319    i.TIM_GetITStatus   stm32f10x_tim.o
    0x08002f28   0x00000012   Code   RO         2323    i.TIM_ITConfig      stm32f10x_tim.o
    0x08002f3a   0x00000002   PAD
    0x08002f3c   0x000000a4   Code   RO         2369    i.TIM_TimeBaseInit  stm32f10x_tim.o
    0x08002fe0   0x000000e4   Code   RO         4490    i.USART1_IRQHandler  usart.o
    0x080030c4   0x00000094   Code   RO         4491    i.USART2_IRQHandler  usart.o
    0x08003158   0x000000f4   Code   RO         4492    i.USART3_IRQHandler  usart.o
    0x0800324c   0x00000012   Code   RO         2830    i.USART_ClearFlag   stm32f10x_usart.o
    0x0800325e   0x00000018   Code   RO         2834    i.USART_Cmd         stm32f10x_usart.o
    0x08003276   0x00000002   PAD
    0x08003278   0x0000009c   Code   RO         2836    i.USART_DeInit      stm32f10x_usart.o
    0x08003314   0x0000001a   Code   RO         2837    i.USART_GetFlagStatus  stm32f10x_usart.o
    0x0800332e   0x00000054   Code   RO         2838    i.USART_GetITStatus  stm32f10x_usart.o
    0x08003382   0x0000004a   Code   RO         2840    i.USART_ITConfig    stm32f10x_usart.o
    0x080033cc   0x000000d8   Code   RO         2841    i.USART_Init        stm32f10x_usart.o
    0x080034a4   0x0000000a   Code   RO         2848    i.USART_ReceiveData  stm32f10x_usart.o
    0x080034ae   0x00000008   Code   RO         2851    i.USART_SendData    stm32f10x_usart.o
    0x080034b6   0x00000004   Code   RO         3216    i.UsageFault_Handler  stm32f10x_it.o
    0x080034ba   0x00000002   PAD
    0x080034bc   0x00000308   Code   RO         5275    i._CMIOT_BLE_DataProcess  bluetooth.o
    0x080037c4   0x00000078   Code   RO         5276    i._CMIOT_BLE_EnterPassthroughMode  bluetooth.o
    0x0800383c   0x00000074   Code   RO         5277    i._CMIOT_BLE_ExitPassthroughMode  bluetooth.o
    0x080038b0   0x00000068   Code   RO         5278    i._CMIOT_BLE_Init   bluetooth.o
    0x08003918   0x0000007c   Code   RO         5279    i._CMIOT_BLE_OffMaxPut  bluetooth.o
    0x08003994   0x0000009c   Code   RO         5280    i._CMIOT_BLE_RSP_attachTime  bluetooth.o
    0x08003a30   0x00000174   Code   RO         5281    i._CMIOT_BLE_RSP_comprehensiveTest  bluetooth.o
    0x08003ba4   0x000001cc   Code   RO         5282    i._CMIOT_BLE_RSP_deviceInfo  bluetooth.o
    0x08003d70   0x000000b4   Code   RO         5283    i._CMIOT_BLE_RSP_pingDelay  bluetooth.o
    0x08003e24   0x00000238   Code   RO         5284    i._CMIOT_BLE_RSP_radioInfo  bluetooth.o
    0x0800405c   0x000000f8   Code   RO         5285    i._CMIOT_BLE_Reboot  bluetooth.o
    0x08004154   0x000000bc   Code   RO         5286    i._CMIOT_BLE_SetName  bluetooth.o
    0x08004210   0x0000007c   Code   RO         5287    i._CMIOT_BLE_SetPacketInterval  bluetooth.o
    0x0800428c   0x00000064   Code   RO         5086    i._CMIOT_BluetoothMode  ui.o
    0x080042f0   0x00000044   Code   RO         3065    i._CMIOT_BluetoothTaskProc  main.o
    0x08004334   0x00000020   Code   RO         4673    i._CMIOT_CLI_Init   user_cli.o
    0x08004354   0x00000098   Code   RO         3066    i._CMIOT_CliTaskProc  main.o
    0x080043ec   0x0000004c   Code   RO         4570    i._CMIOT_Debug      common.o
    0x08004438   0x000000d8   Code   RO         4749    i._CMIOT_ExecuteAtCmd  m5310.o
    0x08004510   0x000000d8   Code   RO         5288    i._CMIOT_ExecuteBLEAtCmd  bluetooth.o
    0x080045e8   0x00000370   Code   RO         5088    i._CMIOT_GUI_Init   ui.o
    0x08004958   0x00000114   Code   RO         5289    i._CMIOT_GetBleConnectedState  bluetooth.o
    0x08004a6c   0x000000e4   Code   RO         4750    i._CMIOT_GetICCID   m5310.o
    0x08004b50   0x000000e8   Code   RO         4751    i._CMIOT_GetIMEI    m5310.o
    0x08004c38   0x000000ec   Code   RO         4752    i._CMIOT_GetIMSI    m5310.o
    0x08004d24   0x000000f0   Code   RO         4753    i._CMIOT_GetModuleName  m5310.o
    0x08004e14   0x000000f4   Code   RO         4754    i._CMIOT_GetModuleVersion  m5310.o
    0x08004f08   0x0000011c   Code   RO         4755    i._CMIOT_GetNB_Band  m5310.o
    0x08005024   0x00000128   Code   RO         4756    i._CMIOT_GetNetworkDelay  m5310.o
    0x0800514c   0x000000d0   Code   RO         4757    i._CMIOT_GetPLMN    m5310.o
    0x0800521c   0x000001ac   Code   RO         4758    i._CMIOT_GetUeCellStats  m5310.o
    0x080053c8   0x0000035c   Code   RO         4759    i._CMIOT_GetUeTHPStats  m5310.o
    0x08005724   0x000002f8   Code   RO         4760    i._CMIOT_Get_PSM_TIMER_Value  m5310.o
    0x08005a1c   0x000000a4   Code   RO         4761    i._CMIOT_IsPdpAttached  m5310.o
    0x08005ac0   0x00000030   Code   RO         3068    i._CMIOT_LcdTaskProc  main.o
    0x08005af0   0x000000bc   Code   RO         3069    i._CMIOT_M5310TaskProc  main.o
    0x08005bac   0x00000078   Code   RO         5290    i._CMIOT_M5310Uartbuf2Ble  bluetooth.o
    0x08005c24   0x0000011c   Code   RO         4762    i._CMIOT_M5310_GetRegisterTime  m5310.o
    0x08005d40   0x000000d0   Code   RO         4763    i._CMIOT_M5310_GetSignalstrength  m5310.o
    0x08005e10   0x000003d8   Code   RO         4764    i._CMIOT_M5310_GetUeState  m5310.o
    0x080061e8   0x0000006c   Code   RO         5089    i._CMIOT_NBIOT_Measurement  ui.o
    0x08006254   0x00000148   Code   RO         5090    i._CMIOT_ShowBatteryLevel  ui.o
    0x0800639c   0x00000310   Code   RO         5091    i._CMIOT_ShowDeviceInfo  ui.o
    0x080066ac   0x0000028c   Code   RO         5092    i._CMIOT_ShowInstructionMsg  ui.o
    0x08006938   0x000004c4   Code   RO         5093    i._CMIOT_ShowNetworkRegTime  ui.o
    0x08006dfc   0x000003ec   Code   RO         5094    i._CMIOT_ShowPingResult  ui.o
    0x080071e8   0x00000540   Code   RO         5095    i._CMIOT_ShowRadioInfo  ui.o
    0x08007728   0x000004da   Code   RO         5096    i._CMIOT_ShowSignalStrength  ui.o
    0x08007c02   0x00000002   PAD
    0x08007c04   0x000001bc   Code   RO         5097    i._CMIOT_ShowSpeedInfo  ui.o
    0x08007dc0   0x000000b0   Code   RO         3070    i._CMIOT_StartTaskProc  main.o
    0x08007e70   0x00000050   Code   RO         4571    i._CMIOT_Str_EndWith  common.o
    0x08007ec0   0x00000038   Code   RO         4572    i._CMIOT_Str_StartWith  common.o
    0x08007ef8   0x00000c64   Code   RO         5098    i._CMIOT_TabIndex   ui.o
    0x08008b5c   0x0000009c   Code   RO         5099    i._CMIOT_UI_BootPage  ui.o
    0x08008bf8   0x00000204   Code   RO         4493    i._CMIOT_Uart_Init  usart.o
    0x08008dfc   0x00000040   Code   RO         4494    i._CMIOT_Uart_send  usart.o
    0x08008e3c   0x00000086   Code   RO         4573    i._CMIOT_atoi       common.o
    0x08008ec2   0x00000002   PAD
    0x08008ec4   0x00000028   Code   RO         5653    i.__0snprintf       mc_w.l(printfa.o)
    0x08008eec   0x00000028   Code   RO         5654    i.__0sprintf        mc_w.l(printfa.o)
    0x08008f14   0x00000024   Code   RO         5657    i.__0vsnprintf      mc_w.l(printfa.o)
    0x08008f38   0x0000000e   Code   RO         5742    i.__scatterload_copy  mc_w.l(handlers.o)
    0x08008f46   0x00000002   Code   RO         5743    i.__scatterload_null  mc_w.l(handlers.o)
    0x08008f48   0x0000000e   Code   RO         5744    i.__scatterload_zeroinit  mc_w.l(handlers.o)
    0x08008f56   0x00000002   PAD
    0x08008f58   0x00000164   Code   RO         5659    i._fp_digits        mc_w.l(printfa.o)
    0x080090bc   0x000006dc   Code   RO         5660    i._printf_core      mc_w.l(printfa.o)
    0x08009798   0x00000024   Code   RO         5661    i._printf_post_padding  mc_w.l(printfa.o)
    0x080097bc   0x0000002e   Code   RO         5662    i._printf_pre_padding  mc_w.l(printfa.o)
    0x080097ea   0x00000016   Code   RO         5663    i._snputc           mc_w.l(printfa.o)
    0x08009800   0x0000000a   Code   RO         5664    i._sputc            mc_w.l(printfa.o)
    0x0800980a   0x00000002   PAD
    0x0800980c   0x0000011c   Code   RO         4770    i.cm_getAPN         m5310.o
    0x08009928   0x00000034   Code   RO         5245    i.cm_getBatteryVol  adc.o
    0x0800995c   0x00000158   Code   RO         4574    i.cm_getbuildVersion  common.o
    0x08009ab4   0x000001dc   Code   RO         5205    i.cm_key_init       key.o
    0x08009c90   0x0000006a   Code   RO         4575    i.cm_split          common.o
    0x08009cfa   0x00000002   PAD
    0x08009cfc   0x00000050   Code   RO         4419    i.delay_init        delay.o
    0x08009d4c   0x00000022   Code   RO         4420    i.delay_ms          delay.o
    0x08009d6e   0x00000002   PAD
    0x08009d70   0x00000048   Code   RO         4421    i.delay_us          delay.o
    0x08009db8   0x000000dc   Code   RO         3071    i.main              main.o
    0x08009e94   0x00000098   Code   RO         3830    i.prvAddCurrentTaskToDelayedList  tasks.o
    0x08009f2c   0x000000b4   Code   RO         3831    i.prvAddNewTaskToReadyList  tasks.o
    0x08009fe0   0x00000064   Code   RO         4168    i.prvCheckForValidListAndQueue  timers.o
    0x0800a044   0x00000048   Code   RO         3832    i.prvCheckTasksWaitingTermination  tasks.o
    0x0800a08c   0x0000002a   Code   RO         3469    i.prvCopyDataFromQueue  queue.o
    0x0800a0b6   0x0000007c   Code   RO         3470    i.prvCopyDataToQueue  queue.o
    0x0800a132   0x00000002   PAD
    0x0800a134   0x000000b8   Code   RO         4674    i.prvDebugLevelCommand  user_cli.o
    0x0800a1ec   0x00000012   Code   RO         3833    i.prvDeleteTCB      tasks.o
    0x0800a1fe   0x00000002   PAD
    0x0800a200   0x000000b8   Code   RO         4675    i.prvEnableBleDebugModeCommand  user_cli.o
    0x0800a2b8   0x000000b8   Code   RO         4676    i.prvEnableNbDebugModeCommand  user_cli.o
    0x0800a370   0x00000148   Code   RO         4677    i.prvGetHeapUsageCommand  user_cli.o
    0x0800a4b8   0x00000028   Code   RO         4169    i.prvGetNextExpireTime  timers.o
    0x0800a4e0   0x0000002e   Code   RO         4629    i.prvGetNumberOfParameters  freertos_cli.o
    0x0800a50e   0x00000002   PAD
    0x0800a510   0x00000058   Code   RO         4678    i.prvGetSysTimeCommand  user_cli.o
    0x0800a568   0x00000104   Code   RO         4679    i.prvGetWechatHistoryDataCommand  user_cli.o
    0x0800a66c   0x00000098   Code   RO         4680    i.prvGetWechatHistoryListCommand  user_cli.o
    0x0800a704   0x0000007c   Code   RO         4298    i.prvHeapInit       heap_4.o
    0x0800a780   0x0000004c   Code   RO         4630    i.prvHelpCommand    freertos_cli.o
    0x0800a7cc   0x00000028   Code   RO         3834    i.prvIdleTask       tasks.o
    0x0800a7f4   0x0000002a   Code   RO         3473    i.prvInitialiseNewQueue  queue.o
    0x0800a81e   0x00000092   Code   RO         3835    i.prvInitialiseNewTask  tasks.o
    0x0800a8b0   0x0000002e   Code   RO         4170    i.prvInitialiseNewTimer  timers.o
    0x0800a8de   0x00000002   PAD
    0x0800a8e0   0x00000068   Code   RO         3836    i.prvInitialiseTaskLists  tasks.o
    0x0800a948   0x00000068   Code   RO         4299    i.prvInsertBlockIntoFreeList  heap_4.o
    0x0800a9b0   0x00000058   Code   RO         4171    i.prvInsertTimerInActiveList  timers.o
    0x0800aa08   0x0000001a   Code   RO         3474    i.prvIsQueueEmpty   queue.o
    0x0800aa22   0x0000001e   Code   RO         3475    i.prvIsQueueFull    queue.o
    0x0800aa40   0x00000052   Code   RO         3476    i.prvNotifyQueueSetContainer  queue.o
    0x0800aa92   0x00000002   PAD
    0x0800aa94   0x0000004c   Code   RO         4172    i.prvProcessExpiredTimer  timers.o
    0x0800aae0   0x000000cc   Code   RO         4173    i.prvProcessReceivedCommands  timers.o
    0x0800abac   0x00000074   Code   RO         4174    i.prvProcessTimerOrBlockTask  timers.o
    0x0800ac20   0x00000034   Code   RO         3837    i.prvResetNextTaskUnblockTime  tasks.o
    0x0800ac54   0x0000002c   Code   RO         4175    i.prvSampleTimeNow  timers.o
    0x0800ac80   0x00000048   Code   RO         4681    i.prvSendAt2BleModuleCommand  user_cli.o
    0x0800acc8   0x00000048   Code   RO         4682    i.prvSendAt2NbModuleCommand  user_cli.o
    0x0800ad10   0x00000084   Code   RO         4176    i.prvSwitchTimerLists  timers.o
    0x0800ad94   0x00000016   Code   RO         3838    i.prvTaskCheckFreeStackSpace  tasks.o
    0x0800adaa   0x00000016   Code   RO         4348    i.prvTaskExitError  port.o
    0x0800adc0   0x0000001a   Code   RO         4177    i.prvTimerTask      timers.o
    0x0800adda   0x00000092   Code   RO         3477    i.prvUnlockQueue    queue.o
    0x0800ae6c   0x000000d0   Code   RO         4300    i.pvPortMalloc      heap_4.o
    0x0800af3c   0x00000024   Code   RO         4349    i.pxPortInitialiseStack  port.o
    0x0800af60   0x00000074   Code   RO         3841    i.ulTaskNotifyTake  tasks.o
    0x0800afd4   0x00000028   Code   RO         3429    i.uxListRemove      list.o
    0x0800affc   0x00000028   Code   RO         3843    i.uxTaskGetStackHighWaterMark  tasks.o
    0x0800b024   0x0000001a   Code   RO         3430    i.vListInitialise   list.o
    0x0800b03e   0x00000006   Code   RO         3431    i.vListInitialiseItem  list.o
    0x0800b044   0x00000034   Code   RO         3432    i.vListInsert       list.o
    0x0800b078   0x00000018   Code   RO         3433    i.vListInsertEnd    list.o
    0x0800b090   0x00000024   Code   RO         4351    i.vPortEnterCritical  port.o
    0x0800b0b4   0x00000020   Code   RO         4352    i.vPortExitCritical  port.o
    0x0800b0d4   0x00000048   Code   RO         4301    i.vPortFree         heap_4.o
    0x0800b11c   0x00000018   Code   RO         4353    i.vPortSetupTimerInterrupt  port.o
    0x0800b134   0x0000002c   Code   RO         3481    i.vQueueAddToRegistry  queue.o
    0x0800b160   0x0000004a   Code   RO         3484    i.vQueueWaitForMessageRestricted  queue.o
    0x0800b1aa   0x00000002   PAD
    0x0800b1ac   0x00000034   Code   RO         3847    i.vTaskDelay        tasks.o
    0x0800b1e0   0x000000cc   Code   RO         3849    i.vTaskDelete       tasks.o
    0x0800b2ac   0x00000018   Code   RO         3851    i.vTaskInternalSetTimeOutState  tasks.o
    0x0800b2c4   0x0000000c   Code   RO         3852    i.vTaskMissedYield  tasks.o
    0x0800b2d0   0x000000b4   Code   RO         3853    i.vTaskNotifyGiveFromISR  tasks.o
    0x0800b384   0x00000020   Code   RO         3854    i.vTaskPlaceOnEventList  tasks.o
    0x0800b3a4   0x00000028   Code   RO         3855    i.vTaskPlaceOnEventListRestricted  tasks.o
    0x0800b3cc   0x00000074   Code   RO         3862    i.vTaskStartScheduler  tasks.o
    0x0800b440   0x00000010   Code   RO         3864    i.vTaskSuspendAll   tasks.o
    0x0800b450   0x000000a4   Code   RO         3865    i.vTaskSwitchContext  tasks.o
    0x0800b4f4   0x0000000c   Code   RO         4303    i.xPortGetFreeHeapSize  heap_4.o
    0x0800b500   0x00000034   Code   RO         4354    i.xPortStartScheduler  port.o
    0x0800b534   0x00000034   Code   RO         4355    i.xPortSysTickHandler  port.o
    0x0800b568   0x00000038   Code   RO         3489    i.xQueueGenericCreate  queue.o
    0x0800b5a0   0x00000080   Code   RO         3490    i.xQueueGenericReset  queue.o
    0x0800b620   0x00000138   Code   RO         3491    i.xQueueGenericSend  queue.o
    0x0800b758   0x0000009c   Code   RO         3492    i.xQueueGenericSendFromISR  queue.o
    0x0800b7f4   0x00000104   Code   RO         3499    i.xQueueReceive     queue.o
    0x0800b8f8   0x0000005c   Code   RO         3866    i.xTaskCheckForTimeOut  tasks.o
    0x0800b954   0x00000060   Code   RO         3867    i.xTaskCreate       tasks.o
    0x0800b9b4   0x00000020   Code   RO         3871    i.xTaskGetSchedulerState  tasks.o
    0x0800b9d4   0x0000000c   Code   RO         3872    i.xTaskGetTickCount  tasks.o
    0x0800b9e0   0x0000000c   Code   RO         3873    i.xTaskGetTickCountFromISR  tasks.o
    0x0800b9ec   0x0000011c   Code   RO         3874    i.xTaskIncrementTick  tasks.o
    0x0800bb08   0x00000084   Code   RO         3877    i.xTaskPriorityDisinherit  tasks.o
    0x0800bb8c   0x00000080   Code   RO         3879    i.xTaskRemoveFromEventList  tasks.o
    0x0800bc0c   0x000000e8   Code   RO         3880    i.xTaskResumeAll    tasks.o
    0x0800bcf4   0x00000030   Code   RO         4180    i.xTimerCreate      timers.o
    0x0800bd24   0x0000003c   Code   RO         4181    i.xTimerCreateTimerTask  timers.o
    0x0800bd60   0x0000006c   Code   RO         4182    i.xTimerGenericCommand  timers.o
    0x0800bdcc   0x00000088   Data   RO         3073    .constdata          main.o
    0x0800be54   0x00000010   Data   RO         4632    .constdata          freertos_cli.o
    0x0800be64   0x00000568   Data   RO         4772    .constdata          m5310.o
    0x0800c3cc   0x00005a77   Data   RO         4924    .constdata          st7789s.o
    0x08011e43   0x0000e8a6   Data   RO         5101    .constdata          ui.o
    0x080206e9   0x00000048   Data   RO         5206    .constdata          key.o
    0x08020731   0x00000003   PAD
    0x08020734   0x000002b2   Data   RO         5292    .constdata          bluetooth.o
    0x080209e6   0x00000002   PAD
    0x080209e8   0x000000dd   Data   RO         4633    .conststring        freertos_cli.o
    0x08020ac5   0x00000003   PAD
    0x08020ac8   0x000002a0   Data   RO         4683    .conststring        user_cli.o
    0x08020d68   0x00000053   Data   RO         4773    .conststring        m5310.o
    0x08020dbb   0x00000001   PAD
    0x08020dbc   0x00000020   Data   RO         5740    Region$$Table       anon$$obj.o


    Execution Region RW_IRAM1 (Base: 0x20000000, Size: 0x000065f8, Max: 0x0000c000, ABSOLUTE, COMPRESSED[0x000006b8])

    Base Addr    Size         Type   Attr      Idx    E Section Name        Object

    0x20000000   0x00000014   Data   RW         1694    .data               stm32f10x_rcc.o
    0x20000014   0x00000026   Data   RW         3074    .data               main.o
    0x2000003a   0x00000002   PAD
    0x2000003c   0x00000014   Data   RW         3273    .data               system_stm32f10x.o
    0x20000050   0x00000044   Data   RW         3883    .data               tasks.o
    0x20000094   0x00000014   Data   RW         4190    .data               timers.o
    0x200000a8   0x00000018   Data   RW         4306    .data               heap_4.o
    0x200000c0   0x00000004   Data   RW         4356    .data               port.o
    0x200000c4   0x00000001   Data   RW         4423    .data               delay.o
    0x200000c5   0x00000002   Data   RW         4495    .data               usart.o
    0x200000c7   0x00000001   PAD
    0x200000c8   0x00000008   Data   RW         4543    .data               timer.o
    0x200000d0   0x00000001   Data   RW         4576    .data               common.o
    0x200000d1   0x00000003   PAD
    0x200000d4   0x00000014   Data   RW         4634    .data               freertos_cli.o
    0x200000e8   0x00000090   Data   RW         4684    .data               user_cli.o
    0x20000178   0x00000004   Data   RW         4774    .data               m5310.o
    0x2000017c   0x000007ae   Data   RW         4925    .data               st7789s.o
    0x2000092a   0x00000002   PAD
    0x2000092c   0x0000000c   Data   RW         5293    .data               bluetooth.o
    0x20000938   0x00000004   Data   RW         5412    .data               mc_w.l(strtok.o)
    0x2000093c   0x000000c8   Zero   RW         3072    .bss                main.o
    0x20000a04   0x00000040   Zero   RW         3506    .bss                queue.o
    0x20000a44   0x000000c8   Zero   RW         3882    .bss                tasks.o
    0x20000b0c   0x00000028   Zero   RW         4189    .bss                timers.o
    0x20000b34   0x00005000   Zero   RW         4305    .bss                heap_4.o
    0x20005b34   0x00000200   Zero   RW         4771    .bss                m5310.o
    0x20005d34   0x00000080   Zero   RW         5100    .bss                ui.o
    0x20005db4   0x00000440   Zero   RW         5291    .bss                bluetooth.o
    0x200061f4   0x00000004   PAD
    0x200061f8   0x00000400   Zero   RW            1    STACK               startup_stm32f10x_hd.o


==============================================================================

Image component sizes


      Code (inc. data)   RO Data    RW Data    ZI Data      Debug   Object Name

       290         20          0          0          0       2082   adc.o
      4148       1844        690         12       1088      12895   bluetooth.o
       796         68          0          1          0       5594   common.o
         0          0          0          0          0        488   croutine.o
       202         16          0          1          0       2121   delay.o
         0          0          0          0          0       9196   event_groups.o
       490         32        237         20          0       5478   freertos_cli.o
       520         68          0         24      20480       4070   heap_4.o
      1444        424         72          0          0       3038   key.o
       148          0          0          0          0       2838   list.o
      6156       2120       1467          4        512      21138   m5310.o
       976        394        136         38        200      19541   main.o
       172         22          0          0          0     265533   misc.o
       404         48          0          4          0       8796   port.o
      1522         20          0          0         64      13878   queue.o
      5124        170      23159       1966          0      16975   st7789s.o
        36          8        304          0       1024        816   startup_stm32f10x_hd.o
       486         24          0          0          0       7890   stm32f10x_adc.o
        32          6          0          0          0        508   stm32f10x_dbgmcu.o
       200         18          0          0          0       1884   stm32f10x_exti.o
       490         10          0          0          0       3671   stm32f10x_gpio.o
        20          0          0          0          0       2405   stm32f10x_it.o
        68         30          0          0          0       2214   stm32f10x_iwdg.o
       456         66          0         20          0       7184   stm32f10x_rcc.o
       246         42          0          0          0       3234   stm32f10x_tim.o
       616         28          0          0          0       6750   stm32f10x_usart.o
       328         28          0         20          0       2025   system_stm32f10x.o
      2802        438          0         68        200      29185   tasks.o
       176         22          0          8          0       1736   timer.o
      1088        112          0         20         40       9322   timers.o
     11434       1958      59558          0        128      11643   ui.o
      1200        164          0          2          0       4723   usart.o
      1556        652        672        144          0       9195   user_cli.o

    ----------------------------------------------------------------------
     43666       8852      86336       2360      23740     498046   Object Totals
         0          0         32          0          0          0   (incl. Generated)
        40          0          9          8          4          0   (incl. Padding)

    ----------------------------------------------------------------------

      Code (inc. data)   RO Data    RW Data    ZI Data      Debug   Library Member Name

        86          0          0          0          0          0   __dczerorl2.o
         0          0          0          0          0          0   entry.o
         0          0          0          0          0          0   entry10a.o
         0          0          0          0          0          0   entry11a.o
         8          4          0          0          0          0   entry2.o
         4          0          0          0          0          0   entry5.o
         0          0          0          0          0          0   entry7b.o
         0          0          0          0          0          0   entry8b.o
         8          4          0          0          0          0   entry9a.o
        30          0          0          0          0          0   handlers.o
        36          8          0          0          0         68   init.o
         0          0          0          0          0          0   iusefp.o
        30          0          0          0          0         68   llshl.o
        36          0          0          0          0         68   llsshr.o
        32          0          0          0          0         68   llushr.o
        36          0          0          0          0         68   memcpya.o
        36          0          0          0          0        108   memseta.o
      2342         94          0          0          0        744   printfa.o
        24          0          0          0          0         68   strcat.o
        28          0          0          0          0         76   strcmp.o
        14          0          0          0          0         68   strlen.o
        40          0          0          0          0         76   strncat.o
        30          0          0          0          0         80   strncmp.o
        24          0          0          0          0         76   strncpy.o
        36          0          0          0          0         80   strstr.o
        68          6          0          4          0         80   strtok.o
        44          0          0          0          0         80   uidiv.o
        98          0          0          0          0         92   uldiv.o
        48          0          0          0          0         68   cdrcmple.o
        56          0          0          0          0         88   d2f.o
       334          0          0          0          0        148   dadd.o
       222          0          0          0          0        100   ddiv.o
       186          0          0          0          0        176   depilogue.o
        48          0          0          0          0         68   dfixul.o
       228          0          0          0          0         96   dmul.o
        38          0          0          0          0         68   f2d.o
       124          0          0          0          0         88   fdiv.o
       110          0          0          0          0        168   fepilogue.o
        18          0          0          0          0         68   fflti.o
        10          0          0          0          0         68   ffltui.o
       100          0          0          0          0         76   fmul.o

    ----------------------------------------------------------------------
      4618        116          0          4          0       3248   Library Totals
         6          0          0          0          0          0   (incl. Padding)

    ----------------------------------------------------------------------

      Code (inc. data)   RO Data    RW Data    ZI Data      Debug   Library Name

      3090        116          0          4          0       1968   mc_w.l
      1522          0          0          0          0       1280   mf_w.l

    ----------------------------------------------------------------------
      4618        116          0          4          0       3248   Library Totals

    ----------------------------------------------------------------------

==============================================================================


      Code (inc. data)   RO Data    RW Data    ZI Data      Debug   

     48284       8968      86336       2364      23740     487122   Grand Totals
     48284       8968      86336       1720      23740     487122   ELF Image Totals (compressed)
     48284       8968      86336       1720          0          0   ROM Totals

==============================================================================

    Total RO  Size (Code + RO Data)               134620 ( 131.46kB)
    Total RW  Size (RW Data + ZI Data)             26104 (  25.49kB)
    Total ROM Size (Code + RO Data + RW Data)     136340 ( 133.14kB)

==============================================================================

