Component: ARM Compiler 5.05 update 1 (build 106) Tool: armlink [4d0efa]

==============================================================================

Section Cross References

    startup_stm32f10x_hd.o(RESET) refers to startup_stm32f10x_hd.o(STACK) for __initial_sp
    startup_stm32f10x_hd.o(RESET) refers to startup_stm32f10x_hd.o(.text) for Reset_Handler
    startup_stm32f10x_hd.o(RESET) refers to stm32f10x_it.o(i.NMI_Handler) for NMI_Handler
    startup_stm32f10x_hd.o(RESET) refers to stm32f10x_it.o(i.HardFault_Handler) for HardFault_Handler
    startup_stm32f10x_hd.o(RESET) refers to stm32f10x_it.o(i.MemManage_Handler) for MemManage_Handler
    startup_stm32f10x_hd.o(RESET) refers to stm32f10x_it.o(i.BusFault_Handler) for BusFault_Handler
    startup_stm32f10x_hd.o(RESET) refers to stm32f10x_it.o(i.UsageFault_Handler) for UsageFault_Handler
    startup_stm32f10x_hd.o(RESET) refers to port.o(.emb_text) for SVC_Handler
    startup_stm32f10x_hd.o(RESET) refers to stm32f10x_it.o(i.DebugMon_Handler) for DebugMon_Handler
    startup_stm32f10x_hd.o(RESET) refers to delay.o(i.SysTick_Handler) for SysTick_Handler
    startup_stm32f10x_hd.o(RESET) refers to key.o(i.EXTI2_IRQHandler) for EXTI2_IRQHandler
    startup_stm32f10x_hd.o(RESET) refers to key.o(i.EXTI3_IRQHandler) for EXTI3_IRQHandler
    startup_stm32f10x_hd.o(RESET) refers to key.o(i.EXTI4_IRQHandler) for EXTI4_IRQHandler
    startup_stm32f10x_hd.o(RESET) refers to timer.o(i.TIM3_IRQHandler) for TIM3_IRQHandler
    startup_stm32f10x_hd.o(RESET) refers to usart.o(i.USART1_IRQHandler) for USART1_IRQHandler
    startup_stm32f10x_hd.o(RESET) refers to usart.o(i.USART2_IRQHandler) for USART2_IRQHandler
    startup_stm32f10x_hd.o(RESET) refers to usart.o(i.USART3_IRQHandler) for USART3_IRQHandler
    startup_stm32f10x_hd.o(RESET) refers to key.o(i.EXTI15_10_IRQHandler) for EXTI15_10_IRQHandler
    startup_stm32f10x_hd.o(.text) refers to system_stm32f10x.o(i.SystemInit) for SystemInit
    startup_stm32f10x_hd.o(.text) refers to entry.o(.ARM.Collect$$$$00000000) for __main
    stm32f10x_adc.o(i.ADC_DeInit) refers to stm32f10x_rcc.o(i.RCC_APB2PeriphResetCmd) for RCC_APB2PeriphResetCmd
    stm32f10x_bkp.o(i.BKP_DeInit) refers to stm32f10x_rcc.o(i.RCC_BackupResetCmd) for RCC_BackupResetCmd
    stm32f10x_can.o(i.CAN_DeInit) refers to stm32f10x_rcc.o(i.RCC_APB1PeriphResetCmd) for RCC_APB1PeriphResetCmd
    stm32f10x_can.o(i.CAN_GetITStatus) refers to stm32f10x_can.o(i.CheckITStatus) for CheckITStatus
    stm32f10x_cec.o(i.CEC_DeInit) refers to stm32f10x_rcc.o(i.RCC_APB1PeriphResetCmd) for RCC_APB1PeriphResetCmd
    stm32f10x_dac.o(i.DAC_DeInit) refers to stm32f10x_rcc.o(i.RCC_APB1PeriphResetCmd) for RCC_APB1PeriphResetCmd
    stm32f10x_flash.o(i.FLASH_EnableWriteProtection) refers to stm32f10x_flash.o(i.FLASH_WaitForLastOperation) for FLASH_WaitForLastOperation
    stm32f10x_flash.o(i.FLASH_EraseAllBank1Pages) refers to stm32f10x_flash.o(i.FLASH_WaitForLastBank1Operation) for FLASH_WaitForLastBank1Operation
    stm32f10x_flash.o(i.FLASH_EraseAllPages) refers to stm32f10x_flash.o(i.FLASH_WaitForLastOperation) for FLASH_WaitForLastOperation
    stm32f10x_flash.o(i.FLASH_EraseOptionBytes) refers to stm32f10x_flash.o(i.FLASH_GetReadOutProtectionStatus) for FLASH_GetReadOutProtectionStatus
    stm32f10x_flash.o(i.FLASH_EraseOptionBytes) refers to stm32f10x_flash.o(i.FLASH_WaitForLastOperation) for FLASH_WaitForLastOperation
    stm32f10x_flash.o(i.FLASH_ErasePage) refers to stm32f10x_flash.o(i.FLASH_WaitForLastOperation) for FLASH_WaitForLastOperation
    stm32f10x_flash.o(i.FLASH_ProgramHalfWord) refers to stm32f10x_flash.o(i.FLASH_WaitForLastOperation) for FLASH_WaitForLastOperation
    stm32f10x_flash.o(i.FLASH_ProgramOptionByteData) refers to stm32f10x_flash.o(i.FLASH_WaitForLastOperation) for FLASH_WaitForLastOperation
    stm32f10x_flash.o(i.FLASH_ProgramWord) refers to stm32f10x_flash.o(i.FLASH_WaitForLastOperation) for FLASH_WaitForLastOperation
    stm32f10x_flash.o(i.FLASH_ReadOutProtection) refers to stm32f10x_flash.o(i.FLASH_WaitForLastOperation) for FLASH_WaitForLastOperation
    stm32f10x_flash.o(i.FLASH_UserOptionByteConfig) refers to stm32f10x_flash.o(i.FLASH_WaitForLastOperation) for FLASH_WaitForLastOperation
    stm32f10x_flash.o(i.FLASH_WaitForLastBank1Operation) refers to stm32f10x_flash.o(i.FLASH_GetBank1Status) for FLASH_GetBank1Status
    stm32f10x_flash.o(i.FLASH_WaitForLastOperation) refers to stm32f10x_flash.o(i.FLASH_GetBank1Status) for FLASH_GetBank1Status
    stm32f10x_gpio.o(i.GPIO_AFIODeInit) refers to stm32f10x_rcc.o(i.RCC_APB2PeriphResetCmd) for RCC_APB2PeriphResetCmd
    stm32f10x_gpio.o(i.GPIO_DeInit) refers to stm32f10x_rcc.o(i.RCC_APB2PeriphResetCmd) for RCC_APB2PeriphResetCmd
    stm32f10x_i2c.o(i.I2C_DeInit) refers to stm32f10x_rcc.o(i.RCC_APB1PeriphResetCmd) for RCC_APB1PeriphResetCmd
    stm32f10x_i2c.o(i.I2C_Init) refers to stm32f10x_rcc.o(i.RCC_GetClocksFreq) for RCC_GetClocksFreq
[...]
    __func__                                 0x0800b0c1   Data          21  main.o(.constdata)
    __func__                                 0x0800b0d6   Data          19  main.o(.constdata)
    __func__                                 0x0800b0e9   Data          19  main.o(.constdata)
    __func__                                 0x0800b0fc   Data          21  main.o(.constdata)
    __func__                                 0x0800b111   Data          25  main.o(.constdata)
    .constdata                               0x0800b12c   Section       16  freertos_cli.o(.constdata)
    xHelpCommand                             0x0800b12c   Data          16  freertos_cli.o(.constdata)
    .constdata                               0x0800b13c   Section     1040  m5310.o(.constdata)
    __func__                                 0x0800b13c   Data          29  m5310.o(.constdata)
    __func__                                 0x0800b1ac   Data          20  m5310.o(.constdata)
    __func__                                 0x0800b1c0   Data          31  m5310.o(.constdata)
    __func__                                 0x0800b208   Data          24  m5310.o(.constdata)
    __func__                                 0x0800b248   Data          21  m5310.o(.constdata)
    __func__                                 0x0800b288   Data          24  m5310.o(.constdata)
    __func__                                 0x0800b2c8   Data          16  m5310.o(.constdata)
    __func__                                 0x0800b300   Data          15  m5310.o(.constdata)
    __func__                                 0x0800b338   Data          15  m5310.o(.constdata)
    __func__                                 0x0800b370   Data          15  m5310.o(.constdata)
    __func__                                 0x0800b3a8   Data          18  m5310.o(.constdata)
    __func__                                 0x0800b3e4   Data          27  m5310.o(.constdata)
    __func__                                 0x0800b428   Data          23  m5310.o(.constdata)
    __func__                                 0x0800b4a4   Data          22  m5310.o(.constdata)
    __func__                                 0x0800b4e4   Data          21  m5310.o(.constdata)
    .constdata                               0x0800b54c   Section    22707  st7789s.o(.constdata)
    .constdata                               0x08010dff   Section    58737  ui.o(.constdata)
    __func__                                 0x0801f337   Data          16  ui.o(.constdata)
    __func__                                 0x0801f347   Data          25  ui.o(.constdata)
    __func__                                 0x0801f360   Data          16  ui.o(.constdata)
    .constdata                               0x0801f370   Section       72  key.o(.constdata)
    __func__                                 0x0801f370   Data          17  key.o(.constdata)
    __func__                                 0x0801f381   Data          17  key.o(.constdata)
    __func__                                 0x0801f392   Data          17  key.o(.constdata)
    __func__                                 0x0801f3a3   Data          21  key.o(.constdata)
    .constdata                               0x0801f3b8   Section      622  bluetooth.o(.constdata)
    __func__                                 0x0801f3b8   Data          23  bluetooth.o(.constdata)
    __func__                                 0x0801f3cf   Data          31  bluetooth.o(.constdata)
    __func__                                 0x0801f418   Data          21  bluetooth.o(.constdata)
    __func__                                 0x0801f458   Data          29  bluetooth.o(.constdata)
    __func__                                 0x0801f4a0   Data          19  bluetooth.o(.constdata)
    __func__                                 0x0801f4dc   Data          32  bluetooth.o(.constdata)
    __func__                                 0x0801f524   Data          18  bluetooth.o(.constdata)
    __func__                                 0x0801f560   Data          24  bluetooth.o(.constdata)
    __func__                                 0x0801f578   Data          16  bluetooth.o(.constdata)
    __func__                                 0x0801f588   Data          26  bluetooth.o(.constdata)
    __func__                                 0x0801f5a2   Data          25  bluetooth.o(.constdata)
    __func__                                 0x0801f5bb   Data          26  bluetooth.o(.constdata)
    __func__                                 0x0801f5d5   Data          25  bluetooth.o(.constdata)
    __func__                                 0x0801f5ee   Data          33  bluetooth.o(.constdata)
    __func__                                 0x0801f60f   Data          23  bluetooth.o(.constdata)
    .conststring                             0x0801f628   Section      221  freertos_cli.o(.conststring)
    .conststring                             0x0801f708   Section      518  user_cli.o(.conststring)
    .data                                    0x20000000   Section       20  stm32f10x_rcc.o(.data)
    APBAHBPrescTable                         0x20000000   Data          16  stm32f10x_rcc.o(.data)
    ADCPrescTable                            0x20000010   Data           4  stm32f10x_rcc.o(.data)
    .data                                    0x20000014   Section       34  main.o(.data)
    .data                                    0x20000038   Section       20  system_stm32f10x.o(.data)
    .data                                    0x2000004c   Section       68  tasks.o(.data)
    pxDelayedTaskList                        0x20000050   Data           4  tasks.o(.data)
    pxOverflowDelayedTaskList                0x20000054   Data           4  tasks.o(.data)
    uxDeletedTasksWaitingCleanUp             0x20000058   Data           4  tasks.o(.data)
    uxCurrentNumberOfTasks                   0x2000005c   Data           4  tasks.o(.data)
    xTickCount                               0x20000060   Data           4  tasks.o(.data)
    uxTopReadyPriority                       0x20000064   Data           4  tasks.o(.data)
    xSchedulerRunning                        0x20000068   Data           4  tasks.o(.data)
    uxPendedTicks                            0x2000006c   Data           4  tasks.o(.data)
    xYieldPending                            0x20000070   Data           4  tasks.o(.data)
    xNumOfOverflows                          0x20000074   Data           4  tasks.o(.data)
    uxTaskNumber                             0x20000078   Data           4  tasks.o(.data)
    xNextTaskUnblockTime                     0x2000007c   Data           4  tasks.o(.data)
    xIdleTaskHandle                          0x20000080   Data           4  tasks.o(.data)
    uxSchedulerSuspended                     0x20000084   Data           4  tasks.o(.data)
    ulTaskSwitchedInTime                     0x20000088   Data           4  tasks.o(.data)
    ulTotalRunTime                           0x2000008c   Data           4  tasks.o(.data)
    .data                                    0x20000090   Section       20  timers.o(.data)
    pxCurrentTimerList                       0x20000090   Data           4  timers.o(.data)
    pxOverflowTimerList                      0x20000094   Data           4  timers.o(.data)
    xTimerQueue                              0x20000098   Data           4  timers.o(.data)
    xTimerTaskHandle                         0x2000009c   Data           4  timers.o(.data)
    xLastTime                                0x200000a0   Data           4  timers.o(.data)
    .data                                    0x200000a4   Section       24  heap_4.o(.data)
    xStart                                   0x200000a4   Data           8  heap_4.o(.data)
    pxEnd                                    0x200000ac   Data           4  heap_4.o(.data)
    xFreeBytesRemaining                      0x200000b0   Data           4  heap_4.o(.data)
    xMinimumEverFreeBytesRemaining           0x200000b4   Data           4  heap_4.o(.data)
    xBlockAllocatedBit                       0x200000b8   Data           4  heap_4.o(.data)
    .data                                    0x200000bc   Section        4  port.o(.data)
    uxCriticalNesting                        0x200000bc   Data           4  port.o(.data)
    .data                                    0x200000c0   Section        1  delay.o(.data)
    fac_us                                   0x200000c0   Data           1  delay.o(.data)
    .data                                    0x200000c1   Section        2  usart.o(.data)
    .data                                    0x200000c8   Section        8  timer.o(.data)
    .data                                    0x200000d0   Section        1  common.o(.data)
    .data                                    0x200000d4   Section       20  freertos_cli.o(.data)
    xRegisteredCommands                      0x200000d4   Data           8  freertos_cli.o(.data)
    pxLastCommandInList                      0x200000dc   Data           4  freertos_cli.o(.data)
    pxCommand                                0x200000e0   Data           4  freertos_cli.o(.data)
    pxCommand                                0x200000e4   Data           4  freertos_cli.o(.data)
    .data                                    0x200000e8   Section      112  user_cli.o(.data)
    CliCommandList                           0x200000e8   Data         112  user_cli.o(.data)
    .data                                    0x20000158   Section       18  m5310.o(.data)
    .data                                    0x2000016a   Section     1966  st7789s.o(.data)
    .data                                    0x20000918   Section       12  bluetooth.o(.data)
    .bss                                     0x20000924   Section      200  main.o(.bss)
    pcOutputString                           0x20000988   Data         100  main.o(.bss)
    .bss                                     0x200009ec   Section       64  queue.o(.bss)
    .bss                                     0x20000a2c   Section      200  tasks.o(.bss)
    pxReadyTasksLists                        0x20000a2c   Data         100  tasks.o(.bss)
    xDelayedTaskList1                        0x20000a90   Data          20  tasks.o(.bss)
    xDelayedTaskList2                        0x20000aa4   Data          20  tasks.o(.bss)
    xPendingReadyList                        0x20000ab8   Data          20  tasks.o(.bss)
    xTasksWaitingTermination                 0x20000acc   Data          20  tasks.o(.bss)
    xSuspendedTaskList                       0x20000ae0   Data          20  tasks.o(.bss)
    .bss                                     0x20000af4   Section       40  timers.o(.bss)
    xActiveTimerList1                        0x20000af4   Data          20  timers.o(.bss)
    xActiveTimerList2                        0x20000b08   Data          20  timers.o(.bss)
    .bss                                     0x20000b1c   Section    20480  heap_4.o(.bss)
    ucHeap                                   0x20000b1c   Data       20480  heap_4.o(.bss)
    .bss                                     0x20005b1c   Section      512  m5310.o(.bss)
    .bss                                     0x20005d1c   Section      128  ui.o(.bss)
    msg                                      0x20005d1c   Data         128  ui.o(.bss)
    .bss                                     0x20005d9c   Section      576  bluetooth.o(.bss)
    msg                                      0x20005f9c   Data          64  bluetooth.o(.bss)
    STACK                                    0x20005fe0   Section     1024  startup_stm32f10x_hd.o(STACK)

    Global Symbols

    Symbol Name                              Value     Ov Type        Size  Object(Section)

    BuildAttributes$$THM_ISAv4$P$D$K$B$S$PE$A:L22UL41UL21$X:L11$S22US41US21$IEEE1$IW$USESV6$~STKCKD$USESV7$~SHL$OTIME$ROPI$IEEEJ$EBA8$MICROLIB$REQ8$PRES8$EABIv2 0x00000000   Number         0  anon$$obj.o ABSOLUTE
    __ARM_use_no_argv                        0x00000000   Number         0  main.o ABSOLUTE
    _printf_a                                0x00000000   Number         0  stubs.o ABSOLUTE
    _printf_c                                0x00000000   Number         0  stubs.o ABSOLUTE
    _printf_charcount                        0x00000000   Number         0  stubs.o ABSOLUTE
    _printf_d                                0x00000000   Number         0  stubs.o ABSOLUTE
    _printf_e                                0x00000000   Number         0  stubs.o ABSOLUTE
    _printf_f                                0x00000000   Number         0  stubs.o ABSOLUTE
    _printf_flags                            0x00000000   Number         0  stubs.o ABSOLUTE
    _printf_fp_dec                           0x00000000   Number         0  stubs.o ABSOLUTE
    _printf_fp_hex                           0x00000000   Number         0  stubs.o ABSOLUTE
    _printf_g                                0x00000000   Number         0  stubs.o ABSOLUTE
    _printf_i                                0x00000000   Number         0  stubs.o ABSOLUTE
    _printf_int_dec                          0x00000000   Number         0  stubs.o ABSOLUTE
    _printf_l                                0x00000000   Number         0  stubs.o ABSOLUTE
    _printf_lc                               0x00000000   Number         0  stubs.o ABSOLUTE
    _printf_ll                               0x00000000   Number         0  stubs.o ABSOLUTE
    _printf_lld                              0x00000000   Number         0  stubs.o ABSOLUTE
    _printf_lli                              0x00000000   Number         0  stubs.o ABSOLUTE
    _printf_llo                              0x00000000   Number         0  stubs.o ABSOLUTE
    _printf_llu                              0x00000000   Number         0  stubs.o ABSOLUTE
    _printf_llx                              0x00000000   Number         0  stubs.o ABSOLUTE
    _printf_longlong_dec                     0x00000000   Number         0  stubs.o ABSOLUTE
    _printf_longlong_hex                     0x00000000   Number         0  stubs.o ABSOLUTE
    _printf_longlong_oct                     0x00000000   Number         0  stubs.o ABSOLUTE
    _printf_ls                               0x00000000   Number         0  stubs.o ABSOLUTE
    _printf_mbtowc                           0x00000000   Number         0  stubs.o ABSOLUTE
    _printf_n                                0x00000000   Number         0  stubs.o ABSOLUTE
    _printf_o                                0x00000000   Number         0  stubs.o ABSOLUTE
    _printf_p                                0x00000000   Number         0  stubs.o ABSOLUTE
    _printf_percent                          0x00000000   Number         0  stubs.o ABSOLUTE
    _printf_pre_padding                      0x00000000   Number         0  stubs.o ABSOLUTE
    _printf_return_value                     0x00000000   Number         0  stubs.o ABSOLUTE
    _printf_s                                0x00000000   Number         0  stubs.o ABSOLUTE
    _printf_sizespec                         0x00000000   Number         0  stubs.o ABSOLUTE
    _printf_str                              0x00000000   Number         0  stubs.o ABSOLUTE
    _printf_truncate_signed                  0x00000000   Number         0  stubs.o ABSOLUTE
    _printf_truncate_unsigned                0x00000000   Number         0  stubs.o ABSOLUTE
    _printf_u                                0x00000000   Number         0  stubs.o ABSOLUTE
    _printf_wc                               0x00000000   Number         0  stubs.o ABSOLUTE
    _printf_wctomb                           0x00000000   Number         0  stubs.o ABSOLUTE
    _printf_widthprec                        0x00000000   Number         0  stubs.o ABSOLUTE
    _printf_x                                0x00000000   Number         0  stubs.o ABSOLUTE
    __cpp_initialize__aeabi_                  - Undefined Weak Reference
    __cxa_finalize                            - Undefined Weak Reference
    _clock_init                               - Undefined Weak Reference
    _microlib_exit                            - Undefined Weak Reference
    __Vectors_Size                           0x00000130   Number         0  startup_stm32f10x_hd.o ABSOLUTE
    __Vectors                                0x08000000   Data           4  startup_stm32f10x_hd.o(RESET)
    __Vectors_End                            0x08000130   Data           0  startup_stm32f10x_hd.o(RESET)
    __main                                   0x08000131   Thumb Code     0  entry.o(.ARM.Collect$$$$00000000)
    _main_stk                                0x08000131   Thumb Code     0  entry2.o(.ARM.Collect$$$$00000001)
    _main_scatterload                        0x08000135   Thumb Code     0  entry5.o(.ARM.Collect$$$$00000004)
    __main_after_scatterload                 0x08000139   Thumb Code     0  entry5.o(.ARM.Collect$$$$00000004)
    _main_clock                              0x08000139   Thumb Code     0  entry7b.o(.ARM.Collect$$$$00000008)
    _main_cpp_init                           0x08000139   Thumb Code     0  entry8b.o(.ARM.Collect$$$$0000000A)
    _main_init                               0x08000139   Thumb Code     0  entry9a.o(.ARM.Collect$$$$0000000B)
    __rt_final_cpp                           0x08000141   Thumb Code     0  entry10a.o(.ARM.Collect$$$$0000000D)
    __rt_final_exit                          0x08000141   Thumb Code     0  entry11a.o(.ARM.Collect$$$$0000000F)
    SVC_Handler                              0x08000145   Thumb Code    32  port.o(.emb_text)
    __asm___6_port_c_39a90d8d__prvStartFirstTask 0x08000169   Thumb Code    28  port.o(.emb_text)
    PendSV_Handler                           0x08000189   Thumb Code    72  port.o(.emb_text)
    vPortGetIPSR                             0x080001d5   Thumb Code     6  port.o(.emb_text)
    Reset_Handler                            0x080001dd   Thumb Code     8  startup_stm32f10x_hd.o(.text)
    ADC1_2_IRQHandler                        0x080001f7   Thumb Code     0  startup_stm32f10x_hd.o(.text)
    ADC3_IRQHandler                          0x080001f7   Thumb Code     0  startup_stm32f10x_hd.o(.text)
    CAN1_RX1_IRQHandler                      0x080001f7   Thumb Code     0  startup_stm32f10x_hd.o(.text)
    CAN1_SCE_IRQHandler                      0x080001f7   Thumb Code     0  startup_stm32f10x_hd.o(.text)
    DMA1_Channel1_IRQHandler                 0x080001f7   Thumb Code     0  startup_stm32f10x_hd.o(.text)
    DMA1_Channel2_IRQHandler                 0x080001f7   Thumb Code     0  startup_stm32f10x_hd.o(.text)
    DMA1_Channel3_IRQHandler                 0x080001f7   Thumb Code     0  startup_stm32f10x_hd.o(.text)
    DMA1_Channel4_IRQHandler                 0x080001f7   Thumb Code     0  startup_stm32f10x_hd.o(.text)
    DMA1_Channel5_IRQHandler                 0x080001f7   Thumb Code     0  startup_stm32f10x_hd.o(.text)
    DMA1_Channel6_IRQHandler                 0x080001f7   Thumb Code     0  startup_stm32f10x_hd.o(.text)
    DMA1_Channel7_IRQHandler                 0x080001f7   Thumb Code     0  startup_stm32f10x_hd.o(.text)
    DMA2_Channel1_IRQHandler                 0x080001f7   Thumb Code     0  startup_stm32f10x_hd.o(.text)
    DMA2_Channel2_IRQHandler                 0x080001f7   Thumb Code     0  startup_stm32f10x_hd.o(.text)
    DMA2_Channel3_IRQHandler                 0x080001f7   Thumb Code     0  startup_stm32f10x_hd.o(.text)
    DMA2_Channel4_5_IRQHandler               0x080001f7   Thumb Code     0  startup_stm32f10x_hd.o(.text)
    EXTI0_IRQHandler                         0x080001f7   Thumb Code     0  startup_stm32f10x_hd.o(.text)
    EXTI1_IRQHandler                         0x080001f7   Thumb Code     0  startup_stm32f10x_hd.o(.text)
    EXTI9_5_IRQHandler                       0x080001f7   Thumb Code     0  startup_stm32f10x_hd.o(.text)
    FLASH_IRQHandler                         0x080001f7   Thumb Code     0  startup_stm32f10x_hd.o(.text)
    FSMC_IRQHandler                          0x080001f7   Thumb Code     0  startup_stm32f10x_hd.o(.text)
    I2C1_ER_IRQHandler                       0x080001f7   Thumb Code     0  startup_stm32f10x_hd.o(.text)
    I2C1_EV_IRQHandler                       0x080001f7   Thumb Code     0  startup_stm32f10x_hd.o(.text)
    I2C2_ER_IRQHandler                       0x080001f7   Thumb Code     0  startup_stm32f10x_hd.o(.text)
    I2C2_EV_IRQHandler                       0x080001f7   Thumb Code     0  startup_stm32f10x_hd.o(.text)
    PVD_IRQHandler                           0x080001f7   Thumb Code     0  startup_stm32f10x_hd.o(.text)
    RCC_IRQHandler                           0x080001f7   Thumb Code     0  startup_stm32f10x_hd.o(.text)
    RTCAlarm_IRQHandler                      0x080001f7   Thumb Code     0  startup_stm32f10x_hd.o(.text)
    RTC_IRQHandler                           0x080001f7   Thumb Code     0  startup_stm32f10x_hd.o(.text)
    SDIO_IRQHandler                          0x080001f7   Thumb Code     0  startup_stm32f10x_hd.o(.text)
    SPI1_IRQHandler                          0x080001f7   Thumb Code     0  startup_stm32f10x_hd.o(.text)
    SPI2_IRQHandler                          0x080001f7   Thumb Code     0  startup_stm32f10x_hd.o(.text)
    SPI3_IRQHandler                          0x080001f7   Thumb Code     0  startup_stm32f10x_hd.o(.text)
    TAMPER_IRQHandler                        0x080001f7   Thumb Code     0  startup_stm32f10x_hd.o(.text)
    TIM1_BRK_IRQHandler                      0x080001f7   Thumb Code     0  startup_stm32f10x_hd.o(.text)
    TIM1_CC_IRQHandler                       0x080001f7   Thumb Code     0  startup_stm32f10x_hd.o(.text)
    TIM1_TRG_COM_IRQHandler                  0x080001f7   Thumb Code     0  startup_stm32f10x_hd.o(.text)
    TIM1_UP_IRQHandler                       0x080001f7   Thumb Code     0  startup_stm32f10x_hd.o(.text)
    TIM2_IRQHandler                          0x080001f7   Thumb Code     0  startup_stm32f10x_hd.o(.text)
    TIM4_IRQHandler                          0x080001f7   Thumb Code     0  startup_stm32f10x_hd.o(.text)
    TIM5_IRQHandler                          0x080001f7   Thumb Code     0  startup_stm32f10x_hd.o(.text)
    TIM6_IRQHandler                          0x080001f7   Thumb Code     0  startup_stm32f10x_hd.o(.text)
    TIM7_IRQHandler                          0x080001f7   Thumb Code     0  startup_stm32f10x_hd.o(.text)
    TIM8_BRK_IRQHandler                      0x080001f7   Thumb Code     0  startup_stm32f10x_hd.o(.text)
    TIM8_CC_IRQHandler                       0x080001f7   Thumb Code     0  startup_stm32f10x_hd.o(.text)
    TIM8_TRG_COM_IRQHandler                  0x080001f7   Thumb Code     0  startup_stm32f10x_hd.o(.text)
    TIM8_UP_IRQHandler                       0x080001f7   Thumb Code     0  startup_stm32f10x_hd.o(.text)
    UART4_IRQHandler                         0x080001f7   Thumb Code     0  startup_stm32f10x_hd.o(.text)
    UART5_IRQHandler                         0x080001f7   Thumb Code     0  startup_stm32f10x_hd.o(.text)
    USBWakeUp_IRQHandler                     0x080001f7   Thumb Code     0  startup_stm32f10x_hd.o(.text)
    USB_HP_CAN1_TX_IRQHandler                0x080001f7   Thumb Code     0  startup_stm32f10x_hd.o(.text)
    USB_LP_CAN1_RX0_IRQHandler               0x080001f7   Thumb Code     0  startup_stm32f10x_hd.o(.text)
    WWDG_IRQHandler                          0x080001f7   Thumb Code     0  startup_stm32f10x_hd.o(.text)
    __aeabi_memcpy                           0x08000201   Thumb Code    36  memcpya.o(.text)
    __aeabi_memcpy4                          0x08000201   Thumb Code     0  memcpya.o(.text)
    __aeabi_memcpy8                          0x08000201   Thumb Code     0  memcpya.o(.text)
    __aeabi_memset                           0x08000225   Thumb Code    14  memseta.o(.text)
    __aeabi_memset4                          0x08000225   Thumb Code     0  memseta.o(.text)
    __aeabi_memset8                          0x08000225   Thumb Code     0  memseta.o(.text)
    __aeabi_memclr                           0x08000233   Thumb Code     4  memseta.o(.text)
    __aeabi_memclr4                          0x08000233   Thumb Code     0  memseta.o(.text)
    __aeabi_memclr8                          0x08000233   Thumb Code     0  memseta.o(.text)
    _memset$wrapper                          0x08000237   Thumb Code    18  memseta.o(.text)
    strcat                                   0x08000249   Thumb Code    24  strcat.o(.text)
    strstr                                   0x08000261   Thumb Code    36  strstr.o(.text)
    strncpy                                  0x08000285   Thumb Code    24  strncpy.o(.text)
    strlen                                   0x0800029d   Thumb Code    14  strlen.o(.text)
    strcmp                                   0x080002ab   Thumb Code    28  strcmp.o(.text)
    strncat                                  0x080002c7   Thumb Code    40  strncat.o(.text)
    strncmp                                  0x080002ef   Thumb Code    30  strncmp.o(.text)
    __aeabi_fmul                             0x0800030d   Thumb Code   100  fmul.o(.text)
    __aeabi_fdiv                             0x08000371   Thumb Code   124  fdiv.o(.text)
    __aeabi_dadd                             0x080003ed   Thumb Code   322  dadd.o(.text)
    __aeabi_dsub                             0x0800052f   Thumb Code     6  dadd.o(.text)
    __aeabi_drsub                            0x08000535   Thumb Code     6  dadd.o(.text)
    __aeabi_dmul                             0x0800053b   Thumb Code   228  dmul.o(.text)
    __aeabi_ui2f                             0x0800061f   Thumb Code    10  ffltui.o(.text)
    __aeabi_d2uiz                            0x08000629   Thumb Code    50  dfixui.o(.text)
    __aeabi_f2d                              0x0800065b   Thumb Code    38  f2d.o(.text)
    __aeabi_d2f                              0x08000681   Thumb Code    56  d2f.o(.text)
    __aeabi_uidiv                            0x080006b9   Thumb Code     0  uidiv.o(.text)
    __aeabi_uidivmod                         0x080006b9   Thumb Code    44  uidiv.o(.text)
    __aeabi_uldivmod                         0x080006e5   Thumb Code    98  uldiv.o(.text)
    __aeabi_llsl                             0x08000747   Thumb Code    30  llshl.o(.text)
    _ll_shift_l                              0x08000747   Thumb Code     0  llshl.o(.text)
    __aeabi_llsr                             0x08000765   Thumb Code    32  llushr.o(.text)
    _ll_ushift_r                             0x08000765   Thumb Code     0  llushr.o(.text)
    __aeabi_lasr                             0x08000785   Thumb Code    36  llsshr.o(.text)
    _ll_sshift_r                             0x08000785   Thumb Code     0  llsshr.o(.text)
    __I$use$fp                               0x080007a9   Thumb Code     0  iusefp.o(.text)
    _float_round                             0x080007a9   Thumb Code    18  fepilogue.o(.text)
    _float_epilogue                          0x080007bb   Thumb Code    92  fepilogue.o(.text)
    _double_round                            0x08000817   Thumb Code    30  depilogue.o(.text)
    _double_epilogue                         0x08000835   Thumb Code   156  depilogue.o(.text)
    __aeabi_ddiv                             0x080008d1   Thumb Code   222  ddiv.o(.text)
    __aeabi_d2ulz                            0x080009af   Thumb Code    48  dfixul.o(.text)
    __aeabi_cdrcmple                         0x080009e1   Thumb Code    48  cdrcmple.o(.text)
    __scatterload                            0x08000a11   Thumb Code    28  init.o(.text)
    __scatterload_rt2                        0x08000a11   Thumb Code     0  init.o(.text)
    __decompress                             0x08000a35   Thumb Code     0  __dczerorl2.o(.text)
    __decompress1                            0x08000a35   Thumb Code    86  __dczerorl2.o(.text)
    ADC_Cmd                                  0x08000a8b   Thumb Code    22  stm32f10x_adc.o(i.ADC_Cmd)
    ADC_DeInit                               0x08000aa1   Thumb Code    78  stm32f10x_adc.o(i.ADC_DeInit)
    ADC_GetCalibrationStatus                 0x08000afd   Thumb Code    20  stm32f10x_adc.o(i.ADC_GetCalibrationStatus)
    ADC_GetConversionValue                   0x08000b11   Thumb Code     8  stm32f10x_adc.o(i.ADC_GetConversionValue)
    ADC_GetFlagStatus                        0x08000b19   Thumb Code    18  stm32f10x_adc.o(i.ADC_GetFlagStatus)
    ADC_GetResetCalibrationStatus            0x08000b2b   Thumb Code    20  stm32f10x_adc.o(i.ADC_GetResetCalibrationStatus)
    ADC_Init                                 0x08000b41   Thumb Code    70  stm32f10x_adc.o(i.ADC_Init)
    ADC_RegularChannelConfig                 0x08000b91   Thumb Code   184  stm32f10x_adc.o(i.ADC_RegularChannelConfig)
    ADC_ResetCalibration                     0x08000c49   Thumb Code    10  stm32f10x_adc.o(i.ADC_ResetCalibration)
    ADC_SoftwareStartConvCmd                 0x08000c53   Thumb Code    22  stm32f10x_adc.o(i.ADC_SoftwareStartConvCmd)
    ADC_StartCalibration                     0x08000c69   Thumb Code    10  stm32f10x_adc.o(i.ADC_StartCalibration)
    Adc_Init                                 0x08000c75   Thumb Code   132  adc.o(i.Adc_Init)
    BusFault_Handler                         0x08000d01   Thumb Code     4  stm32f10x_it.o(i.BusFault_Handler)
    ConfigureTimeForRunTimeStats             0x08000d05   Thumb Code    22  timer.o(i.ConfigureTimeForRunTimeStats)
    DBGMCU_Config                            0x08000d21   Thumb Code    26  stm32f10x_dbgmcu.o(i.DBGMCU_Config)
    DebugMon_Handler                         0x08000d41   Thumb Code     2  stm32f10x_it.o(i.DebugMon_Handler)
    EXTI15_10_IRQHandler                     0x08000d45   Thumb Code   180  key.o(i.EXTI15_10_IRQHandler)
    EXTI2_IRQHandler                         0x08000e5d   Thumb Code    98  key.o(i.EXTI2_IRQHandler)
    EXTI3_IRQHandler                         0x08000f01   Thumb Code    84  key.o(i.EXTI3_IRQHandler)
    EXTI4_IRQHandler                         0x08000f95   Thumb Code    84  key.o(i.EXTI4_IRQHandler)
    EXTI_ClearITPendingBit                   0x08001029   Thumb Code     6  stm32f10x_exti.o(i.EXTI_ClearITPendingBit)
    EXTI_GetITStatus                         0x08001035   Thumb Code    34  stm32f10x_exti.o(i.EXTI_GetITStatus)
    EXTI_Init                                0x0800105d   Thumb Code   142  stm32f10x_exti.o(i.EXTI_Init)
    FreeRTOS_CLIGetParameter                 0x080010f1   Thumb Code    92  freertos_cli.o(i.FreeRTOS_CLIGetParameter)
    FreeRTOS_CLIProcessCommand               0x0800114d   Thumb Code   208  freertos_cli.o(i.FreeRTOS_CLIProcessCommand)
    FreeRTOS_CLIRegisterCommand              0x0800122d   Thumb Code    46  freertos_cli.o(i.FreeRTOS_CLIRegisterCommand)
    GPIO_EXTILineConfig                      0x08001261   Thumb Code    60  stm32f10x_gpio.o(i.GPIO_EXTILineConfig)
    GPIO_Init                                0x080012a1   Thumb Code   278  stm32f10x_gpio.o(i.GPIO_Init)
    GPIO_PinRemapConfig                      0x080013b9   Thumb Code   138  stm32f10x_gpio.o(i.GPIO_PinRemapConfig)
    GPIO_SetBits                             0x08001449   Thumb Code     4  stm32f10x_gpio.o(i.GPIO_SetBits)
    Get_Adc                                  0x0800144d   Thumb Code    46  adc.o(i.Get_Adc)
    Get_Adc_Average                          0x08001481   Thumb Code    46  adc.o(i.Get_Adc_Average)
    HardFault_Handler                        0x080014af   Thumb Code     4  stm32f10x_it.o(i.HardFault_Handler)
    IWDG_Configuration                       0x080014b5   Thumb Code    98  main.o(i.IWDG_Configuration)
    IWDG_Enable                              0x08001531   Thumb Code    10  stm32f10x_iwdg.o(i.IWDG_Enable)
    IWDG_ReloadCounter                       0x08001541   Thumb Code    10  stm32f10x_iwdg.o(i.IWDG_ReloadCounter)
    IWDG_SetPrescaler                        0x08001551   Thumb Code     6  stm32f10x_iwdg.o(i.IWDG_SetPrescaler)
    IWDG_SetReload                           0x0800155d   Thumb Code     6  stm32f10x_iwdg.o(i.IWDG_SetReload)
    IWDG_WriteAccessCmd                      0x08001569   Thumb Code     6  stm32f10x_iwdg.o(i.IWDG_WriteAccessCmd)
    LCD_Clear                                0x08001575   Thumb Code    90  st7789s.o(i.LCD_Clear)
    LCD_DrawLine                             0x080015dd   Thumb Code   176  st7789s.o(i.LCD_DrawLine)
    LCD_DrawPoint                            0x0800168d   Thumb Code    86  st7789s.o(i.LCD_DrawPoint)
    LCD_DrawRectangle                        0x080016f5   Thumb Code    64  st7789s.o(i.LCD_DrawRectangle)
    LCD_Fill                                 0x08001735   Thumb Code   132  st7789s.o(i.LCD_Fill)
    LCD_GPIO_Init                            0x080017c5   Thumb Code    72  st7789s.o(i.LCD_GPIO_Init)
    LCD_Init                                 0x08001815   Thumb Code  1576  st7789s.o(i.LCD_Init)
    LCD_RESET                                0x08001e45   Thumb Code    40  st7789s.o(i.LCD_RESET)
    LCD_SetCursor                            0x08001e71   Thumb Code   160  st7789s.o(i.LCD_SetCursor)
    LCD_ShowChar                             0x08001f19   Thumb Code   436  st7789s.o(i.LCD_ShowChar)
    LCD_ShowChinese                          0x080020e1   Thumb Code  1228  st7789s.o(i.LCD_ShowChinese)
    LCD_ShowFontEN                           0x080025b1   Thumb Code   212  st7789s.o(i.LCD_ShowFontEN)
    LCD_ShowFontHZ                           0x0800268d   Thumb Code   478  st7789s.o(i.LCD_ShowFontHZ)
    LCD_ShowPicture                          0x08002879   Thumb Code    94  st7789s.o(i.LCD_ShowPicture)
    LCD_ShowString                           0x080028dd   Thumb Code   102  st7789s.o(i.LCD_ShowString)
    LCD_WR_REG                               0x08002945   Thumb Code    36  st7789s.o(i.LCD_WR_REG)
    LCD_WriteRAM_Prepare                     0x08002971   Thumb Code    10  st7789s.o(i.LCD_WriteRAM_Prepare)
    MemManage_Handler                        0x0800297b   Thumb Code     4  stm32f10x_it.o(i.MemManage_Handler)
    NMI_Handler                              0x0800297f   Thumb Code     2  stm32f10x_it.o(i.NMI_Handler)
    NVIC_Init                                0x08002981   Thumb Code   100  misc.o(i.NVIC_Init)
    NVIC_PriorityGroupConfig                 0x080029f1   Thumb Code    10  misc.o(i.NVIC_PriorityGroupConfig)
    RCC_ADCCLKConfig                         0x08002a05   Thumb Code    18  stm32f10x_rcc.o(i.RCC_ADCCLKConfig)
    RCC_APB1PeriphClockCmd                   0x08002a1d   Thumb Code    26  stm32f10x_rcc.o(i.RCC_APB1PeriphClockCmd)
    RCC_APB1PeriphResetCmd                   0x08002a3d   Thumb Code    26  stm32f10x_rcc.o(i.RCC_APB1PeriphResetCmd)
    RCC_APB2PeriphClockCmd                   0x08002a5d   Thumb Code    26  stm32f10x_rcc.o(i.RCC_APB2PeriphClockCmd)
    RCC_APB2PeriphResetCmd                   0x08002a7d   Thumb Code    26  stm32f10x_rcc.o(i.RCC_APB2PeriphResetCmd)
    RCC_ClearFlag                            0x08002a9d   Thumb Code    14  stm32f10x_rcc.o(i.RCC_ClearFlag)
    RCC_GetClocksFreq                        0x08002ab1   Thumb Code   192  stm32f10x_rcc.o(i.RCC_GetClocksFreq)
    RCC_GetFlagStatus                        0x08002b85   Thumb Code    56  stm32f10x_rcc.o(i.RCC_GetFlagStatus)
    RCC_LSICmd                               0x08002bc1   Thumb Code     6  stm32f10x_rcc.o(i.RCC_LSICmd)
    SysTick_CLKSourceConfig                  0x08002cb5   Thumb Code    40  misc.o(i.SysTick_CLKSourceConfig)
    SysTick_Handler                          0x08002cdd   Thumb Code    16  delay.o(i.SysTick_Handler)
    SystemInit                               0x08002ced   Thumb Code    78  system_stm32f10x.o(i.SystemInit)
    TIM3_IRQHandler                          0x08002d4d   Thumb Code    42  timer.o(i.TIM3_IRQHandler)
    TIM3_Int_Init                            0x08002d81   Thumb Code    90  timer.o(i.TIM3_Int_Init)
    TIM_ClearITPendingBit                    0x08002de1   Thumb Code     6  stm32f10x_tim.o(i.TIM_ClearITPendingBit)
    TIM_Cmd                                  0x08002de7   Thumb Code    24  stm32f10x_tim.o(i.TIM_Cmd)
    TIM_GetITStatus                          0x08002dff   Thumb Code    34  stm32f10x_tim.o(i.TIM_GetITStatus)
    TIM_ITConfig                             0x08002e21   Thumb Code    18  stm32f10x_tim.o(i.TIM_ITConfig)
    TIM_TimeBaseInit                         0x08002e35   Thumb Code   122  stm32f10x_tim.o(i.TIM_TimeBaseInit)
    USART1_IRQHandler                        0x08002ed9   Thumb Code   162  usart.o(i.USART1_IRQHandler)
    USART2_IRQHandler                        0x08002fa5   Thumb Code   130  usart.o(i.USART2_IRQHandler)
    USART3_IRQHandler                        0x08003039   Thumb Code   176  usart.o(i.USART3_IRQHandler)
    USART_ClearFlag                          0x0800312d   Thumb Code    18  stm32f10x_usart.o(i.USART_ClearFlag)
    USART_Cmd                                0x0800313f   Thumb Code    24  stm32f10x_usart.o(i.USART_Cmd)
    USART_DeInit                             0x08003159   Thumb Code   134  stm32f10x_usart.o(i.USART_DeInit)
    USART_GetFlagStatus                      0x080031f5   Thumb Code    26  stm32f10x_usart.o(i.USART_GetFlagStatus)
    USART_GetITStatus                        0x0800320f   Thumb Code    84  stm32f10x_usart.o(i.USART_GetITStatus)
    USART_ITConfig                           0x08003263   Thumb Code    74  stm32f10x_usart.o(i.USART_ITConfig)
    USART_Init                               0x080032ad   Thumb Code   210  stm32f10x_usart.o(i.USART_Init)
    USART_ReceiveData                        0x08003385   Thumb Code    10  stm32f10x_usart.o(i.USART_ReceiveData)
    USART_SendData                           0x0800338f   Thumb Code     8  stm32f10x_usart.o(i.USART_SendData)
    UsageFault_Handler                       0x08003397   Thumb Code     4  stm32f10x_it.o(i.UsageFault_Handler)
    _CMIOT_BLE_DataProcess                   0x0800339d   Thumb Code   356  bluetooth.o(i._CMIOT_BLE_DataProcess)
    _CMIOT_BLE_ExitPassthroughMode           0x08003621   Thumb Code    70  bluetooth.o(i._CMIOT_BLE_ExitPassthroughMode)
    _CMIOT_BLE_Init                          0x08003695   Thumb Code    54  bluetooth.o(i._CMIOT_BLE_Init)
    _CMIOT_BLE_OffMaxPut                     0x080036f1   Thumb Code    70  bluetooth.o(i._CMIOT_BLE_OffMaxPut)
    _CMIOT_BLE_RSP_attachTime                0x0800376d   Thumb Code    82  bluetooth.o(i._CMIOT_BLE_RSP_attachTime)
    _CMIOT_BLE_RSP_comprehensiveTest         0x08003809   Thumb Code   182  bluetooth.o(i._CMIOT_BLE_RSP_comprehensiveTest)
    _CMIOT_BLE_RSP_deviceInfo                0x08003975   Thumb Code   248  bluetooth.o(i._CMIOT_BLE_RSP_deviceInfo)
    _CMIOT_BLE_RSP_pingDelay                 0x08003b49   Thumb Code    90  bluetooth.o(i._CMIOT_BLE_RSP_pingDelay)
    _CMIOT_BLE_RSP_radioInfo                 0x08003bfd   Thumb Code   306  bluetooth.o(i._CMIOT_BLE_RSP_radioInfo)
    _CMIOT_BLE_Reboot                        0x08003e21   Thumb Code   136  bluetooth.o(i._CMIOT_BLE_Reboot)
    _CMIOT_BLE_SetName                       0x08003f01   Thumb Code   130  bluetooth.o(i._CMIOT_BLE_SetName)
    _CMIOT_BLE_SetPacketInterval             0x08003fc1   Thumb Code    70  bluetooth.o(i._CMIOT_BLE_SetPacketInterval)
    _CMIOT_BluetoothMode                     0x0800403d   Thumb Code    32  ui.o(i._CMIOT_BluetoothMode)
    _CMIOT_BluetoothTaskProc                 0x0800406d   Thumb Code    38  main.o(i._CMIOT_BluetoothTaskProc)
    _CMIOT_CLI_Init                          0x080040b1   Thumb Code    26  user_cli.o(i._CMIOT_CLI_Init)
    _CMIOT_CliTaskProc                       0x080040d1   Thumb Code   100  main.o(i._CMIOT_CliTaskProc)
    _CMIOT_ComprehensiveTest                 0x08004169   Thumb Code  1412  ui.o(i._CMIOT_ComprehensiveTest)
    _CMIOT_Debug                             0x080046f5   Thumb Code    68  common.o(i._CMIOT_Debug)
    _CMIOT_ExecuteAtCmd                      0x08004741   Thumb Code   142  m5310.o(i._CMIOT_ExecuteAtCmd)
    _CMIOT_ExecuteBLEAtCmd                   0x08004819   Thumb Code   142  bluetooth.o(i._CMIOT_ExecuteBLEAtCmd)
    _CMIOT_GUI_Init                          0x080048f1   Thumb Code   634  ui.o(i._CMIOT_GUI_Init)
    _CMIOT_GetICCID                          0x08004c21   Thumb Code   144  m5310.o(i._CMIOT_GetICCID)
    _CMIOT_GetIMEI                           0x08004d05   Thumb Code   144  m5310.o(i._CMIOT_GetIMEI)
    _CMIOT_GetIMSI                           0x08004ded   Thumb Code   166  m5310.o(i._CMIOT_GetIMSI)
    _CMIOT_GetModuleName                     0x08004ed9   Thumb Code   166  m5310.o(i._CMIOT_GetModuleName)
    _CMIOT_GetModuleVersion                  0x08004fc9   Thumb Code   166  m5310.o(i._CMIOT_GetModuleVersion)
    _CMIOT_GetNB_Band                        0x080050bd   Thumb Code   196  m5310.o(i._CMIOT_GetNB_Band)
    _CMIOT_GetNetworkDelay                   0x080051d9   Thumb Code   232  m5310.o(i._CMIOT_GetNetworkDelay)
    _CMIOT_GetPLMN                           0x08005331   Thumb Code   144  m5310.o(i._CMIOT_GetPLMN)
    _CMIOT_Get_PSM_TIMER_Value               0x08005405   Thumb Code   588  m5310.o(i._CMIOT_Get_PSM_TIMER_Value)
    _CMIOT_LcdTaskProc                       0x080056f9   Thumb Code    20  main.o(i._CMIOT_LcdTaskProc)
    _CMIOT_M5310TaskProc                     0x0800571d   Thumb Code   114  main.o(i._CMIOT_M5310TaskProc)
    _CMIOT_M5310Uartbuf2Ble                  0x080057d9   Thumb Code    60  bluetooth.o(i._CMIOT_M5310Uartbuf2Ble)
    _CMIOT_M5310_GetRegisterTime             0x08005851   Thumb Code   156  m5310.o(i._CMIOT_M5310_GetRegisterTime)
    _CMIOT_M5310_GetSignalstrength           0x0800596d   Thumb Code   146  m5310.o(i._CMIOT_M5310_GetSignalstrength)
    _CMIOT_M5310_GetUeState                  0x08005a3d   Thumb Code   666  m5310.o(i._CMIOT_M5310_GetUeState)
    _CMIOT_NBIOT_Measurement                 0x08005e15   Thumb Code    92  ui.o(i._CMIOT_NBIOT_Measurement)
    _CMIOT_ShowBatteryLevel                  0x08005e85   Thumb Code   322  ui.o(i._CMIOT_ShowBatteryLevel)
    _CMIOT_ShowDeviceInfo                    0x08005fcd   Thumb Code   524  ui.o(i._CMIOT_ShowDeviceInfo)
    _CMIOT_ShowInstructionMsg                0x0800626d   Thumb Code   328  ui.o(i._CMIOT_ShowInstructionMsg)
    _CMIOT_ShowNetworkRegTime                0x08006545   Thumb Code   970  ui.o(i._CMIOT_ShowNetworkRegTime)
    _CMIOT_ShowPingResult                    0x08006a09   Thumb Code   794  ui.o(i._CMIOT_ShowPingResult)
    _CMIOT_ShowRadioInfo                     0x08006df9   Thumb Code   844  ui.o(i._CMIOT_ShowRadioInfo)
    _CMIOT_ShowSignalStrength                0x08007229   Thumb Code   596  ui.o(i._CMIOT_ShowSignalStrength)
    _CMIOT_StartTaskProc                     0x0800747d   Thumb Code    94  main.o(i._CMIOT_StartTaskProc)
    _CMIOT_Str_EndWith                       0x0800752d   Thumb Code    80  common.o(i._CMIOT_Str_EndWith)
    _CMIOT_Str_StartWith                     0x0800757d   Thumb Code    56  common.o(i._CMIOT_Str_StartWith)
    _CMIOT_TabIndex                          0x080075b5   Thumb Code  3144  ui.o(i._CMIOT_TabIndex)
    _CMIOT_UI_BootPage                       0x08008219   Thumb Code   108  ui.o(i._CMIOT_UI_BootPage)
    _CMIOT_Uart_Init                         0x080082b5   Thumb Code   490  usart.o(i._CMIOT_Uart_Init)
    _CMIOT_Uart_send                         0x080084b9   Thumb Code    64  usart.o(i._CMIOT_Uart_send)
    _CMIOT_atoi                              0x080084f9   Thumb Code   134  common.o(i._CMIOT_atoi)
    __0sprintf                               0x08008581   Thumb Code    34  printfa.o(i.__0sprintf)
    __1sprintf                               0x08008581   Thumb Code     0  printfa.o(i.__0sprintf)
    __2sprintf                               0x08008581   Thumb Code     0  printfa.o(i.__0sprintf)
    __c89sprintf                             0x08008581   Thumb Code     0  printfa.o(i.__0sprintf)
    sprintf                                  0x08008581   Thumb Code     0  printfa.o(i.__0sprintf)
    __0vsnprintf                             0x080085a9   Thumb Code    32  printfa.o(i.__0vsnprintf)
    __1vsnprintf                             0x080085a9   Thumb Code     0  printfa.o(i.__0vsnprintf)
    __2vsnprintf                             0x080085a9   Thumb Code     0  printfa.o(i.__0vsnprintf)
    __c89vsnprintf                           0x080085a9   Thumb Code     0  printfa.o(i.__0vsnprintf)
    vsnprintf                                0x080085a9   Thumb Code     0  printfa.o(i.__0vsnprintf)
    __scatterload_copy                       0x080085cd   Thumb Code    14  handlers.o(i.__scatterload_copy)
    __scatterload_null                       0x080085db   Thumb Code     2  handlers.o(i.__scatterload_null)
    __scatterload_zeroinit                   0x080085dd   Thumb Code    14  handlers.o(i.__scatterload_zeroinit)
    cm_getBatteryVol                         0x08008ea1   Thumb Code    46  adc.o(i.cm_getBatteryVol)
    cm_key_init                              0x08008ed5   Thumb Code   460  key.o(i.cm_key_init)
    delay_init                               0x080090b1   Thumb Code    68  delay.o(i.delay_init)
    delay_ms                                 0x08009101   Thumb Code    34  delay.o(i.delay_ms)
    delay_us                                 0x08009125   Thumb Code    68  delay.o(i.delay_us)
    floor                                    0x0800916d   Thumb Code   204  floor.o(i.floor)
    main                                     0x08009249   Thumb Code   112  main.o(i.main)
    prvDebugLevelCommand                     0x080095c1   Thumb Code   108  user_cli.o(i.prvDebugLevelCommand)
    prvEnableBleDebugModeCommand             0x0800968d   Thumb Code   108  user_cli.o(i.prvEnableBleDebugModeCommand)
    prvEnableNbDebugModeCommand              0x08009745   Thumb Code   108  user_cli.o(i.prvEnableNbDebugModeCommand)
    prvGetHeapUsageCommand                   0x080097fd   Thumb Code   188  user_cli.o(i.prvGetHeapUsageCommand)
    prvGetSysTimeCommand                     0x0800999d   Thumb Code    54  user_cli.o(i.prvGetSysTimeCommand)
    prvSendAt2BleModuleCommand               0x08009f71   Thumb Code    64  user_cli.o(i.prvSendAt2BleModuleCommand)
    prvSendAt2NbModuleCommand                0x08009fb9   Thumb Code    64  user_cli.o(i.prvSendAt2NbModuleCommand)
    pvPortMalloc                             0x0800a15d   Thumb Code   188  heap_4.o(i.pvPortMalloc)
    pxPortInitialiseStack                    0x0800a22d   Thumb Code    30  port.o(i.pxPortInitialiseStack)
    ulTaskNotifyTake                         0x0800a251   Thumb Code   108  tasks.o(i.ulTaskNotifyTake)
    uxListRemove                             0x0800a2c5   Thumb Code    40  list.o(i.uxListRemove)
    uxTaskGetStackHighWaterMark              0x0800a2ed   Thumb Code    34  tasks.o(i.uxTaskGetStackHighWaterMark)
    vListInitialise                          0x0800a315   Thumb Code    26  list.o(i.vListInitialise)
    vListInitialiseItem                      0x0800a32f   Thumb Code     6  list.o(i.vListInitialiseItem)
    vListInsert                              0x0800a335   Thumb Code    52  list.o(i.vListInsert)
    vListInsertEnd                           0x0800a369   Thumb Code    24  list.o(i.vListInsertEnd)
    vPortEnterCritical                       0x0800a381   Thumb Code    30  port.o(i.vPortEnterCritical)
    vPortExitCritical                        0x0800a3a5   Thumb Code    28  port.o(i.vPortExitCritical)
    vPortFree                                0x0800a3c5   Thumb Code    64  heap_4.o(i.vPortFree)
    vPortSetupTimerInterrupt                 0x0800a40d   Thumb Code    20  port.o(i.vPortSetupTimerInterrupt)
    vQueueAddToRegistry                      0x0800a425   Thumb Code    38  queue.o(i.vQueueAddToRegistry)
    vQueueWaitForMessageRestricted           0x0800a451   Thumb Code    74  queue.o(i.vQueueWaitForMessageRestricted)
    vTaskDelay                               0x0800a49d   Thumb Code    46  tasks.o(i.vTaskDelay)
    vTaskDelete                              0x0800a4d1   Thumb Code   166  tasks.o(i.vTaskDelete)
    vTaskInternalSetTimeOutState             0x0800a59d   Thumb Code    14  tasks.o(i.vTaskInternalSetTimeOutState)
    vTaskMissedYield                         0x0800a5b5   Thumb Code     8  tasks.o(i.vTaskMissedYield)
    vTaskNotifyGiveFromISR                   0x0800a5c1   Thumb Code   154  tasks.o(i.vTaskNotifyGiveFromISR)
    vTaskPlaceOnEventList                    0x0800a675   Thumb Code    28  tasks.o(i.vTaskPlaceOnEventList)
    vTaskPlaceOnEventListRestricted          0x0800a695   Thumb Code    36  tasks.o(i.vTaskPlaceOnEventListRestricted)
    vTaskStartScheduler                      0x0800a6bd   Thumb Code    86  tasks.o(i.vTaskStartScheduler)
    vTaskSuspendAll                          0x0800a731   Thumb Code    12  tasks.o(i.vTaskSuspendAll)
    vTaskSwitchContext                       0x0800a741   Thumb Code   130  tasks.o(i.vTaskSwitchContext)
    xPortGetFreeHeapSize                     0x0800a7e5   Thumb Code     6  heap_4.o(i.xPortGetFreeHeapSize)
    xPortStartScheduler                      0x0800a7f1   Thumb Code    42  port.o(i.xPortStartScheduler)
    xPortSysTickHandler                      0x0800a825   Thumb Code    46  port.o(i.xPortSysTickHandler)
    xQueueGenericCreate                      0x0800a859   Thumb Code    56  queue.o(i.xQueueGenericCreate)
    xQueueGenericReset                       0x0800a891   Thumb Code   122  queue.o(i.xQueueGenericReset)
    xQueueGenericSend                        0x0800a911   Thumb Code   308  queue.o(i.xQueueGenericSend)
    xQueueGenericSendFromISR                 0x0800aa49   Thumb Code   156  queue.o(i.xQueueGenericSendFromISR)
    xQueueReceive                            0x0800aae5   Thumb Code   256  queue.o(i.xQueueReceive)
    xTaskCheckForTimeOut                     0x0800abe9   Thumb Code    84  tasks.o(i.xTaskCheckForTimeOut)
    xTaskCreate                              0x0800ac45   Thumb Code    96  tasks.o(i.xTaskCreate)
    xTaskGetSchedulerState                   0x0800aca5   Thumb Code    24  tasks.o(i.xTaskGetSchedulerState)
    xTaskGetTickCount                        0x0800acc5   Thumb Code     6  tasks.o(i.xTaskGetTickCount)
    xTaskGetTickCountFromISR                 0x0800acd1   Thumb Code     8  tasks.o(i.xTaskGetTickCountFromISR)
    xTaskIncrementTick                       0x0800acdd   Thumb Code   238  tasks.o(i.xTaskIncrementTick)
    xTaskPriorityDisinherit                  0x0800adf9   Thumb Code   122  tasks.o(i.xTaskPriorityDisinherit)
    xTaskRemoveFromEventList                 0x0800ae7d   Thumb Code   104  tasks.o(i.xTaskRemoveFromEventList)
    xTaskResumeAll                           0x0800aefd   Thumb Code   196  tasks.o(i.xTaskResumeAll)
    xTimerCreate                             0x0800afe5   Thumb Code    48  timers.o(i.xTimerCreate)
    xTimerCreateTimerTask                    0x0800b015   Thumb Code    40  timers.o(i.xTimerCreateTimerTask)
    xTimerGenericCommand                     0x0800b051   Thumb Code   104  timers.o(i.xTimerGenericCommand)
    asc2_1206                                0x0800b54c   Data        1140  st7789s.o(.constdata)
    asc2_1608                                0x0800b9c0   Data        1520  st7789s.o(.constdata)
    ascii_3216                               0x0800bfb0   Data       12160  st7789s.o(.constdata)
    newArialCnChar24x24                      0x0800ef30   Data         456  st7789s.o(.constdata)
    newArialCnChar16x16                      0x0800f0f8   Data        3960  st7789s.o(.constdata)
    EnChar16x24                              0x08010070   Data        1400  st7789s.o(.constdata)
    Arial24x27                               0x080105e8   Data        1105  st7789s.o(.constdata)
    Yahei16x21                               0x08010a39   Data         966  st7789s.o(.constdata)
    gImage_signalSign                        0x08010dff   Data         800  ui.o(.constdata)
    BluetoothImage                           0x0801111f   Data        1080  ui.o(.constdata)
    LogoImage                                0x08011557   Data        1800  ui.o(.constdata)
    BootImage                                0x08011c5f   Data       20000  ui.o(.constdata)
    gImage_settingIcon                       0x08016a7f   Data        5000  ui.o(.constdata)
    gImage_radioIcon                         0x08017e07   Data        5000  ui.o(.constdata)
    gImage_cellIcon                          0x0801918f   Data        5000  ui.o(.constdata)
    gImage_pingIcon                          0x0801a517   Data        5000  ui.o(.constdata)
    gImage_testIcon                          0x0801b89f   Data        5000  ui.o(.constdata)
    gImage_bluetoothIcon                     0x0801cc27   Data        5000  ui.o(.constdata)
    gImage_instructionsIcon                  0x0801dfaf   Data        5000  ui.o(.constdata)
    Region$$Table$$Base                      0x0801f910   Number         0  anon$$obj.o(Region$$Table)
    Region$$Table$$Limit                     0x0801f930   Number         0  anon$$obj.o(Region$$Table)
    UART_CLI_RxBufferLen                     0x20000014   Data           4  main.o(.data)
    start_task                               0x20000018   Data           4  main.o(.data)
    cli_task                                 0x2000001c   Data           4  main.o(.data)
    m5310_task                               0x20000020   Data           4  main.o(.data)
    lcd_task                                 0x20000024   Data           4  main.o(.data)
    bluetooth_task                           0x20000028   Data           4  main.o(.data)
    watchDogTimer                            0x2000002c   Data           4  main.o(.data)
    menuPosition                             0x20000030   Data           6  main.o(.data)
    SystemCoreClock                          0x20000038   Data           4  system_stm32f10x.o(.data)
    AHBPrescTable                            0x2000003c   Data          16  system_stm32f10x.o(.data)
    pxCurrentTCB                             0x2000004c   Data           4  tasks.o(.data)
    NB_DEBUG_FLAG                            0x200000c1   Data           1  usart.o(.data)
    BLE_DEBUG_FLAG                           0x200000c2   Data           1  usart.o(.data)
    FreeRTOSRunTimeTicks                     0x200000c8   Data           8  timer.o(.data)
    DEBUG_FLAG                               0x200000d0   Data           1  common.o(.data)
    UART_M5310_RxBufferLen                   0x20000158   Data           4  m5310.o(.data)
    PING_ADDR                                0x2000015c   Data          14  m5310.o(.data)
    Arial16x18                               0x2000016a   Data        1960  st7789s.o(.data)
    POINT_COLOR                              0x20000912   Data           2  st7789s.o(.data)
    BACK_COLOR                               0x20000914   Data           2  st7789s.o(.data)
    DeviceCode                               0x20000916   Data           2  st7789s.o(.data)
    UART_BLE_RxBufferLen                     0x20000918   Data           4  bluetooth.o(.data)
    BLE_AT_EXE_FLAG                          0x2000091c   Data           1  bluetooth.o(.data)
    bleAtExeTimer                            0x20000920   Data           4  bluetooth.o(.data)
    UART_CLI_RxBuffer                        0x20000924   Data         100  main.o(.bss)
    xQueueRegistry                           0x200009ec   Data          64  queue.o(.bss)
    UART_M5310_RxBuffer                      0x20005b1c   Data         512  m5310.o(.bss)
    UART_BLE_RxBuffer                        0x20005d9c   Data         512  bluetooth.o(.bss)
    __initial_sp                             0x200063e0   Data           0  startup_stm32f10x_hd.o(STACK)



==============================================================================

Memory Map of the image

  Image Entry point : 0x08000131

  Load Region LR_IROM1 (Base: 0x08000000, Size: 0x00020254, Max: 0x00040000, ABSOLUTE, COMPRESSED[0x0001ffe4])

    Execution Region ER_IROM1 (Base: 0x08000000, Size: 0x0001f930, Max: 0x00040000, ABSOLUTE)

    Base Addr    Size         Type   Attr      Idx    E Section Name        Object

    0x08000000   0x00000130   Data   RO            3    RESET               startup_stm32f10x_hd.o
    0x08000130   0x00000000   Code   RO         5321  * .ARM.Collect$$$$00000000  mc_w.l(entry.o)
    0x08000130   0x00000004   Code   RO         5627    .ARM.Collect$$$$00000001  mc_w.l(entry2.o)
    0x08000134   0x00000004   Code   RO         5630    .ARM.Collect$$$$00000004  mc_w.l(entry5.o)
    0x08000138   0x00000000   Code   RO         5632    .ARM.Collect$$$$00000008  mc_w.l(entry7b.o)
    0x08000138   0x00000000   Code   RO         5634    .ARM.Collect$$$$0000000A  mc_w.l(entry8b.o)
    0x08000138   0x00000008   Code   RO         5635    .ARM.Collect$$$$0000000B  mc_w.l(entry9a.o)
    0x08000140   0x00000000   Code   RO         5637    .ARM.Collect$$$$0000000D  mc_w.l(entry10a.o)
    0x08000140   0x00000000   Code   RO         5639    .ARM.Collect$$$$0000000F  mc_w.l(entry11a.o)
    0x08000140   0x00000004   Code   RO         5628    .ARM.Collect$$$$00002712  mc_w.l(entry2.o)
    0x08000144   0x00000096   Code   RO         4341    .emb_text           port.o
    0x080001da   0x00000002   PAD
    0x080001dc   0x00000024   Code   RO            4    .text               startup_stm32f10x_hd.o
    0x08000200   0x00000024   Code   RO         5324    .text               mc_w.l(memcpya.o)
    0x08000224   0x00000024   Code   RO         5326    .text               mc_w.l(memseta.o)
    0x08000248   0x00000018   Code   RO         5328    .text               mc_w.l(strcat.o)
    0x08000260   0x00000024   Code   RO         5330    .text               mc_w.l(strstr.o)
    0x08000284   0x00000018   Code   RO         5332    .text               mc_w.l(strncpy.o)
    0x0800029c   0x0000000e   Code   RO         5334    .text               mc_w.l(strlen.o)
    0x080002aa   0x0000001c   Code   RO         5336    .text               mc_w.l(strcmp.o)
    0x080002c6   0x00000028   Code   RO         5338    .text               mc_w.l(strncat.o)
    0x080002ee   0x0000001e   Code   RO         5340    .text               mc_w.l(strncmp.o)
    0x0800030c   0x00000064   Code   RO         5611    .text               mf_w.l(fmul.o)
    0x08000370   0x0000007c   Code   RO         5613    .text               mf_w.l(fdiv.o)
    0x080003ec   0x0000014e   Code   RO         5615    .text               mf_w.l(dadd.o)
    0x0800053a   0x000000e4   Code   RO         5617    .text               mf_w.l(dmul.o)
    0x0800061e   0x0000000a   Code   RO         5619    .text               mf_w.l(ffltui.o)
    0x08000628   0x00000032   Code   RO         5621    .text               mf_w.l(dfixui.o)
    0x0800065a   0x00000026   Code   RO         5623    .text               mf_w.l(f2d.o)
    0x08000680   0x00000038   Code   RO         5625    .text               mf_w.l(d2f.o)
    0x080006b8   0x0000002c   Code   RO         5644    .text               mc_w.l(uidiv.o)
    0x080006e4   0x00000062   Code   RO         5646    .text               mc_w.l(uldiv.o)
    0x08000746   0x0000001e   Code   RO         5648    .text               mc_w.l(llshl.o)
    0x08000764   0x00000020   Code   RO         5650    .text               mc_w.l(llushr.o)
    0x08000784   0x00000024   Code   RO         5652    .text               mc_w.l(llsshr.o)
    0x080007a8   0x00000000   Code   RO         5654    .text               mc_w.l(iusefp.o)
    0x080007a8   0x0000006e   Code   RO         5655    .text               mf_w.l(fepilogue.o)
    0x08000816   0x000000ba   Code   RO         5657    .text               mf_w.l(depilogue.o)
    0x080008d0   0x000000de   Code   RO         5659    .text               mf_w.l(ddiv.o)
    0x080009ae   0x00000030   Code   RO         5661    .text               mf_w.l(dfixul.o)
    0x080009de   0x00000002   PAD
    0x080009e0   0x00000030   Code   RO         5663    .text               mf_w.l(cdrcmple.o)
    0x08000a10   0x00000024   Code   RO         5665    .text               mc_w.l(init.o)
    0x08000a34   0x00000056   Code   RO         5677    .text               mc_w.l(__dczerorl2.o)
    0x08000a8a   0x00000016   Code   RO          139    i.ADC_Cmd           stm32f10x_adc.o
    0x08000aa0   0x0000005c   Code   RO          141    i.ADC_DeInit        stm32f10x_adc.o
    0x08000afc   0x00000014   Code   RO          147    i.ADC_GetCalibrationStatus  stm32f10x_adc.o
    0x08000b10   0x00000008   Code   RO          148    i.ADC_GetConversionValue  stm32f10x_adc.o
    0x08000b18   0x00000012   Code   RO          150    i.ADC_GetFlagStatus  stm32f10x_adc.o
    0x08000b2a   0x00000014   Code   RO          153    i.ADC_GetResetCalibrationStatus  stm32f10x_adc.o
    0x08000b3e   0x00000002   PAD
    0x08000b40   0x00000050   Code   RO          157    i.ADC_Init          stm32f10x_adc.o
    0x08000b90   0x000000b8   Code   RO          161    i.ADC_RegularChannelConfig  stm32f10x_adc.o
    0x08000c48   0x0000000a   Code   RO          162    i.ADC_ResetCalibration  stm32f10x_adc.o
    0x08000c52   0x00000016   Code   RO          164    i.ADC_SoftwareStartConvCmd  stm32f10x_adc.o
    0x08000c68   0x0000000a   Code   RO          166    i.ADC_StartCalibration  stm32f10x_adc.o
    0x08000c72   0x00000002   PAD
    0x08000c74   0x0000008c   Code   RO         5179    i.Adc_Init          adc.o
    0x08000d00   0x00000004   Code   RO         3205    i.BusFault_Handler  stm32f10x_it.o
    0x08000d04   0x0000001c   Code   RO         4534    i.ConfigureTimeForRunTimeStats  timer.o
    0x08000d20   0x00000020   Code   RO          798    i.DBGMCU_Config     stm32f10x_dbgmcu.o
    0x08000d40   0x00000002   Code   RO         3206    i.DebugMon_Handler  stm32f10x_it.o
    0x08000d42   0x00000002   PAD
    0x08000d44   0x00000118   Code   RO         5138    i.EXTI15_10_IRQHandler  key.o
    0x08000e5c   0x000000a4   Code   RO         5139    i.EXTI2_IRQHandler  key.o
    0x08000f00   0x00000094   Code   RO         5140    i.EXTI3_IRQHandler  key.o
    0x08000f94   0x00000094   Code   RO         5141    i.EXTI4_IRQHandler  key.o
    0x08001028   0x0000000c   Code   RO          895    i.EXTI_ClearITPendingBit  stm32f10x_exti.o
    0x08001034   0x00000028   Code   RO          899    i.EXTI_GetITStatus  stm32f10x_exti.o
    0x0800105c   0x00000094   Code   RO          900    i.EXTI_Init         stm32f10x_exti.o
    0x080010f0   0x0000005c   Code   RO         4614    i.FreeRTOS_CLIGetParameter  freertos_cli.o
    0x0800114c   0x000000e0   Code   RO         4615    i.FreeRTOS_CLIProcessCommand  freertos_cli.o
    0x0800122c   0x00000034   Code   RO         4616    i.FreeRTOS_CLIRegisterCommand  freertos_cli.o
    0x08001260   0x00000040   Code   RO         1245    i.GPIO_EXTILineConfig  stm32f10x_gpio.o
    0x080012a0   0x00000116   Code   RO         1248    i.GPIO_Init         stm32f10x_gpio.o
    0x080013b6   0x00000002   PAD
    0x080013b8   0x00000090   Code   RO         1250    i.GPIO_PinRemapConfig  stm32f10x_gpio.o
    0x08001448   0x00000004   Code   RO         1256    i.GPIO_SetBits      stm32f10x_gpio.o
    0x0800144c   0x00000034   Code   RO         5180    i.Get_Adc           adc.o
    0x08001480   0x0000002e   Code   RO         5181    i.Get_Adc_Average   adc.o
    0x080014ae   0x00000004   Code   RO         3207    i.HardFault_Handler  stm32f10x_it.o
    0x080014b2   0x00000002   PAD
    0x080014b4   0x0000007c   Code   RO         3064    i.IWDG_Configuration  main.o
    0x08001530   0x00000010   Code   RO         1560    i.IWDG_Enable       stm32f10x_iwdg.o
    0x08001540   0x00000010   Code   RO         1562    i.IWDG_ReloadCounter  stm32f10x_iwdg.o
    0x08001550   0x0000000c   Code   RO         1563    i.IWDG_SetPrescaler  stm32f10x_iwdg.o
    0x0800155c   0x0000000c   Code   RO         1564    i.IWDG_SetReload    stm32f10x_iwdg.o
    0x08001568   0x0000000c   Code   RO         1565    i.IWDG_WriteAccessCmd  stm32f10x_iwdg.o
    0x08001574   0x00000068   Code   RO         4845    i.LCD_Clear         st7789s.o
    0x080015dc   0x000000b0   Code   RO         4848    i.LCD_DrawLine      st7789s.o
    0x0800168c   0x00000068   Code   RO         4849    i.LCD_DrawPoint     st7789s.o
    0x080016f4   0x00000040   Code   RO         4850    i.LCD_DrawRectangle  st7789s.o
    0x08001734   0x00000090   Code   RO         4851    i.LCD_Fill          st7789s.o
    0x080017c4   0x00000050   Code   RO         4852    i.LCD_GPIO_Init     st7789s.o
    0x08001814   0x00000630   Code   RO         4853    i.LCD_Init          st7789s.o
    0x08001e44   0x0000002c   Code   RO         4854    i.LCD_RESET         st7789s.o
    0x08001e70   0x000000a8   Code   RO         5017    i.LCD_SetCursor     st7789s.o
    0x08001f18   0x000001c8   Code   RO         4857    i.LCD_ShowChar      st7789s.o
    0x080020e0   0x000004d0   Code   RO         4858    i.LCD_ShowChinese   st7789s.o
    0x080025b0   0x000000dc   Code   RO         4859    i.LCD_ShowFontEN    st7789s.o
    0x0800268c   0x000001ec   Code   RO         4860    i.LCD_ShowFontHZ    st7789s.o
    0x08002878   0x00000064   Code   RO         4863    i.LCD_ShowPicture   st7789s.o
    0x080028dc   0x00000066   Code   RO         4864    i.LCD_ShowString    st7789s.o
    0x08002942   0x00000002   PAD
    0x08002944   0x0000002c   Code   RO         4865    i.LCD_WR_REG        st7789s.o
    0x08002970   0x0000000a   Code   RO         4867    i.LCD_WriteRAM_Prepare  st7789s.o
    0x0800297a   0x00000004   Code   RO         3208    i.MemManage_Handler  stm32f10x_it.o
    0x0800297e   0x00000002   Code   RO         3209    i.NMI_Handler       stm32f10x_it.o
    0x08002980   0x00000070   Code   RO           10    i.NVIC_Init         misc.o
    0x080029f0   0x00000014   Code   RO           11    i.NVIC_PriorityGroupConfig  misc.o
    0x08002a04   0x00000018   Code   RO         1662    i.RCC_ADCCLKConfig  stm32f10x_rcc.o
    0x08002a1c   0x00000020   Code   RO         1664    i.RCC_APB1PeriphClockCmd  stm32f10x_rcc.o
    0x08002a3c   0x00000020   Code   RO         1665    i.RCC_APB1PeriphResetCmd  stm32f10x_rcc.o
    0x08002a5c   0x00000020   Code   RO         1666    i.RCC_APB2PeriphClockCmd  stm32f10x_rcc.o
    0x08002a7c   0x00000020   Code   RO         1667    i.RCC_APB2PeriphResetCmd  stm32f10x_rcc.o
    0x08002a9c   0x00000014   Code   RO         1670    i.RCC_ClearFlag     stm32f10x_rcc.o
    0x08002ab0   0x000000d4   Code   RO         1674    i.RCC_GetClocksFreq  stm32f10x_rcc.o
    0x08002b84   0x0000003c   Code   RO         1675    i.RCC_GetFlagStatus  stm32f10x_rcc.o
    0x08002bc0   0x0000000c   Code   RO         1683    i.RCC_LSICmd        stm32f10x_rcc.o
    0x08002bcc   0x00000008   Code   RO         3263    i.SetSysClock       system_stm32f10x.o
    0x08002bd4   0x000000e0   Code   RO         3264    i.SetSysClockTo72   system_stm32f10x.o
    0x08002cb4   0x00000028   Code   RO           14    i.SysTick_CLKSourceConfig  misc.o
    0x08002cdc   0x00000010   Code   RO         4412    i.SysTick_Handler   delay.o
    0x08002cec   0x00000060   Code   RO         3266    i.SystemInit        system_stm32f10x.o
    0x08002d4c   0x00000034   Code   RO         4535    i.TIM3_IRQHandler   timer.o
    0x08002d80   0x00000060   Code   RO         4536    i.TIM3_Int_Init     timer.o
    0x08002de0   0x00000006   Code   RO         2293    i.TIM_ClearITPendingBit  stm32f10x_tim.o
    0x08002de6   0x00000018   Code   RO         2298    i.TIM_Cmd           stm32f10x_tim.o
    0x08002dfe   0x00000022   Code   RO         2319    i.TIM_GetITStatus   stm32f10x_tim.o
    0x08002e20   0x00000012   Code   RO         2323    i.TIM_ITConfig      stm32f10x_tim.o
    0x08002e32   0x00000002   PAD
    0x08002e34   0x000000a4   Code   RO         2369    i.TIM_TimeBaseInit  stm32f10x_tim.o
    0x08002ed8   0x000000cc   Code   RO         4484    i.USART1_IRQHandler  usart.o
    0x08002fa4   0x00000094   Code   RO         4485    i.USART2_IRQHandler  usart.o
    0x08003038   0x000000f4   Code   RO         4486    i.USART3_IRQHandler  usart.o
    0x0800312c   0x00000012   Code   RO         2830    i.USART_ClearFlag   stm32f10x_usart.o
    0x0800313e   0x00000018   Code   RO         2834    i.USART_Cmd         stm32f10x_usart.o
    0x08003156   0x00000002   PAD
    0x08003158   0x0000009c   Code   RO         2836    i.USART_DeInit      stm32f10x_usart.o
    0x080031f4   0x0000001a   Code   RO         2837    i.USART_GetFlagStatus  stm32f10x_usart.o
    0x0800320e   0x00000054   Code   RO         2838    i.USART_GetITStatus  stm32f10x_usart.o
    0x08003262   0x0000004a   Code   RO         2840    i.USART_ITConfig    stm32f10x_usart.o
    0x080032ac   0x000000d8   Code   RO         2841    i.USART_Init        stm32f10x_usart.o
    0x08003384   0x0000000a   Code   RO         2848    i.USART_ReceiveData  stm32f10x_usart.o
    0x0800338e   0x00000008   Code   RO         2851    i.USART_SendData    stm32f10x_usart.o
    0x08003396   0x00000004   Code   RO         3210    i.UsageFault_Handler  stm32f10x_it.o
    0x0800339a   0x00000002   PAD
    0x0800339c   0x00000284   Code   RO         5212    i._CMIOT_BLE_DataProcess  bluetooth.o
    0x08003620   0x00000074   Code   RO         5214    i._CMIOT_BLE_ExitPassthroughMode  bluetooth.o
    0x08003694   0x0000005c   Code   RO         5215    i._CMIOT_BLE_Init   bluetooth.o
    0x080036f0   0x0000007c   Code   RO         5216    i._CMIOT_BLE_OffMaxPut  bluetooth.o
    0x0800376c   0x0000009c   Code   RO         5217    i._CMIOT_BLE_RSP_attachTime  bluetooth.o
    0x08003808   0x0000016c   Code   RO         5218    i._CMIOT_BLE_RSP_comprehensiveTest  bluetooth.o
    0x08003974   0x000001d4   Code   RO         5219    i._CMIOT_BLE_RSP_deviceInfo  bluetooth.o
    0x08003b48   0x000000b4   Code   RO         5220    i._CMIOT_BLE_RSP_pingDelay  bluetooth.o
    0x08003bfc   0x00000224   Code   RO         5221    i._CMIOT_BLE_RSP_radioInfo  bluetooth.o
    0x08003e20   0x000000e0   Code   RO         5222    i._CMIOT_BLE_Reboot  bluetooth.o
    0x08003f00   0x000000c0   Code   RO         5223    i._CMIOT_BLE_SetName  bluetooth.o
    0x08003fc0   0x0000007c   Code   RO         5224    i._CMIOT_BLE_SetPacketInterval  bluetooth.o
    0x0800403c   0x00000030   Code   RO         5032    i._CMIOT_BluetoothMode  ui.o
    0x0800406c   0x00000044   Code   RO         3065    i._CMIOT_BluetoothTaskProc  main.o
    0x080040b0   0x00000020   Code   RO         4661    i._CMIOT_CLI_Init   user_cli.o
    0x080040d0   0x00000098   Code   RO         3066    i._CMIOT_CliTaskProc  main.o
    0x08004168   0x0000058c   Code   RO         5033    i._CMIOT_ComprehensiveTest  ui.o
    0x080046f4   0x0000004c   Code   RO         4564    i._CMIOT_Debug      common.o
    0x08004740   0x000000d8   Code   RO         4725    i._CMIOT_ExecuteAtCmd  m5310.o
    0x08004818   0x000000d8   Code   RO         5225    i._CMIOT_ExecuteBLEAtCmd  bluetooth.o
    0x080048f0   0x00000330   Code   RO         5034    i._CMIOT_GUI_Init   ui.o
    0x08004c20   0x000000e4   Code   RO         4726    i._CMIOT_GetICCID   m5310.o
    0x08004d04   0x000000e8   Code   RO         4727    i._CMIOT_GetIMEI    m5310.o
    0x08004dec   0x000000ec   Code   RO         4728    i._CMIOT_GetIMSI    m5310.o
    0x08004ed8   0x000000f0   Code   RO         4729    i._CMIOT_GetModuleName  m5310.o
    0x08004fc8   0x000000f4   Code   RO         4730    i._CMIOT_GetModuleVersion  m5310.o
    0x080050bc   0x0000011c   Code   RO         4731    i._CMIOT_GetNB_Band  m5310.o
    0x080051d8   0x00000158   Code   RO         4732    i._CMIOT_GetNetworkDelay  m5310.o
    0x08005330   0x000000d4   Code   RO         4733    i._CMIOT_GetPLMN    m5310.o
    0x08005404   0x000002f4   Code   RO         4736    i._CMIOT_Get_PSM_TIMER_Value  m5310.o
    0x080056f8   0x00000024   Code   RO         3067    i._CMIOT_LcdTaskProc  main.o
    0x0800571c   0x000000bc   Code   RO         3068    i._CMIOT_M5310TaskProc  main.o
    0x080057d8   0x00000078   Code   RO         5226    i._CMIOT_M5310Uartbuf2Ble  bluetooth.o
    0x08005850   0x0000011c   Code   RO         4737    i._CMIOT_M5310_GetRegisterTime  m5310.o
    0x0800596c   0x000000d0   Code   RO         4738    i._CMIOT_M5310_GetSignalstrength  m5310.o
    0x08005a3c   0x000003d8   Code   RO         4739    i._CMIOT_M5310_GetUeState  m5310.o
    0x08005e14   0x00000070   Code   RO         5035    i._CMIOT_NBIOT_Measurement  ui.o
    0x08005e84   0x00000148   Code   RO         5036    i._CMIOT_ShowBatteryLevel  ui.o
    0x08005fcc   0x000002a0   Code   RO         5037    i._CMIOT_ShowDeviceInfo  ui.o
    0x0800626c   0x000002d8   Code   RO         5038    i._CMIOT_ShowInstructionMsg  ui.o
    0x08006544   0x000004c4   Code   RO         5039    i._CMIOT_ShowNetworkRegTime  ui.o
    0x08006a08   0x000003f0   Code   RO         5040    i._CMIOT_ShowPingResult  ui.o
    0x08006df8   0x00000430   Code   RO         5041    i._CMIOT_ShowRadioInfo  ui.o
    0x08007228   0x00000254   Code   RO         5042    i._CMIOT_ShowSignalStrength  ui.o
    0x0800747c   0x000000b0   Code   RO         3069    i._CMIOT_StartTaskProc  main.o
    0x0800752c   0x00000050   Code   RO         4565    i._CMIOT_Str_EndWith  common.o
    0x0800757c   0x00000038   Code   RO         4566    i._CMIOT_Str_StartWith  common.o
    0x080075b4   0x00000c64   Code   RO         5043    i._CMIOT_TabIndex   ui.o
    0x08008218   0x0000009c   Code   RO         5044    i._CMIOT_UI_BootPage  ui.o
    0x080082b4   0x00000204   Code   RO         4487    i._CMIOT_Uart_Init  usart.o
    0x080084b8   0x00000040   Code   RO         4488    i._CMIOT_Uart_send  usart.o
    0x080084f8   0x00000086   Code   RO         4567    i._CMIOT_atoi       common.o
    0x0800857e   0x00000002   PAD
    0x08008580   0x00000028   Code   RO         5585    i.__0sprintf        mc_w.l(printfa.o)
    0x080085a8   0x00000024   Code   RO         5588    i.__0vsnprintf      mc_w.l(printfa.o)
    0x080085cc   0x0000000e   Code   RO         5671    i.__scatterload_copy  mc_w.l(handlers.o)
    0x080085da   0x00000002   Code   RO         5672    i.__scatterload_null  mc_w.l(handlers.o)
    0x080085dc   0x0000000e   Code   RO         5673    i.__scatterload_zeroinit  mc_w.l(handlers.o)
    0x080085ea   0x00000002   PAD
    0x080085ec   0x00000164   Code   RO         5590    i._fp_digits        mc_w.l(printfa.o)
    0x08008750   0x000006dc   Code   RO         5591    i._printf_core      mc_w.l(printfa.o)
    0x08008e2c   0x00000024   Code   RO         5592    i._printf_post_padding  mc_w.l(printfa.o)
    0x08008e50   0x0000002e   Code   RO         5593    i._printf_pre_padding  mc_w.l(printfa.o)
    0x08008e7e   0x00000016   Code   RO         5594    i._snputc           mc_w.l(printfa.o)
    0x08008e94   0x0000000a   Code   RO         5595    i._sputc            mc_w.l(printfa.o)
    0x08008e9e   0x00000002   PAD
    0x08008ea0   0x00000034   Code   RO         5182    i.cm_getBatteryVol  adc.o
    0x08008ed4   0x000001dc   Code   RO         5142    i.cm_key_init       key.o
    0x080090b0   0x00000050   Code   RO         4413    i.delay_init        delay.o
    0x08009100   0x00000022   Code   RO         4414    i.delay_ms          delay.o
    0x08009122   0x00000002   PAD
    0x08009124   0x00000048   Code   RO         4415    i.delay_us          delay.o
    0x0800916c   0x000000dc   Code   RO         5318    i.floor             m_ws.l(floor.o)
    0x08009248   0x000000d8   Code   RO         3070    i.main              main.o
    0x08009320   0x00000098   Code   RO         3824    i.prvAddCurrentTaskToDelayedList  tasks.o
    0x080093b8   0x000000b4   Code   RO         3825    i.prvAddNewTaskToReadyList  tasks.o
    0x0800946c   0x00000064   Code   RO         4162    i.prvCheckForValidListAndQueue  timers.o
    0x080094d0   0x00000048   Code   RO         3826    i.prvCheckTasksWaitingTermination  tasks.o
    0x08009518   0x0000002a   Code   RO         3463    i.prvCopyDataFromQueue  queue.o
    0x08009542   0x0000007c   Code   RO         3464    i.prvCopyDataToQueue  queue.o
    0x080095be   0x00000002   PAD
    0x080095c0   0x000000b8   Code   RO         4662    i.prvDebugLevelCommand  user_cli.o
    0x08009678   0x00000012   Code   RO         3827    i.prvDeleteTCB      tasks.o
    0x0800968a   0x00000002   PAD
    0x0800968c   0x000000b8   Code   RO         4663    i.prvEnableBleDebugModeCommand  user_cli.o
    0x08009744   0x000000b8   Code   RO         4664    i.prvEnableNbDebugModeCommand  user_cli.o
    0x080097fc   0x00000148   Code   RO         4665    i.prvGetHeapUsageCommand  user_cli.o
    0x08009944   0x00000028   Code   RO         4163    i.prvGetNextExpireTime  timers.o
    0x0800996c   0x0000002e   Code   RO         4617    i.prvGetNumberOfParameters  freertos_cli.o
    0x0800999a   0x00000002   PAD
    0x0800999c   0x00000058   Code   RO         4666    i.prvGetSysTimeCommand  user_cli.o
    0x080099f4   0x0000007c   Code   RO         4292    i.prvHeapInit       heap_4.o
    0x08009a70   0x0000004c   Code   RO         4618    i.prvHelpCommand    freertos_cli.o
    0x08009abc   0x00000028   Code   RO         3828    i.prvIdleTask       tasks.o
    0x08009ae4   0x0000002a   Code   RO         3467    i.prvInitialiseNewQueue  queue.o
    0x08009b0e   0x00000092   Code   RO         3829    i.prvInitialiseNewTask  tasks.o
    0x08009ba0   0x0000002e   Code   RO         4164    i.prvInitialiseNewTimer  timers.o
    0x08009bce   0x00000002   PAD
    0x08009bd0   0x00000068   Code   RO         3830    i.prvInitialiseTaskLists  tasks.o
    0x08009c38   0x00000068   Code   RO         4293    i.prvInsertBlockIntoFreeList  heap_4.o
    0x08009ca0   0x00000058   Code   RO         4165    i.prvInsertTimerInActiveList  timers.o
    0x08009cf8   0x0000001a   Code   RO         3468    i.prvIsQueueEmpty   queue.o
    0x08009d12   0x0000001e   Code   RO         3469    i.prvIsQueueFull    queue.o
    0x08009d30   0x00000052   Code   RO         3470    i.prvNotifyQueueSetContainer  queue.o
    0x08009d82   0x00000002   PAD
    0x08009d84   0x0000004c   Code   RO         4166    i.prvProcessExpiredTimer  timers.o
    0x08009dd0   0x000000cc   Code   RO         4167    i.prvProcessReceivedCommands  timers.o
    0x08009e9c   0x00000074   Code   RO         4168    i.prvProcessTimerOrBlockTask  timers.o
    0x08009f10   0x00000034   Code   RO         3831    i.prvResetNextTaskUnblockTime  tasks.o
    0x08009f44   0x0000002c   Code   RO         4169    i.prvSampleTimeNow  timers.o
    0x08009f70   0x00000048   Code   RO         4667    i.prvSendAt2BleModuleCommand  user_cli.o
    0x08009fb8   0x00000048   Code   RO         4668    i.prvSendAt2NbModuleCommand  user_cli.o
    0x0800a000   0x00000084   Code   RO         4170    i.prvSwitchTimerLists  timers.o
    0x0800a084   0x00000016   Code   RO         3832    i.prvTaskCheckFreeStackSpace  tasks.o
    0x0800a09a   0x00000016   Code   RO         4342    i.prvTaskExitError  port.o
    0x0800a0b0   0x0000001a   Code   RO         4171    i.prvTimerTask      timers.o
    0x0800a0ca   0x00000092   Code   RO         3471    i.prvUnlockQueue    queue.o
    0x0800a15c   0x000000d0   Code   RO         4294    i.pvPortMalloc      heap_4.o
    0x0800a22c   0x00000024   Code   RO         4343    i.pxPortInitialiseStack  port.o
    0x0800a250   0x00000074   Code   RO         3835    i.ulTaskNotifyTake  tasks.o
    0x0800a2c4   0x00000028   Code   RO         3423    i.uxListRemove      list.o
    0x0800a2ec   0x00000028   Code   RO         3837    i.uxTaskGetStackHighWaterMark  tasks.o
    0x0800a314   0x0000001a   Code   RO         3424    i.vListInitialise   list.o
    0x0800a32e   0x00000006   Code   RO         3425    i.vListInitialiseItem  list.o
    0x0800a334   0x00000034   Code   RO         3426    i.vListInsert       list.o
    0x0800a368   0x00000018   Code   RO         3427    i.vListInsertEnd    list.o
    0x0800a380   0x00000024   Code   RO         4345    i.vPortEnterCritical  port.o
    0x0800a3a4   0x00000020   Code   RO         4346    i.vPortExitCritical  port.o
    0x0800a3c4   0x00000048   Code   RO         4295    i.vPortFree         heap_4.o
    0x0800a40c   0x00000018   Code   RO         4347    i.vPortSetupTimerInterrupt  port.o
    0x0800a424   0x0000002c   Code   RO         3475    i.vQueueAddToRegistry  queue.o
    0x0800a450   0x0000004a   Code   RO         3478    i.vQueueWaitForMessageRestricted  queue.o
    0x0800a49a   0x00000002   PAD
    0x0800a49c   0x00000034   Code   RO         3841    i.vTaskDelay        tasks.o
    0x0800a4d0   0x000000cc   Code   RO         3843    i.vTaskDelete       tasks.o
    0x0800a59c   0x00000018   Code   RO         3845    i.vTaskInternalSetTimeOutState  tasks.o
    0x0800a5b4   0x0000000c   Code   RO         3846    i.vTaskMissedYield  tasks.o
    0x0800a5c0   0x000000b4   Code   RO         3847    i.vTaskNotifyGiveFromISR  tasks.o
    0x0800a674   0x00000020   Code   RO         3848    i.vTaskPlaceOnEventList  tasks.o
    0x0800a694   0x00000028   Code   RO         3849    i.vTaskPlaceOnEventListRestricted  tasks.o
    0x0800a6bc   0x00000074   Code   RO         3856    i.vTaskStartScheduler  tasks.o
    0x0800a730   0x00000010   Code   RO         3858    i.vTaskSuspendAll   tasks.o
    0x0800a740   0x000000a4   Code   RO         3859    i.vTaskSwitchContext  tasks.o
    0x0800a7e4   0x0000000c   Code   RO         4297    i.xPortGetFreeHeapSize  heap_4.o
    0x0800a7f0   0x00000034   Code   RO         4348    i.xPortStartScheduler  port.o
    0x0800a824   0x00000034   Code   RO         4349    i.xPortSysTickHandler  port.o
    0x0800a858   0x00000038   Code   RO         3483    i.xQueueGenericCreate  queue.o
    0x0800a890   0x00000080   Code   RO         3484    i.xQueueGenericReset  queue.o
    0x0800a910   0x00000138   Code   RO         3485    i.xQueueGenericSend  queue.o
    0x0800aa48   0x0000009c   Code   RO         3486    i.xQueueGenericSendFromISR  queue.o
    0x0800aae4   0x00000104   Code   RO         3493    i.xQueueReceive     queue.o
    0x0800abe8   0x0000005c   Code   RO         3860    i.xTaskCheckForTimeOut  tasks.o
    0x0800ac44   0x00000060   Code   RO         3861    i.xTaskCreate       tasks.o
    0x0800aca4   0x00000020   Code   RO         3865    i.xTaskGetSchedulerState  tasks.o
    0x0800acc4   0x0000000c   Code   RO         3866    i.xTaskGetTickCount  tasks.o
    0x0800acd0   0x0000000c   Code   RO         3867    i.xTaskGetTickCountFromISR  tasks.o
    0x0800acdc   0x0000011c   Code   RO         3868    i.xTaskIncrementTick  tasks.o
    0x0800adf8   0x00000084   Code   RO         3871    i.xTaskPriorityDisinherit  tasks.o
    0x0800ae7c   0x00000080   Code   RO         3873    i.xTaskRemoveFromEventList  tasks.o
    0x0800aefc   0x000000e8   Code   RO         3874    i.xTaskResumeAll    tasks.o
    0x0800afe4   0x00000030   Code   RO         4174    i.xTimerCreate      timers.o
    0x0800b014   0x0000003c   Code   RO         4175    i.xTimerCreateTimerTask  timers.o
    0x0800b050   0x0000006c   Code   RO         4176    i.xTimerGenericCommand  timers.o
    0x0800b0bc   0x0000006e   Data   RO         3072    .constdata          main.o
    0x0800b12a   0x00000002   PAD
    0x0800b12c   0x00000010   Data   RO         4620    .constdata          freertos_cli.o
    0x0800b13c   0x00000410   Data   RO         4743    .constdata          m5310.o
    0x0800b54c   0x000058b3   Data   RO         4870    .constdata          st7789s.o
    0x08010dff   0x0000e571   Data   RO         5046    .constdata          ui.o
    0x0801f370   0x00000048   Data   RO         5143    .constdata          key.o
    0x0801f3b8   0x0000026e   Data   RO         5228    .constdata          bluetooth.o
    0x0801f626   0x00000002   PAD
    0x0801f628   0x000000dd   Data   RO         4621    .conststring        freertos_cli.o
    0x0801f705   0x00000003   PAD
    0x0801f708   0x00000206   Data   RO         4669    .conststring        user_cli.o
    0x0801f90e   0x00000002   PAD
    0x0801f910   0x00000020   Data   RO         5669    Region$$Table       anon$$obj.o


    Execution Region RW_IRAM1 (Base: 0x20000000, Size: 0x000063e0, Max: 0x0000c000, ABSOLUTE, COMPRESSED[0x000006b4])

    Base Addr    Size         Type   Attr      Idx    E Section Name        Object

    0x20000000   0x00000014   Data   RW         1694    .data               stm32f10x_rcc.o
    0x20000014   0x00000022   Data   RW         3073    .data               main.o
    0x20000036   0x00000002   PAD
    0x20000038   0x00000014   Data   RW         3267    .data               system_stm32f10x.o
    0x2000004c   0x00000044   Data   RW         3877    .data               tasks.o
    0x20000090   0x00000014   Data   RW         4184    .data               timers.o
    0x200000a4   0x00000018   Data   RW         4300    .data               heap_4.o
    0x200000bc   0x00000004   Data   RW         4350    .data               port.o
    0x200000c0   0x00000001   Data   RW         4417    .data               delay.o
    0x200000c1   0x00000002   Data   RW         4489    .data               usart.o
    0x200000c3   0x00000005   PAD
    0x200000c8   0x00000008   Data   RW         4537    .data               timer.o
    0x200000d0   0x00000001   Data   RW         4569    .data               common.o
    0x200000d1   0x00000003   PAD
    0x200000d4   0x00000014   Data   RW         4622    .data               freertos_cli.o
    0x200000e8   0x00000070   Data   RW         4670    .data               user_cli.o
    0x20000158   0x00000012   Data   RW         4745    .data               m5310.o
    0x2000016a   0x000007ae   Data   RW         4871    .data               st7789s.o
    0x20000918   0x0000000c   Data   RW         5229    .data               bluetooth.o
    0x20000924   0x000000c8   Zero   RW         3071    .bss                main.o
    0x200009ec   0x00000040   Zero   RW         3500    .bss                queue.o
    0x20000a2c   0x000000c8   Zero   RW         3876    .bss                tasks.o
    0x20000af4   0x00000028   Zero   RW         4183    .bss                timers.o
    0x20000b1c   0x00005000   Zero   RW         4299    .bss                heap_4.o
    0x20005b1c   0x00000200   Zero   RW         4742    .bss                m5310.o
    0x20005d1c   0x00000080   Zero   RW         5045    .bss                ui.o
    0x20005d9c   0x00000240   Zero   RW         5227    .bss                bluetooth.o
    0x20005fdc   0x00000004   PAD
    0x20005fe0   0x00000400   Zero   RW            1    STACK               startup_stm32f10x_hd.o


==============================================================================

Image component sizes


      Code (inc. data)   RO Data    RW Data    ZI Data      Debug   Object Name

       290         20          0          0          0       2082   adc.o
      3568       1572        622         12        576      11909   bluetooth.o
       346          8          0          1          0       3618   common.o
         0          0          0          0          0        488   croutine.o
       202         16          0          1          0       2121   delay.o
         0          0          0          0          0       9196   event_groups.o
       490         32        237         20          0       5478   freertos_cli.o
       520         68          0         24      20480       4070   heap_4.o
      1216        310         72          0          0       2986   key.o
       148          0          0          0          0       2838   list.o
      4468       1412       1040         18        512      16526   m5310.o
       960        384        110         34        200      19054   main.o
       172         22          0          0          0     265533   misc.o
       404         48          0          4          0       8796   port.o
      1522         20          0          0         64      13878   queue.o
      5124        170      22707       1966          0      16975   st7789s.o
        36          8        304          0       1024        816   startup_stm32f10x_hd.o
       486         24          0          0          0       7890   stm32f10x_adc.o
        32          6          0          0          0        508   stm32f10x_dbgmcu.o
       200         18          0          0          0       1884   stm32f10x_exti.o
       490         10          0          0          0       3671   stm32f10x_gpio.o
        20          0          0          0          0       2405   stm32f10x_it.o
        68         30          0          0          0       2214   stm32f10x_iwdg.o
       456         66          0         20          0       7184   stm32f10x_rcc.o
       246         42          0          0          0       3234   stm32f10x_tim.o
       616         28          0          0          0       6750   stm32f10x_usart.o
       328         28          0         20          0       2025   system_stm32f10x.o
      2802        438          0         68        200      29185   tasks.o
       176         22          0          8          0       1736   timer.o
      1088        112          0         20         40       9322   timers.o
     11348       1990      58737          0        128      11767   ui.o
      1176        154          0          2          0       4711   usart.o
      1144        424        518        112          0       7501   user_cli.o

    ----------------------------------------------------------------------
     40178       7482      84388       2340      23228     488351   Object Totals
         0          0         32          0          0          0   (incl. Generated)
        36          0          9         10          4          0   (incl. Padding)

    ----------------------------------------------------------------------

      Code (inc. data)   RO Data    RW Data    ZI Data      Debug   Library Member Name

       220         16          0          0          0         84   floor.o
        86          0          0          0          0          0   __dczerorl2.o
         0          0          0          0          0          0   entry.o
         0          0          0          0          0          0   entry10a.o
         0          0          0          0          0          0   entry11a.o
         8          4          0          0          0          0   entry2.o
         4          0          0          0          0          0   entry5.o
         0          0          0          0          0          0   entry7b.o
         0          0          0          0          0          0   entry8b.o
         8          4          0          0          0          0   entry9a.o
        30          0          0          0          0          0   handlers.o
        36          8          0          0          0         68   init.o
         0          0          0          0          0          0   iusefp.o
        30          0          0          0          0         68   llshl.o
        36          0          0          0          0         68   llsshr.o
        32          0          0          0          0         68   llushr.o
        36          0          0          0          0         68   memcpya.o
        36          0          0          0          0        108   memseta.o
      2302         90          0          0          0        660   printfa.o
        24          0          0          0          0         68   strcat.o
        28          0          0          0          0         76   strcmp.o
        14          0          0          0          0         68   strlen.o
        40          0          0          0          0         76   strncat.o
        30          0          0          0          0         80   strncmp.o
        24          0          0          0          0         76   strncpy.o
        36          0          0          0          0         80   strstr.o
        44          0          0          0          0         80   uidiv.o
        98          0          0          0          0         92   uldiv.o
        48          0          0          0          0         68   cdrcmple.o
        56          0          0          0          0         88   d2f.o
       334          0          0          0          0        148   dadd.o
       222          0          0          0          0        100   ddiv.o
       186          0          0          0          0        176   depilogue.o
        50          0          0          0          0         76   dfixui.o
        48          0          0          0          0         68   dfixul.o
       228          0          0          0          0         96   dmul.o
        38          0          0          0          0         68   f2d.o
       124          0          0          0          0         88   fdiv.o
       110          0          0          0          0        168   fepilogue.o
        10          0          0          0          0         68   ffltui.o
       100          0          0          0          0         76   fmul.o

    ----------------------------------------------------------------------
      4762        122          0          0          0       3176   Library Totals
         6          0          0          0          0          0   (incl. Padding)

    ----------------------------------------------------------------------

      Code (inc. data)   RO Data    RW Data    ZI Data      Debug   Library Name

       220         16          0          0          0         84   m_ws.l
      2982        106          0          0          0       1804   mc_w.l
      1554          0          0          0          0       1288   mf_w.l

    ----------------------------------------------------------------------
      4762        122          0          0          0       3176   Library Totals

    ----------------------------------------------------------------------

==============================================================================


      Code (inc. data)   RO Data    RW Data    ZI Data      Debug   

     44940       7604      84388       2340      23228     477927   Grand Totals
     44940       7604      84388       1716      23228     477927   ELF Image Totals (compressed)
     44940       7604      84388       1716          0          0   ROM Totals

==============================================================================

    Total RO  Size (Code + RO Data)               129328 ( 126.30kB)
    Total RW  Size (RW Data + ZI Data)             25568 (  24.97kB)
    Total ROM Size (Code + RO Data + RW Data)     131044 ( 127.97kB)

==============================================================================

