Component: ARM Compiler 5.05 update 1 (build 106) Tool: armlink [4d0efa]

==============================================================================

Section Cross References

    startup_stm32f10x_hd.o(RESET) refers to startup_stm32f10x_hd.o(STACK) for __initial_sp
    startup_stm32f10x_hd.o(RESET) refers to startup_stm32f10x_hd.o(.text) for Reset_Handler
    startup_stm32f10x_hd.o(RESET) refers to stm32f10x_it.o(i.NMI_Handler) for NMI_Handler
    startup_stm32f10x_hd.o(RESET) refers to stm32f10x_it.o(i.HardFault_Handler) for HardFault_Handler
    startup_stm32f10x_hd.o(RESET) refers to stm32f10x_it.o(i.MemManage_Handler) for MemManage_Handler
    startup_stm32f10x_hd.o(RESET) refers to stm32f10x_it.o(i.BusFault_Handler) for BusFault_Handler
    startup_stm32f10x_hd.o(RESET) refers to stm32f10x_it.o(i.UsageFault_Handler) for UsageFault_Handler
    startup_stm32f10x_hd.o(RESET) refers to port.o(.emb_text) for SVC_Handler
    startup_stm32f10x_hd.o(RESET) refers to stm32f10x_it.o(i.DebugMon_Handler) for DebugMon_Handler
    startup_stm32f10x_hd.o(RESET) refers to delay.o(i.SysTick_Handler) for SysTick_Handler
    startup_stm32f10x_hd.o(RESET) refers to timer.o(i.TIM3_IRQHandler) for TIM3_IRQHandler
    startup_stm32f10x_hd.o(RESET) refers to usart.o(i.USART1_IRQHandler) for USART1_IRQHandler
    startup_stm32f10x_hd.o(RESET) refers to usart.o(i.USART2_IRQHandler) for USART2_IRQHandler
    startup_stm32f10x_hd.o(RESET) refers to usart.o(i.USART3_IRQHandler) for USART3_IRQHandler
    startup_stm32f10x_hd.o(.text) refers to system_stm32f10x.o(i.SystemInit) for SystemInit
    startup_stm32f10x_hd.o(.text) refers to entry.o(.ARM.Collect$$$$00000000) for __main
    stm32f10x_adc.o(i.ADC_DeInit) refers to stm32f10x_rcc.o(i.RCC_APB2PeriphResetCmd) for RCC_APB2PeriphResetCmd
    stm32f10x_bkp.o(i.BKP_DeInit) refers to stm32f10x_rcc.o(i.RCC_BackupResetCmd) for RCC_BackupResetCmd
    stm32f10x_can.o(i.CAN_DeInit) refers to stm32f10x_rcc.o(i.RCC_APB1PeriphResetCmd) for RCC_APB1PeriphResetCmd
    stm32f10x_can.o(i.CAN_GetITStatus) refers to stm32f10x_can.o(i.CheckITStatus) for CheckITStatus
    stm32f10x_cec.o(i.CEC_DeInit) refers to stm32f10x_rcc.o(i.RCC_APB1PeriphResetCmd) for RCC_APB1PeriphResetCmd
    stm32f10x_dac.o(i.DAC_DeInit) refers to stm32f10x_rcc.o(i.RCC_APB1PeriphResetCmd) for RCC_APB1PeriphResetCmd
    stm32f10x_flash.o(i.FLASH_EnableWriteProtection) refers to stm32f10x_flash.o(i.FLASH_WaitForLastOperation) for FLASH_WaitForLastOperation
    stm32f10x_flash.o(i.FLASH_EraseAllBank1Pages) refers to stm32f10x_flash.o(i.FLASH_WaitForLastBank1Operation) for FLASH_WaitForLastBank1Operation
    stm32f10x_flash.o(i.FLASH_EraseAllPages) refers to stm32f10x_flash.o(i.FLASH_WaitForLastOperation) for FLASH_WaitForLastOperation
    stm32f10x_flash.o(i.FLASH_EraseOptionBytes) refers to stm32f10x_flash.o(i.FLASH_GetReadOutProtectionStatus) for FLASH_GetReadOutProtectionStatus
    stm32f10x_flash.o(i.FLASH_EraseOptionBytes) refers to stm32f10x_flash.o(i.FLASH_WaitForLastOperation) for FLASH_WaitForLastOperation
    stm32f10x_flash.o(i.FLASH_ErasePage) refers to stm32f10x_flash.o(i.FLASH_WaitForLastOperation) for FLASH_WaitForLastOperation
    stm32f10x_flash.o(i.FLASH_ProgramHalfWord) refers to stm32f10x_flash.o(i.FLASH_WaitForLastOperation) for FLASH_WaitForLastOperation
    stm32f10x_flash.o(i.FLASH_ProgramOptionByteData) refers to stm32f10x_flash.o(i.FLASH_WaitForLastOperation) for FLASH_WaitForLastOperation
    stm32f10x_flash.o(i.FLASH_ProgramWord) refers to stm32f10x_flash.o(i.FLASH_WaitForLastOperation) for FLASH_WaitForLastOperation
    stm32f10x_flash.o(i.FLASH_ReadOutProtection) refers to stm32f10x_flash.o(i.FLASH_WaitForLastOperation) for FLASH_WaitForLastOperation
    stm32f10x_flash.o(i.FLASH_UserOptionByteConfig) refers to stm32f10x_flash.o(i.FLASH_WaitForLastOperation) for FLASH_WaitForLastOperation
    stm32f10x_flash.o(i.FLASH_WaitForLastBank1Operation) refers to stm32f10x_flash.o(i.FLASH_GetBank1Status) for FLASH_GetBank1Status
    stm32f10x_flash.o(i.FLASH_WaitForLastOperation) refers to stm32f10x_flash.o(i.FLASH_GetBank1Status) for FLASH_GetBank1Status
    stm32f10x_gpio.o(i.GPIO_AFIODeInit) refers to stm32f10x_rcc.o(i.RCC_APB2PeriphResetCmd) for RCC_APB2PeriphResetCmd
    stm32f10x_gpio.o(i.GPIO_DeInit) refers to stm32f10x_rcc.o(i.RCC_APB2PeriphResetCmd) for RCC_APB2PeriphResetCmd
    stm32f10x_i2c.o(i.I2C_DeInit) refers to stm32f10x_rcc.o(i.RCC_APB1PeriphResetCmd) for RCC_APB1PeriphResetCmd
    stm32f10x_i2c.o(i.I2C_Init) refers to stm32f10x_rcc.o(i.RCC_GetClocksFreq) for RCC_GetClocksFreq
    stm32f10x_pwr.o(i.PWR_DeInit) refers to stm32f10x_rcc.o(i.RCC_APB1PeriphResetCmd) for RCC_APB1PeriphResetCmd
    stm32f10x_rcc.o(i.RCC_GetClocksFreq) refers to stm32f10x_rcc.o(.data) for APBAHBPrescTable
    stm32f10x_rcc.o(i.RCC_WaitForHSEStartUp) refers to stm32f10x_rcc.o(i.RCC_GetFlagStatus) for RCC_GetFlagStatus
[...]
    ../clib/microlib/init/entry.s            0x00000000   Number         0  entry10a.o ABSOLUTE
    ../clib/microlib/init/entry.s            0x00000000   Number         0  entry5.o ABSOLUTE
    ../clib/microlib/init/entry.s            0x00000000   Number         0  entry.o ABSOLUTE
    ../clib/microlib/init/entry.s            0x00000000   Number         0  entry8b.o ABSOLUTE
    ../clib/microlib/init/entry.s            0x00000000   Number         0  entry9a.o ABSOLUTE
    ../clib/microlib/init/entry.s            0x00000000   Number         0  entry9b.o ABSOLUTE
    ../clib/microlib/longlong.c              0x00000000   Number         0  llsshr.o ABSOLUTE
    ../clib/microlib/longlong.c              0x00000000   Number         0  llshl.o ABSOLUTE
    ../clib/microlib/longlong.c              0x00000000   Number         0  llushr.o ABSOLUTE
    ../clib/microlib/printf/printf.c         0x00000000   Number         0  printf0.o ABSOLUTE
    ../clib/microlib/printf/printf.c         0x00000000   Number         0  printfb.o ABSOLUTE
    ../clib/microlib/printf/printf.c         0x00000000   Number         0  printfa.o ABSOLUTE
    ../clib/microlib/printf/printf.c         0x00000000   Number         0  printf8.o ABSOLUTE
    ../clib/microlib/printf/printf.c         0x00000000   Number         0  printf7.o ABSOLUTE
    ../clib/microlib/printf/printf.c         0x00000000   Number         0  printf6.o ABSOLUTE
    ../clib/microlib/printf/printf.c         0x00000000   Number         0  printf5.o ABSOLUTE
    ../clib/microlib/printf/printf.c         0x00000000   Number         0  printf3.o ABSOLUTE
    ../clib/microlib/printf/printf.c         0x00000000   Number         0  printf2.o ABSOLUTE
    ../clib/microlib/printf/printf.c         0x00000000   Number         0  printf1.o ABSOLUTE
    ../clib/microlib/printf/printf.c         0x00000000   Number         0  printf4.o ABSOLUTE
    ../clib/microlib/printf/stubs.s          0x00000000   Number         0  stubs.o ABSOLUTE
    ../clib/microlib/stdio/fputc.c           0x00000000   Number         0  fputc.o ABSOLUTE
    ../clib/microlib/stdio/semi.s            0x00000000   Number         0  semi.o ABSOLUTE
    ../clib/microlib/stdio/streams.c         0x00000000   Number         0  stdout.o ABSOLUTE
    ../clib/microlib/string/memcpy.c         0x00000000   Number         0  memcpya.o ABSOLUTE
    ../clib/microlib/string/memcpy.c         0x00000000   Number         0  memcpyb.o ABSOLUTE
    ../clib/microlib/string/memset.c         0x00000000   Number         0  memseta.o ABSOLUTE
    ../clib/microlib/string/strcat.c         0x00000000   Number         0  strcat.o ABSOLUTE
    ../clib/microlib/string/strcpy.c         0x00000000   Number         0  strcpy.o ABSOLUTE
    ../clib/microlib/string/strlen.c         0x00000000   Number         0  strlen.o ABSOLUTE
    ../clib/microlib/string/strncat.c        0x00000000   Number         0  strncat.o ABSOLUTE
    ../clib/microlib/string/strncmp.c        0x00000000   Number         0  strncmp.o ABSOLUTE
    ../clib/microlib/string/strncpy.c        0x00000000   Number         0  strncpy.o ABSOLUTE
    ../clib/microlib/string/strstr.c         0x00000000   Number         0  strstr.o ABSOLUTE
    ../clib/microlib/string/strtok.c         0x00000000   Number         0  strtok.o ABSOLUTE
    ../clib/microlib/string/strtok.c         0x00000000   Number         0  strtok_r.o ABSOLUTE
    ../clib/microlib/stubs.s                 0x00000000   Number         0  iusefp.o ABSOLUTE
    ../clib/microlib/stubs.s                 0x00000000   Number         0  iusesemip.o ABSOLUTE
    ../fplib/microlib/fpadd.c                0x00000000   Number         0  dadd.o ABSOLUTE
    ../fplib/microlib/fpdiv.c                0x00000000   Number         0  ddiv.o ABSOLUTE
    ../fplib/microlib/fpepilogue.c           0x00000000   Number         0  depilogue.o ABSOLUTE
    ../fplib/microlib/fpfix.c                0x00000000   Number         0  dfixul.o ABSOLUTE
    ../fplib/microlib/fpmul.c                0x00000000   Number         0  dmul.o ABSOLUTE
    CMSIS\\core_cm3.c                        0x00000000   Number         0  core_cm3.o ABSOLUTE
    CMSIS\core_cm3.c                         0x00000000   Number         0  core_cm3.o ABSOLUTE
    CMSIS\startup\startup_stm32f10x_hd.s     0x00000000   Number         0  startup_stm32f10x_hd.o ABSOLUTE
    CMSIS\system_stm32f10x.c                 0x00000000   Number         0  system_stm32f10x.o ABSOLUTE
    FWlib\src\misc.c                         0x00000000   Number         0  misc.o ABSOLUTE
    FWlib\src\stm32f10x_adc.c                0x00000000   Number         0  stm32f10x_adc.o ABSOLUTE
    FWlib\src\stm32f10x_bkp.c                0x00000000   Number         0  stm32f10x_bkp.o ABSOLUTE
    FWlib\src\stm32f10x_can.c                0x00000000   Number         0  stm32f10x_can.o ABSOLUTE
    FWlib\src\stm32f10x_cec.c                0x00000000   Number         0  stm32f10x_cec.o ABSOLUTE
    FWlib\src\stm32f10x_crc.c                0x00000000   Number         0  stm32f10x_crc.o ABSOLUTE
    FWlib\src\stm32f10x_dac.c                0x00000000   Number         0  stm32f10x_dac.o ABSOLUTE
    FWlib\src\stm32f10x_dbgmcu.c             0x00000000   Number         0  stm32f10x_dbgmcu.o ABSOLUTE
    FWlib\src\stm32f10x_dma.c                0x00000000   Number         0  stm32f10x_dma.o ABSOLUTE
    FWlib\src\stm32f10x_exti.c               0x00000000   Number         0  stm32f10x_exti.o ABSOLUTE
    FWlib\src\stm32f10x_flash.c              0x00000000   Number         0  stm32f10x_flash.o ABSOLUTE
    FWlib\src\stm32f10x_fsmc.c               0x00000000   Number         0  stm32f10x_fsmc.o ABSOLUTE
    FWlib\src\stm32f10x_gpio.c               0x00000000   Number         0  stm32f10x_gpio.o ABSOLUTE
    FWlib\src\stm32f10x_i2c.c                0x00000000   Number         0  stm32f10x_i2c.o ABSOLUTE
    FWlib\src\stm32f10x_iwdg.c               0x00000000   Number         0  stm32f10x_iwdg.o ABSOLUTE
    FWlib\src\stm32f10x_pwr.c                0x00000000   Number         0  stm32f10x_pwr.o ABSOLUTE
    FWlib\src\stm32f10x_rcc.c                0x00000000   Number         0  stm32f10x_rcc.o ABSOLUTE
    FWlib\src\stm32f10x_rtc.c                0x00000000   Number         0  stm32f10x_rtc.o ABSOLUTE
    FWlib\src\stm32f10x_sdio.c               0x00000000   Number         0  stm32f10x_sdio.o ABSOLUTE
    FWlib\src\stm32f10x_spi.c                0x00000000   Number         0  stm32f10x_spi.o ABSOLUTE
    FWlib\src\stm32f10x_tim.c                0x00000000   Number         0  stm32f10x_tim.o ABSOLUTE
    FWlib\src\stm32f10x_usart.c              0x00000000   Number         0  stm32f10x_usart.o ABSOLUTE
    FWlib\src\stm32f10x_wwdg.c               0x00000000   Number         0  stm32f10x_wwdg.o ABSOLUTE
    FreeRTOS-Plus\FreeRTOS-Plus-CLI\FreeRTOS_CLI.c 0x00000000   Number         0  freertos_cli.o ABSOLUTE
    FreeRTOS-Plus\FreeRTOS-Plus-CLI\User_Cli.c 0x00000000   Number         0  user_cli.o ABSOLUTE
    FreeRTOS\\portable\\RVDS\\ARM_CM3\\port.c 0x00000000   Number         0  port.o ABSOLUTE
    FreeRTOS\croutine.c                      0x00000000   Number         0  croutine.o ABSOLUTE
    FreeRTOS\event_groups.c                  0x00000000   Number         0  event_groups.o ABSOLUTE
    FreeRTOS\list.c                          0x00000000   Number         0  list.o ABSOLUTE
    FreeRTOS\portable\MemMang\heap_4.c       0x00000000   Number         0  heap_4.o ABSOLUTE
    FreeRTOS\portable\RVDS\ARM_CM3\port.c    0x00000000   Number         0  port.o ABSOLUTE
    FreeRTOS\queue.c                         0x00000000   Number         0  queue.o ABSOLUTE
    FreeRTOS\stream_buffer.c                 0x00000000   Number         0  stream_buffer.o ABSOLUTE
    FreeRTOS\tasks.c                         0x00000000   Number         0  tasks.o ABSOLUTE
    FreeRTOS\timers.c                        0x00000000   Number         0  timers.o ABSOLUTE
    HAL\COMMON\common.c                      0x00000000   Number         0  common.o ABSOLUTE
    HAL\LCD\tft_lcd.c                        0x00000000   Number         0  tft_lcd.o ABSOLUTE
    HAL\TIMER\timer.c                        0x00000000   Number         0  timer.o ABSOLUTE
    HAL\USART\usart.c                        0x00000000   Number         0  usart.o ABSOLUTE
    M5310\m5310.c                            0x00000000   Number         0  m5310.o ABSOLUTE
    SYSTEM\\sys\\sys.c                       0x00000000   Number         0  sys.o ABSOLUTE
    SYSTEM\delay\delay.c                     0x00000000   Number         0  delay.o ABSOLUTE
    SYSTEM\sys\sys.c                         0x00000000   Number         0  sys.o ABSOLUTE
    User\\stm32f10x_it.c                     0x00000000   Number         0  stm32f10x_it.o ABSOLUTE
    User\main.c                              0x00000000   Number         0  main.o ABSOLUTE
    User\stm32f10x_it.c                      0x00000000   Number         0  stm32f10x_it.o ABSOLUTE
    cdrcmple.s                               0x00000000   Number         0  cdrcmple.o ABSOLUTE
    dc.s                                     0x00000000   Number         0  dc.o ABSOLUTE
    handlers.s                               0x00000000   Number         0  handlers.o ABSOLUTE
    init.s                                   0x00000000   Number         0  init.o ABSOLUTE
    RESET                                    0x08000000   Section      304  startup_stm32f10x_hd.o(RESET)
    .ARM.Collect$$$$00000000                 0x08000130   Section        0  entry.o(.ARM.Collect$$$$00000000)
    .ARM.Collect$$$$00000001                 0x08000130   Section        4  entry2.o(.ARM.Collect$$$$00000001)
    .ARM.Collect$$$$00000004                 0x08000134   Section        4  entry5.o(.ARM.Collect$$$$00000004)
    .ARM.Collect$$$$00000008                 0x08000138   Section        0  entry7b.o(.ARM.Collect$$$$00000008)
    .ARM.Collect$$$$0000000A                 0x08000138   Section        0  entry8b.o(.ARM.Collect$$$$0000000A)
    .ARM.Collect$$$$0000000B                 0x08000138   Section        8  entry9a.o(.ARM.Collect$$$$0000000B)
    .ARM.Collect$$$$0000000D                 0x08000140   Section        0  entry10a.o(.ARM.Collect$$$$0000000D)
    .ARM.Collect$$$$0000000F                 0x08000140   Section        0  entry11a.o(.ARM.Collect$$$$0000000F)
    .ARM.Collect$$$$00002712                 0x08000140   Section        4  entry2.o(.ARM.Collect$$$$00002712)
    __lit__00000000                          0x08000140   Data           4  entry2.o(.ARM.Collect$$$$00002712)
    .emb_text                                0x08000144   Section        2  stm32f10x_it.o(.emb_text)
    .emb_text                                0x08000148   Section      150  port.o(.emb_text)
    .text                                    0x080001e0   Section       36  startup_stm32f10x_hd.o(.text)
    .text                                    0x08000204   Section        0  memcpya.o(.text)
    .text                                    0x08000228   Section        0  memseta.o(.text)
    .text                                    0x0800024c   Section        0  strstr.o(.text)
    .text                                    0x08000270   Section        0  strncpy.o(.text)
    .text                                    0x08000288   Section        0  strlen.o(.text)
    .text                                    0x08000296   Section        0  strncat.o(.text)
    .text                                    0x080002be   Section        0  strncmp.o(.text)
    .text                                    0x080002dc   Section        0  uidiv.o(.text)
    .text                                    0x08000308   Section        0  uldiv.o(.text)
    .text                                    0x0800036a   Section        0  dadd.o(.text)
    .text                                    0x0800036a   Section        0  iusefp.o(.text)
    .text                                    0x080004b8   Section        0  dmul.o(.text)
    .text                                    0x0800059c   Section        0  ddiv.o(.text)
    .text                                    0x0800067a   Section        0  dfixul.o(.text)
    .text                                    0x080006ac   Section       48  cdrcmple.o(.text)
    .text                                    0x080006dc   Section       36  init.o(.text)
    .text                                    0x08000700   Section        0  llshl.o(.text)
    .text                                    0x0800071e   Section        0  llushr.o(.text)
    .text                                    0x0800073e   Section        0  llsshr.o(.text)
    .text                                    0x08000762   Section        0  depilogue.o(.text)
    i.BusFault_Handler                       0x0800081c   Section        0  stm32f10x_it.o(i.BusFault_Handler)
    i.ConfigureTimeForRunTimeStats           0x08000820   Section        0  timer.o(i.ConfigureTimeForRunTimeStats)
    i.DebugMon_Handler                       0x0800083c   Section        0  stm32f10x_it.o(i.DebugMon_Handler)
    i.FreeRTOS_CLIGetParameter               0x0800083e   Section        0  freertos_cli.o(i.FreeRTOS_CLIGetParameter)
    i.FreeRTOS_CLIProcessCommand             0x0800089c   Section        0  freertos_cli.o(i.FreeRTOS_CLIProcessCommand)
    i.FreeRTOS_CLIRegisterCommand            0x0800097c   Section        0  freertos_cli.o(i.FreeRTOS_CLIRegisterCommand)
    i.GPIO_Init                              0x080009b0   Section        0  stm32f10x_gpio.o(i.GPIO_Init)
    i.HardFault_Handler                      0x08000ac6   Section        0  stm32f10x_it.o(i.HardFault_Handler)
    i.MemManage_Handler                      0x08000ace   Section        0  stm32f10x_it.o(i.MemManage_Handler)
    i.NMI_Handler                            0x08000ad2   Section        0  stm32f10x_it.o(i.NMI_Handler)
    i.NVIC_Init                              0x08000ad4   Section        0  misc.o(i.NVIC_Init)
    i.NVIC_PriorityGroupConfig               0x08000b44   Section        0  misc.o(i.NVIC_PriorityGroupConfig)
    i.RCC_APB1PeriphClockCmd                 0x08000b58   Section        0  stm32f10x_rcc.o(i.RCC_APB1PeriphClockCmd)
    i.RCC_APB1PeriphResetCmd                 0x08000b78   Section        0  stm32f10x_rcc.o(i.RCC_APB1PeriphResetCmd)
    i.RCC_APB2PeriphClockCmd                 0x08000b98   Section        0  stm32f10x_rcc.o(i.RCC_APB2PeriphClockCmd)
    i.RCC_APB2PeriphResetCmd                 0x08000bb8   Section        0  stm32f10x_rcc.o(i.RCC_APB2PeriphResetCmd)
    i.RCC_GetClocksFreq                      0x08000bd8   Section        0  stm32f10x_rcc.o(i.RCC_GetClocksFreq)
    i.SetSysClock                            0x08000cac   Section        0  system_stm32f10x.o(i.SetSysClock)
    SetSysClock                              0x08000cad   Thumb Code     8  system_stm32f10x.o(i.SetSysClock)
    i.SetSysClockTo72                        0x08000cb4   Section        0  system_stm32f10x.o(i.SetSysClockTo72)
    SetSysClockTo72                          0x08000cb5   Thumb Code   214  system_stm32f10x.o(i.SetSysClockTo72)
    i.SysTick_CLKSourceConfig                0x08000d94   Section        0  misc.o(i.SysTick_CLKSourceConfig)
    i.SysTick_Handler                        0x08000dbc   Section        0  delay.o(i.SysTick_Handler)
    i.SystemInit                             0x08000dcc   Section        0  system_stm32f10x.o(i.SystemInit)
    i.TIM3_IRQHandler                        0x08000e2c   Section        0  timer.o(i.TIM3_IRQHandler)
    i.TIM3_Int_Init                          0x08000e60   Section        0  timer.o(i.TIM3_Int_Init)
    i.TIM_ClearITPendingBit                  0x08000ec0   Section        0  stm32f10x_tim.o(i.TIM_ClearITPendingBit)
    i.TIM_Cmd                                0x08000ec6   Section        0  stm32f10x_tim.o(i.TIM_Cmd)
    i.TIM_GetITStatus                        0x08000ede   Section        0  stm32f10x_tim.o(i.TIM_GetITStatus)
    i.TIM_ITConfig                           0x08000f00   Section        0  stm32f10x_tim.o(i.TIM_ITConfig)
    i.TIM_TimeBaseInit                       0x08000f14   Section        0  stm32f10x_tim.o(i.TIM_TimeBaseInit)
    i.USART1_IRQHandler                      0x08000fb8   Section        0  usart.o(i.USART1_IRQHandler)
    i.USART2_IRQHandler                      0x08000fbc   Section        0  usart.o(i.USART2_IRQHandler)
    i.USART3_IRQHandler                      0x08001050   Section        0  usart.o(i.USART3_IRQHandler)
    i.USART_ClearFlag                        0x080010bc   Section        0  stm32f10x_usart.o(i.USART_ClearFlag)
    i.USART_Cmd                              0x080010ce   Section        0  stm32f10x_usart.o(i.USART_Cmd)
    i.USART_DeInit                           0x080010e8   Section        0  stm32f10x_usart.o(i.USART_DeInit)
    i.USART_GetFlagStatus                    0x08001184   Section        0  stm32f10x_usart.o(i.USART_GetFlagStatus)
    i.USART_GetITStatus                      0x0800119e   Section        0  stm32f10x_usart.o(i.USART_GetITStatus)
    i.USART_ITConfig                         0x080011f2   Section        0  stm32f10x_usart.o(i.USART_ITConfig)
    i.USART_Init                             0x0800123c   Section        0  stm32f10x_usart.o(i.USART_Init)
    i.USART_ReceiveData                      0x08001314   Section        0  stm32f10x_usart.o(i.USART_ReceiveData)
    i.USART_SendData                         0x0800131e   Section        0  stm32f10x_usart.o(i.USART_SendData)
    i.UsageFault_Handler                     0x08001326   Section        0  stm32f10x_it.o(i.UsageFault_Handler)
    i._CMIOT_CLI_Init                        0x0800132c   Section        0  user_cli.o(i._CMIOT_CLI_Init)
    i._CMIOT_CliTaskProc                     0x0800134c   Section        0  main.o(i._CMIOT_CliTaskProc)
    i._CMIOT_Debug                           0x080013d4   Section        0  common.o(i._CMIOT_Debug)
    i._CMIOT_ExecuteAtCmd                    0x08001420   Section        0  m5310.o(i._CMIOT_ExecuteAtCmd)
    i._CMIOT_M5310TaskProc                   0x080014f8   Section        0  main.o(i._CMIOT_M5310TaskProc)
    i._CMIOT_M5310_GetUeState                0x0800150c   Section        0  m5310.o(i._CMIOT_M5310_GetUeState)
    i._CMIOT_StartTaskProc                   0x08001834   Section        0  main.o(i._CMIOT_StartTaskProc)
    i._CMIOT_Uart_Init                       0x080018a0   Section        0  usart.o(i._CMIOT_Uart_Init)
    i._CMIOT_Uart_send                       0x08001aa0   Section        0  usart.o(i._CMIOT_Uart_send)
    i._CMIOT_atoi                            0x08001ae0   Section        0  common.o(i._CMIOT_atoi)
    i.__0sprintf$4                           0x08001b68   Section        0  printf4.o(i.__0sprintf$4)
    i.__0vsnprintf                           0x08001b90   Section        0  printfa.o(i.__0vsnprintf)
    i.__scatterload_copy                     0x08001bb4   Section       14  handlers.o(i.__scatterload_copy)
    i.__scatterload_null                     0x08001bc2   Section        2  handlers.o(i.__scatterload_null)
    i.__scatterload_zeroinit                 0x08001bc4   Section       14  handlers.o(i.__scatterload_zeroinit)
    i._fp_digits                             0x08001bd4   Section        0  printfa.o(i._fp_digits)
    _fp_digits                               0x08001bd5   Thumb Code   334  printfa.o(i._fp_digits)
    i._printf_core                           0x08001d38   Section        0  printf4.o(i._printf_core)
    _printf_core                             0x08001d39   Thumb Code   552  printf4.o(i._printf_core)
    i._printf_core                           0x08001f64   Section        0  printfa.o(i._printf_core)
    _printf_core                             0x08001f65   Thumb Code  1744  printfa.o(i._printf_core)
    i._printf_post_padding                   0x08002640   Section        0  printfa.o(i._printf_post_padding)
    _printf_post_padding                     0x08002641   Thumb Code    36  printfa.o(i._printf_post_padding)
    i._printf_pre_padding                    0x08002664   Section        0  printfa.o(i._printf_pre_padding)
    _printf_pre_padding                      0x08002665   Thumb Code    46  printfa.o(i._printf_pre_padding)
    i._snputc                                0x08002692   Section        0  printfa.o(i._snputc)
    _snputc                                  0x08002693   Thumb Code    22  printfa.o(i._snputc)
    i._sputc                                 0x080026a8   Section        0  printf4.o(i._sputc)
    _sputc                                   0x080026a9   Thumb Code    10  printf4.o(i._sputc)
    i.delay_init                             0x080026b4   Section        0  delay.o(i.delay_init)
    i.delay_ms                               0x08002704   Section        0  delay.o(i.delay_ms)
    i.delay_us                               0x08002768   Section        0  delay.o(i.delay_us)
    i.main                                   0x080027b0   Section        0  main.o(i.main)
    i.prvAddCurrentTaskToDelayedList         0x08002838   Section        0  tasks.o(i.prvAddCurrentTaskToDelayedList)
    prvAddCurrentTaskToDelayedList           0x08002839   Thumb Code   124  tasks.o(i.prvAddCurrentTaskToDelayedList)
    i.prvAddNewTaskToReadyList               0x080028d0   Section        0  tasks.o(i.prvAddNewTaskToReadyList)
    prvAddNewTaskToReadyList                 0x080028d1   Thumb Code   156  tasks.o(i.prvAddNewTaskToReadyList)
    i.prvCheckForValidListAndQueue           0x08002988   Section        0  timers.o(i.prvCheckForValidListAndQueue)
    prvCheckForValidListAndQueue             0x08002989   Thumb Code    72  timers.o(i.prvCheckForValidListAndQueue)
    i.prvCheckTasksWaitingTermination        0x080029ec   Section        0  tasks.o(i.prvCheckTasksWaitingTermination)
    prvCheckTasksWaitingTermination          0x080029ed   Thumb Code    60  tasks.o(i.prvCheckTasksWaitingTermination)
    i.prvCopyDataFromQueue                   0x08002a34   Section        0  queue.o(i.prvCopyDataFromQueue)
    prvCopyDataFromQueue                     0x08002a35   Thumb Code    42  queue.o(i.prvCopyDataFromQueue)
    i.prvCopyDataToQueue                     0x08002a5e   Section        0  queue.o(i.prvCopyDataToQueue)
    prvCopyDataToQueue                       0x08002a5f   Thumb Code   124  queue.o(i.prvCopyDataToQueue)
    i.prvDebugLevelCommand                   0x08002adc   Section        0  user_cli.o(i.prvDebugLevelCommand)
    i.prvDeleteTCB                           0x08002b68   Section        0  tasks.o(i.prvDeleteTCB)
    prvDeleteTCB                             0x08002b69   Thumb Code    18  tasks.o(i.prvDeleteTCB)
    i.prvGetHeapUsageCommand                 0x08002b7c   Section        0  user_cli.o(i.prvGetHeapUsageCommand)
    i.prvGetNextExpireTime                   0x08002c7c   Section        0  timers.o(i.prvGetNextExpireTime)
    prvGetNextExpireTime                     0x08002c7d   Thumb Code    36  timers.o(i.prvGetNextExpireTime)
    i.prvGetNumberOfParameters               0x08002ca4   Section        0  freertos_cli.o(i.prvGetNumberOfParameters)
    prvGetNumberOfParameters                 0x08002ca5   Thumb Code    46  freertos_cli.o(i.prvGetNumberOfParameters)
    i.prvGetSysTimeCommand                   0x08002cd4   Section        0  user_cli.o(i.prvGetSysTimeCommand)
    i.prvHeapInit                            0x08002d2c   Section        0  heap_4.o(i.prvHeapInit)
    prvHeapInit                              0x08002d2d   Thumb Code    98  heap_4.o(i.prvHeapInit)
    i.prvHelpCommand                         0x08002da8   Section        0  freertos_cli.o(i.prvHelpCommand)
    prvHelpCommand                           0x08002da9   Thumb Code    66  freertos_cli.o(i.prvHelpCommand)
    i.prvIdleTask                            0x08002df4   Section        0  tasks.o(i.prvIdleTask)
    prvIdleTask                              0x08002df5   Thumb Code    32  tasks.o(i.prvIdleTask)
    i.prvInitialiseNewQueue                  0x08002e1c   Section        0  queue.o(i.prvInitialiseNewQueue)
    prvInitialiseNewQueue                    0x08002e1d   Thumb Code    46  queue.o(i.prvInitialiseNewQueue)
    i.prvInitialiseNewTask                   0x08002e4a   Section        0  tasks.o(i.prvInitialiseNewTask)
    prvInitialiseNewTask                     0x08002e4b   Thumb Code   146  tasks.o(i.prvInitialiseNewTask)
    i.prvInitialiseTaskLists                 0x08002edc   Section        0  tasks.o(i.prvInitialiseTaskLists)
    prvInitialiseTaskLists                   0x08002edd   Thumb Code    70  tasks.o(i.prvInitialiseTaskLists)
    i.prvInsertBlockIntoFreeList             0x08002f44   Section        0  heap_4.o(i.prvInsertBlockIntoFreeList)
    prvInsertBlockIntoFreeList               0x08002f45   Thumb Code    96  heap_4.o(i.prvInsertBlockIntoFreeList)
    i.prvInsertTimerInActiveList             0x08002fac   Section        0  timers.o(i.prvInsertTimerInActiveList)
    prvInsertTimerInActiveList               0x08002fad   Thumb Code    80  timers.o(i.prvInsertTimerInActiveList)
    i.prvIsQueueEmpty                        0x08003004   Section        0  queue.o(i.prvIsQueueEmpty)
    prvIsQueueEmpty                          0x08003005   Thumb Code    26  queue.o(i.prvIsQueueEmpty)
    i.prvIsQueueFull                         0x0800301e   Section        0  queue.o(i.prvIsQueueFull)
    prvIsQueueFull                           0x0800301f   Thumb Code    30  queue.o(i.prvIsQueueFull)
    i.prvNotifyQueueSetContainer             0x0800303c   Section        0  queue.o(i.prvNotifyQueueSetContainer)
    prvNotifyQueueSetContainer               0x0800303d   Thumb Code    82  queue.o(i.prvNotifyQueueSetContainer)
    i.prvProcessExpiredTimer                 0x08003090   Section        0  timers.o(i.prvProcessExpiredTimer)
    prvProcessExpiredTimer                   0x08003091   Thumb Code    70  timers.o(i.prvProcessExpiredTimer)
    i.prvProcessReceivedCommands             0x080030dc   Section        0  timers.o(i.prvProcessReceivedCommands)
    prvProcessReceivedCommands               0x080030dd   Thumb Code   200  timers.o(i.prvProcessReceivedCommands)
    i.prvProcessTimerOrBlockTask             0x080031a8   Section        0  timers.o(i.prvProcessTimerOrBlockTask)
    prvProcessTimerOrBlockTask               0x080031a9   Thumb Code   102  timers.o(i.prvProcessTimerOrBlockTask)
    i.prvResetNextTaskUnblockTime            0x0800321c   Section        0  tasks.o(i.prvResetNextTaskUnblockTime)
    prvResetNextTaskUnblockTime              0x0800321d   Thumb Code    42  tasks.o(i.prvResetNextTaskUnblockTime)
    i.prvSampleTimeNow                       0x08003250   Section        0  timers.o(i.prvSampleTimeNow)
    prvSampleTimeNow                         0x08003251   Thumb Code    40  timers.o(i.prvSampleTimeNow)
    i.prvSwitchTimerLists                    0x0800327c   Section        0  timers.o(i.prvSwitchTimerLists)
    prvSwitchTimerLists                      0x0800327d   Thumb Code   122  timers.o(i.prvSwitchTimerLists)
    i.prvTaskCheckFreeStackSpace             0x08003300   Section        0  tasks.o(i.prvTaskCheckFreeStackSpace)
    prvTaskCheckFreeStackSpace               0x08003301   Thumb Code    22  tasks.o(i.prvTaskCheckFreeStackSpace)
    i.prvTaskExitError                       0x08003316   Section        0  port.o(i.prvTaskExitError)
    prvTaskExitError                         0x08003317   Thumb Code    22  port.o(i.prvTaskExitError)
    i.prvTimerTask                           0x0800332c   Section        0  timers.o(i.prvTimerTask)
    prvTimerTask                             0x0800332d   Thumb Code    26  timers.o(i.prvTimerTask)
    i.prvUnlockQueue                         0x08003346   Section        0  queue.o(i.prvUnlockQueue)
    prvUnlockQueue                           0x08003347   Thumb Code   146  queue.o(i.prvUnlockQueue)
    i.pvPortMalloc                           0x080033d8   Section        0  heap_4.o(i.pvPortMalloc)
    i.pxPortInitialiseStack                  0x080034a8   Section        0  port.o(i.pxPortInitialiseStack)
    i.ulTaskNotifyTake                       0x080034cc   Section        0  tasks.o(i.ulTaskNotifyTake)
    i.uxListRemove                           0x08003540   Section        0  list.o(i.uxListRemove)
    i.uxTaskGetStackHighWaterMark            0x08003568   Section        0  tasks.o(i.uxTaskGetStackHighWaterMark)
    i.vListInitialise                        0x08003590   Section        0  list.o(i.vListInitialise)
    i.vListInitialiseItem                    0x080035aa   Section        0  list.o(i.vListInitialiseItem)
    i.vListInsert                            0x080035b0   Section        0  list.o(i.vListInsert)
    i.vListInsertEnd                         0x080035e4   Section        0  list.o(i.vListInsertEnd)
    i.vPortEnterCritical                     0x080035fc   Section        0  port.o(i.vPortEnterCritical)
    i.vPortExitCritical                      0x08003620   Section        0  port.o(i.vPortExitCritical)
    i.vPortFree                              0x08003640   Section        0  heap_4.o(i.vPortFree)
    i.vPortSetupTimerInterrupt               0x08003688   Section        0  port.o(i.vPortSetupTimerInterrupt)
    i.vQueueAddToRegistry                    0x080036a0   Section        0  queue.o(i.vQueueAddToRegistry)
    i.vQueueWaitForMessageRestricted         0x080036cc   Section        0  queue.o(i.vQueueWaitForMessageRestricted)
    i.vTaskDelay                             0x08003718   Section        0  tasks.o(i.vTaskDelay)
    i.vTaskDelete                            0x0800374c   Section        0  tasks.o(i.vTaskDelete)
    i.vTaskInternalSetTimeOutState           0x08003818   Section        0  tasks.o(i.vTaskInternalSetTimeOutState)
    i.vTaskMissedYield                       0x08003830   Section        0  tasks.o(i.vTaskMissedYield)
    i.vTaskNotifyGiveFromISR                 0x0800383c   Section        0  tasks.o(i.vTaskNotifyGiveFromISR)
    i.vTaskPlaceOnEventList                  0x080038f0   Section        0  tasks.o(i.vTaskPlaceOnEventList)
    i.vTaskPlaceOnEventListRestricted        0x08003910   Section        0  tasks.o(i.vTaskPlaceOnEventListRestricted)
    i.vTaskStartScheduler                    0x08003938   Section        0  tasks.o(i.vTaskStartScheduler)
    i.vTaskSuspendAll                        0x080039ac   Section        0  tasks.o(i.vTaskSuspendAll)
    i.vTaskSwitchContext                     0x080039bc   Section        0  tasks.o(i.vTaskSwitchContext)
    i.xPortGetFreeHeapSize                   0x08003a60   Section        0  heap_4.o(i.xPortGetFreeHeapSize)
    i.xPortStartScheduler                    0x08003a6c   Section        0  port.o(i.xPortStartScheduler)
    i.xPortSysTickHandler                    0x08003aa0   Section        0  port.o(i.xPortSysTickHandler)
    i.xQueueGenericCreate                    0x08003ad4   Section        0  queue.o(i.xQueueGenericCreate)
    i.xQueueGenericReset                     0x08003b0c   Section        0  queue.o(i.xQueueGenericReset)
    i.xQueueGenericSend                      0x08003b8c   Section        0  queue.o(i.xQueueGenericSend)
    i.xQueueGenericSendFromISR               0x08003cc4   Section        0  queue.o(i.xQueueGenericSendFromISR)
    i.xQueueReceive                          0x08003d60   Section        0  queue.o(i.xQueueReceive)
    i.xTaskCheckForTimeOut                   0x08003e64   Section        0  tasks.o(i.xTaskCheckForTimeOut)
    i.xTaskCreate                            0x08003ec0   Section        0  tasks.o(i.xTaskCreate)
    i.xTaskGetSchedulerState                 0x08003f20   Section        0  tasks.o(i.xTaskGetSchedulerState)
    i.xTaskGetTickCount                      0x08003f40   Section        0  tasks.o(i.xTaskGetTickCount)
    i.xTaskIncrementTick                     0x08003f4c   Section        0  tasks.o(i.xTaskIncrementTick)
    i.xTaskPriorityDisinherit                0x08004068   Section        0  tasks.o(i.xTaskPriorityDisinherit)
    i.xTaskRemoveFromEventList               0x080040ec   Section        0  tasks.o(i.xTaskRemoveFromEventList)
    i.xTaskResumeAll                         0x0800416c   Section        0  tasks.o(i.xTaskResumeAll)
    i.xTimerCreateTimerTask                  0x08004254   Section        0  timers.o(i.xTimerCreateTimerTask)
    i.xTimerGenericCommand                   0x08004290   Section        0  timers.o(i.xTimerGenericCommand)
    .constdata                               0x080042fc   Section        5  main.o(.constdata)
    __func__                                 0x080042fc   Data           5  main.o(.constdata)
    .constdata                               0x08004304   Section       16  freertos_cli.o(.constdata)
    xHelpCommand                             0x08004304   Data          16  freertos_cli.o(.constdata)
    .constdata                               0x08004314   Section      268  m5310.o(.constdata)
    __func__                                 0x08004314   Data          29  m5310.o(.constdata)
    __func__                                 0x08004384   Data          20  m5310.o(.constdata)
    __func__                                 0x08004398   Data          31  m5310.o(.constdata)
    __func__                                 0x080043e0   Data          24  m5310.o(.constdata)
    .conststring                             0x08004420   Section      221  freertos_cli.o(.conststring)
    .conststring                             0x08004500   Section      210  user_cli.o(.conststring)
    .data                                    0x20000000   Section       20  stm32f10x_rcc.o(.data)
    APBAHBPrescTable                         0x20000000   Data          16  stm32f10x_rcc.o(.data)
    ADCPrescTable                            0x20000010   Data           4  stm32f10x_rcc.o(.data)
    .data                                    0x20000014   Section       16  main.o(.data)
    .data                                    0x20000024   Section       20  system_stm32f10x.o(.data)
    .data                                    0x20000038   Section       68  tasks.o(.data)
    pxDelayedTaskList                        0x2000003c   Data           4  tasks.o(.data)
    pxOverflowDelayedTaskList                0x20000040   Data           4  tasks.o(.data)
    uxDeletedTasksWaitingCleanUp             0x20000044   Data           4  tasks.o(.data)
    uxCurrentNumberOfTasks                   0x20000048   Data           4  tasks.o(.data)
    xTickCount                               0x2000004c   Data           4  tasks.o(.data)
    uxTopReadyPriority                       0x20000050   Data           4  tasks.o(.data)
    xSchedulerRunning                        0x20000054   Data           4  tasks.o(.data)
    uxPendedTicks                            0x20000058   Data           4  tasks.o(.data)
    xYieldPending                            0x2000005c   Data           4  tasks.o(.data)
    xNumOfOverflows                          0x20000060   Data           4  tasks.o(.data)
    uxTaskNumber                             0x20000064   Data           4  tasks.o(.data)
    xNextTaskUnblockTime                     0x20000068   Data           4  tasks.o(.data)
    xIdleTaskHandle                          0x2000006c   Data           4  tasks.o(.data)
    uxSchedulerSuspended                     0x20000070   Data           4  tasks.o(.data)
    ulTaskSwitchedInTime                     0x20000074   Data           4  tasks.o(.data)
    ulTotalRunTime                           0x20000078   Data           4  tasks.o(.data)
    .data                                    0x2000007c   Section       20  timers.o(.data)
    pxCurrentTimerList                       0x2000007c   Data           4  timers.o(.data)
    pxOverflowTimerList                      0x20000080   Data           4  timers.o(.data)
    xTimerQueue                              0x20000084   Data           4  timers.o(.data)
    xTimerTaskHandle                         0x20000088   Data           4  timers.o(.data)
    xLastTime                                0x2000008c   Data           4  timers.o(.data)
    .data                                    0x20000090   Section       24  heap_4.o(.data)
    xStart                                   0x20000090   Data           8  heap_4.o(.data)
    pxEnd                                    0x20000098   Data           4  heap_4.o(.data)
    xFreeBytesRemaining                      0x2000009c   Data           4  heap_4.o(.data)
    xMinimumEverFreeBytesRemaining           0x200000a0   Data           4  heap_4.o(.data)
    xBlockAllocatedBit                       0x200000a4   Data           4  heap_4.o(.data)
    .data                                    0x200000a8   Section        4  port.o(.data)
    uxCriticalNesting                        0x200000a8   Data           4  port.o(.data)
    .data                                    0x200000ac   Section        1  delay.o(.data)
    fac_us                                   0x200000ac   Data           1  delay.o(.data)
    .data                                    0x200000b0   Section        8  timer.o(.data)
    .data                                    0x200000b8   Section        1  common.o(.data)
    .data                                    0x200000bc   Section       20  freertos_cli.o(.data)
    xRegisteredCommands                      0x200000bc   Data           8  freertos_cli.o(.data)
    pxLastCommandInList                      0x200000c4   Data           4  freertos_cli.o(.data)
    pxCommand                                0x200000c8   Data           4  freertos_cli.o(.data)
    pxCommand                                0x200000cc   Data           4  freertos_cli.o(.data)
    .data                                    0x200000d0   Section       48  user_cli.o(.data)
    CliCommandList                           0x200000d0   Data          48  user_cli.o(.data)
    .data                                    0x20000100   Section        4  m5310.o(.data)
    .bss                                     0x20000104   Section      132  main.o(.bss)
    pcOutputString                           0x20000124   Data         100  main.o(.bss)
    .bss                                     0x20000188   Section       64  queue.o(.bss)
    .bss                                     0x200001c8   Section      200  tasks.o(.bss)
    pxReadyTasksLists                        0x200001c8   Data         100  tasks.o(.bss)
    xDelayedTaskList1                        0x2000022c   Data          20  tasks.o(.bss)
    xDelayedTaskList2                        0x20000240   Data          20  tasks.o(.bss)
    xPendingReadyList                        0x20000254   Data          20  tasks.o(.bss)
    xTasksWaitingTermination                 0x20000268   Data          20  tasks.o(.bss)
    xSuspendedTaskList                       0x2000027c   Data          20  tasks.o(.bss)
    .bss                                     0x20000290   Section       40  timers.o(.bss)
    xActiveTimerList1                        0x20000290   Data          20  timers.o(.bss)
    xActiveTimerList2                        0x200002a4   Data          20  timers.o(.bss)
    .bss                                     0x200002b8   Section    10240  heap_4.o(.bss)
    ucHeap                                   0x200002b8   Data       10240  heap_4.o(.bss)
    .bss                                     0x20002ab8   Section      128  m5310.o(.bss)
    STACK                                    0x20002b38   Section     1024  startup_stm32f10x_hd.o(STACK)

    Global Symbols

    Symbol Name                              Value     Ov Type        Size  Object(Section)

    BuildAttributes$$THM_ISAv4$P$D$K$B$S$PE$A:L22UL41UL21$X:L11$S22US41US21$IEEE1$IW$USESV6$~STKCKD$USESV7$~SHL$OSPACE$ROPI$EBA8$MICROLIB$REQ8$PRES8$EABIv2 0x00000000   Number         0  anon$$obj.o ABSOLUTE
    __ARM_use_no_argv                        0x00000000   Number         0  main.o ABSOLUTE
    _printf_a                                0x00000000   Number         0  stubs.o ABSOLUTE
    _printf_c                                0x00000000   Number         0  stubs.o ABSOLUTE
    _printf_charcount                        0x00000000   Number         0  stubs.o ABSOLUTE
    _printf_d                                0x00000000   Number         0  stubs.o ABSOLUTE
    _printf_e                                0x00000000   Number         0  stubs.o ABSOLUTE
    _printf_f                                0x00000000   Number         0  stubs.o ABSOLUTE
    _printf_flags                            0x00000000   Number         0  stubs.o ABSOLUTE
    _printf_fp_dec                           0x00000000   Number         0  stubs.o ABSOLUTE
    _printf_fp_hex                           0x00000000   Number         0  stubs.o ABSOLUTE
    _printf_g                                0x00000000   Number         0  stubs.o ABSOLUTE
    _printf_i                                0x00000000   Number         0  stubs.o ABSOLUTE
    _printf_int_dec                          0x00000000   Number         0  stubs.o ABSOLUTE
    _printf_l                                0x00000000   Number         0  stubs.o ABSOLUTE
    _printf_lc                               0x00000000   Number         0  stubs.o ABSOLUTE
    _printf_ll                               0x00000000   Number         0  stubs.o ABSOLUTE
    _printf_lld                              0x00000000   Number         0  stubs.o ABSOLUTE
    _printf_lli                              0x00000000   Number         0  stubs.o ABSOLUTE
    _printf_llo                              0x00000000   Number         0  stubs.o ABSOLUTE
    _printf_llu                              0x00000000   Number         0  stubs.o ABSOLUTE
    _printf_llx                              0x00000000   Number         0  stubs.o ABSOLUTE
    _printf_longlong_dec                     0x00000000   Number         0  stubs.o ABSOLUTE
    _printf_longlong_hex                     0x00000000   Number         0  stubs.o ABSOLUTE
    _printf_longlong_oct                     0x00000000   Number         0  stubs.o ABSOLUTE
    _printf_ls                               0x00000000   Number         0  stubs.o ABSOLUTE
    _printf_mbtowc                           0x00000000   Number         0  stubs.o ABSOLUTE
    _printf_n                                0x00000000   Number         0  stubs.o ABSOLUTE
    _printf_o                                0x00000000   Number         0  stubs.o ABSOLUTE
    _printf_p                                0x00000000   Number         0  stubs.o ABSOLUTE
    _printf_percent                          0x00000000   Number         0  stubs.o ABSOLUTE
    _printf_pre_padding                      0x00000000   Number         0  stubs.o ABSOLUTE
    _printf_return_value                     0x00000000   Number         0  stubs.o ABSOLUTE
    _printf_s                                0x00000000   Number         0  stubs.o ABSOLUTE
    _printf_sizespec                         0x00000000   Number         0  stubs.o ABSOLUTE
    _printf_str                              0x00000000   Number         0  stubs.o ABSOLUTE
    _printf_truncate_signed                  0x00000000   Number         0  stubs.o ABSOLUTE
    _printf_truncate_unsigned                0x00000000   Number         0  stubs.o ABSOLUTE
    _printf_u                                0x00000000   Number         0  stubs.o ABSOLUTE
    _printf_wc                               0x00000000   Number         0  stubs.o ABSOLUTE
    _printf_wctomb                           0x00000000   Number         0  stubs.o ABSOLUTE
    _printf_widthprec                        0x00000000   Number         0  stubs.o ABSOLUTE
    _printf_x                                0x00000000   Number         0  stubs.o ABSOLUTE
    __cpp_initialize__aeabi_                  - Undefined Weak Reference
    __cxa_finalize                            - Undefined Weak Reference
    __decompress                              - Undefined Weak Reference
    _clock_init                               - Undefined Weak Reference
    _microlib_exit                            - Undefined Weak Reference
    __Vectors_Size                           0x00000130   Number         0  startup_stm32f10x_hd.o ABSOLUTE
    __Vectors                                0x08000000   Data           4  startup_stm32f10x_hd.o(RESET)
    __Vectors_End                            0x08000130   Data           0  startup_stm32f10x_hd.o(RESET)
    __main                                   0x08000131   Thumb Code     0  entry.o(.ARM.Collect$$$$00000000)
    _main_stk                                0x08000131   Thumb Code     0  entry2.o(.ARM.Collect$$$$00000001)
    _main_scatterload                        0x08000135   Thumb Code     0  entry5.o(.ARM.Collect$$$$00000004)
    __main_after_scatterload                 0x08000139   Thumb Code     0  entry5.o(.ARM.Collect$$$$00000004)
    _main_clock                              0x08000139   Thumb Code     0  entry7b.o(.ARM.Collect$$$$00000008)
    _main_cpp_init                           0x08000139   Thumb Code     0  entry8b.o(.ARM.Collect$$$$0000000A)
    _main_init                               0x08000139   Thumb Code     0  entry9a.o(.ARM.Collect$$$$0000000B)
    __rt_final_cpp                           0x08000141   Thumb Code     0  entry10a.o(.ARM.Collect$$$$0000000D)
    __rt_final_exit                          0x08000141   Thumb Code     0  entry11a.o(.ARM.Collect$$$$0000000F)
    wait                                     0x08000145   Thumb Code     2  stm32f10x_it.o(.emb_text)
    SVC_Handler                              0x08000149   Thumb Code    32  port.o(.emb_text)
    __asm___6_port_c_39a90d8d__prvStartFirstTask 0x0800016d   Thumb Code    28  port.o(.emb_text)
    PendSV_Handler                           0x0800018d   Thumb Code    72  port.o(.emb_text)
    vPortGetIPSR                             0x080001d9   Thumb Code     6  port.o(.emb_text)
    Reset_Handler                            0x080001e1   Thumb Code     8  startup_stm32f10x_hd.o(.text)
    ADC1_2_IRQHandler                        0x080001fb   Thumb Code     0  startup_stm32f10x_hd.o(.text)
    ADC3_IRQHandler                          0x080001fb   Thumb Code     0  startup_stm32f10x_hd.o(.text)
    CAN1_RX1_IRQHandler                      0x080001fb   Thumb Code     0  startup_stm32f10x_hd.o(.text)
    CAN1_SCE_IRQHandler                      0x080001fb   Thumb Code     0  startup_stm32f10x_hd.o(.text)
    DMA1_Channel1_IRQHandler                 0x080001fb   Thumb Code     0  startup_stm32f10x_hd.o(.text)
    DMA1_Channel2_IRQHandler                 0x080001fb   Thumb Code     0  startup_stm32f10x_hd.o(.text)
    DMA1_Channel3_IRQHandler                 0x080001fb   Thumb Code     0  startup_stm32f10x_hd.o(.text)
    DMA1_Channel4_IRQHandler                 0x080001fb   Thumb Code     0  startup_stm32f10x_hd.o(.text)
    DMA1_Channel5_IRQHandler                 0x080001fb   Thumb Code     0  startup_stm32f10x_hd.o(.text)
    DMA1_Channel6_IRQHandler                 0x080001fb   Thumb Code     0  startup_stm32f10x_hd.o(.text)
    DMA1_Channel7_IRQHandler                 0x080001fb   Thumb Code     0  startup_stm32f10x_hd.o(.text)
    DMA2_Channel1_IRQHandler                 0x080001fb   Thumb Code     0  startup_stm32f10x_hd.o(.text)
    DMA2_Channel2_IRQHandler                 0x080001fb   Thumb Code     0  startup_stm32f10x_hd.o(.text)
    DMA2_Channel3_IRQHandler                 0x080001fb   Thumb Code     0  startup_stm32f10x_hd.o(.text)
    DMA2_Channel4_5_IRQHandler               0x080001fb   Thumb Code     0  startup_stm32f10x_hd.o(.text)
    EXTI0_IRQHandler                         0x080001fb   Thumb Code     0  startup_stm32f10x_hd.o(.text)
    EXTI15_10_IRQHandler                     0x080001fb   Thumb Code     0  startup_stm32f10x_hd.o(.text)
    EXTI1_IRQHandler                         0x080001fb   Thumb Code     0  startup_stm32f10x_hd.o(.text)
    EXTI2_IRQHandler                         0x080001fb   Thumb Code     0  startup_stm32f10x_hd.o(.text)
    EXTI3_IRQHandler                         0x080001fb   Thumb Code     0  startup_stm32f10x_hd.o(.text)
    EXTI4_IRQHandler                         0x080001fb   Thumb Code     0  startup_stm32f10x_hd.o(.text)
    EXTI9_5_IRQHandler                       0x080001fb   Thumb Code     0  startup_stm32f10x_hd.o(.text)
    FLASH_IRQHandler                         0x080001fb   Thumb Code     0  startup_stm32f10x_hd.o(.text)
    FSMC_IRQHandler                          0x080001fb   Thumb Code     0  startup_stm32f10x_hd.o(.text)
    I2C1_ER_IRQHandler                       0x080001fb   Thumb Code     0  startup_stm32f10x_hd.o(.text)
    I2C1_EV_IRQHandler                       0x080001fb   Thumb Code     0  startup_stm32f10x_hd.o(.text)
    I2C2_ER_IRQHandler                       0x080001fb   Thumb Code     0  startup_stm32f10x_hd.o(.text)
    I2C2_EV_IRQHandler                       0x080001fb   Thumb Code     0  startup_stm32f10x_hd.o(.text)
    PVD_IRQHandler                           0x080001fb   Thumb Code     0  startup_stm32f10x_hd.o(.text)
    RCC_IRQHandler                           0x080001fb   Thumb Code     0  startup_stm32f10x_hd.o(.text)
    RTCAlarm_IRQHandler                      0x080001fb   Thumb Code     0  startup_stm32f10x_hd.o(.text)
    RTC_IRQHandler                           0x080001fb   Thumb Code     0  startup_stm32f10x_hd.o(.text)
    SDIO_IRQHandler                          0x080001fb   Thumb Code     0  startup_stm32f10x_hd.o(.text)
    SPI1_IRQHandler                          0x080001fb   Thumb Code     0  startup_stm32f10x_hd.o(.text)
    SPI2_IRQHandler                          0x080001fb   Thumb Code     0  startup_stm32f10x_hd.o(.text)
    SPI3_IRQHandler                          0x080001fb   Thumb Code     0  startup_stm32f10x_hd.o(.text)
    TAMPER_IRQHandler                        0x080001fb   Thumb Code     0  startup_stm32f10x_hd.o(.text)
    TIM1_BRK_IRQHandler                      0x080001fb   Thumb Code     0  startup_stm32f10x_hd.o(.text)
    TIM1_CC_IRQHandler                       0x080001fb   Thumb Code     0  startup_stm32f10x_hd.o(.text)
    TIM1_TRG_COM_IRQHandler                  0x080001fb   Thumb Code     0  startup_stm32f10x_hd.o(.text)
    TIM1_UP_IRQHandler                       0x080001fb   Thumb Code     0  startup_stm32f10x_hd.o(.text)
    TIM2_IRQHandler                          0x080001fb   Thumb Code     0  startup_stm32f10x_hd.o(.text)
    TIM4_IRQHandler                          0x080001fb   Thumb Code     0  startup_stm32f10x_hd.o(.text)
    TIM5_IRQHandler                          0x080001fb   Thumb Code     0  startup_stm32f10x_hd.o(.text)
    TIM6_IRQHandler                          0x080001fb   Thumb Code     0  startup_stm32f10x_hd.o(.text)
    TIM7_IRQHandler                          0x080001fb   Thumb Code     0  startup_stm32f10x_hd.o(.text)
    TIM8_BRK_IRQHandler                      0x080001fb   Thumb Code     0  startup_stm32f10x_hd.o(.text)
    TIM8_CC_IRQHandler                       0x080001fb   Thumb Code     0  startup_stm32f10x_hd.o(.text)
    TIM8_TRG_COM_IRQHandler                  0x080001fb   Thumb Code     0  startup_stm32f10x_hd.o(.text)
    TIM8_UP_IRQHandler                       0x080001fb   Thumb Code     0  startup_stm32f10x_hd.o(.text)
    UART4_IRQHandler                         0x080001fb   Thumb Code     0  startup_stm32f10x_hd.o(.text)
    UART5_IRQHandler                         0x080001fb   Thumb Code     0  startup_stm32f10x_hd.o(.text)
    USBWakeUp_IRQHandler                     0x080001fb   Thumb Code     0  startup_stm32f10x_hd.o(.text)
    USB_HP_CAN1_TX_IRQHandler                0x080001fb   Thumb Code     0  startup_stm32f10x_hd.o(.text)
    USB_LP_CAN1_RX0_IRQHandler               0x080001fb   Thumb Code     0  startup_stm32f10x_hd.o(.text)
    WWDG_IRQHandler                          0x080001fb   Thumb Code     0  startup_stm32f10x_hd.o(.text)
    __aeabi_memcpy                           0x08000205   Thumb Code    36  memcpya.o(.text)
    __aeabi_memcpy4                          0x08000205   Thumb Code     0  memcpya.o(.text)
    __aeabi_memcpy8                          0x08000205   Thumb Code     0  memcpya.o(.text)
    __aeabi_memset                           0x08000229   Thumb Code    14  memseta.o(.text)
    __aeabi_memset4                          0x08000229   Thumb Code     0  memseta.o(.text)
    __aeabi_memset8                          0x08000229   Thumb Code     0  memseta.o(.text)
    __aeabi_memclr                           0x08000237   Thumb Code     4  memseta.o(.text)
    __aeabi_memclr4                          0x08000237   Thumb Code     0  memseta.o(.text)
    __aeabi_memclr8                          0x08000237   Thumb Code     0  memseta.o(.text)
    _memset$wrapper                          0x0800023b   Thumb Code    18  memseta.o(.text)
    strstr                                   0x0800024d   Thumb Code    36  strstr.o(.text)
    strncpy                                  0x08000271   Thumb Code    24  strncpy.o(.text)
    strlen                                   0x08000289   Thumb Code    14  strlen.o(.text)
    strncat                                  0x08000297   Thumb Code    40  strncat.o(.text)
    strncmp                                  0x080002bf   Thumb Code    30  strncmp.o(.text)
    __aeabi_uidiv                            0x080002dd   Thumb Code     0  uidiv.o(.text)
    __aeabi_uidivmod                         0x080002dd   Thumb Code    44  uidiv.o(.text)
    __aeabi_uldivmod                         0x08000309   Thumb Code    98  uldiv.o(.text)
    __I$use$fp                               0x0800036b   Thumb Code     0  iusefp.o(.text)
    __aeabi_dadd                             0x0800036b   Thumb Code   322  dadd.o(.text)
    __aeabi_dsub                             0x080004ad   Thumb Code     6  dadd.o(.text)
    __aeabi_drsub                            0x080004b3   Thumb Code     6  dadd.o(.text)
    __aeabi_dmul                             0x080004b9   Thumb Code   228  dmul.o(.text)
    __aeabi_ddiv                             0x0800059d   Thumb Code   222  ddiv.o(.text)
    __aeabi_d2ulz                            0x0800067b   Thumb Code    48  dfixul.o(.text)
    __aeabi_cdrcmple                         0x080006ad   Thumb Code    48  cdrcmple.o(.text)
    __scatterload                            0x080006dd   Thumb Code    28  init.o(.text)
    __scatterload_rt2                        0x080006dd   Thumb Code     0  init.o(.text)
    __aeabi_llsl                             0x08000701   Thumb Code    30  llshl.o(.text)
    _ll_shift_l                              0x08000701   Thumb Code     0  llshl.o(.text)
    __aeabi_llsr                             0x0800071f   Thumb Code    32  llushr.o(.text)
    _ll_ushift_r                             0x0800071f   Thumb Code     0  llushr.o(.text)
    __aeabi_lasr                             0x0800073f   Thumb Code    36  llsshr.o(.text)
    _ll_sshift_r                             0x0800073f   Thumb Code     0  llsshr.o(.text)
    _double_round                            0x08000763   Thumb Code    30  depilogue.o(.text)
    _double_epilogue                         0x08000781   Thumb Code   156  depilogue.o(.text)
    BusFault_Handler                         0x0800081d   Thumb Code     4  stm32f10x_it.o(i.BusFault_Handler)
    ConfigureTimeForRunTimeStats             0x08000821   Thumb Code    22  timer.o(i.ConfigureTimeForRunTimeStats)
    DebugMon_Handler                         0x0800083d   Thumb Code     2  stm32f10x_it.o(i.DebugMon_Handler)
    FreeRTOS_CLIGetParameter                 0x0800083f   Thumb Code    92  freertos_cli.o(i.FreeRTOS_CLIGetParameter)
    FreeRTOS_CLIProcessCommand               0x0800089d   Thumb Code   208  freertos_cli.o(i.FreeRTOS_CLIProcessCommand)
    FreeRTOS_CLIRegisterCommand              0x0800097d   Thumb Code    46  freertos_cli.o(i.FreeRTOS_CLIRegisterCommand)
    GPIO_Init                                0x080009b1   Thumb Code   278  stm32f10x_gpio.o(i.GPIO_Init)
    HardFault_Handler                        0x08000ac7   Thumb Code     8  stm32f10x_it.o(i.HardFault_Handler)
    MemManage_Handler                        0x08000acf   Thumb Code     4  stm32f10x_it.o(i.MemManage_Handler)
    NMI_Handler                              0x08000ad3   Thumb Code     2  stm32f10x_it.o(i.NMI_Handler)
    NVIC_Init                                0x08000ad5   Thumb Code   100  misc.o(i.NVIC_Init)
    NVIC_PriorityGroupConfig                 0x08000b45   Thumb Code    10  misc.o(i.NVIC_PriorityGroupConfig)
    RCC_APB1PeriphClockCmd                   0x08000b59   Thumb Code    26  stm32f10x_rcc.o(i.RCC_APB1PeriphClockCmd)
    RCC_APB1PeriphResetCmd                   0x08000b79   Thumb Code    26  stm32f10x_rcc.o(i.RCC_APB1PeriphResetCmd)
    RCC_APB2PeriphClockCmd                   0x08000b99   Thumb Code    26  stm32f10x_rcc.o(i.RCC_APB2PeriphClockCmd)
    RCC_APB2PeriphResetCmd                   0x08000bb9   Thumb Code    26  stm32f10x_rcc.o(i.RCC_APB2PeriphResetCmd)
    RCC_GetClocksFreq                        0x08000bd9   Thumb Code   192  stm32f10x_rcc.o(i.RCC_GetClocksFreq)
    SysTick_CLKSourceConfig                  0x08000d95   Thumb Code    40  misc.o(i.SysTick_CLKSourceConfig)
    SysTick_Handler                          0x08000dbd   Thumb Code    16  delay.o(i.SysTick_Handler)
    SystemInit                               0x08000dcd   Thumb Code    78  system_stm32f10x.o(i.SystemInit)
    TIM3_IRQHandler                          0x08000e2d   Thumb Code    42  timer.o(i.TIM3_IRQHandler)
    TIM3_Int_Init                            0x08000e61   Thumb Code    90  timer.o(i.TIM3_Int_Init)
    TIM_ClearITPendingBit                    0x08000ec1   Thumb Code     6  stm32f10x_tim.o(i.TIM_ClearITPendingBit)
    TIM_Cmd                                  0x08000ec7   Thumb Code    24  stm32f10x_tim.o(i.TIM_Cmd)
    TIM_GetITStatus                          0x08000edf   Thumb Code    34  stm32f10x_tim.o(i.TIM_GetITStatus)
    TIM_ITConfig                             0x08000f01   Thumb Code    18  stm32f10x_tim.o(i.TIM_ITConfig)
    TIM_TimeBaseInit                         0x08000f15   Thumb Code   122  stm32f10x_tim.o(i.TIM_TimeBaseInit)
    USART1_IRQHandler                        0x08000fb9   Thumb Code     2  usart.o(i.USART1_IRQHandler)
    USART2_IRQHandler                        0x08000fbd   Thumb Code   130  usart.o(i.USART2_IRQHandler)
    USART3_IRQHandler                        0x08001051   Thumb Code    58  usart.o(i.USART3_IRQHandler)
    USART_ClearFlag                          0x080010bd   Thumb Code    18  stm32f10x_usart.o(i.USART_ClearFlag)
    USART_Cmd                                0x080010cf   Thumb Code    24  stm32f10x_usart.o(i.USART_Cmd)
    USART_DeInit                             0x080010e9   Thumb Code   134  stm32f10x_usart.o(i.USART_DeInit)
    USART_GetFlagStatus                      0x08001185   Thumb Code    26  stm32f10x_usart.o(i.USART_GetFlagStatus)
    USART_GetITStatus                        0x0800119f   Thumb Code    84  stm32f10x_usart.o(i.USART_GetITStatus)
    USART_ITConfig                           0x080011f3   Thumb Code    74  stm32f10x_usart.o(i.USART_ITConfig)
    USART_Init                               0x0800123d   Thumb Code   210  stm32f10x_usart.o(i.USART_Init)
    USART_ReceiveData                        0x08001315   Thumb Code    10  stm32f10x_usart.o(i.USART_ReceiveData)
    USART_SendData                           0x0800131f   Thumb Code     8  stm32f10x_usart.o(i.USART_SendData)
    UsageFault_Handler                       0x08001327   Thumb Code     4  stm32f10x_it.o(i.UsageFault_Handler)
    _CMIOT_CLI_Init                          0x0800132d   Thumb Code    26  user_cli.o(i._CMIOT_CLI_Init)
    _CMIOT_CliTaskProc                       0x0800134d   Thumb Code    88  main.o(i._CMIOT_CliTaskProc)
    _CMIOT_Debug                             0x080013d5   Thumb Code    68  common.o(i._CMIOT_Debug)
    _CMIOT_ExecuteAtCmd                      0x08001421   Thumb Code   140  m5310.o(i._CMIOT_ExecuteAtCmd)
    _CMIOT_M5310TaskProc                     0x080014f9   Thumb Code    20  main.o(i._CMIOT_M5310TaskProc)
    _CMIOT_M5310_GetUeState                  0x0800150d   Thumb Code   562  m5310.o(i._CMIOT_M5310_GetUeState)
    _CMIOT_StartTaskProc                     0x08001835   Thumb Code    62  main.o(i._CMIOT_StartTaskProc)
    _CMIOT_Uart_Init                         0x080018a1   Thumb Code   488  usart.o(i._CMIOT_Uart_Init)
    _CMIOT_Uart_send                         0x08001aa1   Thumb Code    64  usart.o(i._CMIOT_Uart_send)
    _CMIOT_atoi                              0x08001ae1   Thumb Code   134  common.o(i._CMIOT_atoi)
    __0sprintf$4                             0x08001b69   Thumb Code    34  printf4.o(i.__0sprintf$4)
    __1sprintf$4                             0x08001b69   Thumb Code     0  printf4.o(i.__0sprintf$4)
    __2sprintf                               0x08001b69   Thumb Code     0  printf4.o(i.__0sprintf$4)
    __0vsnprintf                             0x08001b91   Thumb Code    32  printfa.o(i.__0vsnprintf)
    __1vsnprintf                             0x08001b91   Thumb Code     0  printfa.o(i.__0vsnprintf)
    __2vsnprintf                             0x08001b91   Thumb Code     0  printfa.o(i.__0vsnprintf)
    __c89vsnprintf                           0x08001b91   Thumb Code     0  printfa.o(i.__0vsnprintf)
    vsnprintf                                0x08001b91   Thumb Code     0  printfa.o(i.__0vsnprintf)
    __scatterload_copy                       0x08001bb5   Thumb Code    14  handlers.o(i.__scatterload_copy)
    __scatterload_null                       0x08001bc3   Thumb Code     2  handlers.o(i.__scatterload_null)
    __scatterload_zeroinit                   0x08001bc5   Thumb Code    14  handlers.o(i.__scatterload_zeroinit)
    delay_init                               0x080026b5   Thumb Code    68  delay.o(i.delay_init)
    delay_ms                                 0x08002705   Thumb Code    40  delay.o(i.delay_ms)
    delay_us                                 0x08002769   Thumb Code    68  delay.o(i.delay_us)
    main                                     0x080027b1   Thumb Code    80  main.o(i.main)
    prvDebugLevelCommand                     0x08002add   Thumb Code   104  user_cli.o(i.prvDebugLevelCommand)
    prvGetHeapUsageCommand                   0x08002b7d   Thumb Code   150  user_cli.o(i.prvGetHeapUsageCommand)
    prvGetSysTimeCommand                     0x08002cd5   Thumb Code    54  user_cli.o(i.prvGetSysTimeCommand)
    pvPortMalloc                             0x080033d9   Thumb Code   188  heap_4.o(i.pvPortMalloc)
    pxPortInitialiseStack                    0x080034a9   Thumb Code    30  port.o(i.pxPortInitialiseStack)
    ulTaskNotifyTake                         0x080034cd   Thumb Code   108  tasks.o(i.ulTaskNotifyTake)
    uxListRemove                             0x08003541   Thumb Code    40  list.o(i.uxListRemove)
    uxTaskGetStackHighWaterMark              0x08003569   Thumb Code    34  tasks.o(i.uxTaskGetStackHighWaterMark)
    vListInitialise                          0x08003591   Thumb Code    26  list.o(i.vListInitialise)
    vListInitialiseItem                      0x080035ab   Thumb Code     6  list.o(i.vListInitialiseItem)
    vListInsert                              0x080035b1   Thumb Code    52  list.o(i.vListInsert)
    vListInsertEnd                           0x080035e5   Thumb Code    24  list.o(i.vListInsertEnd)
    vPortEnterCritical                       0x080035fd   Thumb Code    30  port.o(i.vPortEnterCritical)
    vPortExitCritical                        0x08003621   Thumb Code    28  port.o(i.vPortExitCritical)
    vPortFree                                0x08003641   Thumb Code    64  heap_4.o(i.vPortFree)
    vPortSetupTimerInterrupt                 0x08003689   Thumb Code    20  port.o(i.vPortSetupTimerInterrupt)
    vQueueAddToRegistry                      0x080036a1   Thumb Code    38  queue.o(i.vQueueAddToRegistry)
    vQueueWaitForMessageRestricted           0x080036cd   Thumb Code    74  queue.o(i.vQueueWaitForMessageRestricted)
    vTaskDelay                               0x08003719   Thumb Code    46  tasks.o(i.vTaskDelay)
    vTaskDelete                              0x0800374d   Thumb Code   166  tasks.o(i.vTaskDelete)
    vTaskInternalSetTimeOutState             0x08003819   Thumb Code    14  tasks.o(i.vTaskInternalSetTimeOutState)
    vTaskMissedYield                         0x08003831   Thumb Code     8  tasks.o(i.vTaskMissedYield)
    vTaskNotifyGiveFromISR                   0x0800383d   Thumb Code   154  tasks.o(i.vTaskNotifyGiveFromISR)
    vTaskPlaceOnEventList                    0x080038f1   Thumb Code    28  tasks.o(i.vTaskPlaceOnEventList)
    vTaskPlaceOnEventListRestricted          0x08003911   Thumb Code    36  tasks.o(i.vTaskPlaceOnEventListRestricted)
    vTaskStartScheduler                      0x08003939   Thumb Code    86  tasks.o(i.vTaskStartScheduler)
    vTaskSuspendAll                          0x080039ad   Thumb Code    12  tasks.o(i.vTaskSuspendAll)
    vTaskSwitchContext                       0x080039bd   Thumb Code   130  tasks.o(i.vTaskSwitchContext)
    xPortGetFreeHeapSize                     0x08003a61   Thumb Code     6  heap_4.o(i.xPortGetFreeHeapSize)
    xPortStartScheduler                      0x08003a6d   Thumb Code    42  port.o(i.xPortStartScheduler)
    xPortSysTickHandler                      0x08003aa1   Thumb Code    46  port.o(i.xPortSysTickHandler)
    xQueueGenericCreate                      0x08003ad5   Thumb Code    56  queue.o(i.xQueueGenericCreate)
    xQueueGenericReset                       0x08003b0d   Thumb Code   122  queue.o(i.xQueueGenericReset)
    xQueueGenericSend                        0x08003b8d   Thumb Code   308  queue.o(i.xQueueGenericSend)
    xQueueGenericSendFromISR                 0x08003cc5   Thumb Code   156  queue.o(i.xQueueGenericSendFromISR)
    xQueueReceive                            0x08003d61   Thumb Code   256  queue.o(i.xQueueReceive)
    xTaskCheckForTimeOut                     0x08003e65   Thumb Code    84  tasks.o(i.xTaskCheckForTimeOut)
    xTaskCreate                              0x08003ec1   Thumb Code    96  tasks.o(i.xTaskCreate)
    xTaskGetSchedulerState                   0x08003f21   Thumb Code    24  tasks.o(i.xTaskGetSchedulerState)
    xTaskGetTickCount                        0x08003f41   Thumb Code     6  tasks.o(i.xTaskGetTickCount)
    xTaskIncrementTick                       0x08003f4d   Thumb Code   238  tasks.o(i.xTaskIncrementTick)
    xTaskPriorityDisinherit                  0x08004069   Thumb Code   122  tasks.o(i.xTaskPriorityDisinherit)
    xTaskRemoveFromEventList                 0x080040ed   Thumb Code   104  tasks.o(i.xTaskRemoveFromEventList)
    xTaskResumeAll                           0x0800416d   Thumb Code   196  tasks.o(i.xTaskResumeAll)
    xTimerCreateTimerTask                    0x08004255   Thumb Code    40  timers.o(i.xTimerCreateTimerTask)
    xTimerGenericCommand                     0x08004291   Thumb Code   104  timers.o(i.xTimerGenericCommand)
    Region$$Table$$Base                      0x080045d4   Number         0  anon$$obj.o(Region$$Table)
    Region$$Table$$Limit                     0x080045f4   Number         0  anon$$obj.o(Region$$Table)
    UART_CLI_RxBufferLen                     0x20000014   Data           4  main.o(.data)
    start_task                               0x20000018   Data           4  main.o(.data)
    cli_task                                 0x2000001c   Data           4  main.o(.data)
    m5310_task                               0x20000020   Data           4  main.o(.data)
    SystemCoreClock                          0x20000024   Data           4  system_stm32f10x.o(.data)
    AHBPrescTable                            0x20000028   Data          16  system_stm32f10x.o(.data)
    pxCurrentTCB                             0x20000038   Data           4  tasks.o(.data)
    FreeRTOSRunTimeTicks                     0x200000b0   Data           8  timer.o(.data)
    DEBUG_FLAG                               0x200000b8   Data           1  common.o(.data)
    UART_M5310_RxBufferLen                   0x20000100   Data           4  m5310.o(.data)
    UART_CLI_RxBuffer                        0x20000104   Data          32  main.o(.bss)
    xQueueRegistry                           0x20000188   Data          64  queue.o(.bss)
    UART_M5310_RxBuffer                      0x20002ab8   Data         128  m5310.o(.bss)
    __initial_sp                             0x20002f38   Data           0  startup_stm32f10x_hd.o(STACK)



==============================================================================

Memory Map of the image

  Image Entry point : 0x08000131

  Load Region LR_IROM1 (Base: 0x08000000, Size: 0x000046f8, Max: 0x00040000, ABSOLUTE)

    Execution Region ER_IROM1 (Base: 0x08000000, Size: 0x000045f4, Max: 0x00040000, ABSOLUTE)

    Base Addr    Size         Type   Attr      Idx    E Section Name        Object

    0x08000000   0x00000130   Data   RO            3    RESET               startup_stm32f10x_hd.o
    0x08000130   0x00000000   Code   RO         4882  * .ARM.Collect$$$$00000000  mc_w.l(entry.o)
    0x08000130   0x00000004   Code   RO         5172    .ARM.Collect$$$$00000001  mc_w.l(entry2.o)
    0x08000134   0x00000004   Code   RO         5175    .ARM.Collect$$$$00000004  mc_w.l(entry5.o)
    0x08000138   0x00000000   Code   RO         5177    .ARM.Collect$$$$00000008  mc_w.l(entry7b.o)
    0x08000138   0x00000000   Code   RO         5179    .ARM.Collect$$$$0000000A  mc_w.l(entry8b.o)
    0x08000138   0x00000008   Code   RO         5180    .ARM.Collect$$$$0000000B  mc_w.l(entry9a.o)
    0x08000140   0x00000000   Code   RO         5182    .ARM.Collect$$$$0000000D  mc_w.l(entry10a.o)
    0x08000140   0x00000000   Code   RO         5184    .ARM.Collect$$$$0000000F  mc_w.l(entry11a.o)
    0x08000140   0x00000004   Code   RO         5173    .ARM.Collect$$$$00002712  mc_w.l(entry2.o)
    0x08000144   0x00000002   Code   RO         3167    .emb_text           stm32f10x_it.o
    0x08000146   0x00000002   PAD
    0x08000148   0x00000096   Code   RO         4429    .emb_text           port.o
    0x080001de   0x00000002   PAD
    0x080001e0   0x00000024   Code   RO            4    .text               startup_stm32f10x_hd.o
    0x08000204   0x00000024   Code   RO         4885    .text               mc_w.l(memcpya.o)
    0x08000228   0x00000024   Code   RO         4887    .text               mc_w.l(memseta.o)
    0x0800024c   0x00000024   Code   RO         4891    .text               mc_w.l(strstr.o)
    0x08000270   0x00000018   Code   RO         4893    .text               mc_w.l(strncpy.o)
    0x08000288   0x0000000e   Code   RO         4895    .text               mc_w.l(strlen.o)
    0x08000296   0x00000028   Code   RO         4897    .text               mc_w.l(strncat.o)
    0x080002be   0x0000001e   Code   RO         4901    .text               mc_w.l(strncmp.o)
    0x080002dc   0x0000002c   Code   RO         5189    .text               mc_w.l(uidiv.o)
    0x08000308   0x00000062   Code   RO         5191    .text               mc_w.l(uldiv.o)
    0x0800036a   0x00000000   Code   RO         5193    .text               mc_w.l(iusefp.o)
    0x0800036a   0x0000014e   Code   RO         5194    .text               mf_w.l(dadd.o)
    0x080004b8   0x000000e4   Code   RO         5196    .text               mf_w.l(dmul.o)
    0x0800059c   0x000000de   Code   RO         5198    .text               mf_w.l(ddiv.o)
    0x0800067a   0x00000030   Code   RO         5200    .text               mf_w.l(dfixul.o)
    0x080006aa   0x00000002   PAD
    0x080006ac   0x00000030   Code   RO         5202    .text               mf_w.l(cdrcmple.o)
    0x080006dc   0x00000024   Code   RO         5204    .text               mc_w.l(init.o)
    0x08000700   0x0000001e   Code   RO         5207    .text               mc_w.l(llshl.o)
    0x0800071e   0x00000020   Code   RO         5209    .text               mc_w.l(llushr.o)
    0x0800073e   0x00000024   Code   RO         5211    .text               mc_w.l(llsshr.o)
    0x08000762   0x000000ba   Code   RO         5214    .text               mf_w.l(depilogue.o)
    0x0800081c   0x00000004   Code   RO         3168    i.BusFault_Handler  stm32f10x_it.o
    0x08000820   0x0000001c   Code   RO         4615    i.ConfigureTimeForRunTimeStats  timer.o
    0x0800083c   0x00000002   Code   RO         3169    i.DebugMon_Handler  stm32f10x_it.o
    0x0800083e   0x0000005c   Code   RO         4695    i.FreeRTOS_CLIGetParameter  freertos_cli.o
    0x0800089a   0x00000002   PAD
    0x0800089c   0x000000e0   Code   RO         4696    i.FreeRTOS_CLIProcessCommand  freertos_cli.o
    0x0800097c   0x00000034   Code   RO         4697    i.FreeRTOS_CLIRegisterCommand  freertos_cli.o
    0x080009b0   0x00000116   Code   RO         1248    i.GPIO_Init         stm32f10x_gpio.o
    0x08000ac6   0x00000008   Code   RO         3170    i.HardFault_Handler  stm32f10x_it.o
    0x08000ace   0x00000004   Code   RO         3171    i.MemManage_Handler  stm32f10x_it.o
    0x08000ad2   0x00000002   Code   RO         3172    i.NMI_Handler       stm32f10x_it.o
    0x08000ad4   0x00000070   Code   RO           10    i.NVIC_Init         misc.o
    0x08000b44   0x00000014   Code   RO           11    i.NVIC_PriorityGroupConfig  misc.o
    0x08000b58   0x00000020   Code   RO         1664    i.RCC_APB1PeriphClockCmd  stm32f10x_rcc.o
    0x08000b78   0x00000020   Code   RO         1665    i.RCC_APB1PeriphResetCmd  stm32f10x_rcc.o
    0x08000b98   0x00000020   Code   RO         1666    i.RCC_APB2PeriphClockCmd  stm32f10x_rcc.o
    0x08000bb8   0x00000020   Code   RO         1667    i.RCC_APB2PeriphResetCmd  stm32f10x_rcc.o
    0x08000bd8   0x000000d4   Code   RO         1674    i.RCC_GetClocksFreq  stm32f10x_rcc.o
    0x08000cac   0x00000008   Code   RO         3226    i.SetSysClock       system_stm32f10x.o
    0x08000cb4   0x000000e0   Code   RO         3227    i.SetSysClockTo72   system_stm32f10x.o
    0x08000d94   0x00000028   Code   RO           14    i.SysTick_CLKSourceConfig  misc.o
    0x08000dbc   0x00000010   Code   RO         4500    i.SysTick_Handler   delay.o
    0x08000dcc   0x00000060   Code   RO         3229    i.SystemInit        system_stm32f10x.o
    0x08000e2c   0x00000034   Code   RO         4616    i.TIM3_IRQHandler   timer.o
    0x08000e60   0x00000060   Code   RO         4617    i.TIM3_Int_Init     timer.o
    0x08000ec0   0x00000006   Code   RO         2293    i.TIM_ClearITPendingBit  stm32f10x_tim.o
    0x08000ec6   0x00000018   Code   RO         2298    i.TIM_Cmd           stm32f10x_tim.o
    0x08000ede   0x00000022   Code   RO         2319    i.TIM_GetITStatus   stm32f10x_tim.o
    0x08000f00   0x00000012   Code   RO         2323    i.TIM_ITConfig      stm32f10x_tim.o
    0x08000f12   0x00000002   PAD
    0x08000f14   0x000000a4   Code   RO         2369    i.TIM_TimeBaseInit  stm32f10x_tim.o
    0x08000fb8   0x00000002   Code   RO         4572    i.USART1_IRQHandler  usart.o
    0x08000fba   0x00000002   PAD
    0x08000fbc   0x00000094   Code   RO         4573    i.USART2_IRQHandler  usart.o
    0x08001050   0x0000006c   Code   RO         4574    i.USART3_IRQHandler  usart.o
    0x080010bc   0x00000012   Code   RO         2830    i.USART_ClearFlag   stm32f10x_usart.o
    0x080010ce   0x00000018   Code   RO         2834    i.USART_Cmd         stm32f10x_usart.o
    0x080010e6   0x00000002   PAD
    0x080010e8   0x0000009c   Code   RO         2836    i.USART_DeInit      stm32f10x_usart.o
    0x08001184   0x0000001a   Code   RO         2837    i.USART_GetFlagStatus  stm32f10x_usart.o
    0x0800119e   0x00000054   Code   RO         2838    i.USART_GetITStatus  stm32f10x_usart.o
    0x080011f2   0x0000004a   Code   RO         2840    i.USART_ITConfig    stm32f10x_usart.o
    0x0800123c   0x000000d8   Code   RO         2841    i.USART_Init        stm32f10x_usart.o
    0x08001314   0x0000000a   Code   RO         2848    i.USART_ReceiveData  stm32f10x_usart.o
    0x0800131e   0x00000008   Code   RO         2851    i.USART_SendData    stm32f10x_usart.o
    0x08001326   0x00000004   Code   RO         3173    i.UsageFault_Handler  stm32f10x_it.o
    0x0800132a   0x00000002   PAD
    0x0800132c   0x00000020   Code   RO         4742    i._CMIOT_CLI_Init   user_cli.o
    0x0800134c   0x00000088   Code   RO         3064    i._CMIOT_CliTaskProc  main.o
    0x080013d4   0x0000004c   Code   RO         4645    i._CMIOT_Debug      common.o
    0x08001420   0x000000d8   Code   RO         4786    i._CMIOT_ExecuteAtCmd  m5310.o
    0x080014f8   0x00000014   Code   RO         3065    i._CMIOT_M5310TaskProc  main.o
    0x0800150c   0x00000328   Code   RO         4789    i._CMIOT_M5310_GetUeState  m5310.o
    0x08001834   0x0000006c   Code   RO         3066    i._CMIOT_StartTaskProc  main.o
    0x080018a0   0x00000200   Code   RO         4575    i._CMIOT_Uart_Init  usart.o
    0x08001aa0   0x00000040   Code   RO         4576    i._CMIOT_Uart_send  usart.o
    0x08001ae0   0x00000086   Code   RO         4648    i._CMIOT_atoi       common.o
    0x08001b66   0x00000002   PAD
    0x08001b68   0x00000028   Code   RO         5024    i.__0sprintf$4      mc_w.l(printf4.o)
    0x08001b90   0x00000024   Code   RO         5149    i.__0vsnprintf      mc_w.l(printfa.o)
    0x08001bb4   0x0000000e   Code   RO         5218    i.__scatterload_copy  mc_w.l(handlers.o)
    0x08001bc2   0x00000002   Code   RO         5219    i.__scatterload_null  mc_w.l(handlers.o)
    0x08001bc4   0x0000000e   Code   RO         5220    i.__scatterload_zeroinit  mc_w.l(handlers.o)
    0x08001bd2   0x00000002   PAD
    0x08001bd4   0x00000164   Code   RO         5151    i._fp_digits        mc_w.l(printfa.o)
    0x08001d38   0x0000022c   Code   RO         5029    i._printf_core      mc_w.l(printf4.o)
    0x08001f64   0x000006dc   Code   RO         5152    i._printf_core      mc_w.l(printfa.o)
    0x08002640   0x00000024   Code   RO         5153    i._printf_post_padding  mc_w.l(printfa.o)
    0x08002664   0x0000002e   Code   RO         5154    i._printf_pre_padding  mc_w.l(printfa.o)
    0x08002692   0x00000016   Code   RO         5155    i._snputc           mc_w.l(printfa.o)
    0x080026a8   0x0000000a   Code   RO         5031    i._sputc            mc_w.l(printf4.o)
    0x080026b2   0x00000002   PAD
    0x080026b4   0x00000050   Code   RO         4501    i.delay_init        delay.o
    0x08002704   0x00000064   Code   RO         4502    i.delay_ms          delay.o
    0x08002768   0x00000048   Code   RO         4503    i.delay_us          delay.o
    0x080027b0   0x00000088   Code   RO         3067    i.main              main.o
    0x08002838   0x00000098   Code   RO         3850    i.prvAddCurrentTaskToDelayedList  tasks.o
    0x080028d0   0x000000b8   Code   RO         3851    i.prvAddNewTaskToReadyList  tasks.o
    0x08002988   0x00000064   Code   RO         4238    i.prvCheckForValidListAndQueue  timers.o
    0x080029ec   0x00000048   Code   RO         3852    i.prvCheckTasksWaitingTermination  tasks.o
    0x08002a34   0x0000002a   Code   RO         3453    i.prvCopyDataFromQueue  queue.o
    0x08002a5e   0x0000007c   Code   RO         3454    i.prvCopyDataToQueue  queue.o
    0x08002ada   0x00000002   PAD
    0x08002adc   0x0000008c   Code   RO         4743    i.prvDebugLevelCommand  user_cli.o
    0x08002b68   0x00000012   Code   RO         3853    i.prvDeleteTCB      tasks.o
    0x08002b7a   0x00000002   PAD
    0x08002b7c   0x00000100   Code   RO         4744    i.prvGetHeapUsageCommand  user_cli.o
    0x08002c7c   0x00000028   Code   RO         4239    i.prvGetNextExpireTime  timers.o
    0x08002ca4   0x0000002e   Code   RO         4698    i.prvGetNumberOfParameters  freertos_cli.o
    0x08002cd2   0x00000002   PAD
    0x08002cd4   0x00000058   Code   RO         4745    i.prvGetSysTimeCommand  user_cli.o
    0x08002d2c   0x0000007c   Code   RO         4380    i.prvHeapInit       heap_4.o
    0x08002da8   0x0000004c   Code   RO         4699    i.prvHelpCommand    freertos_cli.o
    0x08002df4   0x00000028   Code   RO         3854    i.prvIdleTask       tasks.o
    0x08002e1c   0x0000002e   Code   RO         3457    i.prvInitialiseNewQueue  queue.o
    0x08002e4a   0x00000092   Code   RO         3855    i.prvInitialiseNewTask  tasks.o
    0x08002edc   0x00000068   Code   RO         3856    i.prvInitialiseTaskLists  tasks.o
    0x08002f44   0x00000068   Code   RO         4381    i.prvInsertBlockIntoFreeList  heap_4.o
    0x08002fac   0x00000058   Code   RO         4241    i.prvInsertTimerInActiveList  timers.o
    0x08003004   0x0000001a   Code   RO         3458    i.prvIsQueueEmpty   queue.o
    0x0800301e   0x0000001e   Code   RO         3459    i.prvIsQueueFull    queue.o
    0x0800303c   0x00000052   Code   RO         3460    i.prvNotifyQueueSetContainer  queue.o
    0x0800308e   0x00000002   PAD
    0x08003090   0x0000004c   Code   RO         4242    i.prvProcessExpiredTimer  timers.o
    0x080030dc   0x000000cc   Code   RO         4243    i.prvProcessReceivedCommands  timers.o
    0x080031a8   0x00000074   Code   RO         4244    i.prvProcessTimerOrBlockTask  timers.o
    0x0800321c   0x00000034   Code   RO         3858    i.prvResetNextTaskUnblockTime  tasks.o
    0x08003250   0x0000002c   Code   RO         4245    i.prvSampleTimeNow  timers.o
    0x0800327c   0x00000084   Code   RO         4246    i.prvSwitchTimerLists  timers.o
    0x08003300   0x00000016   Code   RO         3859    i.prvTaskCheckFreeStackSpace  tasks.o
    0x08003316   0x00000016   Code   RO         4430    i.prvTaskExitError  port.o
    0x0800332c   0x0000001a   Code   RO         4247    i.prvTimerTask      timers.o
    0x08003346   0x00000092   Code   RO         3461    i.prvUnlockQueue    queue.o
    0x080033d8   0x000000d0   Code   RO         4382    i.pvPortMalloc      heap_4.o
    0x080034a8   0x00000024   Code   RO         4431    i.pxPortInitialiseStack  port.o
    0x080034cc   0x00000074   Code   RO         3863    i.ulTaskNotifyTake  tasks.o
    0x08003540   0x00000028   Code   RO         3413    i.uxListRemove      list.o
    0x08003568   0x00000028   Code   RO         3865    i.uxTaskGetStackHighWaterMark  tasks.o
    0x08003590   0x0000001a   Code   RO         3414    i.vListInitialise   list.o
    0x080035aa   0x00000006   Code   RO         3415    i.vListInitialiseItem  list.o
    0x080035b0   0x00000034   Code   RO         3416    i.vListInsert       list.o
    0x080035e4   0x00000018   Code   RO         3417    i.vListInsertEnd    list.o
    0x080035fc   0x00000024   Code   RO         4433    i.vPortEnterCritical  port.o
    0x08003620   0x00000020   Code   RO         4434    i.vPortExitCritical  port.o
    0x08003640   0x00000048   Code   RO         4383    i.vPortFree         heap_4.o
    0x08003688   0x00000018   Code   RO         4435    i.vPortSetupTimerInterrupt  port.o
    0x080036a0   0x0000002c   Code   RO         3467    i.vQueueAddToRegistry  queue.o
    0x080036cc   0x0000004a   Code   RO         3471    i.vQueueWaitForMessageRestricted  queue.o
    0x08003716   0x00000002   PAD
    0x08003718   0x00000034   Code   RO         3871    i.vTaskDelay        tasks.o
    0x0800374c   0x000000cc   Code   RO         3873    i.vTaskDelete       tasks.o
    0x08003818   0x00000018   Code   RO         3877    i.vTaskInternalSetTimeOutState  tasks.o
    0x08003830   0x0000000c   Code   RO         3879    i.vTaskMissedYield  tasks.o
    0x0800383c   0x000000b4   Code   RO         3880    i.vTaskNotifyGiveFromISR  tasks.o
    0x080038f0   0x00000020   Code   RO         3881    i.vTaskPlaceOnEventList  tasks.o
    0x08003910   0x00000028   Code   RO         3882    i.vTaskPlaceOnEventListRestricted  tasks.o
    0x08003938   0x00000074   Code   RO         3890    i.vTaskStartScheduler  tasks.o
    0x080039ac   0x00000010   Code   RO         3892    i.vTaskSuspendAll   tasks.o
    0x080039bc   0x000000a4   Code   RO         3893    i.vTaskSwitchContext  tasks.o
    0x08003a60   0x0000000c   Code   RO         4385    i.xPortGetFreeHeapSize  heap_4.o
    0x08003a6c   0x00000034   Code   RO         4436    i.xPortStartScheduler  port.o
    0x08003aa0   0x00000034   Code   RO         4437    i.xPortSysTickHandler  port.o
    0x08003ad4   0x00000038   Code   RO         3476    i.xQueueGenericCreate  queue.o
    0x08003b0c   0x00000080   Code   RO         3477    i.xQueueGenericReset  queue.o
    0x08003b8c   0x00000138   Code   RO         3478    i.xQueueGenericSend  queue.o
    0x08003cc4   0x0000009c   Code   RO         3479    i.xQueueGenericSendFromISR  queue.o
    0x08003d60   0x00000104   Code   RO         3486    i.xQueueReceive     queue.o
    0x08003e64   0x0000005c   Code   RO         3894    i.xTaskCheckForTimeOut  tasks.o
    0x08003ec0   0x00000060   Code   RO         3895    i.xTaskCreate       tasks.o
    0x08003f20   0x00000020   Code   RO         3899    i.xTaskGetSchedulerState  tasks.o
    0x08003f40   0x0000000c   Code   RO         3900    i.xTaskGetTickCount  tasks.o
    0x08003f4c   0x0000011c   Code   RO         3902    i.xTaskIncrementTick  tasks.o
    0x08004068   0x00000084   Code   RO         3905    i.xTaskPriorityDisinherit  tasks.o
    0x080040ec   0x00000080   Code   RO         3907    i.xTaskRemoveFromEventList  tasks.o
    0x0800416c   0x000000e8   Code   RO         3908    i.xTaskResumeAll    tasks.o
    0x08004254   0x0000003c   Code   RO         4253    i.xTimerCreateTimerTask  timers.o
    0x08004290   0x0000006c   Code   RO         4254    i.xTimerGenericCommand  timers.o
    0x080042fc   0x00000005   Data   RO         3069    .constdata          main.o
    0x08004301   0x00000003   PAD
    0x08004304   0x00000010   Data   RO         4701    .constdata          freertos_cli.o
    0x08004314   0x0000010c   Data   RO         4791    .constdata          m5310.o
    0x08004420   0x000000dd   Data   RO         4702    .conststring        freertos_cli.o
    0x080044fd   0x00000003   PAD
    0x08004500   0x000000d2   Data   RO         4746    .conststring        user_cli.o
    0x080045d2   0x00000002   PAD
    0x080045d4   0x00000020   Data   RO         5216    Region$$Table       anon$$obj.o


    Execution Region RW_IRAM1 (Base: 0x20000000, Size: 0x00002f38, Max: 0x0000c000, ABSOLUTE)

    Base Addr    Size         Type   Attr      Idx    E Section Name        Object

    0x20000000   0x00000014   Data   RW         1694    .data               stm32f10x_rcc.o
    0x20000014   0x00000010   Data   RW         3070    .data               main.o
    0x20000024   0x00000014   Data   RW         3230    .data               system_stm32f10x.o
    0x20000038   0x00000044   Data   RW         3911    .data               tasks.o
    0x2000007c   0x00000014   Data   RW         4262    .data               timers.o
    0x20000090   0x00000018   Data   RW         4388    .data               heap_4.o
    0x200000a8   0x00000004   Data   RW         4438    .data               port.o
    0x200000ac   0x00000001   Data   RW         4505    .data               delay.o
    0x200000ad   0x00000003   PAD
    0x200000b0   0x00000008   Data   RW         4618    .data               timer.o
    0x200000b8   0x00000001   Data   RW         4650    .data               common.o
    0x200000b9   0x00000003   PAD
    0x200000bc   0x00000014   Data   RW         4703    .data               freertos_cli.o
    0x200000d0   0x00000030   Data   RW         4747    .data               user_cli.o
    0x20000100   0x00000004   Data   RW         4792    .data               m5310.o
    0x20000104   0x00000084   Zero   RW         3068    .bss                main.o
    0x20000188   0x00000040   Zero   RW         3493    .bss                queue.o
    0x200001c8   0x000000c8   Zero   RW         3910    .bss                tasks.o
    0x20000290   0x00000028   Zero   RW         4261    .bss                timers.o
    0x200002b8   0x00002800   Zero   RW         4387    .bss                heap_4.o
    0x20002ab8   0x00000080   Zero   RW         4790    .bss                m5310.o
    0x20002b38   0x00000400   Zero   RW            1    STACK               startup_stm32f10x_hd.o


==============================================================================

Image component sizes


      Code (inc. data)   RO Data    RW Data    ZI Data      Debug   Object Name

       210          8          0          1          0       2386   common.o
         0          0          0          0          0        488   croutine.o
       268         76          0          1          0       2045   delay.o
         0          0          0          0          0      11524   event_groups.o
       490         32        237         20          0       5350   freertos_cli.o
       520         68          0         24      10240       3954   heap_4.o
       148          0          0          0          0       2742   list.o
      1024        322        268          4        128       4629   m5310.o
       400        150          5         16        132      13262   main.o
       172         22          0          0          0     254237   misc.o
       404         48          0          4          0       8620   port.o
      1526         20          0          0         64      13654   queue.o
        36          8        304          0       1024        800   startup_stm32f10x_hd.o
       278          0          0          0          0       1804   stm32f10x_gpio.o
        26          0          0          0          0       2633   stm32f10x_it.o
       340         44          0         20          0       5120   stm32f10x_rcc.o
       246         42          0          0          0       3138   stm32f10x_tim.o
       616         28          0          0          0       6590   stm32f10x_usart.o
       328         28          0         20          0       1945   system_stm32f10x.o
      2794        432          0         68        200      28226   tasks.o
       176         22          0          8          0       1672   timer.o
       994        112          0         20         40       7679   timers.o
       834         92          0          0          0       3791   usart.o
       516        182        210         48          0       4109   user_cli.o

    ----------------------------------------------------------------------
     12372       1736       1064        260      11828     390398   Object Totals
         0          0         32          0          0          0   (incl. Generated)
        26          0          8          6          0          0   (incl. Padding)

    ----------------------------------------------------------------------

      Code (inc. data)   RO Data    RW Data    ZI Data      Debug   Library Member Name

         0          0          0          0          0          0   entry.o
         0          0          0          0          0          0   entry10a.o
         0          0          0          0          0          0   entry11a.o
         8          4          0          0          0          0   entry2.o
         4          0          0          0          0          0   entry5.o
         0          0          0          0          0          0   entry7b.o
         0          0          0          0          0          0   entry8b.o
         8          4          0          0          0          0   entry9a.o
        30          0          0          0          0          0   handlers.o
        36          8          0          0          0         68   init.o
         0          0          0          0          0          0   iusefp.o
        30          0          0          0          0         68   llshl.o
        36          0          0          0          0         68   llsshr.o
        32          0          0          0          0         68   llushr.o
        36          0          0          0          0         68   memcpya.o
        36          0          0          0          0        108   memseta.o
       606         10          0          0          0        252   printf4.o
      2252         84          0          0          0        508   printfa.o
        14          0          0          0          0         68   strlen.o
        40          0          0          0          0         76   strncat.o
        30          0          0          0          0         80   strncmp.o
        24          0          0          0          0         76   strncpy.o
        36          0          0          0          0         80   strstr.o
        44          0          0          0          0         80   uidiv.o
        98          0          0          0          0         92   uldiv.o
        48          0          0          0          0         68   cdrcmple.o
       334          0          0          0          0        148   dadd.o
       222          0          0          0          0        100   ddiv.o
       186          0          0          0          0        176   depilogue.o
        48          0          0          0          0         68   dfixul.o
       228          0          0          0          0         96   dmul.o

    ----------------------------------------------------------------------
      4472        110          0          0          0       2416   Library Totals
         6          0          0          0          0          0   (incl. Padding)

    ----------------------------------------------------------------------

      Code (inc. data)   RO Data    RW Data    ZI Data      Debug   Library Name

      3400        110          0          0          0       1760   mc_w.l
      1066          0          0          0          0        656   mf_w.l

    ----------------------------------------------------------------------
      4472        110          0          0          0       2416   Library Totals

    ----------------------------------------------------------------------

==============================================================================


      Code (inc. data)   RO Data    RW Data    ZI Data      Debug   

     16844       1846       1064        260      11828     384906   Grand Totals
     16844       1846       1064        260      11828     384906   ELF Image Totals
     16844       1846       1064        260          0          0   ROM Totals

==============================================================================

    Total RO  Size (Code + RO Data)                17908 (  17.49kB)
    Total RW  Size (RW Data + ZI Data)             12088 (  11.80kB)
    Total ROM Size (Code + RO Data + RW Data)      18168 (  17.74kB)

==============================================================================

