Component: ARM Compiler 5.05 update 1 (build 106) Tool: armlink [4d0efa]

==============================================================================

Section Cross References

    startup_stm32f10x_hd.o(RESET) refers to startup_stm32f10x_hd.o(STACK) for __initial_sp
    startup_stm32f10x_hd.o(RESET) refers to startup_stm32f10x_hd.o(.text) for Reset_Handler
    startup_stm32f10x_hd.o(RESET) refers to stm32f10x_it.o(i.NMI_Handler) for NMI_Handler
    startup_stm32f10x_hd.o(RESET) refers to stm32f10x_it.o(i.HardFault_Handler) for HardFault_Handler
    startup_stm32f10x_hd.o(RESET) refers to stm32f10x_it.o(i.MemManage_Handler) for MemManage_Handler
    startup_stm32f10x_hd.o(RESET) refers to stm32f10x_it.o(i.BusFault_Handler) for BusFault_Handler
    startup_stm32f10x_hd.o(RESET) refers to stm32f10x_it.o(i.UsageFault_Handler) for UsageFault_Handler
    startup_stm32f10x_hd.o(RESET) refers to port.o(.emb_text) for SVC_Handler
    startup_stm32f10x_hd.o(RESET) refers to stm32f10x_it.o(i.DebugMon_Handler) for DebugMon_Handler
    startup_stm32f10x_hd.o(RESET) refers to delay.o(i.SysTick_Handler) for SysTick_Handler
    startup_stm32f10x_hd.o(RESET) refers to key.o(i.EXTI2_IRQHandler) for EXTI2_IRQHandler
    startup_stm32f10x_hd.o(RESET) refers to key.o(i.EXTI3_IRQHandler) for EXTI3_IRQHandler
    startup_stm32f10x_hd.o(RESET) refers to key.o(i.EXTI4_IRQHandler) for EXTI4_IRQHandler
    startup_stm32f10x_hd.o(RESET) refers to timer.o(i.TIM3_IRQHandler) for TIM3_IRQHandler
    startup_stm32f10x_hd.o(RESET) refers to usart.o(i.USART1_IRQHandler) for USART1_IRQHandler
    startup_stm32f10x_hd.o(RESET) refers to usart.o(i.USART2_IRQHandler) for USART2_IRQHandler
    startup_stm32f10x_hd.o(RESET) refers to usart.o(i.USART3_IRQHandler) for USART3_IRQHandler
    startup_stm32f10x_hd.o(RESET) refers to key.o(i.EXTI15_10_IRQHandler) for EXTI15_10_IRQHandler
    startup_stm32f10x_hd.o(.text) refers to system_stm32f10x.o(i.SystemInit) for SystemInit
    startup_stm32f10x_hd.o(.text) refers to entry.o(.ARM.Collect$$$$00000000) for __main
    stm32f10x_adc.o(i.ADC_DeInit) refers to stm32f10x_rcc.o(i.RCC_APB2PeriphResetCmd) for RCC_APB2PeriphResetCmd
    stm32f10x_bkp.o(i.BKP_DeInit) refers to stm32f10x_rcc.o(i.RCC_BackupResetCmd) for RCC_BackupResetCmd
    stm32f10x_can.o(i.CAN_DeInit) refers to stm32f10x_rcc.o(i.RCC_APB1PeriphResetCmd) for RCC_APB1PeriphResetCmd
    stm32f10x_can.o(i.CAN_GetITStatus) refers to stm32f10x_can.o(i.CheckITStatus) for CheckITStatus
    stm32f10x_cec.o(i.CEC_DeInit) refers to stm32f10x_rcc.o(i.RCC_APB1PeriphResetCmd) for RCC_APB1PeriphResetCmd
    stm32f10x_dac.o(i.DAC_DeInit) refers to stm32f10x_rcc.o(i.RCC_APB1PeriphResetCmd) for RCC_APB1PeriphResetCmd
    stm32f10x_flash.o(i.FLASH_EnableWriteProtection) refers to stm32f10x_flash.o(i.FLASH_WaitForLastOperation) for FLASH_WaitForLastOperation
    stm32f10x_flash.o(i.FLASH_EraseAllBank1Pages) refers to stm32f10x_flash.o(i.FLASH_WaitForLastBank1Operation) for FLASH_WaitForLastBank1Operation
    stm32f10x_flash.o(i.FLASH_EraseAllPages) refers to stm32f10x_flash.o(i.FLASH_WaitForLastOperation) for FLASH_WaitForLastOperation
    stm32f10x_flash.o(i.FLASH_EraseOptionBytes) refers to stm32f10x_flash.o(i.FLASH_GetReadOutProtectionStatus) for FLASH_GetReadOutProtectionStatus
    stm32f10x_flash.o(i.FLASH_EraseOptionBytes) refers to stm32f10x_flash.o(i.FLASH_WaitForLastOperation) for FLASH_WaitForLastOperation
    stm32f10x_flash.o(i.FLASH_ErasePage) refers to stm32f10x_flash.o(i.FLASH_WaitForLastOperation) for FLASH_WaitForLastOperation
    stm32f10x_flash.o(i.FLASH_ProgramHalfWord) refers to stm32f10x_flash.o(i.FLASH_WaitForLastOperation) for FLASH_WaitForLastOperation
    stm32f10x_flash.o(i.FLASH_ProgramOptionByteData) refers to stm32f10x_flash.o(i.FLASH_WaitForLastOperation) for FLASH_WaitForLastOperation
    stm32f10x_flash.o(i.FLASH_ProgramWord) refers to stm32f10x_flash.o(i.FLASH_WaitForLastOperation) for FLASH_WaitForLastOperation
    stm32f10x_flash.o(i.FLASH_ReadOutProtection) refers to stm32f10x_flash.o(i.FLASH_WaitForLastOperation) for FLASH_WaitForLastOperation
    stm32f10x_flash.o(i.FLASH_UserOptionByteConfig) refers to stm32f10x_flash.o(i.FLASH_WaitForLastOperation) for FLASH_WaitForLastOperation
    stm32f10x_flash.o(i.FLASH_WaitForLastBank1Operation) refers to stm32f10x_flash.o(i.FLASH_GetBank1Status) for FLASH_GetBank1Status
    stm32f10x_flash.o(i.FLASH_WaitForLastOperation) refers to stm32f10x_flash.o(i.FLASH_GetBank1Status) for FLASH_GetBank1Status
    stm32f10x_gpio.o(i.GPIO_AFIODeInit) refers to stm32f10x_rcc.o(i.RCC_APB2PeriphResetCmd) for RCC_APB2PeriphResetCmd
    stm32f10x_gpio.o(i.GPIO_DeInit) refers to stm32f10x_rcc.o(i.RCC_APB2PeriphResetCmd) for RCC_APB2PeriphResetCmd
    stm32f10x_i2c.o(i.I2C_DeInit) refers to stm32f10x_rcc.o(i.RCC_APB1PeriphResetCmd) for RCC_APB1PeriphResetCmd
    stm32f10x_i2c.o(i.I2C_Init) refers to stm32f10x_rcc.o(i.RCC_GetClocksFreq) for RCC_GetClocksFreq
[...]
    xLastTime                                0x200000a4   Data           4  timers.o(.data)
    .data                                    0x200000a8   Section       24  heap_4.o(.data)
    xStart                                   0x200000a8   Data           8  heap_4.o(.data)
    pxEnd                                    0x200000b0   Data           4  heap_4.o(.data)
    xFreeBytesRemaining                      0x200000b4   Data           4  heap_4.o(.data)
    xMinimumEverFreeBytesRemaining           0x200000b8   Data           4  heap_4.o(.data)
    xBlockAllocatedBit                       0x200000bc   Data           4  heap_4.o(.data)
    .data                                    0x200000c0   Section        4  port.o(.data)
    uxCriticalNesting                        0x200000c0   Data           4  port.o(.data)
    .data                                    0x200000c4   Section        1  delay.o(.data)
    fac_us                                   0x200000c4   Data           1  delay.o(.data)
    .data                                    0x200000c5   Section        3  usart.o(.data)
    .data                                    0x200000c8   Section        8  timer.o(.data)
    .data                                    0x200000d0   Section        1  common.o(.data)
    .data                                    0x200000d4   Section       20  freertos_cli.o(.data)
    xRegisteredCommands                      0x200000d4   Data           8  freertos_cli.o(.data)
    pxLastCommandInList                      0x200000dc   Data           4  freertos_cli.o(.data)
    pxCommand                                0x200000e0   Data           4  freertos_cli.o(.data)
    pxCommand                                0x200000e4   Data           4  freertos_cli.o(.data)
    .data                                    0x200000e8   Section      192  user_cli.o(.data)
    CliCommandList                           0x200000e8   Data         192  user_cli.o(.data)
    .data                                    0x200001a8   Section        4  m5310.o(.data)
    .data                                    0x200001ac   Section     1966  st7789s.o(.data)
    .data                                    0x2000095c   Section       12  bluetooth.o(.data)
    .data                                    0x20000968   Section        4  strtok.o(.data)
    state                                    0x20000968   Data           4  strtok.o(.data)
    .bss                                     0x2000096c   Section      356  main.o(.bss)
    pcOutputString                           0x20000a6c   Data         100  main.o(.bss)
    .bss                                     0x20000ad0   Section       64  queue.o(.bss)
    .bss                                     0x20000b10   Section      200  tasks.o(.bss)
    pxReadyTasksLists                        0x20000b10   Data         100  tasks.o(.bss)
    xDelayedTaskList1                        0x20000b74   Data          20  tasks.o(.bss)
    xDelayedTaskList2                        0x20000b88   Data          20  tasks.o(.bss)
    xPendingReadyList                        0x20000b9c   Data          20  tasks.o(.bss)
    xTasksWaitingTermination                 0x20000bb0   Data          20  tasks.o(.bss)
    xSuspendedTaskList                       0x20000bc4   Data          20  tasks.o(.bss)
    .bss                                     0x20000bd8   Section       40  timers.o(.bss)
    xActiveTimerList1                        0x20000bd8   Data          20  timers.o(.bss)
    xActiveTimerList2                        0x20000bec   Data          20  timers.o(.bss)
    .bss                                     0x20000c00   Section    20480  heap_4.o(.bss)
    ucHeap                                   0x20000c00   Data       20480  heap_4.o(.bss)
    .bss                                     0x20005c00   Section      512  m5310.o(.bss)
    .bss                                     0x20005e00   Section      128  ui.o(.bss)
    msg                                      0x20005e00   Data         128  ui.o(.bss)
    .bss                                     0x20005e80   Section     1088  bluetooth.o(.bss)
    msg                                      0x20006280   Data          64  bluetooth.o(.bss)
    STACK                                    0x200062c0   Section     1024  startup_stm32f10x_hd.o(STACK)

    Global Symbols

    Symbol Name                              Value     Ov Type        Size  Object(Section)

    BuildAttributes$$THM_ISAv4$P$D$K$B$S$PE$A:L22UL41UL21$X:L11$S22US41US21$IEEE1$IW$USESV6$~STKCKD$USESV7$~SHL$OTIME$ROPI$IEEEJ$EBA8$MICROLIB$REQ8$PRES8$EABIv2 0x00000000   Number         0  anon$$obj.o ABSOLUTE
    __ARM_use_no_argv                        0x00000000   Number         0  main.o ABSOLUTE
    _printf_a                                0x00000000   Number         0  stubs.o ABSOLUTE
    _printf_c                                0x00000000   Number         0  stubs.o ABSOLUTE
    _printf_charcount                        0x00000000   Number         0  stubs.o ABSOLUTE
    _printf_d                                0x00000000   Number         0  stubs.o ABSOLUTE
    _printf_e                                0x00000000   Number         0  stubs.o ABSOLUTE
    _printf_f                                0x00000000   Number         0  stubs.o ABSOLUTE
    _printf_flags                            0x00000000   Number         0  stubs.o ABSOLUTE
    _printf_fp_dec                           0x00000000   Number         0  stubs.o ABSOLUTE
    _printf_fp_hex                           0x00000000   Number         0  stubs.o ABSOLUTE
    _printf_g                                0x00000000   Number         0  stubs.o ABSOLUTE
    _printf_i                                0x00000000   Number         0  stubs.o ABSOLUTE
    _printf_int_dec                          0x00000000   Number         0  stubs.o ABSOLUTE
    _printf_l                                0x00000000   Number         0  stubs.o ABSOLUTE
    _printf_lc                               0x00000000   Number         0  stubs.o ABSOLUTE
    _printf_ll                               0x00000000   Number         0  stubs.o ABSOLUTE
    _printf_lld                              0x00000000   Number         0  stubs.o ABSOLUTE
    _printf_lli                              0x00000000   Number         0  stubs.o ABSOLUTE
    _printf_llo                              0x00000000   Number         0  stubs.o ABSOLUTE
    _printf_llu                              0x00000000   Number         0  stubs.o ABSOLUTE
    _printf_llx                              0x00000000   Number         0  stubs.o ABSOLUTE
    _printf_longlong_dec                     0x00000000   Number         0  stubs.o ABSOLUTE
    _printf_longlong_hex                     0x00000000   Number         0  stubs.o ABSOLUTE
    _printf_longlong_oct                     0x00000000   Number         0  stubs.o ABSOLUTE
    _printf_ls                               0x00000000   Number         0  stubs.o ABSOLUTE
    _printf_mbtowc                           0x00000000   Number         0  stubs.o ABSOLUTE
    _printf_n                                0x00000000   Number         0  stubs.o ABSOLUTE
    _printf_o                                0x00000000   Number         0  stubs.o ABSOLUTE
    _printf_p                                0x00000000   Number         0  stubs.o ABSOLUTE
    _printf_percent                          0x00000000   Number         0  stubs.o ABSOLUTE
    _printf_pre_padding                      0x00000000   Number         0  stubs.o ABSOLUTE
    _printf_return_value                     0x00000000   Number         0  stubs.o ABSOLUTE
    _printf_s                                0x00000000   Number         0  stubs.o ABSOLUTE
    _printf_sizespec                         0x00000000   Number         0  stubs.o ABSOLUTE
    _printf_str                              0x00000000   Number         0  stubs.o ABSOLUTE
    _printf_truncate_signed                  0x00000000   Number         0  stubs.o ABSOLUTE
    _printf_truncate_unsigned                0x00000000   Number         0  stubs.o ABSOLUTE
    _printf_u                                0x00000000   Number         0  stubs.o ABSOLUTE
    _printf_wc                               0x00000000   Number         0  stubs.o ABSOLUTE
    _printf_wctomb                           0x00000000   Number         0  stubs.o ABSOLUTE
    _printf_widthprec                        0x00000000   Number         0  stubs.o ABSOLUTE
    _printf_x                                0x00000000   Number         0  stubs.o ABSOLUTE
    __cpp_initialize__aeabi_                  - Undefined Weak Reference
    __cxa_finalize                            - Undefined Weak Reference
    _clock_init                               - Undefined Weak Reference
    _microlib_exit                            - Undefined Weak Reference
    __Vectors_Size                           0x00000130   Number         0  startup_stm32f10x_hd.o ABSOLUTE
    __Vectors                                0x08000000   Data           4  startup_stm32f10x_hd.o(RESET)
    __Vectors_End                            0x08000130   Data           0  startup_stm32f10x_hd.o(RESET)
    __main                                   0x08000131   Thumb Code     0  entry.o(.ARM.Collect$$$$00000000)
    _main_stk                                0x08000131   Thumb Code     0  entry2.o(.ARM.Collect$$$$00000001)
    _main_scatterload                        0x08000135   Thumb Code     0  entry5.o(.ARM.Collect$$$$00000004)
    __main_after_scatterload                 0x08000139   Thumb Code     0  entry5.o(.ARM.Collect$$$$00000004)
    _main_clock                              0x08000139   Thumb Code     0  entry7b.o(.ARM.Collect$$$$00000008)
    _main_cpp_init                           0x08000139   Thumb Code     0  entry8b.o(.ARM.Collect$$$$0000000A)
    _main_init                               0x08000139   Thumb Code     0  entry9a.o(.ARM.Collect$$$$0000000B)
    __rt_final_cpp                           0x08000141   Thumb Code     0  entry10a.o(.ARM.Collect$$$$0000000D)
    __rt_final_exit                          0x08000141   Thumb Code     0  entry11a.o(.ARM.Collect$$$$0000000F)
    SVC_Handler                              0x08000145   Thumb Code    32  port.o(.emb_text)
    __asm___6_port_c_39a90d8d__prvStartFirstTask 0x08000169   Thumb Code    28  port.o(.emb_text)
    PendSV_Handler                           0x08000189   Thumb Code    72  port.o(.emb_text)
    vPortGetIPSR                             0x080001d5   Thumb Code     6  port.o(.emb_text)
    Reset_Handler                            0x080001dd   Thumb Code     8  startup_stm32f10x_hd.o(.text)
    ADC1_2_IRQHandler                        0x080001f7   Thumb Code     0  startup_stm32f10x_hd.o(.text)
    ADC3_IRQHandler                          0x080001f7   Thumb Code     0  startup_stm32f10x_hd.o(.text)
    CAN1_RX1_IRQHandler                      0x080001f7   Thumb Code     0  startup_stm32f10x_hd.o(.text)
    CAN1_SCE_IRQHandler                      0x080001f7   Thumb Code     0  startup_stm32f10x_hd.o(.text)
    DMA1_Channel1_IRQHandler                 0x080001f7   Thumb Code     0  startup_stm32f10x_hd.o(.text)
    DMA1_Channel2_IRQHandler                 0x080001f7   Thumb Code     0  startup_stm32f10x_hd.o(.text)
    DMA1_Channel3_IRQHandler                 0x080001f7   Thumb Code     0  startup_stm32f10x_hd.o(.text)
    DMA1_Channel4_IRQHandler                 0x080001f7   Thumb Code     0  startup_stm32f10x_hd.o(.text)
    DMA1_Channel5_IRQHandler                 0x080001f7   Thumb Code     0  startup_stm32f10x_hd.o(.text)
    DMA1_Channel6_IRQHandler                 0x080001f7   Thumb Code     0  startup_stm32f10x_hd.o(.text)
    DMA1_Channel7_IRQHandler                 0x080001f7   Thumb Code     0  startup_stm32f10x_hd.o(.text)
    DMA2_Channel1_IRQHandler                 0x080001f7   Thumb Code     0  startup_stm32f10x_hd.o(.text)
    DMA2_Channel2_IRQHandler                 0x080001f7   Thumb Code     0  startup_stm32f10x_hd.o(.text)
    DMA2_Channel3_IRQHandler                 0x080001f7   Thumb Code     0  startup_stm32f10x_hd.o(.text)
    DMA2_Channel4_5_IRQHandler               0x080001f7   Thumb Code     0  startup_stm32f10x_hd.o(.text)
    EXTI0_IRQHandler                         0x080001f7   Thumb Code     0  startup_stm32f10x_hd.o(.text)
    EXTI1_IRQHandler                         0x080001f7   Thumb Code     0  startup_stm32f10x_hd.o(.text)
    EXTI9_5_IRQHandler                       0x080001f7   Thumb Code     0  startup_stm32f10x_hd.o(.text)
    FLASH_IRQHandler                         0x080001f7   Thumb Code     0  startup_stm32f10x_hd.o(.text)
    FSMC_IRQHandler                          0x080001f7   Thumb Code     0  startup_stm32f10x_hd.o(.text)
    I2C1_ER_IRQHandler                       0x080001f7   Thumb Code     0  startup_stm32f10x_hd.o(.text)
    I2C1_EV_IRQHandler                       0x080001f7   Thumb Code     0  startup_stm32f10x_hd.o(.text)
    I2C2_ER_IRQHandler                       0x080001f7   Thumb Code     0  startup_stm32f10x_hd.o(.text)
    I2C2_EV_IRQHandler                       0x080001f7   Thumb Code     0  startup_stm32f10x_hd.o(.text)
    PVD_IRQHandler                           0x080001f7   Thumb Code     0  startup_stm32f10x_hd.o(.text)
    RCC_IRQHandler                           0x080001f7   Thumb Code     0  startup_stm32f10x_hd.o(.text)
    RTCAlarm_IRQHandler                      0x080001f7   Thumb Code     0  startup_stm32f10x_hd.o(.text)
    RTC_IRQHandler                           0x080001f7   Thumb Code     0  startup_stm32f10x_hd.o(.text)
    SDIO_IRQHandler                          0x080001f7   Thumb Code     0  startup_stm32f10x_hd.o(.text)
    SPI1_IRQHandler                          0x080001f7   Thumb Code     0  startup_stm32f10x_hd.o(.text)
    SPI2_IRQHandler                          0x080001f7   Thumb Code     0  startup_stm32f10x_hd.o(.text)
    SPI3_IRQHandler                          0x080001f7   Thumb Code     0  startup_stm32f10x_hd.o(.text)
    TAMPER_IRQHandler                        0x080001f7   Thumb Code     0  startup_stm32f10x_hd.o(.text)
    TIM1_BRK_IRQHandler                      0x080001f7   Thumb Code     0  startup_stm32f10x_hd.o(.text)
    TIM1_CC_IRQHandler                       0x080001f7   Thumb Code     0  startup_stm32f10x_hd.o(.text)
    TIM1_TRG_COM_IRQHandler                  0x080001f7   Thumb Code     0  startup_stm32f10x_hd.o(.text)
    TIM1_UP_IRQHandler                       0x080001f7   Thumb Code     0  startup_stm32f10x_hd.o(.text)
    TIM2_IRQHandler                          0x080001f7   Thumb Code     0  startup_stm32f10x_hd.o(.text)
    TIM4_IRQHandler                          0x080001f7   Thumb Code     0  startup_stm32f10x_hd.o(.text)
    TIM5_IRQHandler                          0x080001f7   Thumb Code     0  startup_stm32f10x_hd.o(.text)
    TIM6_IRQHandler                          0x080001f7   Thumb Code     0  startup_stm32f10x_hd.o(.text)
    TIM7_IRQHandler                          0x080001f7   Thumb Code     0  startup_stm32f10x_hd.o(.text)
    TIM8_BRK_IRQHandler                      0x080001f7   Thumb Code     0  startup_stm32f10x_hd.o(.text)
    TIM8_CC_IRQHandler                       0x080001f7   Thumb Code     0  startup_stm32f10x_hd.o(.text)
    TIM8_TRG_COM_IRQHandler                  0x080001f7   Thumb Code     0  startup_stm32f10x_hd.o(.text)
    TIM8_UP_IRQHandler                       0x080001f7   Thumb Code     0  startup_stm32f10x_hd.o(.text)
    UART4_IRQHandler                         0x080001f7   Thumb Code     0  startup_stm32f10x_hd.o(.text)
    UART5_IRQHandler                         0x080001f7   Thumb Code     0  startup_stm32f10x_hd.o(.text)
    USBWakeUp_IRQHandler                     0x080001f7   Thumb Code     0  startup_stm32f10x_hd.o(.text)
    USB_HP_CAN1_TX_IRQHandler                0x080001f7   Thumb Code     0  startup_stm32f10x_hd.o(.text)
    USB_LP_CAN1_RX0_IRQHandler               0x080001f7   Thumb Code     0  startup_stm32f10x_hd.o(.text)
    WWDG_IRQHandler                          0x080001f7   Thumb Code     0  startup_stm32f10x_hd.o(.text)
    __aeabi_memcpy                           0x08000201   Thumb Code    36  memcpya.o(.text)
    __aeabi_memcpy4                          0x08000201   Thumb Code     0  memcpya.o(.text)
    __aeabi_memcpy8                          0x08000201   Thumb Code     0  memcpya.o(.text)
    __aeabi_memset                           0x08000225   Thumb Code    14  memseta.o(.text)
    __aeabi_memset4                          0x08000225   Thumb Code     0  memseta.o(.text)
    __aeabi_memset8                          0x08000225   Thumb Code     0  memseta.o(.text)
    __aeabi_memclr                           0x08000233   Thumb Code     4  memseta.o(.text)
    __aeabi_memclr4                          0x08000233   Thumb Code     0  memseta.o(.text)
    __aeabi_memclr8                          0x08000233   Thumb Code     0  memseta.o(.text)
    _memset$wrapper                          0x08000237   Thumb Code    18  memseta.o(.text)
    strcat                                   0x08000249   Thumb Code    24  strcat.o(.text)
    strstr                                   0x08000261   Thumb Code    36  strstr.o(.text)
    strncpy                                  0x08000285   Thumb Code    24  strncpy.o(.text)
    strlen                                   0x0800029d   Thumb Code    14  strlen.o(.text)
    strcmp                                   0x080002ab   Thumb Code    28  strcmp.o(.text)
    strncat                                  0x080002c7   Thumb Code    40  strncat.o(.text)
    strncmp                                  0x080002ef   Thumb Code    30  strncmp.o(.text)
    strtok                                   0x0800030d   Thumb Code    62  strtok.o(.text)
    __aeabi_fmul                             0x08000351   Thumb Code   100  fmul.o(.text)
    __aeabi_fdiv                             0x080003b5   Thumb Code   124  fdiv.o(.text)
    __aeabi_dadd                             0x08000431   Thumb Code   322  dadd.o(.text)
    __aeabi_dsub                             0x08000573   Thumb Code     6  dadd.o(.text)
    __aeabi_drsub                            0x08000579   Thumb Code     6  dadd.o(.text)
    __aeabi_dmul                             0x0800057f   Thumb Code   228  dmul.o(.text)
    __aeabi_i2f                              0x08000663   Thumb Code    18  fflti.o(.text)
    __aeabi_ui2f                             0x08000675   Thumb Code    10  ffltui.o(.text)
    __aeabi_f2d                              0x0800067f   Thumb Code    38  f2d.o(.text)
    __aeabi_cdrcmple                         0x080006a5   Thumb Code    48  cdrcmple.o(.text)
    __aeabi_d2f                              0x080006d5   Thumb Code    56  d2f.o(.text)
    __aeabi_cfrcmple                         0x0800070d   Thumb Code    20  cfrcmple.o(.text)
    __aeabi_uidiv                            0x08000721   Thumb Code     0  uidiv.o(.text)
    __aeabi_uidivmod                         0x08000721   Thumb Code    44  uidiv.o(.text)
    __aeabi_uldivmod                         0x0800074d   Thumb Code    98  uldiv.o(.text)
    __aeabi_llsl                             0x080007af   Thumb Code    30  llshl.o(.text)
    _ll_shift_l                              0x080007af   Thumb Code     0  llshl.o(.text)
    __aeabi_llsr                             0x080007cd   Thumb Code    32  llushr.o(.text)
    _ll_ushift_r                             0x080007cd   Thumb Code     0  llushr.o(.text)
    __aeabi_lasr                             0x080007ed   Thumb Code    36  llsshr.o(.text)
    _ll_sshift_r                             0x080007ed   Thumb Code     0  llsshr.o(.text)
    __I$use$fp                               0x08000811   Thumb Code     0  iusefp.o(.text)
    _float_round                             0x08000811   Thumb Code    18  fepilogue.o(.text)
    _float_epilogue                          0x08000823   Thumb Code    92  fepilogue.o(.text)
    _double_round                            0x0800087f   Thumb Code    30  depilogue.o(.text)
    _double_epilogue                         0x0800089d   Thumb Code   156  depilogue.o(.text)
    __aeabi_ddiv                             0x08000939   Thumb Code   222  ddiv.o(.text)
    __aeabi_d2ulz                            0x08000a17   Thumb Code    48  dfixul.o(.text)
    __scatterload                            0x08000a49   Thumb Code    28  init.o(.text)
    __scatterload_rt2                        0x08000a49   Thumb Code     0  init.o(.text)
    __decompress                             0x08000a6d   Thumb Code     0  __dczerorl2.o(.text)
    __decompress1                            0x08000a6d   Thumb Code    86  __dczerorl2.o(.text)
    ADC_Cmd                                  0x08000ac3   Thumb Code    22  stm32f10x_adc.o(i.ADC_Cmd)
    ADC_DeInit                               0x08000ad9   Thumb Code    78  stm32f10x_adc.o(i.ADC_DeInit)
    ADC_GetCalibrationStatus                 0x08000b35   Thumb Code    20  stm32f10x_adc.o(i.ADC_GetCalibrationStatus)
    ADC_GetConversionValue                   0x08000b49   Thumb Code     8  stm32f10x_adc.o(i.ADC_GetConversionValue)
    ADC_GetFlagStatus                        0x08000b51   Thumb Code    18  stm32f10x_adc.o(i.ADC_GetFlagStatus)
    ADC_GetResetCalibrationStatus            0x08000b63   Thumb Code    20  stm32f10x_adc.o(i.ADC_GetResetCalibrationStatus)
    ADC_Init                                 0x08000b79   Thumb Code    70  stm32f10x_adc.o(i.ADC_Init)
    ADC_RegularChannelConfig                 0x08000bc9   Thumb Code   184  stm32f10x_adc.o(i.ADC_RegularChannelConfig)
    ADC_ResetCalibration                     0x08000c81   Thumb Code    10  stm32f10x_adc.o(i.ADC_ResetCalibration)
    ADC_SoftwareStartConvCmd                 0x08000c8b   Thumb Code    22  stm32f10x_adc.o(i.ADC_SoftwareStartConvCmd)
    ADC_StartCalibration                     0x08000ca1   Thumb Code    10  stm32f10x_adc.o(i.ADC_StartCalibration)
    Adc_Init                                 0x08000cad   Thumb Code   132  adc.o(i.Adc_Init)
    BusFault_Handler                         0x08000d39   Thumb Code     4  stm32f10x_it.o(i.BusFault_Handler)
    ConfigureTimeForRunTimeStats             0x08000d3d   Thumb Code    22  timer.o(i.ConfigureTimeForRunTimeStats)
    DBGMCU_Config                            0x08000d59   Thumb Code    26  stm32f10x_dbgmcu.o(i.DBGMCU_Config)
    DebugMon_Handler                         0x08000d79   Thumb Code     2  stm32f10x_it.o(i.DebugMon_Handler)
    EXTI15_10_IRQHandler                     0x08000d7d   Thumb Code   232  key.o(i.EXTI15_10_IRQHandler)
    EXTI2_IRQHandler                         0x08000ee5   Thumb Code   126  key.o(i.EXTI2_IRQHandler)
    EXTI3_IRQHandler                         0x08000fc1   Thumb Code   116  key.o(i.EXTI3_IRQHandler)
    EXTI4_IRQHandler                         0x08001091   Thumb Code   116  key.o(i.EXTI4_IRQHandler)
    EXTI_ClearITPendingBit                   0x08001161   Thumb Code     6  stm32f10x_exti.o(i.EXTI_ClearITPendingBit)
    EXTI_GetITStatus                         0x0800116d   Thumb Code    34  stm32f10x_exti.o(i.EXTI_GetITStatus)
    EXTI_Init                                0x08001195   Thumb Code   142  stm32f10x_exti.o(i.EXTI_Init)
    FreeRTOS_CLIGetParameter                 0x08001229   Thumb Code    92  freertos_cli.o(i.FreeRTOS_CLIGetParameter)
    FreeRTOS_CLIProcessCommand               0x08001285   Thumb Code   208  freertos_cli.o(i.FreeRTOS_CLIProcessCommand)
    FreeRTOS_CLIRegisterCommand              0x08001365   Thumb Code    46  freertos_cli.o(i.FreeRTOS_CLIRegisterCommand)
    GPIO_EXTILineConfig                      0x08001399   Thumb Code    60  stm32f10x_gpio.o(i.GPIO_EXTILineConfig)
    GPIO_Init                                0x080013d9   Thumb Code   278  stm32f10x_gpio.o(i.GPIO_Init)
    GPIO_PinRemapConfig                      0x080014f1   Thumb Code   138  stm32f10x_gpio.o(i.GPIO_PinRemapConfig)
    GPIO_ResetBits                           0x08001581   Thumb Code     4  stm32f10x_gpio.o(i.GPIO_ResetBits)
    GPIO_SetBits                             0x08001585   Thumb Code     4  stm32f10x_gpio.o(i.GPIO_SetBits)
    Get_Adc                                  0x08001589   Thumb Code    46  adc.o(i.Get_Adc)
    Get_Adc_Average                          0x080015bd   Thumb Code    46  adc.o(i.Get_Adc_Average)
    HardFault_Handler                        0x080015eb   Thumb Code     4  stm32f10x_it.o(i.HardFault_Handler)
    IWDG_Enable                              0x080015f1   Thumb Code    10  stm32f10x_iwdg.o(i.IWDG_Enable)
    IWDG_ReloadCounter                       0x08001601   Thumb Code    10  stm32f10x_iwdg.o(i.IWDG_ReloadCounter)
    IWDG_SetPrescaler                        0x08001611   Thumb Code     6  stm32f10x_iwdg.o(i.IWDG_SetPrescaler)
    IWDG_SetReload                           0x0800161d   Thumb Code     6  stm32f10x_iwdg.o(i.IWDG_SetReload)
    IWDG_WriteAccessCmd                      0x08001629   Thumb Code     6  stm32f10x_iwdg.o(i.IWDG_WriteAccessCmd)
    LCD_Clear                                0x08001635   Thumb Code    90  st7789s.o(i.LCD_Clear)
    LCD_DrawLine                             0x0800169d   Thumb Code   176  st7789s.o(i.LCD_DrawLine)
    LCD_DrawPoint                            0x0800174d   Thumb Code    86  st7789s.o(i.LCD_DrawPoint)
    LCD_DrawRectangle                        0x080017b5   Thumb Code    64  st7789s.o(i.LCD_DrawRectangle)
    LCD_Fill                                 0x080017f5   Thumb Code   132  st7789s.o(i.LCD_Fill)
    LCD_GPIO_Init                            0x08001885   Thumb Code    72  st7789s.o(i.LCD_GPIO_Init)
    LCD_Init                                 0x080018d5   Thumb Code  1576  st7789s.o(i.LCD_Init)
    LCD_RESET                                0x08001f05   Thumb Code    40  st7789s.o(i.LCD_RESET)
    LCD_SetCursor                            0x08001f31   Thumb Code   160  st7789s.o(i.LCD_SetCursor)
    LCD_ShowChar                             0x08001fd9   Thumb Code   436  st7789s.o(i.LCD_ShowChar)
    LCD_ShowChinese                          0x080021a1   Thumb Code  1228  st7789s.o(i.LCD_ShowChinese)
    LCD_ShowFontEN                           0x08002671   Thumb Code   212  st7789s.o(i.LCD_ShowFontEN)
    LCD_ShowFontHZ                           0x0800274d   Thumb Code   478  st7789s.o(i.LCD_ShowFontHZ)
    LCD_ShowPicture                          0x08002939   Thumb Code    94  st7789s.o(i.LCD_ShowPicture)
    LCD_ShowString                           0x0800299d   Thumb Code   102  st7789s.o(i.LCD_ShowString)
    LCD_WR_REG                               0x08002a05   Thumb Code    36  st7789s.o(i.LCD_WR_REG)
    LCD_WriteRAM_Prepare                     0x08002a31   Thumb Code    10  st7789s.o(i.LCD_WriteRAM_Prepare)
    MemManage_Handler                        0x08002a3b   Thumb Code     4  stm32f10x_it.o(i.MemManage_Handler)
    NMI_Handler                              0x08002a3f   Thumb Code     2  stm32f10x_it.o(i.NMI_Handler)
    NVIC_Init                                0x08002a41   Thumb Code   100  misc.o(i.NVIC_Init)
    NVIC_PriorityGroupConfig                 0x08002ab1   Thumb Code    10  misc.o(i.NVIC_PriorityGroupConfig)
    RCC_ADCCLKConfig                         0x08002ac5   Thumb Code    18  stm32f10x_rcc.o(i.RCC_ADCCLKConfig)
    RCC_APB1PeriphClockCmd                   0x08002add   Thumb Code    26  stm32f10x_rcc.o(i.RCC_APB1PeriphClockCmd)
    RCC_APB1PeriphResetCmd                   0x08002afd   Thumb Code    26  stm32f10x_rcc.o(i.RCC_APB1PeriphResetCmd)
    RCC_APB2PeriphClockCmd                   0x08002b1d   Thumb Code    26  stm32f10x_rcc.o(i.RCC_APB2PeriphClockCmd)
    RCC_APB2PeriphResetCmd                   0x08002b3d   Thumb Code    26  stm32f10x_rcc.o(i.RCC_APB2PeriphResetCmd)
    RCC_ClearFlag                            0x08002b5d   Thumb Code    14  stm32f10x_rcc.o(i.RCC_ClearFlag)
    RCC_GetClocksFreq                        0x08002b71   Thumb Code   192  stm32f10x_rcc.o(i.RCC_GetClocksFreq)
    RCC_GetFlagStatus                        0x08002c45   Thumb Code    56  stm32f10x_rcc.o(i.RCC_GetFlagStatus)
    RCC_LSICmd                               0x08002c81   Thumb Code     6  stm32f10x_rcc.o(i.RCC_LSICmd)
    SysTick_CLKSourceConfig                  0x08002d75   Thumb Code    40  misc.o(i.SysTick_CLKSourceConfig)
    SysTick_Handler                          0x08002d9d   Thumb Code    16  delay.o(i.SysTick_Handler)
    SystemInit                               0x08002dad   Thumb Code    78  system_stm32f10x.o(i.SystemInit)
    TIM3_IRQHandler                          0x08002e0d   Thumb Code    42  timer.o(i.TIM3_IRQHandler)
    TIM3_Int_Init                            0x08002e41   Thumb Code    90  timer.o(i.TIM3_Int_Init)
    TIM_ClearITPendingBit                    0x08002ea1   Thumb Code     6  stm32f10x_tim.o(i.TIM_ClearITPendingBit)
    TIM_Cmd                                  0x08002ea7   Thumb Code    24  stm32f10x_tim.o(i.TIM_Cmd)
    TIM_GetITStatus                          0x08002ebf   Thumb Code    34  stm32f10x_tim.o(i.TIM_GetITStatus)
    TIM_ITConfig                             0x08002ee1   Thumb Code    18  stm32f10x_tim.o(i.TIM_ITConfig)
    TIM_TimeBaseInit                         0x08002ef5   Thumb Code   122  stm32f10x_tim.o(i.TIM_TimeBaseInit)
    USART1_IRQHandler                        0x08002f99   Thumb Code   220  usart.o(i.USART1_IRQHandler)
    USART2_IRQHandler                        0x080030e5   Thumb Code   132  usart.o(i.USART2_IRQHandler)
    USART3_IRQHandler                        0x08003179   Thumb Code   176  usart.o(i.USART3_IRQHandler)
    USART_ClearFlag                          0x0800326d   Thumb Code    18  stm32f10x_usart.o(i.USART_ClearFlag)
    USART_Cmd                                0x0800327f   Thumb Code    24  stm32f10x_usart.o(i.USART_Cmd)
    USART_DeInit                             0x08003299   Thumb Code   134  stm32f10x_usart.o(i.USART_DeInit)
    USART_GetFlagStatus                      0x08003335   Thumb Code    26  stm32f10x_usart.o(i.USART_GetFlagStatus)
    USART_GetITStatus                        0x0800334f   Thumb Code    84  stm32f10x_usart.o(i.USART_GetITStatus)
    USART_ITConfig                           0x080033a3   Thumb Code    74  stm32f10x_usart.o(i.USART_ITConfig)
    USART_Init                               0x080033ed   Thumb Code   210  stm32f10x_usart.o(i.USART_Init)
    USART_ReceiveData                        0x080034c5   Thumb Code    10  stm32f10x_usart.o(i.USART_ReceiveData)
    USART_SendData                           0x080034cf   Thumb Code     8  stm32f10x_usart.o(i.USART_SendData)
    UsageFault_Handler                       0x080034d7   Thumb Code     4  stm32f10x_it.o(i.UsageFault_Handler)
    _CMIOT_BLE_DataProcess                   0x080034dd   Thumb Code   400  bluetooth.o(i._CMIOT_BLE_DataProcess)
    _CMIOT_BLE_EnterPassthroughMode          0x080037dd   Thumb Code    70  bluetooth.o(i._CMIOT_BLE_EnterPassthroughMode)
    _CMIOT_BLE_ExitPassthroughMode           0x08003855   Thumb Code    70  bluetooth.o(i._CMIOT_BLE_ExitPassthroughMode)
    _CMIOT_BLE_Init                          0x080038c9   Thumb Code    66  bluetooth.o(i._CMIOT_BLE_Init)
    _CMIOT_BLE_OffMaxPut                     0x08003931   Thumb Code    70  bluetooth.o(i._CMIOT_BLE_OffMaxPut)
    _CMIOT_BLE_RSP_attachTime                0x080039ad   Thumb Code    82  bluetooth.o(i._CMIOT_BLE_RSP_attachTime)
    _CMIOT_BLE_RSP_comprehensiveTest         0x08003a49   Thumb Code   184  bluetooth.o(i._CMIOT_BLE_RSP_comprehensiveTest)
    _CMIOT_BLE_RSP_deviceInfo                0x08003bb5   Thumb Code   304  bluetooth.o(i._CMIOT_BLE_RSP_deviceInfo)
    _CMIOT_BLE_RSP_pingDelay                 0x08003dd5   Thumb Code    90  bluetooth.o(i._CMIOT_BLE_RSP_pingDelay)
    _CMIOT_BLE_RSP_radioInfo                 0x08003e89   Thumb Code   372  bluetooth.o(i._CMIOT_BLE_RSP_radioInfo)
    _CMIOT_BLE_Reboot                        0x0800411d   Thumb Code   144  bluetooth.o(i._CMIOT_BLE_Reboot)
    _CMIOT_BLE_SetName                       0x08004215   Thumb Code   130  bluetooth.o(i._CMIOT_BLE_SetName)
    _CMIOT_BLE_SetPacketInterval             0x080042d1   Thumb Code    70  bluetooth.o(i._CMIOT_BLE_SetPacketInterval)
    _CMIOT_BatteryChargeGpioInit             0x0800434d   Thumb Code    34  main.o(i._CMIOT_BatteryChargeGpioInit)
    _CMIOT_BatteryCheckInit                  0x08004375   Thumb Code     8  main.o(i._CMIOT_BatteryCheckInit)
    _CMIOT_BleCmdProcessTaskProc             0x0800437d   Thumb Code    40  main.o(i._CMIOT_BleCmdProcessTaskProc)
    _CMIOT_BleReset                          0x080043b9   Thumb Code    26  bluetooth.o(i._CMIOT_BleReset)
    _CMIOT_BleResetGpioInit                  0x080043dd   Thumb Code    40  bluetooth.o(i._CMIOT_BleResetGpioInit)
    _CMIOT_BluetoothMode                     0x08004409   Thumb Code    68  ui.o(i._CMIOT_BluetoothMode)
    _CMIOT_BluetoothTaskProc                 0x08004481   Thumb Code    88  main.o(i._CMIOT_BluetoothTaskProc)
    _CMIOT_CLI_Init                          0x08004531   Thumb Code    34  user_cli.o(i._CMIOT_CLI_Init)
    _CMIOT_CliTaskProc                       0x08004569   Thumb Code   102  main.o(i._CMIOT_CliTaskProc)
    _CMIOT_Debug                             0x08004605   Thumb Code    70  common.o(i._CMIOT_Debug)
    _CMIOT_ExecuteAtCmd                      0x08004655   Thumb Code   142  m5310.o(i._CMIOT_ExecuteAtCmd)
    _CMIOT_ExecuteBLEAtCmd                   0x0800472d   Thumb Code   142  bluetooth.o(i._CMIOT_ExecuteBLEAtCmd)
    _CMIOT_GUI_Init                          0x08004805   Thumb Code   702  ui.o(i._CMIOT_GUI_Init)
    _CMIOT_GetBleConnectedState              0x08004bbd   Thumb Code   140  bluetooth.o(i._CMIOT_GetBleConnectedState)
    _CMIOT_GetICCID                          0x08004cd1   Thumb Code   144  m5310.o(i._CMIOT_GetICCID)
    _CMIOT_GetIMEI                           0x08004db5   Thumb Code   162  m5310.o(i._CMIOT_GetIMEI)
    _CMIOT_GetIMSI                           0x08004ec5   Thumb Code   166  m5310.o(i._CMIOT_GetIMSI)
    _CMIOT_GetModuleName                     0x08004fb1   Thumb Code   176  m5310.o(i._CMIOT_GetModuleName)
    _CMIOT_GetModuleVersion                  0x080050ad   Thumb Code   166  m5310.o(i._CMIOT_GetModuleVersion)
    _CMIOT_GetNB_Band                        0x080051a1   Thumb Code   196  m5310.o(i._CMIOT_GetNB_Band)
    _CMIOT_GetNetworkDelay                   0x080052bd   Thumb Code   208  m5310.o(i._CMIOT_GetNetworkDelay)
    _CMIOT_GetPLMN                           0x080053e5   Thumb Code   148  m5310.o(i._CMIOT_GetPLMN)
    _CMIOT_GetUeCellStats                    0x080054b5   Thumb Code   286  m5310.o(i._CMIOT_GetUeCellStats)
    _CMIOT_GetUeTHPStats                     0x08005661   Thumb Code   444  m5310.o(i._CMIOT_GetUeTHPStats)
    _CMIOT_Get_PSM_TIMER_Value               0x080059bd   Thumb Code   588  m5310.o(i._CMIOT_Get_PSM_TIMER_Value)
    _CMIOT_IWDG_Configuration                0x08005cb5   Thumb Code    94  main.o(i._CMIOT_IWDG_Configuration)
    _CMIOT_IWDG_ReloadCounter                0x08005d29   Thumb Code    16  main.o(i._CMIOT_IWDG_ReloadCounter)
    _CMIOT_IsPdpAttached                     0x08005d45   Thumb Code    88  m5310.o(i._CMIOT_IsPdpAttached)
    _CMIOT_LcdTaskProc                       0x08005de9   Thumb Code    26  main.o(i._CMIOT_LcdTaskProc)
    _CMIOT_M5310PowerGpioInit                0x08005e19   Thumb Code    46  m5310.o(i._CMIOT_M5310PowerGpioInit)
    _CMIOT_M5310TaskProc                     0x08005e4d   Thumb Code   114  main.o(i._CMIOT_M5310TaskProc)
    _CMIOT_M5310Uartbuf2Ble                  0x08005f09   Thumb Code    60  bluetooth.o(i._CMIOT_M5310Uartbuf2Ble)
    _CMIOT_M5310_GetRegisterTime             0x08005f81   Thumb Code   156  m5310.o(i._CMIOT_M5310_GetRegisterTime)
    _CMIOT_M5310_GetSignalstrength           0x0800609d   Thumb Code   146  m5310.o(i._CMIOT_M5310_GetSignalstrength)
    _CMIOT_M5310_GetUeState                  0x0800616d   Thumb Code   666  m5310.o(i._CMIOT_M5310_GetUeState)
    _CMIOT_M5310_Init                        0x08006545   Thumb Code    44  m5310.o(i._CMIOT_M5310_Init)
    _CMIOT_NBIOT_Measurement                 0x08006575   Thumb Code   102  ui.o(i._CMIOT_NBIOT_Measurement)
    _CMIOT_NbModule_Reboot                   0x080065f1   Thumb Code    82  m5310.o(i._CMIOT_NbModule_Reboot)
    _CMIOT_SetAutoConnect                    0x0800669d   Thumb Code   120  m5310.o(i._CMIOT_SetAutoConnect)
    _CMIOT_SetMinFunctionalityState          0x0800678d   Thumb Code   106  m5310.o(i._CMIOT_SetMinFunctionalityState)
    _CMIOT_SetScramblingState                0x08006849   Thumb Code   120  m5310.o(i._CMIOT_SetScramblingState)
    _CMIOT_ShowBatteryLevel                  0x08006951   Thumb Code   328  ui.o(i._CMIOT_ShowBatteryLevel)
    _CMIOT_ShowBatteryTips                   0x08006a9d   Thumb Code   378  ui.o(i._CMIOT_ShowBatteryTips)
    _CMIOT_ShowDeviceInfo                    0x08006c65   Thumb Code   626  ui.o(i._CMIOT_ShowDeviceInfo)
    _CMIOT_ShowInstructionMsg                0x08006f75   Thumb Code   320  ui.o(i._CMIOT_ShowInstructionMsg)
    _CMIOT_ShowNetworkRegTime                0x08007215   Thumb Code   970  ui.o(i._CMIOT_ShowNetworkRegTime)
    _CMIOT_ShowPingResult                    0x080076d9   Thumb Code   794  ui.o(i._CMIOT_ShowPingResult)
    _CMIOT_ShowRadioInfo                     0x08007ac5   Thumb Code  1344  ui.o(i._CMIOT_ShowRadioInfo)
    _CMIOT_ShowSignalStrength                0x08008005   Thumb Code  1200  ui.o(i._CMIOT_ShowSignalStrength)
    _CMIOT_ShowSpeedInfo                     0x080084b5   Thumb Code   386  ui.o(i._CMIOT_ShowSpeedInfo)
    _CMIOT_StartTaskProc                     0x08008685   Thumb Code    98  main.o(i._CMIOT_StartTaskProc)
    _CMIOT_Str_EndWith                       0x08008739   Thumb Code    80  common.o(i._CMIOT_Str_EndWith)
    _CMIOT_Str_StartWith                     0x08008789   Thumb Code    56  common.o(i._CMIOT_Str_StartWith)
    _CMIOT_TabIndex                          0x080087c1   Thumb Code  3148  ui.o(i._CMIOT_TabIndex)
    _CMIOT_UI_BootPage                       0x08009429   Thumb Code   104  ui.o(i._CMIOT_UI_BootPage)
    _CMIOT_Uart_Init                         0x080094c1   Thumb Code   490  usart.o(i._CMIOT_Uart_Init)
    _CMIOT_Uart_send                         0x080096c5   Thumb Code    64  usart.o(i._CMIOT_Uart_send)
    _CMIOT_atoi                              0x08009705   Thumb Code   134  common.o(i._CMIOT_atoi)
    __0snprintf                              0x0800978d   Thumb Code    36  printfa.o(i.__0snprintf)
    __1snprintf                              0x0800978d   Thumb Code     0  printfa.o(i.__0snprintf)
    __2snprintf                              0x0800978d   Thumb Code     0  printfa.o(i.__0snprintf)
    __c89snprintf                            0x0800978d   Thumb Code     0  printfa.o(i.__0snprintf)
    snprintf                                 0x0800978d   Thumb Code     0  printfa.o(i.__0snprintf)
    __0sprintf                               0x080097b5   Thumb Code    34  printfa.o(i.__0sprintf)
    __1sprintf                               0x080097b5   Thumb Code     0  printfa.o(i.__0sprintf)
    __2sprintf                               0x080097b5   Thumb Code     0  printfa.o(i.__0sprintf)
    __c89sprintf                             0x080097b5   Thumb Code     0  printfa.o(i.__0sprintf)
    sprintf                                  0x080097b5   Thumb Code     0  printfa.o(i.__0sprintf)
    __0vsnprintf                             0x080097dd   Thumb Code    32  printfa.o(i.__0vsnprintf)
    __1vsnprintf                             0x080097dd   Thumb Code     0  printfa.o(i.__0vsnprintf)
    __2vsnprintf                             0x080097dd   Thumb Code     0  printfa.o(i.__0vsnprintf)
    __c89vsnprintf                           0x080097dd   Thumb Code     0  printfa.o(i.__0vsnprintf)
    vsnprintf                                0x080097dd   Thumb Code     0  printfa.o(i.__0vsnprintf)
    __scatterload_copy                       0x08009801   Thumb Code    14  handlers.o(i.__scatterload_copy)
    __scatterload_null                       0x0800980f   Thumb Code     2  handlers.o(i.__scatterload_null)
    __scatterload_zeroinit                   0x08009811   Thumb Code    14  handlers.o(i.__scatterload_zeroinit)
    cm_IsNbModuleAlive                       0x0800a0d5   Thumb Code    80  m5310.o(i.cm_IsNbModuleAlive)
    cm_getAPN                                0x0800a159   Thumb Code   182  m5310.o(i.cm_getAPN)
    cm_getBatteryVol                         0x0800a275   Thumb Code    56  adc.o(i.cm_getBatteryVol)
    cm_getbuildVersion                       0x0800a2b5   Thumb Code    18  common.o(i.cm_getbuildVersion)
    cm_key_init                              0x0800a2ed   Thumb Code   460  key.o(i.cm_key_init)
    cm_split                                 0x0800a4c9   Thumb Code   106  common.o(i.cm_split)
    delay_init                               0x0800a535   Thumb Code    68  delay.o(i.delay_init)
    delay_ms                                 0x0800a585   Thumb Code    34  delay.o(i.delay_ms)
    delay_us                                 0x0800a5a9   Thumb Code    68  delay.o(i.delay_us)
    delay_xms                                0x0800a5f1   Thumb Code    24  delay.o(i.delay_xms)
    main                                     0x0800a609   Thumb Code   234  main.o(i.main)
    prvDebugLevelCommand                     0x0800aa99   Thumb Code   108  user_cli.o(i.prvDebugLevelCommand)
    prvEnableBleDebugModeCommand             0x0800ab65   Thumb Code   108  user_cli.o(i.prvEnableBleDebugModeCommand)
    prvEnableNbDebugModeCommand              0x0800ac1d   Thumb Code   108  user_cli.o(i.prvEnableNbDebugModeCommand)
    prvGetHeapUsageCommand                   0x0800acd5   Thumb Code   264  user_cli.o(i.prvGetHeapUsageCommand)
    prvGetSysTimeCommand                     0x0800aed9   Thumb Code    54  user_cli.o(i.prvGetSysTimeCommand)
    prvGetVersionCommand                     0x0800af31   Thumb Code    44  user_cli.o(i.prvGetVersionCommand)
    prvGetWechatHistoryDataCommand           0x0800af6d   Thumb Code   122  user_cli.o(i.prvGetWechatHistoryDataCommand)
    prvGetWechatHistoryListCommand           0x0800b071   Thumb Code    60  user_cli.o(i.prvGetWechatHistoryListCommand)
    prvSendAt2BleModuleCommand               0x0800b685   Thumb Code    64  user_cli.o(i.prvSendAt2BleModuleCommand)
    prvSendAt2NbModuleCommand                0x0800b6cd   Thumb Code    64  user_cli.o(i.prvSendAt2NbModuleCommand)
    prvSetBleWechatFlagCommand               0x0800b715   Thumb Code   108  user_cli.o(i.prvSetBleWechatFlagCommand)
    prvSetPowerEnableCommand                 0x0800b7cd   Thumb Code   108  user_cli.o(i.prvSetPowerEnableCommand)
    pvPortMalloc                             0x0800b9e1   Thumb Code   188  heap_4.o(i.pvPortMalloc)
    pxPortInitialiseStack                    0x0800bab1   Thumb Code    30  port.o(i.pxPortInitialiseStack)
    ulTaskNotifyTake                         0x0800bad5   Thumb Code   108  tasks.o(i.ulTaskNotifyTake)
    uxListRemove                             0x0800bb49   Thumb Code    40  list.o(i.uxListRemove)
    uxTaskGetStackHighWaterMark              0x0800bb71   Thumb Code    34  tasks.o(i.uxTaskGetStackHighWaterMark)
    vListInitialise                          0x0800bb99   Thumb Code    26  list.o(i.vListInitialise)
    vListInitialiseItem                      0x0800bbb3   Thumb Code     6  list.o(i.vListInitialiseItem)
    vListInsert                              0x0800bbb9   Thumb Code    52  list.o(i.vListInsert)
    vListInsertEnd                           0x0800bbed   Thumb Code    24  list.o(i.vListInsertEnd)
    vPortEnterCritical                       0x0800bc05   Thumb Code    30  port.o(i.vPortEnterCritical)
    vPortExitCritical                        0x0800bc29   Thumb Code    28  port.o(i.vPortExitCritical)
    vPortFree                                0x0800bc49   Thumb Code    64  heap_4.o(i.vPortFree)
    vPortSetupTimerInterrupt                 0x0800bc91   Thumb Code    20  port.o(i.vPortSetupTimerInterrupt)
    vQueueAddToRegistry                      0x0800bca9   Thumb Code    38  queue.o(i.vQueueAddToRegistry)
    vQueueWaitForMessageRestricted           0x0800bcd5   Thumb Code    74  queue.o(i.vQueueWaitForMessageRestricted)
    vTaskDelay                               0x0800bd21   Thumb Code    46  tasks.o(i.vTaskDelay)
    vTaskDelete                              0x0800bd55   Thumb Code   166  tasks.o(i.vTaskDelete)
    vTaskInternalSetTimeOutState             0x0800be21   Thumb Code    14  tasks.o(i.vTaskInternalSetTimeOutState)
    vTaskMissedYield                         0x0800be39   Thumb Code     8  tasks.o(i.vTaskMissedYield)
    vTaskNotifyGiveFromISR                   0x0800be45   Thumb Code   154  tasks.o(i.vTaskNotifyGiveFromISR)
    vTaskPlaceOnEventList                    0x0800bef9   Thumb Code    28  tasks.o(i.vTaskPlaceOnEventList)
    vTaskPlaceOnEventListRestricted          0x0800bf19   Thumb Code    36  tasks.o(i.vTaskPlaceOnEventListRestricted)
    vTaskStartScheduler                      0x0800bf41   Thumb Code    86  tasks.o(i.vTaskStartScheduler)
    vTaskSuspendAll                          0x0800bfb5   Thumb Code    12  tasks.o(i.vTaskSuspendAll)
    vTaskSwitchContext                       0x0800bfc5   Thumb Code   130  tasks.o(i.vTaskSwitchContext)
    xPortGetFreeHeapSize                     0x0800c069   Thumb Code     6  heap_4.o(i.xPortGetFreeHeapSize)
    xPortStartScheduler                      0x0800c075   Thumb Code    42  port.o(i.xPortStartScheduler)
    xPortSysTickHandler                      0x0800c0a9   Thumb Code    46  port.o(i.xPortSysTickHandler)
    xQueueGenericCreate                      0x0800c0dd   Thumb Code    56  queue.o(i.xQueueGenericCreate)
    xQueueGenericReset                       0x0800c115   Thumb Code   122  queue.o(i.xQueueGenericReset)
    xQueueGenericSend                        0x0800c195   Thumb Code   308  queue.o(i.xQueueGenericSend)
    xQueueGenericSendFromISR                 0x0800c2cd   Thumb Code   156  queue.o(i.xQueueGenericSendFromISR)
    xQueueReceive                            0x0800c369   Thumb Code   256  queue.o(i.xQueueReceive)
    xTaskCheckForTimeOut                     0x0800c46d   Thumb Code    84  tasks.o(i.xTaskCheckForTimeOut)
    xTaskCreate                              0x0800c4c9   Thumb Code    96  tasks.o(i.xTaskCreate)
    xTaskGetSchedulerState                   0x0800c529   Thumb Code    24  tasks.o(i.xTaskGetSchedulerState)
    xTaskGetTickCount                        0x0800c549   Thumb Code     6  tasks.o(i.xTaskGetTickCount)
    xTaskGetTickCountFromISR                 0x0800c555   Thumb Code     8  tasks.o(i.xTaskGetTickCountFromISR)
    xTaskIncrementTick                       0x0800c561   Thumb Code   238  tasks.o(i.xTaskIncrementTick)
    xTaskPriorityDisinherit                  0x0800c67d   Thumb Code   122  tasks.o(i.xTaskPriorityDisinherit)
    xTaskRemoveFromEventList                 0x0800c701   Thumb Code   104  tasks.o(i.xTaskRemoveFromEventList)
    xTaskResumeAll                           0x0800c781   Thumb Code   196  tasks.o(i.xTaskResumeAll)
    xTimerCreate                             0x0800c869   Thumb Code    48  timers.o(i.xTimerCreate)
    xTimerCreateTimerTask                    0x0800c899   Thumb Code    40  timers.o(i.xTimerCreateTimerTask)
    xTimerGenericCommand                     0x0800c8d5   Thumb Code   104  timers.o(i.xTimerGenericCommand)
    asc2_1206                                0x0800cf94   Data        1140  st7789s.o(.constdata)
    asc2_1608                                0x0800d408   Data        1520  st7789s.o(.constdata)
    ascii_3216                               0x0800d9f8   Data       12160  st7789s.o(.constdata)
    newArialCnChar24x24                      0x08010978   Data         456  st7789s.o(.constdata)
    newArialCnChar16x16                      0x08010b40   Data        4320  st7789s.o(.constdata)
    EnChar16x24                              0x08011c20   Data        1400  st7789s.o(.constdata)
    Arial24x27                               0x08012198   Data        1275  st7789s.o(.constdata)
    Yahei16x21                               0x08012693   Data        1058  st7789s.o(.constdata)
    gImage_signalSign                        0x08012ab5   Data         600  ui.o(.constdata)
    gImage_chargePowerIcon                   0x08012d0d   Data         400  ui.o(.constdata)
    BluetoothImage                           0x08012e9d   Data        1080  ui.o(.constdata)
    LogoImage                                0x080132d5   Data        1800  ui.o(.constdata)
    BootImage                                0x080139dd   Data       20000  ui.o(.constdata)
    gImage_settingIcon                       0x080187fd   Data        5000  ui.o(.constdata)
    gImage_radioIcon                         0x08019b85   Data        5000  ui.o(.constdata)
    gImage_cellIcon                          0x0801af0d   Data        5000  ui.o(.constdata)
    gImage_pingIcon                          0x0801c295   Data        5000  ui.o(.constdata)
    gImage_speedIcon                         0x0801d61d   Data        5000  ui.o(.constdata)
    gImage_bluetoothIcon                     0x0801e9a5   Data        5000  ui.o(.constdata)
    gImage_instructionsIcon                  0x0801fd2d   Data        5000  ui.o(.constdata)
    gImage_qrCode                            0x080210b5   Data       20000  ui.o(.constdata)
    Region$$Table$$Base                      0x08026684   Number         0  anon$$obj.o(Region$$Table)
    Region$$Table$$Limit                     0x080266a4   Number         0  anon$$obj.o(Region$$Table)
    UART_CLI_RxBufferLen                     0x20000014   Data           4  main.o(.data)
    CM_UI_BUSY                               0x20000018   Data           1  main.o(.data)
    start_task                               0x2000001c   Data           4  main.o(.data)
    cli_task                                 0x20000020   Data           4  main.o(.data)
    m5310_task                               0x20000024   Data           4  main.o(.data)
    lcd_task                                 0x20000028   Data           4  main.o(.data)
    bluetooth_task                           0x2000002c   Data           4  main.o(.data)
    bleCmdProcess_task                       0x20000030   Data           4  main.o(.data)
    menuPosition                             0x20000034   Data           6  main.o(.data)
    SystemCoreClock                          0x2000003c   Data           4  system_stm32f10x.o(.data)
    AHBPrescTable                            0x20000040   Data          16  system_stm32f10x.o(.data)
    pxCurrentTCB                             0x20000050   Data           4  tasks.o(.data)
    NB_DEBUG_FLAG                            0x200000c5   Data           1  usart.o(.data)
    BLE_DEBUG_FLAG                           0x200000c6   Data           1  usart.o(.data)
    BLE_WECHAT_FLAG                          0x200000c7   Data           1  usart.o(.data)
    FreeRTOSRunTimeTicks                     0x200000c8   Data           8  timer.o(.data)
    DEBUG_FLAG                               0x200000d0   Data           1  common.o(.data)
    UART_M5310_RxBufferLen                   0x200001a8   Data           4  m5310.o(.data)
    Arial16x18                               0x200001ac   Data        1960  st7789s.o(.data)
    POINT_COLOR                              0x20000954   Data           2  st7789s.o(.data)
    BACK_COLOR                               0x20000956   Data           2  st7789s.o(.data)
    DeviceCode                               0x20000958   Data           2  st7789s.o(.data)
    UART_BLE_RxBufferLen                     0x2000095c   Data           4  bluetooth.o(.data)
    BLE_AT_EXE_FLAG                          0x20000960   Data           1  bluetooth.o(.data)
    bleAtExeTimer                            0x20000964   Data           4  bluetooth.o(.data)
    UART_CLI_RxBuffer                        0x2000096c   Data         256  main.o(.bss)
    xQueueRegistry                           0x20000ad0   Data          64  queue.o(.bss)
    UART_M5310_RxBuffer                      0x20005c00   Data         512  m5310.o(.bss)
    UART_BLE_RxBuffer                        0x20005e80   Data        1024  bluetooth.o(.bss)
    __initial_sp                             0x200066c0   Data           0  startup_stm32f10x_hd.o(STACK)



==============================================================================

Memory Map of the image

  Image Entry point : 0x08000131

  Load Region LR_IROM1 (Base: 0x08000000, Size: 0x00027010, Max: 0x00040000, ABSOLUTE, COMPRESSED[0x00026d7c])

    Execution Region ER_IROM1 (Base: 0x08000000, Size: 0x000266a4, Max: 0x00040000, ABSOLUTE)

    Base Addr    Size         Type   Attr      Idx    E Section Name        Object

    0x08000000   0x00000130   Data   RO            3    RESET               startup_stm32f10x_hd.o
    0x08000130   0x00000000   Code   RO         5477  * .ARM.Collect$$$$00000000  mc_w.l(entry.o)
    0x08000130   0x00000004   Code   RO         5789    .ARM.Collect$$$$00000001  mc_w.l(entry2.o)
    0x08000134   0x00000004   Code   RO         5792    .ARM.Collect$$$$00000004  mc_w.l(entry5.o)
    0x08000138   0x00000000   Code   RO         5794    .ARM.Collect$$$$00000008  mc_w.l(entry7b.o)
    0x08000138   0x00000000   Code   RO         5796    .ARM.Collect$$$$0000000A  mc_w.l(entry8b.o)
    0x08000138   0x00000008   Code   RO         5797    .ARM.Collect$$$$0000000B  mc_w.l(entry9a.o)
    0x08000140   0x00000000   Code   RO         5799    .ARM.Collect$$$$0000000D  mc_w.l(entry10a.o)
    0x08000140   0x00000000   Code   RO         5801    .ARM.Collect$$$$0000000F  mc_w.l(entry11a.o)
    0x08000140   0x00000004   Code   RO         5790    .ARM.Collect$$$$00002712  mc_w.l(entry2.o)
    0x08000144   0x00000096   Code   RO         4372    .emb_text           port.o
    0x080001da   0x00000002   PAD
    0x080001dc   0x00000024   Code   RO            4    .text               startup_stm32f10x_hd.o
    0x08000200   0x00000024   Code   RO         5480    .text               mc_w.l(memcpya.o)
    0x08000224   0x00000024   Code   RO         5482    .text               mc_w.l(memseta.o)
    0x08000248   0x00000018   Code   RO         5484    .text               mc_w.l(strcat.o)
    0x08000260   0x00000024   Code   RO         5486    .text               mc_w.l(strstr.o)
    0x08000284   0x00000018   Code   RO         5488    .text               mc_w.l(strncpy.o)
    0x0800029c   0x0000000e   Code   RO         5490    .text               mc_w.l(strlen.o)
    0x080002aa   0x0000001c   Code   RO         5492    .text               mc_w.l(strcmp.o)
    0x080002c6   0x00000028   Code   RO         5494    .text               mc_w.l(strncat.o)
    0x080002ee   0x0000001e   Code   RO         5496    .text               mc_w.l(strncmp.o)
    0x0800030c   0x00000044   Code   RO         5498    .text               mc_w.l(strtok.o)
    0x08000350   0x00000064   Code   RO         5767    .text               mf_w.l(fmul.o)
    0x080003b4   0x0000007c   Code   RO         5769    .text               mf_w.l(fdiv.o)
    0x08000430   0x0000014e   Code   RO         5771    .text               mf_w.l(dadd.o)
    0x0800057e   0x000000e4   Code   RO         5773    .text               mf_w.l(dmul.o)
    0x08000662   0x00000012   Code   RO         5775    .text               mf_w.l(fflti.o)
    0x08000674   0x0000000a   Code   RO         5777    .text               mf_w.l(ffltui.o)
    0x0800067e   0x00000026   Code   RO         5781    .text               mf_w.l(f2d.o)
    0x080006a4   0x00000030   Code   RO         5783    .text               mf_w.l(cdrcmple.o)
    0x080006d4   0x00000038   Code   RO         5785    .text               mf_w.l(d2f.o)
    0x0800070c   0x00000014   Code   RO         5787    .text               mf_w.l(cfrcmple.o)
    0x08000720   0x0000002c   Code   RO         5806    .text               mc_w.l(uidiv.o)
    0x0800074c   0x00000062   Code   RO         5808    .text               mc_w.l(uldiv.o)
    0x080007ae   0x0000001e   Code   RO         5810    .text               mc_w.l(llshl.o)
    0x080007cc   0x00000020   Code   RO         5812    .text               mc_w.l(llushr.o)
    0x080007ec   0x00000024   Code   RO         5814    .text               mc_w.l(llsshr.o)
    0x08000810   0x00000000   Code   RO         5816    .text               mc_w.l(iusefp.o)
    0x08000810   0x0000006e   Code   RO         5817    .text               mf_w.l(fepilogue.o)
    0x0800087e   0x000000ba   Code   RO         5819    .text               mf_w.l(depilogue.o)
    0x08000938   0x000000de   Code   RO         5821    .text               mf_w.l(ddiv.o)
    0x08000a16   0x00000030   Code   RO         5823    .text               mf_w.l(dfixul.o)
    0x08000a46   0x00000002   PAD
    0x08000a48   0x00000024   Code   RO         5825    .text               mc_w.l(init.o)
    0x08000a6c   0x00000056   Code   RO         5837    .text               mc_w.l(__dczerorl2.o)
    0x08000ac2   0x00000016   Code   RO          139    i.ADC_Cmd           stm32f10x_adc.o
    0x08000ad8   0x0000005c   Code   RO          141    i.ADC_DeInit        stm32f10x_adc.o
    0x08000b34   0x00000014   Code   RO          147    i.ADC_GetCalibrationStatus  stm32f10x_adc.o
    0x08000b48   0x00000008   Code   RO          148    i.ADC_GetConversionValue  stm32f10x_adc.o
    0x08000b50   0x00000012   Code   RO          150    i.ADC_GetFlagStatus  stm32f10x_adc.o
    0x08000b62   0x00000014   Code   RO          153    i.ADC_GetResetCalibrationStatus  stm32f10x_adc.o
    0x08000b76   0x00000002   PAD
    0x08000b78   0x00000050   Code   RO          157    i.ADC_Init          stm32f10x_adc.o
    0x08000bc8   0x000000b8   Code   RO          161    i.ADC_RegularChannelConfig  stm32f10x_adc.o
    0x08000c80   0x0000000a   Code   RO          162    i.ADC_ResetCalibration  stm32f10x_adc.o
    0x08000c8a   0x00000016   Code   RO          164    i.ADC_SoftwareStartConvCmd  stm32f10x_adc.o
    0x08000ca0   0x0000000a   Code   RO          166    i.ADC_StartCalibration  stm32f10x_adc.o
    0x08000caa   0x00000002   PAD
    0x08000cac   0x0000008c   Code   RO         5317    i.Adc_Init          adc.o
    0x08000d38   0x00000004   Code   RO         3236    i.BusFault_Handler  stm32f10x_it.o
    0x08000d3c   0x0000001c   Code   RO         4566    i.ConfigureTimeForRunTimeStats  timer.o
    0x08000d58   0x00000020   Code   RO          798    i.DBGMCU_Config     stm32f10x_dbgmcu.o
    0x08000d78   0x00000002   Code   RO         3237    i.DebugMon_Handler  stm32f10x_it.o
    0x08000d7a   0x00000002   PAD
    0x08000d7c   0x00000168   Code   RO         5276    i.EXTI15_10_IRQHandler  key.o
    0x08000ee4   0x000000dc   Code   RO         5277    i.EXTI2_IRQHandler  key.o
    0x08000fc0   0x000000d0   Code   RO         5278    i.EXTI3_IRQHandler  key.o
    0x08001090   0x000000d0   Code   RO         5279    i.EXTI4_IRQHandler  key.o
    0x08001160   0x0000000c   Code   RO          895    i.EXTI_ClearITPendingBit  stm32f10x_exti.o
    0x0800116c   0x00000028   Code   RO          899    i.EXTI_GetITStatus  stm32f10x_exti.o
    0x08001194   0x00000094   Code   RO          900    i.EXTI_Init         stm32f10x_exti.o
    0x08001228   0x0000005c   Code   RO         4655    i.FreeRTOS_CLIGetParameter  freertos_cli.o
    0x08001284   0x000000e0   Code   RO         4656    i.FreeRTOS_CLIProcessCommand  freertos_cli.o
    0x08001364   0x00000034   Code   RO         4657    i.FreeRTOS_CLIRegisterCommand  freertos_cli.o
    0x08001398   0x00000040   Code   RO         1245    i.GPIO_EXTILineConfig  stm32f10x_gpio.o
    0x080013d8   0x00000116   Code   RO         1248    i.GPIO_Init         stm32f10x_gpio.o
    0x080014ee   0x00000002   PAD
    0x080014f0   0x00000090   Code   RO         1250    i.GPIO_PinRemapConfig  stm32f10x_gpio.o
    0x08001580   0x00000004   Code   RO         1255    i.GPIO_ResetBits    stm32f10x_gpio.o
    0x08001584   0x00000004   Code   RO         1256    i.GPIO_SetBits      stm32f10x_gpio.o
    0x08001588   0x00000034   Code   RO         5318    i.Get_Adc           adc.o
    0x080015bc   0x0000002e   Code   RO         5319    i.Get_Adc_Average   adc.o
    0x080015ea   0x00000004   Code   RO         3238    i.HardFault_Handler  stm32f10x_it.o
    0x080015ee   0x00000002   PAD
    0x080015f0   0x00000010   Code   RO         1560    i.IWDG_Enable       stm32f10x_iwdg.o
    0x08001600   0x00000010   Code   RO         1562    i.IWDG_ReloadCounter  stm32f10x_iwdg.o
    0x08001610   0x0000000c   Code   RO         1563    i.IWDG_SetPrescaler  stm32f10x_iwdg.o
    0x0800161c   0x0000000c   Code   RO         1564    i.IWDG_SetReload    stm32f10x_iwdg.o
    0x08001628   0x0000000c   Code   RO         1565    i.IWDG_WriteAccessCmd  stm32f10x_iwdg.o
    0x08001634   0x00000068   Code   RO         4959    i.LCD_Clear         st7789s.o
    0x0800169c   0x000000b0   Code   RO         4962    i.LCD_DrawLine      st7789s.o
    0x0800174c   0x00000068   Code   RO         4963    i.LCD_DrawPoint     st7789s.o
    0x080017b4   0x00000040   Code   RO         4964    i.LCD_DrawRectangle  st7789s.o
    0x080017f4   0x00000090   Code   RO         4965    i.LCD_Fill          st7789s.o
    0x08001884   0x00000050   Code   RO         4966    i.LCD_GPIO_Init     st7789s.o
    0x080018d4   0x00000630   Code   RO         4967    i.LCD_Init          st7789s.o
    0x08001f04   0x0000002c   Code   RO         4968    i.LCD_RESET         st7789s.o
    0x08001f30   0x000000a8   Code   RO         5131    i.LCD_SetCursor     st7789s.o
    0x08001fd8   0x000001c8   Code   RO         4971    i.LCD_ShowChar      st7789s.o
    0x080021a0   0x000004d0   Code   RO         4972    i.LCD_ShowChinese   st7789s.o
    0x08002670   0x000000dc   Code   RO         4973    i.LCD_ShowFontEN    st7789s.o
    0x0800274c   0x000001ec   Code   RO         4974    i.LCD_ShowFontHZ    st7789s.o
    0x08002938   0x00000064   Code   RO         4977    i.LCD_ShowPicture   st7789s.o
    0x0800299c   0x00000066   Code   RO         4978    i.LCD_ShowString    st7789s.o
    0x08002a02   0x00000002   PAD
    0x08002a04   0x0000002c   Code   RO         4979    i.LCD_WR_REG        st7789s.o
    0x08002a30   0x0000000a   Code   RO         4981    i.LCD_WriteRAM_Prepare  st7789s.o
    0x08002a3a   0x00000004   Code   RO         3239    i.MemManage_Handler  stm32f10x_it.o
    0x08002a3e   0x00000002   Code   RO         3240    i.NMI_Handler       stm32f10x_it.o
    0x08002a40   0x00000070   Code   RO           10    i.NVIC_Init         misc.o
    0x08002ab0   0x00000014   Code   RO           11    i.NVIC_PriorityGroupConfig  misc.o
    0x08002ac4   0x00000018   Code   RO         1662    i.RCC_ADCCLKConfig  stm32f10x_rcc.o
    0x08002adc   0x00000020   Code   RO         1664    i.RCC_APB1PeriphClockCmd  stm32f10x_rcc.o
    0x08002afc   0x00000020   Code   RO         1665    i.RCC_APB1PeriphResetCmd  stm32f10x_rcc.o
    0x08002b1c   0x00000020   Code   RO         1666    i.RCC_APB2PeriphClockCmd  stm32f10x_rcc.o
    0x08002b3c   0x00000020   Code   RO         1667    i.RCC_APB2PeriphResetCmd  stm32f10x_rcc.o
    0x08002b5c   0x00000014   Code   RO         1670    i.RCC_ClearFlag     stm32f10x_rcc.o
    0x08002b70   0x000000d4   Code   RO         1674    i.RCC_GetClocksFreq  stm32f10x_rcc.o
    0x08002c44   0x0000003c   Code   RO         1675    i.RCC_GetFlagStatus  stm32f10x_rcc.o
    0x08002c80   0x0000000c   Code   RO         1683    i.RCC_LSICmd        stm32f10x_rcc.o
    0x08002c8c   0x00000008   Code   RO         3294    i.SetSysClock       system_stm32f10x.o
    0x08002c94   0x000000e0   Code   RO         3295    i.SetSysClockTo72   system_stm32f10x.o
    0x08002d74   0x00000028   Code   RO           14    i.SysTick_CLKSourceConfig  misc.o
    0x08002d9c   0x00000010   Code   RO         4443    i.SysTick_Handler   delay.o
    0x08002dac   0x00000060   Code   RO         3297    i.SystemInit        system_stm32f10x.o
    0x08002e0c   0x00000034   Code   RO         4567    i.TIM3_IRQHandler   timer.o
    0x08002e40   0x00000060   Code   RO         4568    i.TIM3_Int_Init     timer.o
    0x08002ea0   0x00000006   Code   RO         2293    i.TIM_ClearITPendingBit  stm32f10x_tim.o
    0x08002ea6   0x00000018   Code   RO         2298    i.TIM_Cmd           stm32f10x_tim.o
    0x08002ebe   0x00000022   Code   RO         2319    i.TIM_GetITStatus   stm32f10x_tim.o
    0x08002ee0   0x00000012   Code   RO         2323    i.TIM_ITConfig      stm32f10x_tim.o
    0x08002ef2   0x00000002   PAD
    0x08002ef4   0x000000a4   Code   RO         2369    i.TIM_TimeBaseInit  stm32f10x_tim.o
    0x08002f98   0x0000014c   Code   RO         4515    i.USART1_IRQHandler  usart.o
    0x080030e4   0x00000094   Code   RO         4516    i.USART2_IRQHandler  usart.o
    0x08003178   0x000000f4   Code   RO         4517    i.USART3_IRQHandler  usart.o
    0x0800326c   0x00000012   Code   RO         2830    i.USART_ClearFlag   stm32f10x_usart.o
    0x0800327e   0x00000018   Code   RO         2834    i.USART_Cmd         stm32f10x_usart.o
    0x08003296   0x00000002   PAD
    0x08003298   0x0000009c   Code   RO         2836    i.USART_DeInit      stm32f10x_usart.o
    0x08003334   0x0000001a   Code   RO         2837    i.USART_GetFlagStatus  stm32f10x_usart.o
    0x0800334e   0x00000054   Code   RO         2838    i.USART_GetITStatus  stm32f10x_usart.o
    0x080033a2   0x0000004a   Code   RO         2840    i.USART_ITConfig    stm32f10x_usart.o
    0x080033ec   0x000000d8   Code   RO         2841    i.USART_Init        stm32f10x_usart.o
    0x080034c4   0x0000000a   Code   RO         2848    i.USART_ReceiveData  stm32f10x_usart.o
    0x080034ce   0x00000008   Code   RO         2851    i.USART_SendData    stm32f10x_usart.o
    0x080034d6   0x00000004   Code   RO         3241    i.UsageFault_Handler  stm32f10x_it.o
    0x080034da   0x00000002   PAD
    0x080034dc   0x00000300   Code   RO         5350    i._CMIOT_BLE_DataProcess  bluetooth.o
    0x080037dc   0x00000078   Code   RO         5351    i._CMIOT_BLE_EnterPassthroughMode  bluetooth.o
    0x08003854   0x00000074   Code   RO         5352    i._CMIOT_BLE_ExitPassthroughMode  bluetooth.o
    0x080038c8   0x00000068   Code   RO         5353    i._CMIOT_BLE_Init   bluetooth.o
    0x08003930   0x0000007c   Code   RO         5354    i._CMIOT_BLE_OffMaxPut  bluetooth.o
    0x080039ac   0x0000009c   Code   RO         5355    i._CMIOT_BLE_RSP_attachTime  bluetooth.o
    0x08003a48   0x0000016c   Code   RO         5356    i._CMIOT_BLE_RSP_comprehensiveTest  bluetooth.o
    0x08003bb4   0x00000220   Code   RO         5357    i._CMIOT_BLE_RSP_deviceInfo  bluetooth.o
    0x08003dd4   0x000000b4   Code   RO         5358    i._CMIOT_BLE_RSP_pingDelay  bluetooth.o
    0x08003e88   0x00000294   Code   RO         5359    i._CMIOT_BLE_RSP_radioInfo  bluetooth.o
    0x0800411c   0x000000f8   Code   RO         5360    i._CMIOT_BLE_Reboot  bluetooth.o
    0x08004214   0x000000bc   Code   RO         5361    i._CMIOT_BLE_SetName  bluetooth.o
    0x080042d0   0x0000007c   Code   RO         5362    i._CMIOT_BLE_SetPacketInterval  bluetooth.o
    0x0800434c   0x00000028   Code   RO         3064    i._CMIOT_BatteryChargeGpioInit  main.o
    0x08004374   0x00000008   Code   RO         3065    i._CMIOT_BatteryCheckInit  main.o
    0x0800437c   0x0000003c   Code   RO         3066    i._CMIOT_BleCmdProcessTaskProc  main.o
    0x080043b8   0x00000024   Code   RO         5363    i._CMIOT_BleReset   bluetooth.o
    0x080043dc   0x0000002c   Code   RO         5364    i._CMIOT_BleResetGpioInit  bluetooth.o
    0x08004408   0x00000078   Code   RO         5146    i._CMIOT_BluetoothMode  ui.o
    0x08004480   0x000000b0   Code   RO         3067    i._CMIOT_BluetoothTaskProc  main.o
    0x08004530   0x00000038   Code   RO         4702    i._CMIOT_CLI_Init   user_cli.o
    0x08004568   0x0000009c   Code   RO         3068    i._CMIOT_CliTaskProc  main.o
    0x08004604   0x00000050   Code   RO         4596    i._CMIOT_Debug      common.o
    0x08004654   0x000000d8   Code   RO         4797    i._CMIOT_ExecuteAtCmd  m5310.o
    0x0800472c   0x000000d8   Code   RO         5365    i._CMIOT_ExecuteBLEAtCmd  bluetooth.o
    0x08004804   0x000003b8   Code   RO         5148    i._CMIOT_GUI_Init   ui.o
    0x08004bbc   0x00000114   Code   RO         5366    i._CMIOT_GetBleConnectedState  bluetooth.o
    0x08004cd0   0x000000e4   Code   RO         4798    i._CMIOT_GetICCID   m5310.o
    0x08004db4   0x00000110   Code   RO         4799    i._CMIOT_GetIMEI    m5310.o
    0x08004ec4   0x000000ec   Code   RO         4800    i._CMIOT_GetIMSI    m5310.o
    0x08004fb0   0x000000fc   Code   RO         4801    i._CMIOT_GetModuleName  m5310.o
    0x080050ac   0x000000f4   Code   RO         4802    i._CMIOT_GetModuleVersion  m5310.o
    0x080051a0   0x0000011c   Code   RO         4803    i._CMIOT_GetNB_Band  m5310.o
    0x080052bc   0x00000128   Code   RO         4804    i._CMIOT_GetNetworkDelay  m5310.o
    0x080053e4   0x000000d0   Code   RO         4805    i._CMIOT_GetPLMN    m5310.o
    0x080054b4   0x000001ac   Code   RO         4806    i._CMIOT_GetUeCellStats  m5310.o
    0x08005660   0x0000035c   Code   RO         4807    i._CMIOT_GetUeTHPStats  m5310.o
    0x080059bc   0x000002f8   Code   RO         4808    i._CMIOT_Get_PSM_TIMER_Value  m5310.o
    0x08005cb4   0x00000074   Code   RO         3069    i._CMIOT_IWDG_Configuration  main.o
    0x08005d28   0x0000001c   Code   RO         3070    i._CMIOT_IWDG_ReloadCounter  main.o
    0x08005d44   0x000000a4   Code   RO         4809    i._CMIOT_IsPdpAttached  m5310.o
    0x08005de8   0x00000030   Code   RO         3071    i._CMIOT_LcdTaskProc  main.o
    0x08005e18   0x00000034   Code   RO         4810    i._CMIOT_M5310PowerGpioInit  m5310.o
    0x08005e4c   0x000000bc   Code   RO         3072    i._CMIOT_M5310TaskProc  main.o
    0x08005f08   0x00000078   Code   RO         5367    i._CMIOT_M5310Uartbuf2Ble  bluetooth.o
    0x08005f80   0x0000011c   Code   RO         4811    i._CMIOT_M5310_GetRegisterTime  m5310.o
    0x0800609c   0x000000d0   Code   RO         4812    i._CMIOT_M5310_GetSignalstrength  m5310.o
    0x0800616c   0x000003d8   Code   RO         4813    i._CMIOT_M5310_GetUeState  m5310.o
    0x08006544   0x00000030   Code   RO         4814    i._CMIOT_M5310_Init  m5310.o
    0x08006574   0x0000007c   Code   RO         5149    i._CMIOT_NBIOT_Measurement  ui.o
    0x080065f0   0x000000ac   Code   RO         4815    i._CMIOT_NbModule_Reboot  m5310.o
    0x0800669c   0x000000f0   Code   RO         4816    i._CMIOT_SetAutoConnect  m5310.o
    0x0800678c   0x000000bc   Code   RO         4817    i._CMIOT_SetMinFunctionalityState  m5310.o
    0x08006848   0x00000108   Code   RO         4818    i._CMIOT_SetScramblingState  m5310.o
    0x08006950   0x0000014c   Code   RO         5150    i._CMIOT_ShowBatteryLevel  ui.o
    0x08006a9c   0x000001c8   Code   RO         5151    i._CMIOT_ShowBatteryTips  ui.o
    0x08006c64   0x00000310   Code   RO         5152    i._CMIOT_ShowDeviceInfo  ui.o
    0x08006f74   0x000002a0   Code   RO         5153    i._CMIOT_ShowInstructionMsg  ui.o
    0x08007214   0x000004c4   Code   RO         5154    i._CMIOT_ShowNetworkRegTime  ui.o
    0x080076d8   0x000003ec   Code   RO         5155    i._CMIOT_ShowPingResult  ui.o
    0x08007ac4   0x00000540   Code   RO         5156    i._CMIOT_ShowRadioInfo  ui.o
    0x08008004   0x000004b0   Code   RO         5157    i._CMIOT_ShowSignalStrength  ui.o
    0x080084b4   0x000001d0   Code   RO         5158    i._CMIOT_ShowSpeedInfo  ui.o
    0x08008684   0x000000b4   Code   RO         3074    i._CMIOT_StartTaskProc  main.o
    0x08008738   0x00000050   Code   RO         4597    i._CMIOT_Str_EndWith  common.o
    0x08008788   0x00000038   Code   RO         4598    i._CMIOT_Str_StartWith  common.o
    0x080087c0   0x00000c68   Code   RO         5159    i._CMIOT_TabIndex   ui.o
    0x08009428   0x00000098   Code   RO         5160    i._CMIOT_UI_BootPage  ui.o
    0x080094c0   0x00000204   Code   RO         4518    i._CMIOT_Uart_Init  usart.o
    0x080096c4   0x00000040   Code   RO         4519    i._CMIOT_Uart_send  usart.o
    0x08009704   0x00000086   Code   RO         4599    i._CMIOT_atoi       common.o
    0x0800978a   0x00000002   PAD
    0x0800978c   0x00000028   Code   RO         5740    i.__0snprintf       mc_w.l(printfa.o)
    0x080097b4   0x00000028   Code   RO         5741    i.__0sprintf        mc_w.l(printfa.o)
    0x080097dc   0x00000024   Code   RO         5744    i.__0vsnprintf      mc_w.l(printfa.o)
    0x08009800   0x0000000e   Code   RO         5831    i.__scatterload_copy  mc_w.l(handlers.o)
    0x0800980e   0x00000002   Code   RO         5832    i.__scatterload_null  mc_w.l(handlers.o)
    0x08009810   0x0000000e   Code   RO         5833    i.__scatterload_zeroinit  mc_w.l(handlers.o)
    0x0800981e   0x00000002   PAD
    0x08009820   0x00000164   Code   RO         5746    i._fp_digits        mc_w.l(printfa.o)
    0x08009984   0x000006dc   Code   RO         5747    i._printf_core      mc_w.l(printfa.o)
    0x0800a060   0x00000024   Code   RO         5748    i._printf_post_padding  mc_w.l(printfa.o)
    0x0800a084   0x0000002e   Code   RO         5749    i._printf_pre_padding  mc_w.l(printfa.o)
    0x0800a0b2   0x00000016   Code   RO         5750    i._snputc           mc_w.l(printfa.o)
    0x0800a0c8   0x0000000a   Code   RO         5751    i._sputc            mc_w.l(printfa.o)
    0x0800a0d2   0x00000002   PAD
    0x0800a0d4   0x00000084   Code   RO         4819    i.cm_IsNbModuleAlive  m5310.o
    0x0800a158   0x0000011c   Code   RO         4820    i.cm_getAPN         m5310.o
    0x0800a274   0x00000040   Code   RO         5320    i.cm_getBatteryVol  adc.o
    0x0800a2b4   0x00000038   Code   RO         4600    i.cm_getbuildVersion  common.o
    0x0800a2ec   0x000001dc   Code   RO         5280    i.cm_key_init       key.o
    0x0800a4c8   0x0000006a   Code   RO         4601    i.cm_split          common.o
    0x0800a532   0x00000002   PAD
    0x0800a534   0x00000050   Code   RO         4444    i.delay_init        delay.o
    0x0800a584   0x00000022   Code   RO         4445    i.delay_ms          delay.o
    0x0800a5a6   0x00000002   PAD
    0x0800a5a8   0x00000048   Code   RO         4446    i.delay_us          delay.o
    0x0800a5f0   0x00000018   Code   RO         4447    i.delay_xms         delay.o
    0x0800a608   0x000001f0   Code   RO         3075    i.main              main.o
    0x0800a7f8   0x00000098   Code   RO         3855    i.prvAddCurrentTaskToDelayedList  tasks.o
    0x0800a890   0x000000b4   Code   RO         3856    i.prvAddNewTaskToReadyList  tasks.o
    0x0800a944   0x00000064   Code   RO         4193    i.prvCheckForValidListAndQueue  timers.o
    0x0800a9a8   0x00000048   Code   RO         3857    i.prvCheckTasksWaitingTermination  tasks.o
    0x0800a9f0   0x0000002a   Code   RO         3494    i.prvCopyDataFromQueue  queue.o
    0x0800aa1a   0x0000007c   Code   RO         3495    i.prvCopyDataToQueue  queue.o
    0x0800aa96   0x00000002   PAD
    0x0800aa98   0x000000b8   Code   RO         4703    i.prvDebugLevelCommand  user_cli.o
    0x0800ab50   0x00000012   Code   RO         3858    i.prvDeleteTCB      tasks.o
    0x0800ab62   0x00000002   PAD
    0x0800ab64   0x000000b8   Code   RO         4704    i.prvEnableBleDebugModeCommand  user_cli.o
    0x0800ac1c   0x000000b8   Code   RO         4705    i.prvEnableNbDebugModeCommand  user_cli.o
    0x0800acd4   0x000001ac   Code   RO         4706    i.prvGetHeapUsageCommand  user_cli.o
    0x0800ae80   0x00000028   Code   RO         4194    i.prvGetNextExpireTime  timers.o
    0x0800aea8   0x0000002e   Code   RO         4658    i.prvGetNumberOfParameters  freertos_cli.o
    0x0800aed6   0x00000002   PAD
    0x0800aed8   0x00000058   Code   RO         4707    i.prvGetSysTimeCommand  user_cli.o
    0x0800af30   0x0000003c   Code   RO         4708    i.prvGetVersionCommand  user_cli.o
    0x0800af6c   0x00000104   Code   RO         4709    i.prvGetWechatHistoryDataCommand  user_cli.o
    0x0800b070   0x00000098   Code   RO         4710    i.prvGetWechatHistoryListCommand  user_cli.o
    0x0800b108   0x0000007c   Code   RO         4323    i.prvHeapInit       heap_4.o
    0x0800b184   0x0000004c   Code   RO         4659    i.prvHelpCommand    freertos_cli.o
    0x0800b1d0   0x00000028   Code   RO         3859    i.prvIdleTask       tasks.o
    0x0800b1f8   0x0000002a   Code   RO         3498    i.prvInitialiseNewQueue  queue.o
    0x0800b222   0x00000092   Code   RO         3860    i.prvInitialiseNewTask  tasks.o
    0x0800b2b4   0x0000002e   Code   RO         4195    i.prvInitialiseNewTimer  timers.o
    0x0800b2e2   0x00000002   PAD
    0x0800b2e4   0x00000068   Code   RO         3861    i.prvInitialiseTaskLists  tasks.o
    0x0800b34c   0x00000068   Code   RO         4324    i.prvInsertBlockIntoFreeList  heap_4.o
    0x0800b3b4   0x00000058   Code   RO         4196    i.prvInsertTimerInActiveList  timers.o
    0x0800b40c   0x0000001a   Code   RO         3499    i.prvIsQueueEmpty   queue.o
    0x0800b426   0x0000001e   Code   RO         3500    i.prvIsQueueFull    queue.o
    0x0800b444   0x00000052   Code   RO         3501    i.prvNotifyQueueSetContainer  queue.o
    0x0800b496   0x00000002   PAD
    0x0800b498   0x0000004c   Code   RO         4197    i.prvProcessExpiredTimer  timers.o
    0x0800b4e4   0x000000cc   Code   RO         4198    i.prvProcessReceivedCommands  timers.o
    0x0800b5b0   0x00000074   Code   RO         4199    i.prvProcessTimerOrBlockTask  timers.o
    0x0800b624   0x00000034   Code   RO         3862    i.prvResetNextTaskUnblockTime  tasks.o
    0x0800b658   0x0000002c   Code   RO         4200    i.prvSampleTimeNow  timers.o
    0x0800b684   0x00000048   Code   RO         4711    i.prvSendAt2BleModuleCommand  user_cli.o
    0x0800b6cc   0x00000048   Code   RO         4712    i.prvSendAt2NbModuleCommand  user_cli.o
    0x0800b714   0x000000b8   Code   RO         4713    i.prvSetBleWechatFlagCommand  user_cli.o
    0x0800b7cc   0x000000b8   Code   RO         4714    i.prvSetPowerEnableCommand  user_cli.o
    0x0800b884   0x00000084   Code   RO         4201    i.prvSwitchTimerLists  timers.o
    0x0800b908   0x00000016   Code   RO         3863    i.prvTaskCheckFreeStackSpace  tasks.o
    0x0800b91e   0x00000016   Code   RO         4373    i.prvTaskExitError  port.o
    0x0800b934   0x0000001a   Code   RO         4202    i.prvTimerTask      timers.o
    0x0800b94e   0x00000092   Code   RO         3502    i.prvUnlockQueue    queue.o
    0x0800b9e0   0x000000d0   Code   RO         4325    i.pvPortMalloc      heap_4.o
    0x0800bab0   0x00000024   Code   RO         4374    i.pxPortInitialiseStack  port.o
    0x0800bad4   0x00000074   Code   RO         3866    i.ulTaskNotifyTake  tasks.o
    0x0800bb48   0x00000028   Code   RO         3454    i.uxListRemove      list.o
    0x0800bb70   0x00000028   Code   RO         3868    i.uxTaskGetStackHighWaterMark  tasks.o
    0x0800bb98   0x0000001a   Code   RO         3455    i.vListInitialise   list.o
    0x0800bbb2   0x00000006   Code   RO         3456    i.vListInitialiseItem  list.o
    0x0800bbb8   0x00000034   Code   RO         3457    i.vListInsert       list.o
    0x0800bbec   0x00000018   Code   RO         3458    i.vListInsertEnd    list.o
    0x0800bc04   0x00000024   Code   RO         4376    i.vPortEnterCritical  port.o
    0x0800bc28   0x00000020   Code   RO         4377    i.vPortExitCritical  port.o
    0x0800bc48   0x00000048   Code   RO         4326    i.vPortFree         heap_4.o
    0x0800bc90   0x00000018   Code   RO         4378    i.vPortSetupTimerInterrupt  port.o
    0x0800bca8   0x0000002c   Code   RO         3506    i.vQueueAddToRegistry  queue.o
    0x0800bcd4   0x0000004a   Code   RO         3509    i.vQueueWaitForMessageRestricted  queue.o
    0x0800bd1e   0x00000002   PAD
    0x0800bd20   0x00000034   Code   RO         3872    i.vTaskDelay        tasks.o
    0x0800bd54   0x000000cc   Code   RO         3874    i.vTaskDelete       tasks.o
    0x0800be20   0x00000018   Code   RO         3876    i.vTaskInternalSetTimeOutState  tasks.o
    0x0800be38   0x0000000c   Code   RO         3877    i.vTaskMissedYield  tasks.o
    0x0800be44   0x000000b4   Code   RO         3878    i.vTaskNotifyGiveFromISR  tasks.o
    0x0800bef8   0x00000020   Code   RO         3879    i.vTaskPlaceOnEventList  tasks.o
    0x0800bf18   0x00000028   Code   RO         3880    i.vTaskPlaceOnEventListRestricted  tasks.o
    0x0800bf40   0x00000074   Code   RO         3887    i.vTaskStartScheduler  tasks.o
    0x0800bfb4   0x00000010   Code   RO         3889    i.vTaskSuspendAll   tasks.o
    0x0800bfc4   0x000000a4   Code   RO         3890    i.vTaskSwitchContext  tasks.o
    0x0800c068   0x0000000c   Code   RO         4328    i.xPortGetFreeHeapSize  heap_4.o
    0x0800c074   0x00000034   Code   RO         4379    i.xPortStartScheduler  port.o
    0x0800c0a8   0x00000034   Code   RO         4380    i.xPortSysTickHandler  port.o
    0x0800c0dc   0x00000038   Code   RO         3514    i.xQueueGenericCreate  queue.o
    0x0800c114   0x00000080   Code   RO         3515    i.xQueueGenericReset  queue.o
    0x0800c194   0x00000138   Code   RO         3516    i.xQueueGenericSend  queue.o
    0x0800c2cc   0x0000009c   Code   RO         3517    i.xQueueGenericSendFromISR  queue.o
    0x0800c368   0x00000104   Code   RO         3524    i.xQueueReceive     queue.o
    0x0800c46c   0x0000005c   Code   RO         3891    i.xTaskCheckForTimeOut  tasks.o
    0x0800c4c8   0x00000060   Code   RO         3892    i.xTaskCreate       tasks.o
    0x0800c528   0x00000020   Code   RO         3896    i.xTaskGetSchedulerState  tasks.o
    0x0800c548   0x0000000c   Code   RO         3897    i.xTaskGetTickCount  tasks.o
    0x0800c554   0x0000000c   Code   RO         3898    i.xTaskGetTickCountFromISR  tasks.o
    0x0800c560   0x0000011c   Code   RO         3899    i.xTaskIncrementTick  tasks.o
    0x0800c67c   0x00000084   Code   RO         3902    i.xTaskPriorityDisinherit  tasks.o
    0x0800c700   0x00000080   Code   RO         3904    i.xTaskRemoveFromEventList  tasks.o
    0x0800c780   0x000000e8   Code   RO         3905    i.xTaskResumeAll    tasks.o
    0x0800c868   0x00000030   Code   RO         4205    i.xTimerCreate      timers.o
    0x0800c898   0x0000003c   Code   RO         4206    i.xTimerCreateTimerTask  timers.o
    0x0800c8d4   0x0000006c   Code   RO         4207    i.xTimerGenericCommand  timers.o
    0x0800c940   0x000000a5   Data   RO         3077    .constdata          main.o
    0x0800c9e5   0x00000012   Data   RO         4520    .constdata          usart.o
    0x0800c9f7   0x00000001   PAD
    0x0800c9f8   0x00000010   Data   RO         4661    .constdata          freertos_cli.o
    0x0800ca08   0x00000010   Data   RO         4715    .constdata          user_cli.o
    0x0800ca18   0x0000057c   Data   RO         4822    .constdata          m5310.o
    0x0800cf94   0x00005b21   Data   RO         4984    .constdata          st7789s.o
    0x08012ab5   0x0001346e   Data   RO         5162    .constdata          ui.o
    0x08025f23   0x00000048   Data   RO         5281    .constdata          key.o
    0x08025f6b   0x00000001   PAD
    0x08025f6c   0x000002b2   Data   RO         5369    .constdata          bluetooth.o
    0x0802621e   0x00000002   PAD
    0x08026220   0x000000dd   Data   RO         4662    .conststring        freertos_cli.o
    0x080262fd   0x00000003   PAD
    0x08026300   0x0000032e   Data   RO         4716    .conststring        user_cli.o
    0x0802662e   0x00000002   PAD
    0x08026630   0x00000053   Data   RO         4823    .conststring        m5310.o
    0x08026683   0x00000001   PAD
    0x08026684   0x00000020   Data   RO         5829    Region$$Table       anon$$obj.o


    Execution Region RW_IRAM1 (Base: 0x20000000, Size: 0x000066c0, Max: 0x0000c000, ABSOLUTE, COMPRESSED[0x000006d8])

    Base Addr    Size         Type   Attr      Idx    E Section Name        Object

    0x20000000   0x00000014   Data   RW         1694    .data               stm32f10x_rcc.o
    0x20000014   0x00000026   Data   RW         3078    .data               main.o
    0x2000003a   0x00000002   PAD
    0x2000003c   0x00000014   Data   RW         3298    .data               system_stm32f10x.o
    0x20000050   0x00000044   Data   RW         3908    .data               tasks.o
    0x20000094   0x00000014   Data   RW         4215    .data               timers.o
    0x200000a8   0x00000018   Data   RW         4331    .data               heap_4.o
    0x200000c0   0x00000004   Data   RW         4381    .data               port.o
    0x200000c4   0x00000001   Data   RW         4448    .data               delay.o
    0x200000c5   0x00000003   Data   RW         4521    .data               usart.o
    0x200000c8   0x00000008   Data   RW         4569    .data               timer.o
    0x200000d0   0x00000001   Data   RW         4602    .data               common.o
    0x200000d1   0x00000003   PAD
    0x200000d4   0x00000014   Data   RW         4663    .data               freertos_cli.o
    0x200000e8   0x000000c0   Data   RW         4717    .data               user_cli.o
    0x200001a8   0x00000004   Data   RW         4824    .data               m5310.o
    0x200001ac   0x000007ae   Data   RW         4985    .data               st7789s.o
    0x2000095a   0x00000002   PAD
    0x2000095c   0x0000000c   Data   RW         5370    .data               bluetooth.o
    0x20000968   0x00000004   Data   RW         5499    .data               mc_w.l(strtok.o)
    0x2000096c   0x00000164   Zero   RW         3076    .bss                main.o
    0x20000ad0   0x00000040   Zero   RW         3531    .bss                queue.o
    0x20000b10   0x000000c8   Zero   RW         3907    .bss                tasks.o
    0x20000bd8   0x00000028   Zero   RW         4214    .bss                timers.o
    0x20000c00   0x00005000   Zero   RW         4330    .bss                heap_4.o
    0x20005c00   0x00000200   Zero   RW         4821    .bss                m5310.o
    0x20005e00   0x00000080   Zero   RW         5161    .bss                ui.o
    0x20005e80   0x00000440   Zero   RW         5368    .bss                bluetooth.o
    0x200062c0   0x00000400   Zero   RW            1    STACK               startup_stm32f10x_hd.o


==============================================================================

Image component sizes


      Code (inc. data)   RO Data    RW Data    ZI Data      Debug   Object Name

       302         22          0          0          0       2022   adc.o
      4388       1928        690         12       1088      13607   bluetooth.o
       512         48          0          1          0       4702   common.o
         0          0          0          0          0        488   croutine.o
       226         16          0          1          0       2509   delay.o
         0          0          0          0          0       9148   event_groups.o
       490         32        237         20          0       5350   freertos_cli.o
       520         68          0         24      20480       3958   heap_4.o
      1472        422         72          0          0       2974   key.o
       148          0          0          0          0       2742   list.o
      7304       2642       1487          4        512      22899   m5310.o
      1496        642        165         38        356      21131   main.o
       172         22          0          0          0     265341   misc.o
       404         48          0          4          0       8620   port.o
      1522         20          0          0         64      13606   queue.o
      5124        170      23329       1966          0      16711   st7789s.o
        36          8        304          0       1024        800   startup_stm32f10x_hd.o
       486         24          0          0          0       7698   stm32f10x_adc.o
        32          6          0          0          0        492   stm32f10x_dbgmcu.o
       200         18          0          0          0       1820   stm32f10x_exti.o
       494         10          0          0          0       4064   stm32f10x_gpio.o
        20          0          0          0          0       2309   stm32f10x_it.o
        68         30          0          0          0       2134   stm32f10x_iwdg.o
       456         66          0         20          0       7008   stm32f10x_rcc.o
       246         42          0          0          0       3138   stm32f10x_tim.o
       616         28          0          0          0       6590   stm32f10x_usart.o
       328         28          0         20          0       1945   system_stm32f10x.o
      2802        438          0         68        200      28625   tasks.o
       176         22          0          8          0       1672   timer.o
      1088        112          0         20         40       9082   timers.o
     12000       2066      78958          0        128      12290   ui.o
      1304        222         18          3          0       4771   usart.o
      2108        862        830        192          0      11500   user_cli.o

    ----------------------------------------------------------------------
     46578      10062     106132       2408      23892     501746   Object Totals
         0          0         32          0          0          0   (incl. Generated)
        38          0         10          7          0          0   (incl. Padding)

    ----------------------------------------------------------------------

      Code (inc. data)   RO Data    RW Data    ZI Data      Debug   Library Member Name

        86          0          0          0          0          0   __dczerorl2.o
         0          0          0          0          0          0   entry.o
         0          0          0          0          0          0   entry10a.o
         0          0          0          0          0          0   entry11a.o
         8          4          0          0          0          0   entry2.o
         4          0          0          0          0          0   entry5.o
         0          0          0          0          0          0   entry7b.o
         0          0          0          0          0          0   entry8b.o
         8          4          0          0          0          0   entry9a.o
        30          0          0          0          0          0   handlers.o
        36          8          0          0          0         68   init.o
         0          0          0          0          0          0   iusefp.o
        30          0          0          0          0         68   llshl.o
        36          0          0          0          0         68   llsshr.o
        32          0          0          0          0         68   llushr.o
        36          0          0          0          0         68   memcpya.o
        36          0          0          0          0        108   memseta.o
      2342         94          0          0          0        744   printfa.o
        24          0          0          0          0         68   strcat.o
        28          0          0          0          0         76   strcmp.o
        14          0          0          0          0         68   strlen.o
        40          0          0          0          0         76   strncat.o
        30          0          0          0          0         80   strncmp.o
        24          0          0          0          0         76   strncpy.o
        36          0          0          0          0         80   strstr.o
        68          6          0          4          0         80   strtok.o
        44          0          0          0          0         80   uidiv.o
        98          0          0          0          0         92   uldiv.o
        48          0          0          0          0         68   cdrcmple.o
        20          0          0          0          0         68   cfrcmple.o
        56          0          0          0          0         88   d2f.o
       334          0          0          0          0        148   dadd.o
       222          0          0          0          0        100   ddiv.o
       186          0          0          0          0        176   depilogue.o
        48          0          0          0          0         68   dfixul.o
       228          0          0          0          0         96   dmul.o
        38          0          0          0          0         68   f2d.o
       124          0          0          0          0         88   fdiv.o
       110          0          0          0          0        168   fepilogue.o
        18          0          0          0          0         68   fflti.o
        10          0          0          0          0         68   ffltui.o
       100          0          0          0          0         76   fmul.o

    ----------------------------------------------------------------------
      4638        116          0          4          0       3316   Library Totals
         6          0          0          0          0          0   (incl. Padding)

    ----------------------------------------------------------------------

      Code (inc. data)   RO Data    RW Data    ZI Data      Debug   Library Name

      3090        116          0          4          0       1968   mc_w.l
      1542          0          0          0          0       1348   mf_w.l

    ----------------------------------------------------------------------
      4638        116          0          4          0       3316   Library Totals

    ----------------------------------------------------------------------

==============================================================================


      Code (inc. data)   RO Data    RW Data    ZI Data      Debug   

     51216      10178     106132       2412      23892     489850   Grand Totals
     51216      10178     106132       1752      23892     489850   ELF Image Totals (compressed)
     51216      10178     106132       1752          0          0   ROM Totals

==============================================================================

    Total RO  Size (Code + RO Data)               157348 ( 153.66kB)
    Total RW  Size (RW Data + ZI Data)             26304 (  25.69kB)
    Total ROM Size (Code + RO Data + RW Data)     159100 ( 155.37kB)

==============================================================================

