Component: ARM Compiler 5.05 update 1 (build 106) Tool: armlink [4d0efa]

==============================================================================

Section Cross References

    startup_stm32f10x_hd.o(RESET) refers to startup_stm32f10x_hd.o(STACK) for __initial_sp
    startup_stm32f10x_hd.o(RESET) refers to startup_stm32f10x_hd.o(.text) for Reset_Handler
    startup_stm32f10x_hd.o(RESET) refers to stm32f10x_it.o(i.NMI_Handler) for NMI_Handler
    startup_stm32f10x_hd.o(RESET) refers to stm32f10x_it.o(i.HardFault_Handler) for HardFault_Handler
    startup_stm32f10x_hd.o(RESET) refers to stm32f10x_it.o(i.MemManage_Handler) for MemManage_Handler
    startup_stm32f10x_hd.o(RESET) refers to stm32f10x_it.o(i.BusFault_Handler) for BusFault_Handler
    startup_stm32f10x_hd.o(RESET) refers to stm32f10x_it.o(i.UsageFault_Handler) for UsageFault_Handler
    startup_stm32f10x_hd.o(RESET) refers to port.o(.emb_text) for SVC_Handler
    startup_stm32f10x_hd.o(RESET) refers to stm32f10x_it.o(i.DebugMon_Handler) for DebugMon_Handler
    startup_stm32f10x_hd.o(RESET) refers to delay.o(i.SysTick_Handler) for SysTick_Handler
    startup_stm32f10x_hd.o(RESET) refers to key.o(i.EXTI9_5_IRQHandler) for EXTI9_5_IRQHandler
    startup_stm32f10x_hd.o(RESET) refers to timer.o(i.TIM3_IRQHandler) for TIM3_IRQHandler
    startup_stm32f10x_hd.o(RESET) refers to usart.o(i.USART1_IRQHandler) for USART1_IRQHandler
    startup_stm32f10x_hd.o(RESET) refers to usart.o(i.USART2_IRQHandler) for USART2_IRQHandler
    startup_stm32f10x_hd.o(RESET) refers to usart.o(i.USART3_IRQHandler) for USART3_IRQHandler
    startup_stm32f10x_hd.o(.text) refers to system_stm32f10x.o(i.SystemInit) for SystemInit
    startup_stm32f10x_hd.o(.text) refers to entry.o(.ARM.Collect$$$$00000000) for __main
    stm32f10x_adc.o(i.ADC_DeInit) refers to stm32f10x_rcc.o(i.RCC_APB2PeriphResetCmd) for RCC_APB2PeriphResetCmd
    stm32f10x_bkp.o(i.BKP_DeInit) refers to stm32f10x_rcc.o(i.RCC_BackupResetCmd) for RCC_BackupResetCmd
    stm32f10x_can.o(i.CAN_DeInit) refers to stm32f10x_rcc.o(i.RCC_APB1PeriphResetCmd) for RCC_APB1PeriphResetCmd
    stm32f10x_can.o(i.CAN_GetITStatus) refers to stm32f10x_can.o(i.CheckITStatus) for CheckITStatus
    stm32f10x_cec.o(i.CEC_DeInit) refers to stm32f10x_rcc.o(i.RCC_APB1PeriphResetCmd) for RCC_APB1PeriphResetCmd
    stm32f10x_dac.o(i.DAC_DeInit) refers to stm32f10x_rcc.o(i.RCC_APB1PeriphResetCmd) for RCC_APB1PeriphResetCmd
    stm32f10x_flash.o(i.FLASH_EnableWriteProtection) refers to stm32f10x_flash.o(i.FLASH_WaitForLastOperation) for FLASH_WaitForLastOperation
    stm32f10x_flash.o(i.FLASH_EraseAllBank1Pages) refers to stm32f10x_flash.o(i.FLASH_WaitForLastBank1Operation) for FLASH_WaitForLastBank1Operation
    stm32f10x_flash.o(i.FLASH_EraseAllPages) refers to stm32f10x_flash.o(i.FLASH_WaitForLastOperation) for FLASH_WaitForLastOperation
    stm32f10x_flash.o(i.FLASH_EraseOptionBytes) refers to stm32f10x_flash.o(i.FLASH_GetReadOutProtectionStatus) for FLASH_GetReadOutProtectionStatus
    stm32f10x_flash.o(i.FLASH_EraseOptionBytes) refers to stm32f10x_flash.o(i.FLASH_WaitForLastOperation) for FLASH_WaitForLastOperation
    stm32f10x_flash.o(i.FLASH_ErasePage) refers to stm32f10x_flash.o(i.FLASH_WaitForLastOperation) for FLASH_WaitForLastOperation
    stm32f10x_flash.o(i.FLASH_ProgramHalfWord) refers to stm32f10x_flash.o(i.FLASH_WaitForLastOperation) for FLASH_WaitForLastOperation
    stm32f10x_flash.o(i.FLASH_ProgramOptionByteData) refers to stm32f10x_flash.o(i.FLASH_WaitForLastOperation) for FLASH_WaitForLastOperation
    stm32f10x_flash.o(i.FLASH_ProgramWord) refers to stm32f10x_flash.o(i.FLASH_WaitForLastOperation) for FLASH_WaitForLastOperation
    stm32f10x_flash.o(i.FLASH_ReadOutProtection) refers to stm32f10x_flash.o(i.FLASH_WaitForLastOperation) for FLASH_WaitForLastOperation
    stm32f10x_flash.o(i.FLASH_UserOptionByteConfig) refers to stm32f10x_flash.o(i.FLASH_WaitForLastOperation) for FLASH_WaitForLastOperation
    stm32f10x_flash.o(i.FLASH_WaitForLastBank1Operation) refers to stm32f10x_flash.o(i.FLASH_GetBank1Status) for FLASH_GetBank1Status
    stm32f10x_flash.o(i.FLASH_WaitForLastOperation) refers to stm32f10x_flash.o(i.FLASH_GetBank1Status) for FLASH_GetBank1Status
    stm32f10x_gpio.o(i.GPIO_AFIODeInit) refers to stm32f10x_rcc.o(i.RCC_APB2PeriphResetCmd) for RCC_APB2PeriphResetCmd
    stm32f10x_gpio.o(i.GPIO_DeInit) refers to stm32f10x_rcc.o(i.RCC_APB2PeriphResetCmd) for RCC_APB2PeriphResetCmd
    stm32f10x_i2c.o(i.I2C_DeInit) refers to stm32f10x_rcc.o(i.RCC_APB1PeriphResetCmd) for RCC_APB1PeriphResetCmd
    stm32f10x_i2c.o(i.I2C_Init) refers to stm32f10x_rcc.o(i.RCC_GetClocksFreq) for RCC_GetClocksFreq
    stm32f10x_pwr.o(i.PWR_DeInit) refers to stm32f10x_rcc.o(i.RCC_APB1PeriphResetCmd) for RCC_APB1PeriphResetCmd
    stm32f10x_rcc.o(i.RCC_GetClocksFreq) refers to stm32f10x_rcc.o(.data) for APBAHBPrescTable
[...]
    i.TIM3_Int_Init                          0x080026ec   Section        0  timer.o(i.TIM3_Int_Init)
    i.TIM_ClearITPendingBit                  0x0800274c   Section        0  stm32f10x_tim.o(i.TIM_ClearITPendingBit)
    i.TIM_Cmd                                0x08002752   Section        0  stm32f10x_tim.o(i.TIM_Cmd)
    i.TIM_GetITStatus                        0x0800276a   Section        0  stm32f10x_tim.o(i.TIM_GetITStatus)
    i.TIM_ITConfig                           0x0800278c   Section        0  stm32f10x_tim.o(i.TIM_ITConfig)
    i.TIM_TimeBaseInit                       0x080027a0   Section        0  stm32f10x_tim.o(i.TIM_TimeBaseInit)
    i.USART1_IRQHandler                      0x08002844   Section        0  usart.o(i.USART1_IRQHandler)
    i.USART2_IRQHandler                      0x08002848   Section        0  usart.o(i.USART2_IRQHandler)
    i.USART3_IRQHandler                      0x080028dc   Section        0  usart.o(i.USART3_IRQHandler)
    i.USART_ClearFlag                        0x0800291c   Section        0  stm32f10x_usart.o(i.USART_ClearFlag)
    i.USART_Cmd                              0x0800292e   Section        0  stm32f10x_usart.o(i.USART_Cmd)
    i.USART_DeInit                           0x08002948   Section        0  stm32f10x_usart.o(i.USART_DeInit)
    i.USART_GetFlagStatus                    0x080029e4   Section        0  stm32f10x_usart.o(i.USART_GetFlagStatus)
    i.USART_GetITStatus                      0x080029fe   Section        0  stm32f10x_usart.o(i.USART_GetITStatus)
    i.USART_ITConfig                         0x08002a52   Section        0  stm32f10x_usart.o(i.USART_ITConfig)
    i.USART_Init                             0x08002a9c   Section        0  stm32f10x_usart.o(i.USART_Init)
    i.USART_ReceiveData                      0x08002b74   Section        0  stm32f10x_usart.o(i.USART_ReceiveData)
    i.USART_SendData                         0x08002b7e   Section        0  stm32f10x_usart.o(i.USART_SendData)
    i.UsageFault_Handler                     0x08002b86   Section        0  stm32f10x_it.o(i.UsageFault_Handler)
    i._CMIOT_CLI_Init                        0x08002b8c   Section        0  user_cli.o(i._CMIOT_CLI_Init)
    i._CMIOT_CliTaskProc                     0x08002bac   Section        0  main.o(i._CMIOT_CliTaskProc)
    i._CMIOT_Debug                           0x08002c34   Section        0  common.o(i._CMIOT_Debug)
    i._CMIOT_ExecuteAtCmd                    0x08002c80   Section        0  m5310.o(i._CMIOT_ExecuteAtCmd)
    i._CMIOT_GUI_Init                        0x08002d58   Section        0  ui.o(i._CMIOT_GUI_Init)
    i._CMIOT_GetICCID                        0x08002ea4   Section        0  m5310.o(i._CMIOT_GetICCID)
    i._CMIOT_GetIMEI                         0x08002f64   Section        0  m5310.o(i._CMIOT_GetIMEI)
    i._CMIOT_GetIMSI                         0x08003020   Section        0  m5310.o(i._CMIOT_GetIMSI)
    i._CMIOT_GetModuleName                   0x080030dc   Section        0  m5310.o(i._CMIOT_GetModuleName)
    i._CMIOT_GetModuleVersion                0x08003198   Section        0  m5310.o(i._CMIOT_GetModuleVersion)
    i._CMIOT_GetNB_Band                      0x08003250   Section        0  m5310.o(i._CMIOT_GetNB_Band)
    i._CMIOT_GetPLMN                         0x08003354   Section        0  m5310.o(i._CMIOT_GetPLMN)
    i._CMIOT_Get_PSM_TIMER_Value             0x08003410   Section        0  m5310.o(i._CMIOT_Get_PSM_TIMER_Value)
    i._CMIOT_LcdTaskProc                     0x080036f4   Section        0  main.o(i._CMIOT_LcdTaskProc)
    i._CMIOT_M5310TaskProc                   0x0800370c   Section        0  main.o(i._CMIOT_M5310TaskProc)
    i._CMIOT_M5310_GetRegisterTime           0x080037c4   Section        0  m5310.o(i._CMIOT_M5310_GetRegisterTime)
    i._CMIOT_M5310_GetSignalstrength         0x080038e0   Section        0  m5310.o(i._CMIOT_M5310_GetSignalstrength)
    i._CMIOT_M5310_GetUeState                0x080039b8   Section        0  m5310.o(i._CMIOT_M5310_GetUeState)
    i._CMIOT_NBIOT_Measurement               0x08003d90   Section        0  ui.o(i._CMIOT_NBIOT_Measurement)
    i._CMIOT_ShowDeviceInfo                  0x08003db4   Section        0  ui.o(i._CMIOT_ShowDeviceInfo)
    i._CMIOT_ShowNetworkRegTime              0x08003f14   Section        0  ui.o(i._CMIOT_ShowNetworkRegTime)
    i._CMIOT_ShowRadioInfo                   0x08004320   Section        0  ui.o(i._CMIOT_ShowRadioInfo)
    i._CMIOT_StartTaskProc                   0x080045c8   Section        0  main.o(i._CMIOT_StartTaskProc)
    i._CMIOT_TabIndex                        0x08004634   Section        0  ui.o(i._CMIOT_TabIndex)
    i._CMIOT_UI_BootPage                     0x080048ac   Section        0  ui.o(i._CMIOT_UI_BootPage)
    i._CMIOT_Uart_Init                       0x08004948   Section        0  usart.o(i._CMIOT_Uart_Init)
    i._CMIOT_Uart_send                       0x08004b48   Section        0  usart.o(i._CMIOT_Uart_send)
    i._CMIOT_atoi                            0x08004b88   Section        0  common.o(i._CMIOT_atoi)
    i.__0sprintf                             0x08004c10   Section        0  printfa.o(i.__0sprintf)
    i.__0vsnprintf                           0x08004c38   Section        0  printfa.o(i.__0vsnprintf)
    i.__scatterload_copy                     0x08004c5c   Section       14  handlers.o(i.__scatterload_copy)
    i.__scatterload_null                     0x08004c6a   Section        2  handlers.o(i.__scatterload_null)
    i.__scatterload_zeroinit                 0x08004c6c   Section       14  handlers.o(i.__scatterload_zeroinit)
    i._fp_digits                             0x08004c7c   Section        0  printfa.o(i._fp_digits)
    _fp_digits                               0x08004c7d   Thumb Code   334  printfa.o(i._fp_digits)
    i._printf_core                           0x08004de0   Section        0  printfa.o(i._printf_core)
    _printf_core                             0x08004de1   Thumb Code  1744  printfa.o(i._printf_core)
    i._printf_post_padding                   0x080054bc   Section        0  printfa.o(i._printf_post_padding)
    _printf_post_padding                     0x080054bd   Thumb Code    36  printfa.o(i._printf_post_padding)
    i._printf_pre_padding                    0x080054e0   Section        0  printfa.o(i._printf_pre_padding)
    _printf_pre_padding                      0x080054e1   Thumb Code    46  printfa.o(i._printf_pre_padding)
    i._snputc                                0x0800550e   Section        0  printfa.o(i._snputc)
    _snputc                                  0x0800550f   Thumb Code    22  printfa.o(i._snputc)
    i._sputc                                 0x08005524   Section        0  printfa.o(i._sputc)
    _sputc                                   0x08005525   Thumb Code    10  printfa.o(i._sputc)
    i.cm_key_init                            0x08005530   Section        0  key.o(i.cm_key_init)
    i.delay_init                             0x0800559c   Section        0  delay.o(i.delay_init)
    i.delay_ms                               0x080055ec   Section        0  delay.o(i.delay_ms)
    i.delay_us                               0x08005610   Section        0  delay.o(i.delay_us)
    i.main                                   0x08005658   Section        0  main.o(i.main)
    i.prvAddCurrentTaskToDelayedList         0x080056f0   Section        0  tasks.o(i.prvAddCurrentTaskToDelayedList)
    prvAddCurrentTaskToDelayedList           0x080056f1   Thumb Code   124  tasks.o(i.prvAddCurrentTaskToDelayedList)
    i.prvAddNewTaskToReadyList               0x08005788   Section        0  tasks.o(i.prvAddNewTaskToReadyList)
    prvAddNewTaskToReadyList                 0x08005789   Thumb Code   156  tasks.o(i.prvAddNewTaskToReadyList)
    i.prvCheckForValidListAndQueue           0x08005840   Section        0  timers.o(i.prvCheckForValidListAndQueue)
    prvCheckForValidListAndQueue             0x08005841   Thumb Code    72  timers.o(i.prvCheckForValidListAndQueue)
    i.prvCheckTasksWaitingTermination        0x080058a4   Section        0  tasks.o(i.prvCheckTasksWaitingTermination)
    prvCheckTasksWaitingTermination          0x080058a5   Thumb Code    60  tasks.o(i.prvCheckTasksWaitingTermination)
    i.prvCopyDataFromQueue                   0x080058ec   Section        0  queue.o(i.prvCopyDataFromQueue)
    prvCopyDataFromQueue                     0x080058ed   Thumb Code    42  queue.o(i.prvCopyDataFromQueue)
    i.prvCopyDataToQueue                     0x08005916   Section        0  queue.o(i.prvCopyDataToQueue)
    prvCopyDataToQueue                       0x08005917   Thumb Code   124  queue.o(i.prvCopyDataToQueue)
    i.prvDebugLevelCommand                   0x08005994   Section        0  user_cli.o(i.prvDebugLevelCommand)
    i.prvDeleteTCB                           0x08005a20   Section        0  tasks.o(i.prvDeleteTCB)
    prvDeleteTCB                             0x08005a21   Thumb Code    18  tasks.o(i.prvDeleteTCB)
    i.prvGetHeapUsageCommand                 0x08005a34   Section        0  user_cli.o(i.prvGetHeapUsageCommand)
    i.prvGetNextExpireTime                   0x08005b7c   Section        0  timers.o(i.prvGetNextExpireTime)
    prvGetNextExpireTime                     0x08005b7d   Thumb Code    36  timers.o(i.prvGetNextExpireTime)
    i.prvGetNumberOfParameters               0x08005ba4   Section        0  freertos_cli.o(i.prvGetNumberOfParameters)
    prvGetNumberOfParameters                 0x08005ba5   Thumb Code    46  freertos_cli.o(i.prvGetNumberOfParameters)
    i.prvGetSysTimeCommand                   0x08005bd4   Section        0  user_cli.o(i.prvGetSysTimeCommand)
    i.prvHeapInit                            0x08005c2c   Section        0  heap_4.o(i.prvHeapInit)
    prvHeapInit                              0x08005c2d   Thumb Code    98  heap_4.o(i.prvHeapInit)
    i.prvHelpCommand                         0x08005ca8   Section        0  freertos_cli.o(i.prvHelpCommand)
    prvHelpCommand                           0x08005ca9   Thumb Code    66  freertos_cli.o(i.prvHelpCommand)
    i.prvIdleTask                            0x08005cf4   Section        0  tasks.o(i.prvIdleTask)
    prvIdleTask                              0x08005cf5   Thumb Code    32  tasks.o(i.prvIdleTask)
    i.prvInitialiseNewQueue                  0x08005d1c   Section        0  queue.o(i.prvInitialiseNewQueue)
    prvInitialiseNewQueue                    0x08005d1d   Thumb Code    46  queue.o(i.prvInitialiseNewQueue)
    i.prvInitialiseNewTask                   0x08005d4a   Section        0  tasks.o(i.prvInitialiseNewTask)
    prvInitialiseNewTask                     0x08005d4b   Thumb Code   146  tasks.o(i.prvInitialiseNewTask)
    i.prvInitialiseTaskLists                 0x08005ddc   Section        0  tasks.o(i.prvInitialiseTaskLists)
    prvInitialiseTaskLists                   0x08005ddd   Thumb Code    70  tasks.o(i.prvInitialiseTaskLists)
    i.prvInsertBlockIntoFreeList             0x08005e44   Section        0  heap_4.o(i.prvInsertBlockIntoFreeList)
    prvInsertBlockIntoFreeList               0x08005e45   Thumb Code    96  heap_4.o(i.prvInsertBlockIntoFreeList)
    i.prvInsertTimerInActiveList             0x08005eac   Section        0  timers.o(i.prvInsertTimerInActiveList)
    prvInsertTimerInActiveList               0x08005ead   Thumb Code    80  timers.o(i.prvInsertTimerInActiveList)
    i.prvIsQueueEmpty                        0x08005f04   Section        0  queue.o(i.prvIsQueueEmpty)
    prvIsQueueEmpty                          0x08005f05   Thumb Code    26  queue.o(i.prvIsQueueEmpty)
    i.prvIsQueueFull                         0x08005f1e   Section        0  queue.o(i.prvIsQueueFull)
    prvIsQueueFull                           0x08005f1f   Thumb Code    30  queue.o(i.prvIsQueueFull)
    i.prvNotifyQueueSetContainer             0x08005f3c   Section        0  queue.o(i.prvNotifyQueueSetContainer)
    prvNotifyQueueSetContainer               0x08005f3d   Thumb Code    82  queue.o(i.prvNotifyQueueSetContainer)
    i.prvProcessExpiredTimer                 0x08005f90   Section        0  timers.o(i.prvProcessExpiredTimer)
    prvProcessExpiredTimer                   0x08005f91   Thumb Code    70  timers.o(i.prvProcessExpiredTimer)
    i.prvProcessReceivedCommands             0x08005fdc   Section        0  timers.o(i.prvProcessReceivedCommands)
    prvProcessReceivedCommands               0x08005fdd   Thumb Code   200  timers.o(i.prvProcessReceivedCommands)
    i.prvProcessTimerOrBlockTask             0x080060a8   Section        0  timers.o(i.prvProcessTimerOrBlockTask)
    prvProcessTimerOrBlockTask               0x080060a9   Thumb Code   102  timers.o(i.prvProcessTimerOrBlockTask)
    i.prvResetNextTaskUnblockTime            0x0800611c   Section        0  tasks.o(i.prvResetNextTaskUnblockTime)
    prvResetNextTaskUnblockTime              0x0800611d   Thumb Code    42  tasks.o(i.prvResetNextTaskUnblockTime)
    i.prvSampleTimeNow                       0x08006150   Section        0  timers.o(i.prvSampleTimeNow)
    prvSampleTimeNow                         0x08006151   Thumb Code    40  timers.o(i.prvSampleTimeNow)
    i.prvSwitchTimerLists                    0x0800617c   Section        0  timers.o(i.prvSwitchTimerLists)
    prvSwitchTimerLists                      0x0800617d   Thumb Code   122  timers.o(i.prvSwitchTimerLists)
    i.prvTaskCheckFreeStackSpace             0x08006200   Section        0  tasks.o(i.prvTaskCheckFreeStackSpace)
    prvTaskCheckFreeStackSpace               0x08006201   Thumb Code    22  tasks.o(i.prvTaskCheckFreeStackSpace)
    i.prvTaskExitError                       0x08006216   Section        0  port.o(i.prvTaskExitError)
    prvTaskExitError                         0x08006217   Thumb Code    22  port.o(i.prvTaskExitError)
    i.prvTimerTask                           0x0800622c   Section        0  timers.o(i.prvTimerTask)
    prvTimerTask                             0x0800622d   Thumb Code    26  timers.o(i.prvTimerTask)
    i.prvUnlockQueue                         0x08006246   Section        0  queue.o(i.prvUnlockQueue)
    prvUnlockQueue                           0x08006247   Thumb Code   146  queue.o(i.prvUnlockQueue)
    i.pvPortMalloc                           0x080062d8   Section        0  heap_4.o(i.pvPortMalloc)
    i.pxPortInitialiseStack                  0x080063a8   Section        0  port.o(i.pxPortInitialiseStack)
    i.ulTaskNotifyTake                       0x080063cc   Section        0  tasks.o(i.ulTaskNotifyTake)
    i.uxListRemove                           0x08006440   Section        0  list.o(i.uxListRemove)
    i.uxTaskGetStackHighWaterMark            0x08006468   Section        0  tasks.o(i.uxTaskGetStackHighWaterMark)
    i.vListInitialise                        0x08006490   Section        0  list.o(i.vListInitialise)
    i.vListInitialiseItem                    0x080064aa   Section        0  list.o(i.vListInitialiseItem)
    i.vListInsert                            0x080064b0   Section        0  list.o(i.vListInsert)
    i.vListInsertEnd                         0x080064e4   Section        0  list.o(i.vListInsertEnd)
    i.vPortEnterCritical                     0x080064fc   Section        0  port.o(i.vPortEnterCritical)
    i.vPortExitCritical                      0x08006520   Section        0  port.o(i.vPortExitCritical)
    i.vPortFree                              0x08006540   Section        0  heap_4.o(i.vPortFree)
    i.vPortSetupTimerInterrupt               0x08006588   Section        0  port.o(i.vPortSetupTimerInterrupt)
    i.vQueueAddToRegistry                    0x080065a0   Section        0  queue.o(i.vQueueAddToRegistry)
    i.vQueueWaitForMessageRestricted         0x080065cc   Section        0  queue.o(i.vQueueWaitForMessageRestricted)
    i.vTaskDelay                             0x08006618   Section        0  tasks.o(i.vTaskDelay)
    i.vTaskDelete                            0x0800664c   Section        0  tasks.o(i.vTaskDelete)
    i.vTaskInternalSetTimeOutState           0x08006718   Section        0  tasks.o(i.vTaskInternalSetTimeOutState)
    i.vTaskMissedYield                       0x08006730   Section        0  tasks.o(i.vTaskMissedYield)
    i.vTaskNotifyGiveFromISR                 0x0800673c   Section        0  tasks.o(i.vTaskNotifyGiveFromISR)
    i.vTaskPlaceOnEventList                  0x080067f0   Section        0  tasks.o(i.vTaskPlaceOnEventList)
    i.vTaskPlaceOnEventListRestricted        0x08006810   Section        0  tasks.o(i.vTaskPlaceOnEventListRestricted)
    i.vTaskStartScheduler                    0x08006838   Section        0  tasks.o(i.vTaskStartScheduler)
    i.vTaskSuspendAll                        0x080068ac   Section        0  tasks.o(i.vTaskSuspendAll)
    i.vTaskSwitchContext                     0x080068bc   Section        0  tasks.o(i.vTaskSwitchContext)
    i.xPortGetFreeHeapSize                   0x08006960   Section        0  heap_4.o(i.xPortGetFreeHeapSize)
    i.xPortStartScheduler                    0x0800696c   Section        0  port.o(i.xPortStartScheduler)
    i.xPortSysTickHandler                    0x080069a0   Section        0  port.o(i.xPortSysTickHandler)
    i.xQueueGenericCreate                    0x080069d4   Section        0  queue.o(i.xQueueGenericCreate)
    i.xQueueGenericReset                     0x08006a0c   Section        0  queue.o(i.xQueueGenericReset)
    i.xQueueGenericSend                      0x08006a8c   Section        0  queue.o(i.xQueueGenericSend)
    i.xQueueGenericSendFromISR               0x08006bc4   Section        0  queue.o(i.xQueueGenericSendFromISR)
    i.xQueueReceive                          0x08006c60   Section        0  queue.o(i.xQueueReceive)
    i.xTaskCheckForTimeOut                   0x08006d64   Section        0  tasks.o(i.xTaskCheckForTimeOut)
    i.xTaskCreate                            0x08006dc0   Section        0  tasks.o(i.xTaskCreate)
    i.xTaskGetSchedulerState                 0x08006e20   Section        0  tasks.o(i.xTaskGetSchedulerState)
    i.xTaskGetTickCount                      0x08006e40   Section        0  tasks.o(i.xTaskGetTickCount)
    i.xTaskIncrementTick                     0x08006e4c   Section        0  tasks.o(i.xTaskIncrementTick)
    i.xTaskPriorityDisinherit                0x08006f68   Section        0  tasks.o(i.xTaskPriorityDisinherit)
    i.xTaskRemoveFromEventList               0x08006fec   Section        0  tasks.o(i.xTaskRemoveFromEventList)
    i.xTaskResumeAll                         0x0800706c   Section        0  tasks.o(i.xTaskResumeAll)
    i.xTimerCreateTimerTask                  0x08007154   Section        0  timers.o(i.xTimerCreateTimerTask)
    i.xTimerGenericCommand                   0x08007190   Section        0  timers.o(i.xTimerGenericCommand)
    .constdata                               0x080071fc   Section       26  main.o(.constdata)
    __func__                                 0x080071fc   Data           5  main.o(.constdata)
    __func__                                 0x08007201   Data          21  main.o(.constdata)
    .constdata                               0x08007218   Section       16  freertos_cli.o(.constdata)
    xHelpCommand                             0x08007218   Data          16  freertos_cli.o(.constdata)
    .constdata                               0x08007228   Section      748  m5310.o(.constdata)
    __func__                                 0x08007228   Data          29  m5310.o(.constdata)
    __func__                                 0x08007298   Data          20  m5310.o(.constdata)
    __func__                                 0x080072ac   Data          31  m5310.o(.constdata)
    __func__                                 0x080072f4   Data          24  m5310.o(.constdata)
    __func__                                 0x08007334   Data          21  m5310.o(.constdata)
    __func__                                 0x08007374   Data          24  m5310.o(.constdata)
    __func__                                 0x080073b4   Data          16  m5310.o(.constdata)
    __func__                                 0x080073ec   Data          15  m5310.o(.constdata)
    __func__                                 0x08007424   Data          15  m5310.o(.constdata)
    __func__                                 0x0800745c   Data          15  m5310.o(.constdata)
    __func__                                 0x08007494   Data          18  m5310.o(.constdata)
    __func__                                 0x080074d0   Data          27  m5310.o(.constdata)
    .constdata                               0x08007514   Section    20492  st7789s.o(.constdata)
    .constdata                               0x0800c520   Section    22880  ui.o(.constdata)
    .constdata                               0x08011e80   Section       19  key.o(.constdata)
    __func__                                 0x08011e80   Data          19  key.o(.constdata)
    .conststring                             0x08011e94   Section      221  freertos_cli.o(.conststring)
    .conststring                             0x08011f74   Section      210  user_cli.o(.conststring)
    .data                                    0x20000000   Section       20  stm32f10x_rcc.o(.data)
    APBAHBPrescTable                         0x20000000   Data          16  stm32f10x_rcc.o(.data)
    ADCPrescTable                            0x20000010   Data           4  stm32f10x_rcc.o(.data)
    .data                                    0x20000014   Section       22  main.o(.data)
    .data                                    0x2000002c   Section       20  system_stm32f10x.o(.data)
    .data                                    0x20000040   Section       68  tasks.o(.data)
    pxDelayedTaskList                        0x20000044   Data           4  tasks.o(.data)
    pxOverflowDelayedTaskList                0x20000048   Data           4  tasks.o(.data)
    uxDeletedTasksWaitingCleanUp             0x2000004c   Data           4  tasks.o(.data)
    uxCurrentNumberOfTasks                   0x20000050   Data           4  tasks.o(.data)
    xTickCount                               0x20000054   Data           4  tasks.o(.data)
    uxTopReadyPriority                       0x20000058   Data           4  tasks.o(.data)
    xSchedulerRunning                        0x2000005c   Data           4  tasks.o(.data)
    uxPendedTicks                            0x20000060   Data           4  tasks.o(.data)
    xYieldPending                            0x20000064   Data           4  tasks.o(.data)
    xNumOfOverflows                          0x20000068   Data           4  tasks.o(.data)
    uxTaskNumber                             0x2000006c   Data           4  tasks.o(.data)
    xNextTaskUnblockTime                     0x20000070   Data           4  tasks.o(.data)
    xIdleTaskHandle                          0x20000074   Data           4  tasks.o(.data)
    uxSchedulerSuspended                     0x20000078   Data           4  tasks.o(.data)
    ulTaskSwitchedInTime                     0x2000007c   Data           4  tasks.o(.data)
    ulTotalRunTime                           0x20000080   Data           4  tasks.o(.data)
    .data                                    0x20000084   Section       20  timers.o(.data)
    pxCurrentTimerList                       0x20000084   Data           4  timers.o(.data)
    pxOverflowTimerList                      0x20000088   Data           4  timers.o(.data)
    xTimerQueue                              0x2000008c   Data           4  timers.o(.data)
    xTimerTaskHandle                         0x20000090   Data           4  timers.o(.data)
    xLastTime                                0x20000094   Data           4  timers.o(.data)
    .data                                    0x20000098   Section       24  heap_4.o(.data)
    xStart                                   0x20000098   Data           8  heap_4.o(.data)
    pxEnd                                    0x200000a0   Data           4  heap_4.o(.data)
    xFreeBytesRemaining                      0x200000a4   Data           4  heap_4.o(.data)
    xMinimumEverFreeBytesRemaining           0x200000a8   Data           4  heap_4.o(.data)
    xBlockAllocatedBit                       0x200000ac   Data           4  heap_4.o(.data)
    .data                                    0x200000b0   Section        4  port.o(.data)
    uxCriticalNesting                        0x200000b0   Data           4  port.o(.data)
    .data                                    0x200000b4   Section        1  delay.o(.data)
    fac_us                                   0x200000b4   Data           1  delay.o(.data)
    .data                                    0x200000b8   Section        8  timer.o(.data)
    .data                                    0x200000c0   Section        1  common.o(.data)
    .data                                    0x200000c4   Section       20  freertos_cli.o(.data)
    xRegisteredCommands                      0x200000c4   Data           8  freertos_cli.o(.data)
    pxLastCommandInList                      0x200000cc   Data           4  freertos_cli.o(.data)
    pxCommand                                0x200000d0   Data           4  freertos_cli.o(.data)
    pxCommand                                0x200000d4   Data           4  freertos_cli.o(.data)
    .data                                    0x200000d8   Section       48  user_cli.o(.data)
    CliCommandList                           0x200000d8   Data          48  user_cli.o(.data)
    .data                                    0x20000108   Section        4  m5310.o(.data)
    .data                                    0x2000010c   Section     1966  st7789s.o(.data)
    .bss                                     0x200008bc   Section      132  main.o(.bss)
    pcOutputString                           0x200008dc   Data         100  main.o(.bss)
    .bss                                     0x20000940   Section       64  queue.o(.bss)
    .bss                                     0x20000980   Section      200  tasks.o(.bss)
    pxReadyTasksLists                        0x20000980   Data         100  tasks.o(.bss)
    xDelayedTaskList1                        0x200009e4   Data          20  tasks.o(.bss)
    xDelayedTaskList2                        0x200009f8   Data          20  tasks.o(.bss)
    xPendingReadyList                        0x20000a0c   Data          20  tasks.o(.bss)
    xTasksWaitingTermination                 0x20000a20   Data          20  tasks.o(.bss)
    xSuspendedTaskList                       0x20000a34   Data          20  tasks.o(.bss)
    .bss                                     0x20000a48   Section       40  timers.o(.bss)
    xActiveTimerList1                        0x20000a48   Data          20  timers.o(.bss)
    xActiveTimerList2                        0x20000a5c   Data          20  timers.o(.bss)
    .bss                                     0x20000a70   Section    10240  heap_4.o(.bss)
    ucHeap                                   0x20000a70   Data       10240  heap_4.o(.bss)
    .bss                                     0x20003270   Section      128  m5310.o(.bss)
    .bss                                     0x200032f0   Section      128  ui.o(.bss)
    msg                                      0x200032f0   Data         128  ui.o(.bss)
    STACK                                    0x20003370   Section     1024  startup_stm32f10x_hd.o(STACK)

    Global Symbols

    Symbol Name                              Value     Ov Type        Size  Object(Section)

    BuildAttributes$$THM_ISAv4$P$D$K$B$S$PE$A:L22UL41UL21$X:L11$S22US41US21$IEEE1$IW$USESV6$~STKCKD$USESV7$~SHL$OTIME$ROPI$EBA8$MICROLIB$REQ8$PRES8$EABIv2 0x00000000   Number         0  anon$$obj.o ABSOLUTE
    __ARM_use_no_argv                        0x00000000   Number         0  main.o ABSOLUTE
    _printf_a                                0x00000000   Number         0  stubs.o ABSOLUTE
    _printf_c                                0x00000000   Number         0  stubs.o ABSOLUTE
    _printf_charcount                        0x00000000   Number         0  stubs.o ABSOLUTE
    _printf_d                                0x00000000   Number         0  stubs.o ABSOLUTE
    _printf_e                                0x00000000   Number         0  stubs.o ABSOLUTE
    _printf_f                                0x00000000   Number         0  stubs.o ABSOLUTE
    _printf_flags                            0x00000000   Number         0  stubs.o ABSOLUTE
    _printf_fp_dec                           0x00000000   Number         0  stubs.o ABSOLUTE
    _printf_fp_hex                           0x00000000   Number         0  stubs.o ABSOLUTE
    _printf_g                                0x00000000   Number         0  stubs.o ABSOLUTE
    _printf_i                                0x00000000   Number         0  stubs.o ABSOLUTE
    _printf_int_dec                          0x00000000   Number         0  stubs.o ABSOLUTE
    _printf_l                                0x00000000   Number         0  stubs.o ABSOLUTE
    _printf_lc                               0x00000000   Number         0  stubs.o ABSOLUTE
    _printf_ll                               0x00000000   Number         0  stubs.o ABSOLUTE
    _printf_lld                              0x00000000   Number         0  stubs.o ABSOLUTE
    _printf_lli                              0x00000000   Number         0  stubs.o ABSOLUTE
    _printf_llo                              0x00000000   Number         0  stubs.o ABSOLUTE
    _printf_llu                              0x00000000   Number         0  stubs.o ABSOLUTE
    _printf_llx                              0x00000000   Number         0  stubs.o ABSOLUTE
    _printf_longlong_dec                     0x00000000   Number         0  stubs.o ABSOLUTE
    _printf_longlong_hex                     0x00000000   Number         0  stubs.o ABSOLUTE
    _printf_longlong_oct                     0x00000000   Number         0  stubs.o ABSOLUTE
    _printf_ls                               0x00000000   Number         0  stubs.o ABSOLUTE
    _printf_mbtowc                           0x00000000   Number         0  stubs.o ABSOLUTE
    _printf_n                                0x00000000   Number         0  stubs.o ABSOLUTE
    _printf_o                                0x00000000   Number         0  stubs.o ABSOLUTE
    _printf_p                                0x00000000   Number         0  stubs.o ABSOLUTE
    _printf_percent                          0x00000000   Number         0  stubs.o ABSOLUTE
    _printf_pre_padding                      0x00000000   Number         0  stubs.o ABSOLUTE
    _printf_return_value                     0x00000000   Number         0  stubs.o ABSOLUTE
    _printf_s                                0x00000000   Number         0  stubs.o ABSOLUTE
    _printf_sizespec                         0x00000000   Number         0  stubs.o ABSOLUTE
    _printf_str                              0x00000000   Number         0  stubs.o ABSOLUTE
    _printf_truncate_signed                  0x00000000   Number         0  stubs.o ABSOLUTE
    _printf_truncate_unsigned                0x00000000   Number         0  stubs.o ABSOLUTE
    _printf_u                                0x00000000   Number         0  stubs.o ABSOLUTE
    _printf_wc                               0x00000000   Number         0  stubs.o ABSOLUTE
    _printf_wctomb                           0x00000000   Number         0  stubs.o ABSOLUTE
    _printf_widthprec                        0x00000000   Number         0  stubs.o ABSOLUTE
    _printf_x                                0x00000000   Number         0  stubs.o ABSOLUTE
    __cpp_initialize__aeabi_                  - Undefined Weak Reference
    __cxa_finalize                            - Undefined Weak Reference
    _clock_init                               - Undefined Weak Reference
    _microlib_exit                            - Undefined Weak Reference
    __Vectors_Size                           0x00000130   Number         0  startup_stm32f10x_hd.o ABSOLUTE
    __Vectors                                0x08000000   Data           4  startup_stm32f10x_hd.o(RESET)
    __Vectors_End                            0x08000130   Data           0  startup_stm32f10x_hd.o(RESET)
    __main                                   0x08000131   Thumb Code     0  entry.o(.ARM.Collect$$$$00000000)
    _main_stk                                0x08000131   Thumb Code     0  entry2.o(.ARM.Collect$$$$00000001)
    _main_scatterload                        0x08000135   Thumb Code     0  entry5.o(.ARM.Collect$$$$00000004)
    __main_after_scatterload                 0x08000139   Thumb Code     0  entry5.o(.ARM.Collect$$$$00000004)
    _main_clock                              0x08000139   Thumb Code     0  entry7b.o(.ARM.Collect$$$$00000008)
    _main_cpp_init                           0x08000139   Thumb Code     0  entry8b.o(.ARM.Collect$$$$0000000A)
    _main_init                               0x08000139   Thumb Code     0  entry9a.o(.ARM.Collect$$$$0000000B)
    __rt_final_cpp                           0x08000141   Thumb Code     0  entry10a.o(.ARM.Collect$$$$0000000D)
    __rt_final_exit                          0x08000141   Thumb Code     0  entry11a.o(.ARM.Collect$$$$0000000F)
    wait                                     0x08000145   Thumb Code     2  stm32f10x_it.o(.emb_text)
    SVC_Handler                              0x08000149   Thumb Code    32  port.o(.emb_text)
    __asm___6_port_c_39a90d8d__prvStartFirstTask 0x0800016d   Thumb Code    28  port.o(.emb_text)
    PendSV_Handler                           0x0800018d   Thumb Code    72  port.o(.emb_text)
    vPortGetIPSR                             0x080001d9   Thumb Code     6  port.o(.emb_text)
    Reset_Handler                            0x080001e1   Thumb Code     8  startup_stm32f10x_hd.o(.text)
    ADC1_2_IRQHandler                        0x080001fb   Thumb Code     0  startup_stm32f10x_hd.o(.text)
    ADC3_IRQHandler                          0x080001fb   Thumb Code     0  startup_stm32f10x_hd.o(.text)
    CAN1_RX1_IRQHandler                      0x080001fb   Thumb Code     0  startup_stm32f10x_hd.o(.text)
    CAN1_SCE_IRQHandler                      0x080001fb   Thumb Code     0  startup_stm32f10x_hd.o(.text)
    DMA1_Channel1_IRQHandler                 0x080001fb   Thumb Code     0  startup_stm32f10x_hd.o(.text)
    DMA1_Channel2_IRQHandler                 0x080001fb   Thumb Code     0  startup_stm32f10x_hd.o(.text)
    DMA1_Channel3_IRQHandler                 0x080001fb   Thumb Code     0  startup_stm32f10x_hd.o(.text)
    DMA1_Channel4_IRQHandler                 0x080001fb   Thumb Code     0  startup_stm32f10x_hd.o(.text)
    DMA1_Channel5_IRQHandler                 0x080001fb   Thumb Code     0  startup_stm32f10x_hd.o(.text)
    DMA1_Channel6_IRQHandler                 0x080001fb   Thumb Code     0  startup_stm32f10x_hd.o(.text)
    DMA1_Channel7_IRQHandler                 0x080001fb   Thumb Code     0  startup_stm32f10x_hd.o(.text)
    DMA2_Channel1_IRQHandler                 0x080001fb   Thumb Code     0  startup_stm32f10x_hd.o(.text)
    DMA2_Channel2_IRQHandler                 0x080001fb   Thumb Code     0  startup_stm32f10x_hd.o(.text)
    DMA2_Channel3_IRQHandler                 0x080001fb   Thumb Code     0  startup_stm32f10x_hd.o(.text)
    DMA2_Channel4_5_IRQHandler               0x080001fb   Thumb Code     0  startup_stm32f10x_hd.o(.text)
    EXTI0_IRQHandler                         0x080001fb   Thumb Code     0  startup_stm32f10x_hd.o(.text)
    EXTI15_10_IRQHandler                     0x080001fb   Thumb Code     0  startup_stm32f10x_hd.o(.text)
    EXTI1_IRQHandler                         0x080001fb   Thumb Code     0  startup_stm32f10x_hd.o(.text)
    EXTI2_IRQHandler                         0x080001fb   Thumb Code     0  startup_stm32f10x_hd.o(.text)
    EXTI3_IRQHandler                         0x080001fb   Thumb Code     0  startup_stm32f10x_hd.o(.text)
    EXTI4_IRQHandler                         0x080001fb   Thumb Code     0  startup_stm32f10x_hd.o(.text)
    FLASH_IRQHandler                         0x080001fb   Thumb Code     0  startup_stm32f10x_hd.o(.text)
    FSMC_IRQHandler                          0x080001fb   Thumb Code     0  startup_stm32f10x_hd.o(.text)
    I2C1_ER_IRQHandler                       0x080001fb   Thumb Code     0  startup_stm32f10x_hd.o(.text)
    I2C1_EV_IRQHandler                       0x080001fb   Thumb Code     0  startup_stm32f10x_hd.o(.text)
    I2C2_ER_IRQHandler                       0x080001fb   Thumb Code     0  startup_stm32f10x_hd.o(.text)
    I2C2_EV_IRQHandler                       0x080001fb   Thumb Code     0  startup_stm32f10x_hd.o(.text)
    PVD_IRQHandler                           0x080001fb   Thumb Code     0  startup_stm32f10x_hd.o(.text)
    RCC_IRQHandler                           0x080001fb   Thumb Code     0  startup_stm32f10x_hd.o(.text)
    RTCAlarm_IRQHandler                      0x080001fb   Thumb Code     0  startup_stm32f10x_hd.o(.text)
    RTC_IRQHandler                           0x080001fb   Thumb Code     0  startup_stm32f10x_hd.o(.text)
    SDIO_IRQHandler                          0x080001fb   Thumb Code     0  startup_stm32f10x_hd.o(.text)
    SPI1_IRQHandler                          0x080001fb   Thumb Code     0  startup_stm32f10x_hd.o(.text)
    SPI2_IRQHandler                          0x080001fb   Thumb Code     0  startup_stm32f10x_hd.o(.text)
    SPI3_IRQHandler                          0x080001fb   Thumb Code     0  startup_stm32f10x_hd.o(.text)
    TAMPER_IRQHandler                        0x080001fb   Thumb Code     0  startup_stm32f10x_hd.o(.text)
    TIM1_BRK_IRQHandler                      0x080001fb   Thumb Code     0  startup_stm32f10x_hd.o(.text)
    TIM1_CC_IRQHandler                       0x080001fb   Thumb Code     0  startup_stm32f10x_hd.o(.text)
    TIM1_TRG_COM_IRQHandler                  0x080001fb   Thumb Code     0  startup_stm32f10x_hd.o(.text)
    TIM1_UP_IRQHandler                       0x080001fb   Thumb Code     0  startup_stm32f10x_hd.o(.text)
    TIM2_IRQHandler                          0x080001fb   Thumb Code     0  startup_stm32f10x_hd.o(.text)
    TIM4_IRQHandler                          0x080001fb   Thumb Code     0  startup_stm32f10x_hd.o(.text)
    TIM5_IRQHandler                          0x080001fb   Thumb Code     0  startup_stm32f10x_hd.o(.text)
    TIM6_IRQHandler                          0x080001fb   Thumb Code     0  startup_stm32f10x_hd.o(.text)
    TIM7_IRQHandler                          0x080001fb   Thumb Code     0  startup_stm32f10x_hd.o(.text)
    TIM8_BRK_IRQHandler                      0x080001fb   Thumb Code     0  startup_stm32f10x_hd.o(.text)
    TIM8_CC_IRQHandler                       0x080001fb   Thumb Code     0  startup_stm32f10x_hd.o(.text)
    TIM8_TRG_COM_IRQHandler                  0x080001fb   Thumb Code     0  startup_stm32f10x_hd.o(.text)
    TIM8_UP_IRQHandler                       0x080001fb   Thumb Code     0  startup_stm32f10x_hd.o(.text)
    UART4_IRQHandler                         0x080001fb   Thumb Code     0  startup_stm32f10x_hd.o(.text)
    UART5_IRQHandler                         0x080001fb   Thumb Code     0  startup_stm32f10x_hd.o(.text)
    USBWakeUp_IRQHandler                     0x080001fb   Thumb Code     0  startup_stm32f10x_hd.o(.text)
    USB_HP_CAN1_TX_IRQHandler                0x080001fb   Thumb Code     0  startup_stm32f10x_hd.o(.text)
    USB_LP_CAN1_RX0_IRQHandler               0x080001fb   Thumb Code     0  startup_stm32f10x_hd.o(.text)
    WWDG_IRQHandler                          0x080001fb   Thumb Code     0  startup_stm32f10x_hd.o(.text)
    __aeabi_memcpy                           0x08000205   Thumb Code    36  memcpya.o(.text)
    __aeabi_memcpy4                          0x08000205   Thumb Code     0  memcpya.o(.text)
    __aeabi_memcpy8                          0x08000205   Thumb Code     0  memcpya.o(.text)
    __aeabi_memset                           0x08000229   Thumb Code    14  memseta.o(.text)
    __aeabi_memset4                          0x08000229   Thumb Code     0  memseta.o(.text)
    __aeabi_memset8                          0x08000229   Thumb Code     0  memseta.o(.text)
    __aeabi_memclr                           0x08000237   Thumb Code     4  memseta.o(.text)
    __aeabi_memclr4                          0x08000237   Thumb Code     0  memseta.o(.text)
    __aeabi_memclr8                          0x08000237   Thumb Code     0  memseta.o(.text)
    _memset$wrapper                          0x0800023b   Thumb Code    18  memseta.o(.text)
    strstr                                   0x0800024d   Thumb Code    36  strstr.o(.text)
    strncpy                                  0x08000271   Thumb Code    24  strncpy.o(.text)
    strlen                                   0x08000289   Thumb Code    14  strlen.o(.text)
    strncat                                  0x08000297   Thumb Code    40  strncat.o(.text)
    strncmp                                  0x080002bf   Thumb Code    30  strncmp.o(.text)
    __aeabi_fdiv                             0x080002dd   Thumb Code   124  fdiv.o(.text)
    __aeabi_ui2f                             0x08000359   Thumb Code    10  ffltui.o(.text)
    __aeabi_f2d                              0x08000363   Thumb Code    38  f2d.o(.text)
    __aeabi_uidiv                            0x08000389   Thumb Code     0  uidiv.o(.text)
    __aeabi_uidivmod                         0x08000389   Thumb Code    44  uidiv.o(.text)
    __aeabi_uldivmod                         0x080003b5   Thumb Code    98  uldiv.o(.text)
    __I$use$fp                               0x08000417   Thumb Code     0  iusefp.o(.text)
    _float_round                             0x08000417   Thumb Code    18  fepilogue.o(.text)
    _float_epilogue                          0x08000429   Thumb Code    92  fepilogue.o(.text)
    __aeabi_dadd                             0x08000485   Thumb Code   322  dadd.o(.text)
    __aeabi_dsub                             0x080005c7   Thumb Code     6  dadd.o(.text)
    __aeabi_drsub                            0x080005cd   Thumb Code     6  dadd.o(.text)
    __aeabi_dmul                             0x080005d3   Thumb Code   228  dmul.o(.text)
    __aeabi_ddiv                             0x080006b7   Thumb Code   222  ddiv.o(.text)
    __aeabi_d2ulz                            0x08000795   Thumb Code    48  dfixul.o(.text)
    __aeabi_cdrcmple                         0x080007c5   Thumb Code    48  cdrcmple.o(.text)
    __scatterload                            0x080007f5   Thumb Code    28  init.o(.text)
    __scatterload_rt2                        0x080007f5   Thumb Code     0  init.o(.text)
    __aeabi_llsl                             0x08000819   Thumb Code    30  llshl.o(.text)
    _ll_shift_l                              0x08000819   Thumb Code     0  llshl.o(.text)
    __aeabi_llsr                             0x08000837   Thumb Code    32  llushr.o(.text)
    _ll_ushift_r                             0x08000837   Thumb Code     0  llushr.o(.text)
    __aeabi_lasr                             0x08000857   Thumb Code    36  llsshr.o(.text)
    _ll_sshift_r                             0x08000857   Thumb Code     0  llsshr.o(.text)
    _double_round                            0x0800087b   Thumb Code    30  depilogue.o(.text)
    _double_epilogue                         0x08000899   Thumb Code   156  depilogue.o(.text)
    __decompress                             0x08000935   Thumb Code     0  __dczerorl2.o(.text)
    __decompress1                            0x08000935   Thumb Code    86  __dczerorl2.o(.text)
    BusFault_Handler                         0x0800098b   Thumb Code     4  stm32f10x_it.o(i.BusFault_Handler)
    ConfigureTimeForRunTimeStats             0x08000991   Thumb Code    22  timer.o(i.ConfigureTimeForRunTimeStats)
    DebugMon_Handler                         0x080009ad   Thumb Code     2  stm32f10x_it.o(i.DebugMon_Handler)
    EXTI9_5_IRQHandler                       0x080009b1   Thumb Code   102  key.o(i.EXTI9_5_IRQHandler)
    EXTI_ClearITPendingBit                   0x08000a3d   Thumb Code     6  stm32f10x_exti.o(i.EXTI_ClearITPendingBit)
    EXTI_GetITStatus                         0x08000a49   Thumb Code    34  stm32f10x_exti.o(i.EXTI_GetITStatus)
    EXTI_Init                                0x08000a71   Thumb Code   142  stm32f10x_exti.o(i.EXTI_Init)
    FreeRTOS_CLIGetParameter                 0x08000b05   Thumb Code    92  freertos_cli.o(i.FreeRTOS_CLIGetParameter)
    FreeRTOS_CLIProcessCommand               0x08000b61   Thumb Code   208  freertos_cli.o(i.FreeRTOS_CLIProcessCommand)
    FreeRTOS_CLIRegisterCommand              0x08000c41   Thumb Code    46  freertos_cli.o(i.FreeRTOS_CLIRegisterCommand)
    GPIO_EXTILineConfig                      0x08000c75   Thumb Code    60  stm32f10x_gpio.o(i.GPIO_EXTILineConfig)
    GPIO_Init                                0x08000cb5   Thumb Code   278  stm32f10x_gpio.o(i.GPIO_Init)
    GPIO_SetBits                             0x08000dcb   Thumb Code     4  stm32f10x_gpio.o(i.GPIO_SetBits)
    HardFault_Handler                        0x08000dcf   Thumb Code     8  stm32f10x_it.o(i.HardFault_Handler)
    LCD_Clear                                0x08000dd9   Thumb Code    86  st7789s.o(i.LCD_Clear)
    LCD_DrawLine                             0x08000e3d   Thumb Code   176  st7789s.o(i.LCD_DrawLine)
    LCD_DrawPoint                            0x08000eed   Thumb Code    86  st7789s.o(i.LCD_DrawPoint)
    LCD_Fill                                 0x08000f55   Thumb Code   130  st7789s.o(i.LCD_Fill)
    LCD_GPIO_Init                            0x08000fe5   Thumb Code    76  st7789s.o(i.LCD_GPIO_Init)
    LCD_Init                                 0x08001039   Thumb Code  1746  st7789s.o(i.LCD_Init)
    LCD_RESET                                0x08001719   Thumb Code    40  st7789s.o(i.LCD_RESET)
    LCD_SetCursor                            0x08001749   Thumb Code   168  st7789s.o(i.LCD_SetCursor)
    LCD_ShowChar                             0x080017fd   Thumb Code   436  st7789s.o(i.LCD_ShowChar)
    LCD_ShowChinese                          0x080019c5   Thumb Code  1228  st7789s.o(i.LCD_ShowChinese)
    LCD_ShowFontEN                           0x08001e95   Thumb Code   212  st7789s.o(i.LCD_ShowFontEN)
    LCD_ShowFontHZ                           0x08001f71   Thumb Code   478  st7789s.o(i.LCD_ShowFontHZ)
    LCD_ShowFontHZ_Arial                     0x0800215d   Thumb Code   230  st7789s.o(i.LCD_ShowFontHZ_Arial)
    LCD_ShowPicture                          0x0800224d   Thumb Code    94  st7789s.o(i.LCD_ShowPicture)
    LCD_ShowString                           0x080022b1   Thumb Code   106  st7789s.o(i.LCD_ShowString)
    LCD_WR_REG                               0x0800231d   Thumb Code    38  st7789s.o(i.LCD_WR_REG)
    LCD_WriteRAM_Prepare                     0x08002351   Thumb Code    10  st7789s.o(i.LCD_WriteRAM_Prepare)
    MemManage_Handler                        0x0800235b   Thumb Code     4  stm32f10x_it.o(i.MemManage_Handler)
    NMI_Handler                              0x0800235f   Thumb Code     2  stm32f10x_it.o(i.NMI_Handler)
    NVIC_Init                                0x08002361   Thumb Code   100  misc.o(i.NVIC_Init)
    NVIC_PriorityGroupConfig                 0x080023d1   Thumb Code    10  misc.o(i.NVIC_PriorityGroupConfig)
    RCC_APB1PeriphClockCmd                   0x080023e5   Thumb Code    26  stm32f10x_rcc.o(i.RCC_APB1PeriphClockCmd)
    RCC_APB1PeriphResetCmd                   0x08002405   Thumb Code    26  stm32f10x_rcc.o(i.RCC_APB1PeriphResetCmd)
    RCC_APB2PeriphClockCmd                   0x08002425   Thumb Code    26  stm32f10x_rcc.o(i.RCC_APB2PeriphClockCmd)
    RCC_APB2PeriphResetCmd                   0x08002445   Thumb Code    26  stm32f10x_rcc.o(i.RCC_APB2PeriphResetCmd)
    RCC_GetClocksFreq                        0x08002465   Thumb Code   192  stm32f10x_rcc.o(i.RCC_GetClocksFreq)
    SysTick_CLKSourceConfig                  0x08002621   Thumb Code    40  misc.o(i.SysTick_CLKSourceConfig)
    SysTick_Handler                          0x08002649   Thumb Code    16  delay.o(i.SysTick_Handler)
    SystemInit                               0x08002659   Thumb Code    78  system_stm32f10x.o(i.SystemInit)
    TIM3_IRQHandler                          0x080026b9   Thumb Code    42  timer.o(i.TIM3_IRQHandler)
    TIM3_Int_Init                            0x080026ed   Thumb Code    90  timer.o(i.TIM3_Int_Init)
    TIM_ClearITPendingBit                    0x0800274d   Thumb Code     6  stm32f10x_tim.o(i.TIM_ClearITPendingBit)
    TIM_Cmd                                  0x08002753   Thumb Code    24  stm32f10x_tim.o(i.TIM_Cmd)
    TIM_GetITStatus                          0x0800276b   Thumb Code    34  stm32f10x_tim.o(i.TIM_GetITStatus)
    TIM_ITConfig                             0x0800278d   Thumb Code    18  stm32f10x_tim.o(i.TIM_ITConfig)
    TIM_TimeBaseInit                         0x080027a1   Thumb Code   122  stm32f10x_tim.o(i.TIM_TimeBaseInit)
    USART1_IRQHandler                        0x08002845   Thumb Code     2  usart.o(i.USART1_IRQHandler)
    USART2_IRQHandler                        0x08002849   Thumb Code   130  usart.o(i.USART2_IRQHandler)
    USART3_IRQHandler                        0x080028dd   Thumb Code    50  usart.o(i.USART3_IRQHandler)
    USART_ClearFlag                          0x0800291d   Thumb Code    18  stm32f10x_usart.o(i.USART_ClearFlag)
    USART_Cmd                                0x0800292f   Thumb Code    24  stm32f10x_usart.o(i.USART_Cmd)
    USART_DeInit                             0x08002949   Thumb Code   134  stm32f10x_usart.o(i.USART_DeInit)
    USART_GetFlagStatus                      0x080029e5   Thumb Code    26  stm32f10x_usart.o(i.USART_GetFlagStatus)
    USART_GetITStatus                        0x080029ff   Thumb Code    84  stm32f10x_usart.o(i.USART_GetITStatus)
    USART_ITConfig                           0x08002a53   Thumb Code    74  stm32f10x_usart.o(i.USART_ITConfig)
    USART_Init                               0x08002a9d   Thumb Code   210  stm32f10x_usart.o(i.USART_Init)
    USART_ReceiveData                        0x08002b75   Thumb Code    10  stm32f10x_usart.o(i.USART_ReceiveData)
    USART_SendData                           0x08002b7f   Thumb Code     8  stm32f10x_usart.o(i.USART_SendData)
    UsageFault_Handler                       0x08002b87   Thumb Code     4  stm32f10x_it.o(i.UsageFault_Handler)
    _CMIOT_CLI_Init                          0x08002b8d   Thumb Code    26  user_cli.o(i._CMIOT_CLI_Init)
    _CMIOT_CliTaskProc                       0x08002bad   Thumb Code    88  main.o(i._CMIOT_CliTaskProc)
    _CMIOT_Debug                             0x08002c35   Thumb Code    68  common.o(i._CMIOT_Debug)
    _CMIOT_ExecuteAtCmd                      0x08002c81   Thumb Code   140  m5310.o(i._CMIOT_ExecuteAtCmd)
    _CMIOT_GUI_Init                          0x08002d59   Thumb Code   228  ui.o(i._CMIOT_GUI_Init)
    _CMIOT_GetICCID                          0x08002ea5   Thumb Code   130  m5310.o(i._CMIOT_GetICCID)
    _CMIOT_GetIMEI                           0x08002f65   Thumb Code   130  m5310.o(i._CMIOT_GetIMEI)
    _CMIOT_GetIMSI                           0x08003021   Thumb Code   130  m5310.o(i._CMIOT_GetIMSI)
    _CMIOT_GetModuleName                     0x080030dd   Thumb Code   130  m5310.o(i._CMIOT_GetModuleName)
    _CMIOT_GetModuleVersion                  0x08003199   Thumb Code   130  m5310.o(i._CMIOT_GetModuleVersion)
    _CMIOT_GetNB_Band                        0x08003251   Thumb Code   184  m5310.o(i._CMIOT_GetNB_Band)
    _CMIOT_GetPLMN                           0x08003355   Thumb Code   130  m5310.o(i._CMIOT_GetPLMN)
    _CMIOT_Get_PSM_TIMER_Value               0x08003411   Thumb Code   578  m5310.o(i._CMIOT_Get_PSM_TIMER_Value)
    _CMIOT_LcdTaskProc                       0x080036f5   Thumb Code    16  main.o(i._CMIOT_LcdTaskProc)
    _CMIOT_M5310TaskProc                     0x0800370d   Thumb Code   108  main.o(i._CMIOT_M5310TaskProc)
    _CMIOT_M5310_GetRegisterTime             0x080037c5   Thumb Code   154  m5310.o(i._CMIOT_M5310_GetRegisterTime)
    _CMIOT_M5310_GetSignalstrength           0x080038e1   Thumb Code   146  m5310.o(i._CMIOT_M5310_GetSignalstrength)
    _CMIOT_M5310_GetUeState                  0x080039b9   Thumb Code   666  m5310.o(i._CMIOT_M5310_GetUeState)
    _CMIOT_NBIOT_Measurement                 0x08003d91   Thumb Code    36  ui.o(i._CMIOT_NBIOT_Measurement)
    _CMIOT_ShowDeviceInfo                    0x08003db5   Thumb Code   244  ui.o(i._CMIOT_ShowDeviceInfo)
    _CMIOT_ShowNetworkRegTime                0x08003f15   Thumb Code   866  ui.o(i._CMIOT_ShowNetworkRegTime)
    _CMIOT_ShowRadioInfo                     0x08004321   Thumb Code   548  ui.o(i._CMIOT_ShowRadioInfo)
    _CMIOT_StartTaskProc                     0x080045c9   Thumb Code    62  main.o(i._CMIOT_StartTaskProc)
    _CMIOT_TabIndex                          0x08004635   Thumb Code   550  ui.o(i._CMIOT_TabIndex)
    _CMIOT_UI_BootPage                       0x080048ad   Thumb Code   108  ui.o(i._CMIOT_UI_BootPage)
    _CMIOT_Uart_Init                         0x08004949   Thumb Code   488  usart.o(i._CMIOT_Uart_Init)
    _CMIOT_Uart_send                         0x08004b49   Thumb Code    64  usart.o(i._CMIOT_Uart_send)
    _CMIOT_atoi                              0x08004b89   Thumb Code   134  common.o(i._CMIOT_atoi)
    __0sprintf                               0x08004c11   Thumb Code    34  printfa.o(i.__0sprintf)
    __1sprintf                               0x08004c11   Thumb Code     0  printfa.o(i.__0sprintf)
    __2sprintf                               0x08004c11   Thumb Code     0  printfa.o(i.__0sprintf)
    __c89sprintf                             0x08004c11   Thumb Code     0  printfa.o(i.__0sprintf)
    sprintf                                  0x08004c11   Thumb Code     0  printfa.o(i.__0sprintf)
    __0vsnprintf                             0x08004c39   Thumb Code    32  printfa.o(i.__0vsnprintf)
    __1vsnprintf                             0x08004c39   Thumb Code     0  printfa.o(i.__0vsnprintf)
    __2vsnprintf                             0x08004c39   Thumb Code     0  printfa.o(i.__0vsnprintf)
    __c89vsnprintf                           0x08004c39   Thumb Code     0  printfa.o(i.__0vsnprintf)
    vsnprintf                                0x08004c39   Thumb Code     0  printfa.o(i.__0vsnprintf)
    __scatterload_copy                       0x08004c5d   Thumb Code    14  handlers.o(i.__scatterload_copy)
    __scatterload_null                       0x08004c6b   Thumb Code     2  handlers.o(i.__scatterload_null)
    __scatterload_zeroinit                   0x08004c6d   Thumb Code    14  handlers.o(i.__scatterload_zeroinit)
    cm_key_init                              0x08005531   Thumb Code   104  key.o(i.cm_key_init)
    delay_init                               0x0800559d   Thumb Code    68  delay.o(i.delay_init)
    delay_ms                                 0x080055ed   Thumb Code    34  delay.o(i.delay_ms)
    delay_us                                 0x08005611   Thumb Code    68  delay.o(i.delay_us)
    main                                     0x08005659   Thumb Code    96  main.o(i.main)
    prvDebugLevelCommand                     0x08005995   Thumb Code   104  user_cli.o(i.prvDebugLevelCommand)
    prvGetHeapUsageCommand                   0x08005a35   Thumb Code   188  user_cli.o(i.prvGetHeapUsageCommand)
    prvGetSysTimeCommand                     0x08005bd5   Thumb Code    54  user_cli.o(i.prvGetSysTimeCommand)
    pvPortMalloc                             0x080062d9   Thumb Code   188  heap_4.o(i.pvPortMalloc)
    pxPortInitialiseStack                    0x080063a9   Thumb Code    30  port.o(i.pxPortInitialiseStack)
    ulTaskNotifyTake                         0x080063cd   Thumb Code   108  tasks.o(i.ulTaskNotifyTake)
    uxListRemove                             0x08006441   Thumb Code    40  list.o(i.uxListRemove)
    uxTaskGetStackHighWaterMark              0x08006469   Thumb Code    34  tasks.o(i.uxTaskGetStackHighWaterMark)
    vListInitialise                          0x08006491   Thumb Code    26  list.o(i.vListInitialise)
    vListInitialiseItem                      0x080064ab   Thumb Code     6  list.o(i.vListInitialiseItem)
    vListInsert                              0x080064b1   Thumb Code    52  list.o(i.vListInsert)
    vListInsertEnd                           0x080064e5   Thumb Code    24  list.o(i.vListInsertEnd)
    vPortEnterCritical                       0x080064fd   Thumb Code    30  port.o(i.vPortEnterCritical)
    vPortExitCritical                        0x08006521   Thumb Code    28  port.o(i.vPortExitCritical)
    vPortFree                                0x08006541   Thumb Code    64  heap_4.o(i.vPortFree)
    vPortSetupTimerInterrupt                 0x08006589   Thumb Code    20  port.o(i.vPortSetupTimerInterrupt)
    vQueueAddToRegistry                      0x080065a1   Thumb Code    38  queue.o(i.vQueueAddToRegistry)
    vQueueWaitForMessageRestricted           0x080065cd   Thumb Code    74  queue.o(i.vQueueWaitForMessageRestricted)
    vTaskDelay                               0x08006619   Thumb Code    46  tasks.o(i.vTaskDelay)
    vTaskDelete                              0x0800664d   Thumb Code   166  tasks.o(i.vTaskDelete)
    vTaskInternalSetTimeOutState             0x08006719   Thumb Code    14  tasks.o(i.vTaskInternalSetTimeOutState)
    vTaskMissedYield                         0x08006731   Thumb Code     8  tasks.o(i.vTaskMissedYield)
    vTaskNotifyGiveFromISR                   0x0800673d   Thumb Code   154  tasks.o(i.vTaskNotifyGiveFromISR)
    vTaskPlaceOnEventList                    0x080067f1   Thumb Code    28  tasks.o(i.vTaskPlaceOnEventList)
    vTaskPlaceOnEventListRestricted          0x08006811   Thumb Code    36  tasks.o(i.vTaskPlaceOnEventListRestricted)
    vTaskStartScheduler                      0x08006839   Thumb Code    86  tasks.o(i.vTaskStartScheduler)
    vTaskSuspendAll                          0x080068ad   Thumb Code    12  tasks.o(i.vTaskSuspendAll)
    vTaskSwitchContext                       0x080068bd   Thumb Code   130  tasks.o(i.vTaskSwitchContext)
    xPortGetFreeHeapSize                     0x08006961   Thumb Code     6  heap_4.o(i.xPortGetFreeHeapSize)
    xPortStartScheduler                      0x0800696d   Thumb Code    42  port.o(i.xPortStartScheduler)
    xPortSysTickHandler                      0x080069a1   Thumb Code    46  port.o(i.xPortSysTickHandler)
    xQueueGenericCreate                      0x080069d5   Thumb Code    56  queue.o(i.xQueueGenericCreate)
    xQueueGenericReset                       0x08006a0d   Thumb Code   122  queue.o(i.xQueueGenericReset)
    xQueueGenericSend                        0x08006a8d   Thumb Code   308  queue.o(i.xQueueGenericSend)
    xQueueGenericSendFromISR                 0x08006bc5   Thumb Code   156  queue.o(i.xQueueGenericSendFromISR)
    xQueueReceive                            0x08006c61   Thumb Code   256  queue.o(i.xQueueReceive)
    xTaskCheckForTimeOut                     0x08006d65   Thumb Code    84  tasks.o(i.xTaskCheckForTimeOut)
    xTaskCreate                              0x08006dc1   Thumb Code    96  tasks.o(i.xTaskCreate)
    xTaskGetSchedulerState                   0x08006e21   Thumb Code    24  tasks.o(i.xTaskGetSchedulerState)
    xTaskGetTickCount                        0x08006e41   Thumb Code     6  tasks.o(i.xTaskGetTickCount)
    xTaskIncrementTick                       0x08006e4d   Thumb Code   238  tasks.o(i.xTaskIncrementTick)
    xTaskPriorityDisinherit                  0x08006f69   Thumb Code   122  tasks.o(i.xTaskPriorityDisinherit)
    xTaskRemoveFromEventList                 0x08006fed   Thumb Code   104  tasks.o(i.xTaskRemoveFromEventList)
    xTaskResumeAll                           0x0800706d   Thumb Code   196  tasks.o(i.xTaskResumeAll)
    xTimerCreateTimerTask                    0x08007155   Thumb Code    40  timers.o(i.xTimerCreateTimerTask)
    xTimerGenericCommand                     0x08007191   Thumb Code   104  timers.o(i.xTimerGenericCommand)
    asc2_1206                                0x08007514   Data        1140  st7789s.o(.constdata)
    asc2_1608                                0x08007988   Data        1520  st7789s.o(.constdata)
    ascii_3216                               0x08007f78   Data       12160  st7789s.o(.constdata)
    newArialCnChar24x24                      0x0800aef8   Data         456  st7789s.o(.constdata)
    newArialCnChar16x16                      0x0800b0c0   Data        1296  st7789s.o(.constdata)
    EnChar24x24                              0x0800b5d0   Data        2072  st7789s.o(.constdata)
    Arial24x27                               0x0800bde8   Data        1020  st7789s.o(.constdata)
    Yahei16x21                               0x0800c1e4   Data         828  st7789s.o(.constdata)
    BluetoothImage                           0x0800c520   Data        1080  ui.o(.constdata)
    LogoImage                                0x0800c958   Data        1800  ui.o(.constdata)
    BootImage                                0x0800d060   Data       20000  ui.o(.constdata)
    Region$$Table$$Base                      0x08012048   Number         0  anon$$obj.o(Region$$Table)
    Region$$Table$$Limit                     0x08012068   Number         0  anon$$obj.o(Region$$Table)
    UART_CLI_RxBufferLen                     0x20000014   Data           4  main.o(.data)
    start_task                               0x20000018   Data           4  main.o(.data)
    cli_task                                 0x2000001c   Data           4  main.o(.data)
    m5310_task                               0x20000020   Data           4  main.o(.data)
    lcd_task                                 0x20000024   Data           4  main.o(.data)
    menuNewIndex                             0x20000028   Data           1  main.o(.data)
    menuOldIndex                             0x20000029   Data           1  main.o(.data)
    SystemCoreClock                          0x2000002c   Data           4  system_stm32f10x.o(.data)
    AHBPrescTable                            0x20000030   Data          16  system_stm32f10x.o(.data)
    pxCurrentTCB                             0x20000040   Data           4  tasks.o(.data)
    FreeRTOSRunTimeTicks                     0x200000b8   Data           8  timer.o(.data)
    DEBUG_FLAG                               0x200000c0   Data           1  common.o(.data)
    UART_M5310_RxBufferLen                   0x20000108   Data           4  m5310.o(.data)
    Arial16x18                               0x2000010c   Data        1960  st7789s.o(.data)
    POINT_COLOR                              0x200008b4   Data           2  st7789s.o(.data)
    BACK_COLOR                               0x200008b6   Data           2  st7789s.o(.data)
    DeviceCode                               0x200008b8   Data           2  st7789s.o(.data)
    UART_CLI_RxBuffer                        0x200008bc   Data          32  main.o(.bss)
    xQueueRegistry                           0x20000940   Data          64  queue.o(.bss)
    UART_M5310_RxBuffer                      0x20003270   Data         128  m5310.o(.bss)
    __initial_sp                             0x20003770   Data           0  startup_stm32f10x_hd.o(STACK)



==============================================================================

Memory Map of the image

  Image Entry point : 0x08000131

  Load Region LR_IROM1 (Base: 0x08000000, Size: 0x00012924, Max: 0x00040000, ABSOLUTE, COMPRESSED[0x000126e0])

    Execution Region ER_IROM1 (Base: 0x08000000, Size: 0x00012068, Max: 0x00040000, ABSOLUTE)

    Base Addr    Size         Type   Attr      Idx    E Section Name        Object

    0x08000000   0x00000130   Data   RO            3    RESET               startup_stm32f10x_hd.o
    0x08000130   0x00000000   Code   RO         5156  * .ARM.Collect$$$$00000000  mc_w.l(entry.o)
    0x08000130   0x00000004   Code   RO         5452    .ARM.Collect$$$$00000001  mc_w.l(entry2.o)
    0x08000134   0x00000004   Code   RO         5455    .ARM.Collect$$$$00000004  mc_w.l(entry5.o)
    0x08000138   0x00000000   Code   RO         5457    .ARM.Collect$$$$00000008  mc_w.l(entry7b.o)
    0x08000138   0x00000000   Code   RO         5459    .ARM.Collect$$$$0000000A  mc_w.l(entry8b.o)
    0x08000138   0x00000008   Code   RO         5460    .ARM.Collect$$$$0000000B  mc_w.l(entry9a.o)
    0x08000140   0x00000000   Code   RO         5462    .ARM.Collect$$$$0000000D  mc_w.l(entry10a.o)
    0x08000140   0x00000000   Code   RO         5464    .ARM.Collect$$$$0000000F  mc_w.l(entry11a.o)
    0x08000140   0x00000004   Code   RO         5453    .ARM.Collect$$$$00002712  mc_w.l(entry2.o)
    0x08000144   0x00000002   Code   RO         3183    .emb_text           stm32f10x_it.o
    0x08000146   0x00000002   PAD
    0x08000148   0x00000096   Code   RO         4445    .emb_text           port.o
    0x080001de   0x00000002   PAD
    0x080001e0   0x00000024   Code   RO            4    .text               startup_stm32f10x_hd.o
    0x08000204   0x00000024   Code   RO         5159    .text               mc_w.l(memcpya.o)
    0x08000228   0x00000024   Code   RO         5161    .text               mc_w.l(memseta.o)
    0x0800024c   0x00000024   Code   RO         5165    .text               mc_w.l(strstr.o)
    0x08000270   0x00000018   Code   RO         5167    .text               mc_w.l(strncpy.o)
    0x08000288   0x0000000e   Code   RO         5169    .text               mc_w.l(strlen.o)
    0x08000296   0x00000028   Code   RO         5171    .text               mc_w.l(strncat.o)
    0x080002be   0x0000001e   Code   RO         5175    .text               mc_w.l(strncmp.o)
    0x080002dc   0x0000007c   Code   RO         5446    .text               mf_w.l(fdiv.o)
    0x08000358   0x0000000a   Code   RO         5448    .text               mf_w.l(ffltui.o)
    0x08000362   0x00000026   Code   RO         5450    .text               mf_w.l(f2d.o)
    0x08000388   0x0000002c   Code   RO         5469    .text               mc_w.l(uidiv.o)
    0x080003b4   0x00000062   Code   RO         5471    .text               mc_w.l(uldiv.o)
    0x08000416   0x00000000   Code   RO         5473    .text               mc_w.l(iusefp.o)
    0x08000416   0x0000006e   Code   RO         5474    .text               mf_w.l(fepilogue.o)
    0x08000484   0x0000014e   Code   RO         5476    .text               mf_w.l(dadd.o)
    0x080005d2   0x000000e4   Code   RO         5478    .text               mf_w.l(dmul.o)
    0x080006b6   0x000000de   Code   RO         5480    .text               mf_w.l(ddiv.o)
    0x08000794   0x00000030   Code   RO         5482    .text               mf_w.l(dfixul.o)
    0x080007c4   0x00000030   Code   RO         5484    .text               mf_w.l(cdrcmple.o)
    0x080007f4   0x00000024   Code   RO         5486    .text               mc_w.l(init.o)
    0x08000818   0x0000001e   Code   RO         5489    .text               mc_w.l(llshl.o)
    0x08000836   0x00000020   Code   RO         5491    .text               mc_w.l(llushr.o)
    0x08000856   0x00000024   Code   RO         5493    .text               mc_w.l(llsshr.o)
    0x0800087a   0x000000ba   Code   RO         5496    .text               mf_w.l(depilogue.o)
    0x08000934   0x00000056   Code   RO         5506    .text               mc_w.l(__dczerorl2.o)
    0x0800098a   0x00000004   Code   RO         3184    i.BusFault_Handler  stm32f10x_it.o
    0x0800098e   0x00000002   PAD
    0x08000990   0x0000001c   Code   RO         4631    i.ConfigureTimeForRunTimeStats  timer.o
    0x080009ac   0x00000002   Code   RO         3185    i.DebugMon_Handler  stm32f10x_it.o
    0x080009ae   0x00000002   PAD
    0x080009b0   0x0000008c   Code   RO         5133    i.EXTI9_5_IRQHandler  key.o
    0x08000a3c   0x0000000c   Code   RO          895    i.EXTI_ClearITPendingBit  stm32f10x_exti.o
    0x08000a48   0x00000028   Code   RO          899    i.EXTI_GetITStatus  stm32f10x_exti.o
    0x08000a70   0x00000094   Code   RO          900    i.EXTI_Init         stm32f10x_exti.o
    0x08000b04   0x0000005c   Code   RO         4711    i.FreeRTOS_CLIGetParameter  freertos_cli.o
    0x08000b60   0x000000e0   Code   RO         4712    i.FreeRTOS_CLIProcessCommand  freertos_cli.o
    0x08000c40   0x00000034   Code   RO         4713    i.FreeRTOS_CLIRegisterCommand  freertos_cli.o
    0x08000c74   0x00000040   Code   RO         1245    i.GPIO_EXTILineConfig  stm32f10x_gpio.o
    0x08000cb4   0x00000116   Code   RO         1248    i.GPIO_Init         stm32f10x_gpio.o
    0x08000dca   0x00000004   Code   RO         1256    i.GPIO_SetBits      stm32f10x_gpio.o
    0x08000dce   0x00000008   Code   RO         3186    i.HardFault_Handler  stm32f10x_it.o
    0x08000dd6   0x00000002   PAD
    0x08000dd8   0x00000064   Code   RO         4891    i.LCD_Clear         st7789s.o
    0x08000e3c   0x000000b0   Code   RO         4894    i.LCD_DrawLine      st7789s.o
    0x08000eec   0x00000068   Code   RO         4895    i.LCD_DrawPoint     st7789s.o
    0x08000f54   0x00000090   Code   RO         4897    i.LCD_Fill          st7789s.o
    0x08000fe4   0x00000054   Code   RO         4898    i.LCD_GPIO_Init     st7789s.o
    0x08001038   0x000006e0   Code   RO         4899    i.LCD_Init          st7789s.o
    0x08001718   0x00000030   Code   RO         4900    i.LCD_RESET         st7789s.o
    0x08001748   0x000000b4   Code   RO         5063    i.LCD_SetCursor     st7789s.o
    0x080017fc   0x000001c8   Code   RO         4903    i.LCD_ShowChar      st7789s.o
    0x080019c4   0x000004d0   Code   RO         4904    i.LCD_ShowChinese   st7789s.o
    0x08001e94   0x000000dc   Code   RO         4905    i.LCD_ShowFontEN    st7789s.o
    0x08001f70   0x000001ec   Code   RO         4906    i.LCD_ShowFontHZ    st7789s.o
    0x0800215c   0x000000f0   Code   RO         4907    i.LCD_ShowFontHZ_Arial  st7789s.o
    0x0800224c   0x00000064   Code   RO         4909    i.LCD_ShowPicture   st7789s.o
    0x080022b0   0x0000006a   Code   RO         4910    i.LCD_ShowString    st7789s.o
    0x0800231a   0x00000002   PAD
    0x0800231c   0x00000034   Code   RO         4911    i.LCD_WR_REG        st7789s.o
    0x08002350   0x0000000a   Code   RO         4913    i.LCD_WriteRAM_Prepare  st7789s.o
    0x0800235a   0x00000004   Code   RO         3187    i.MemManage_Handler  stm32f10x_it.o
    0x0800235e   0x00000002   Code   RO         3188    i.NMI_Handler       stm32f10x_it.o
    0x08002360   0x00000070   Code   RO           10    i.NVIC_Init         misc.o
    0x080023d0   0x00000014   Code   RO           11    i.NVIC_PriorityGroupConfig  misc.o
    0x080023e4   0x00000020   Code   RO         1664    i.RCC_APB1PeriphClockCmd  stm32f10x_rcc.o
    0x08002404   0x00000020   Code   RO         1665    i.RCC_APB1PeriphResetCmd  stm32f10x_rcc.o
    0x08002424   0x00000020   Code   RO         1666    i.RCC_APB2PeriphClockCmd  stm32f10x_rcc.o
    0x08002444   0x00000020   Code   RO         1667    i.RCC_APB2PeriphResetCmd  stm32f10x_rcc.o
    0x08002464   0x000000d4   Code   RO         1674    i.RCC_GetClocksFreq  stm32f10x_rcc.o
    0x08002538   0x00000008   Code   RO         3242    i.SetSysClock       system_stm32f10x.o
    0x08002540   0x000000e0   Code   RO         3243    i.SetSysClockTo72   system_stm32f10x.o
    0x08002620   0x00000028   Code   RO           14    i.SysTick_CLKSourceConfig  misc.o
    0x08002648   0x00000010   Code   RO         4516    i.SysTick_Handler   delay.o
    0x08002658   0x00000060   Code   RO         3245    i.SystemInit        system_stm32f10x.o
    0x080026b8   0x00000034   Code   RO         4632    i.TIM3_IRQHandler   timer.o
    0x080026ec   0x00000060   Code   RO         4633    i.TIM3_Int_Init     timer.o
    0x0800274c   0x00000006   Code   RO         2293    i.TIM_ClearITPendingBit  stm32f10x_tim.o
    0x08002752   0x00000018   Code   RO         2298    i.TIM_Cmd           stm32f10x_tim.o
    0x0800276a   0x00000022   Code   RO         2319    i.TIM_GetITStatus   stm32f10x_tim.o
    0x0800278c   0x00000012   Code   RO         2323    i.TIM_ITConfig      stm32f10x_tim.o
    0x0800279e   0x00000002   PAD
    0x080027a0   0x000000a4   Code   RO         2369    i.TIM_TimeBaseInit  stm32f10x_tim.o
    0x08002844   0x00000002   Code   RO         4588    i.USART1_IRQHandler  usart.o
    0x08002846   0x00000002   PAD
    0x08002848   0x00000094   Code   RO         4589    i.USART2_IRQHandler  usart.o
    0x080028dc   0x00000040   Code   RO         4590    i.USART3_IRQHandler  usart.o
    0x0800291c   0x00000012   Code   RO         2830    i.USART_ClearFlag   stm32f10x_usart.o
    0x0800292e   0x00000018   Code   RO         2834    i.USART_Cmd         stm32f10x_usart.o
    0x08002946   0x00000002   PAD
    0x08002948   0x0000009c   Code   RO         2836    i.USART_DeInit      stm32f10x_usart.o
    0x080029e4   0x0000001a   Code   RO         2837    i.USART_GetFlagStatus  stm32f10x_usart.o
    0x080029fe   0x00000054   Code   RO         2838    i.USART_GetITStatus  stm32f10x_usart.o
    0x08002a52   0x0000004a   Code   RO         2840    i.USART_ITConfig    stm32f10x_usart.o
    0x08002a9c   0x000000d8   Code   RO         2841    i.USART_Init        stm32f10x_usart.o
    0x08002b74   0x0000000a   Code   RO         2848    i.USART_ReceiveData  stm32f10x_usart.o
    0x08002b7e   0x00000008   Code   RO         2851    i.USART_SendData    stm32f10x_usart.o
    0x08002b86   0x00000004   Code   RO         3189    i.UsageFault_Handler  stm32f10x_it.o
    0x08002b8a   0x00000002   PAD
    0x08002b8c   0x00000020   Code   RO         4758    i._CMIOT_CLI_Init   user_cli.o
    0x08002bac   0x00000088   Code   RO         3064    i._CMIOT_CliTaskProc  main.o
    0x08002c34   0x0000004c   Code   RO         4661    i._CMIOT_Debug      common.o
    0x08002c80   0x000000d8   Code   RO         4802    i._CMIOT_ExecuteAtCmd  m5310.o
    0x08002d58   0x0000014c   Code   RO         5078    i._CMIOT_GUI_Init   ui.o
    0x08002ea4   0x000000c0   Code   RO         4803    i._CMIOT_GetICCID   m5310.o
    0x08002f64   0x000000bc   Code   RO         4804    i._CMIOT_GetIMEI    m5310.o
    0x08003020   0x000000bc   Code   RO         4805    i._CMIOT_GetIMSI    m5310.o
    0x080030dc   0x000000bc   Code   RO         4806    i._CMIOT_GetModuleName  m5310.o
    0x08003198   0x000000b8   Code   RO         4807    i._CMIOT_GetModuleVersion  m5310.o
    0x08003250   0x00000104   Code   RO         4808    i._CMIOT_GetNB_Band  m5310.o
    0x08003354   0x000000bc   Code   RO         4809    i._CMIOT_GetPLMN    m5310.o
    0x08003410   0x000002e4   Code   RO         4810    i._CMIOT_Get_PSM_TIMER_Value  m5310.o
    0x080036f4   0x00000018   Code   RO         3065    i._CMIOT_LcdTaskProc  main.o
    0x0800370c   0x000000b8   Code   RO         3066    i._CMIOT_M5310TaskProc  main.o
    0x080037c4   0x0000011c   Code   RO         4811    i._CMIOT_M5310_GetRegisterTime  m5310.o
    0x080038e0   0x000000d8   Code   RO         4812    i._CMIOT_M5310_GetSignalstrength  m5310.o
    0x080039b8   0x000003d8   Code   RO         4813    i._CMIOT_M5310_GetUeState  m5310.o
    0x08003d90   0x00000024   Code   RO         5079    i._CMIOT_NBIOT_Measurement  ui.o
    0x08003db4   0x00000160   Code   RO         5080    i._CMIOT_ShowDeviceInfo  ui.o
    0x08003f14   0x0000040c   Code   RO         5081    i._CMIOT_ShowNetworkRegTime  ui.o
    0x08004320   0x000002a8   Code   RO         5082    i._CMIOT_ShowRadioInfo  ui.o
    0x080045c8   0x0000006c   Code   RO         3067    i._CMIOT_StartTaskProc  main.o
    0x08004634   0x00000278   Code   RO         5083    i._CMIOT_TabIndex   ui.o
    0x080048ac   0x0000009c   Code   RO         5084    i._CMIOT_UI_BootPage  ui.o
    0x08004948   0x00000200   Code   RO         4591    i._CMIOT_Uart_Init  usart.o
    0x08004b48   0x00000040   Code   RO         4592    i._CMIOT_Uart_send  usart.o
    0x08004b88   0x00000086   Code   RO         4664    i._CMIOT_atoi       common.o
    0x08004c0e   0x00000002   PAD
    0x08004c10   0x00000028   Code   RO         5420    i.__0sprintf        mc_w.l(printfa.o)
    0x08004c38   0x00000024   Code   RO         5423    i.__0vsnprintf      mc_w.l(printfa.o)
    0x08004c5c   0x0000000e   Code   RO         5500    i.__scatterload_copy  mc_w.l(handlers.o)
    0x08004c6a   0x00000002   Code   RO         5501    i.__scatterload_null  mc_w.l(handlers.o)
    0x08004c6c   0x0000000e   Code   RO         5502    i.__scatterload_zeroinit  mc_w.l(handlers.o)
    0x08004c7a   0x00000002   PAD
    0x08004c7c   0x00000164   Code   RO         5425    i._fp_digits        mc_w.l(printfa.o)
    0x08004de0   0x000006dc   Code   RO         5426    i._printf_core      mc_w.l(printfa.o)
    0x080054bc   0x00000024   Code   RO         5427    i._printf_post_padding  mc_w.l(printfa.o)
    0x080054e0   0x0000002e   Code   RO         5428    i._printf_pre_padding  mc_w.l(printfa.o)
    0x0800550e   0x00000016   Code   RO         5429    i._snputc           mc_w.l(printfa.o)
    0x08005524   0x0000000a   Code   RO         5430    i._sputc            mc_w.l(printfa.o)
    0x0800552e   0x00000002   PAD
    0x08005530   0x0000006c   Code   RO         5134    i.cm_key_init       key.o
    0x0800559c   0x00000050   Code   RO         4517    i.delay_init        delay.o
    0x080055ec   0x00000022   Code   RO         4518    i.delay_ms          delay.o
    0x0800560e   0x00000002   PAD
    0x08005610   0x00000048   Code   RO         4519    i.delay_us          delay.o
    0x08005658   0x00000098   Code   RO         3068    i.main              main.o
    0x080056f0   0x00000098   Code   RO         3866    i.prvAddCurrentTaskToDelayedList  tasks.o
    0x08005788   0x000000b8   Code   RO         3867    i.prvAddNewTaskToReadyList  tasks.o
    0x08005840   0x00000064   Code   RO         4254    i.prvCheckForValidListAndQueue  timers.o
    0x080058a4   0x00000048   Code   RO         3868    i.prvCheckTasksWaitingTermination  tasks.o
    0x080058ec   0x0000002a   Code   RO         3469    i.prvCopyDataFromQueue  queue.o
    0x08005916   0x0000007c   Code   RO         3470    i.prvCopyDataToQueue  queue.o
    0x08005992   0x00000002   PAD
    0x08005994   0x0000008c   Code   RO         4759    i.prvDebugLevelCommand  user_cli.o
    0x08005a20   0x00000012   Code   RO         3869    i.prvDeleteTCB      tasks.o
    0x08005a32   0x00000002   PAD
    0x08005a34   0x00000148   Code   RO         4760    i.prvGetHeapUsageCommand  user_cli.o
    0x08005b7c   0x00000028   Code   RO         4255    i.prvGetNextExpireTime  timers.o
    0x08005ba4   0x0000002e   Code   RO         4714    i.prvGetNumberOfParameters  freertos_cli.o
    0x08005bd2   0x00000002   PAD
    0x08005bd4   0x00000058   Code   RO         4761    i.prvGetSysTimeCommand  user_cli.o
    0x08005c2c   0x0000007c   Code   RO         4396    i.prvHeapInit       heap_4.o
    0x08005ca8   0x0000004c   Code   RO         4715    i.prvHelpCommand    freertos_cli.o
    0x08005cf4   0x00000028   Code   RO         3870    i.prvIdleTask       tasks.o
    0x08005d1c   0x0000002e   Code   RO         3473    i.prvInitialiseNewQueue  queue.o
    0x08005d4a   0x00000092   Code   RO         3871    i.prvInitialiseNewTask  tasks.o
    0x08005ddc   0x00000068   Code   RO         3872    i.prvInitialiseTaskLists  tasks.o
    0x08005e44   0x00000068   Code   RO         4397    i.prvInsertBlockIntoFreeList  heap_4.o
    0x08005eac   0x00000058   Code   RO         4257    i.prvInsertTimerInActiveList  timers.o
    0x08005f04   0x0000001a   Code   RO         3474    i.prvIsQueueEmpty   queue.o
    0x08005f1e   0x0000001e   Code   RO         3475    i.prvIsQueueFull    queue.o
    0x08005f3c   0x00000052   Code   RO         3476    i.prvNotifyQueueSetContainer  queue.o
    0x08005f8e   0x00000002   PAD
    0x08005f90   0x0000004c   Code   RO         4258    i.prvProcessExpiredTimer  timers.o
    0x08005fdc   0x000000cc   Code   RO         4259    i.prvProcessReceivedCommands  timers.o
    0x080060a8   0x00000074   Code   RO         4260    i.prvProcessTimerOrBlockTask  timers.o
    0x0800611c   0x00000034   Code   RO         3874    i.prvResetNextTaskUnblockTime  tasks.o
    0x08006150   0x0000002c   Code   RO         4261    i.prvSampleTimeNow  timers.o
    0x0800617c   0x00000084   Code   RO         4262    i.prvSwitchTimerLists  timers.o
    0x08006200   0x00000016   Code   RO         3875    i.prvTaskCheckFreeStackSpace  tasks.o
    0x08006216   0x00000016   Code   RO         4446    i.prvTaskExitError  port.o
    0x0800622c   0x0000001a   Code   RO         4263    i.prvTimerTask      timers.o
    0x08006246   0x00000092   Code   RO         3477    i.prvUnlockQueue    queue.o
    0x080062d8   0x000000d0   Code   RO         4398    i.pvPortMalloc      heap_4.o
    0x080063a8   0x00000024   Code   RO         4447    i.pxPortInitialiseStack  port.o
    0x080063cc   0x00000074   Code   RO         3879    i.ulTaskNotifyTake  tasks.o
    0x08006440   0x00000028   Code   RO         3429    i.uxListRemove      list.o
    0x08006468   0x00000028   Code   RO         3881    i.uxTaskGetStackHighWaterMark  tasks.o
    0x08006490   0x0000001a   Code   RO         3430    i.vListInitialise   list.o
    0x080064aa   0x00000006   Code   RO         3431    i.vListInitialiseItem  list.o
    0x080064b0   0x00000034   Code   RO         3432    i.vListInsert       list.o
    0x080064e4   0x00000018   Code   RO         3433    i.vListInsertEnd    list.o
    0x080064fc   0x00000024   Code   RO         4449    i.vPortEnterCritical  port.o
    0x08006520   0x00000020   Code   RO         4450    i.vPortExitCritical  port.o
    0x08006540   0x00000048   Code   RO         4399    i.vPortFree         heap_4.o
    0x08006588   0x00000018   Code   RO         4451    i.vPortSetupTimerInterrupt  port.o
    0x080065a0   0x0000002c   Code   RO         3483    i.vQueueAddToRegistry  queue.o
    0x080065cc   0x0000004a   Code   RO         3487    i.vQueueWaitForMessageRestricted  queue.o
    0x08006616   0x00000002   PAD
    0x08006618   0x00000034   Code   RO         3887    i.vTaskDelay        tasks.o
    0x0800664c   0x000000cc   Code   RO         3889    i.vTaskDelete       tasks.o
    0x08006718   0x00000018   Code   RO         3893    i.vTaskInternalSetTimeOutState  tasks.o
    0x08006730   0x0000000c   Code   RO         3895    i.vTaskMissedYield  tasks.o
    0x0800673c   0x000000b4   Code   RO         3896    i.vTaskNotifyGiveFromISR  tasks.o
    0x080067f0   0x00000020   Code   RO         3897    i.vTaskPlaceOnEventList  tasks.o
    0x08006810   0x00000028   Code   RO         3898    i.vTaskPlaceOnEventListRestricted  tasks.o
    0x08006838   0x00000074   Code   RO         3906    i.vTaskStartScheduler  tasks.o
    0x080068ac   0x00000010   Code   RO         3908    i.vTaskSuspendAll   tasks.o
    0x080068bc   0x000000a4   Code   RO         3909    i.vTaskSwitchContext  tasks.o
    0x08006960   0x0000000c   Code   RO         4401    i.xPortGetFreeHeapSize  heap_4.o
    0x0800696c   0x00000034   Code   RO         4452    i.xPortStartScheduler  port.o
    0x080069a0   0x00000034   Code   RO         4453    i.xPortSysTickHandler  port.o
    0x080069d4   0x00000038   Code   RO         3492    i.xQueueGenericCreate  queue.o
    0x08006a0c   0x00000080   Code   RO         3493    i.xQueueGenericReset  queue.o
    0x08006a8c   0x00000138   Code   RO         3494    i.xQueueGenericSend  queue.o
    0x08006bc4   0x0000009c   Code   RO         3495    i.xQueueGenericSendFromISR  queue.o
    0x08006c60   0x00000104   Code   RO         3502    i.xQueueReceive     queue.o
    0x08006d64   0x0000005c   Code   RO         3910    i.xTaskCheckForTimeOut  tasks.o
    0x08006dc0   0x00000060   Code   RO         3911    i.xTaskCreate       tasks.o
    0x08006e20   0x00000020   Code   RO         3915    i.xTaskGetSchedulerState  tasks.o
    0x08006e40   0x0000000c   Code   RO         3916    i.xTaskGetTickCount  tasks.o
    0x08006e4c   0x0000011c   Code   RO         3918    i.xTaskIncrementTick  tasks.o
    0x08006f68   0x00000084   Code   RO         3921    i.xTaskPriorityDisinherit  tasks.o
    0x08006fec   0x00000080   Code   RO         3923    i.xTaskRemoveFromEventList  tasks.o
    0x0800706c   0x000000e8   Code   RO         3924    i.xTaskResumeAll    tasks.o
    0x08007154   0x0000003c   Code   RO         4269    i.xTimerCreateTimerTask  timers.o
    0x08007190   0x0000006c   Code   RO         4270    i.xTimerGenericCommand  timers.o
    0x080071fc   0x0000001a   Data   RO         3070    .constdata          main.o
    0x08007216   0x00000002   PAD
    0x08007218   0x00000010   Data   RO         4717    .constdata          freertos_cli.o
    0x08007228   0x000002ec   Data   RO         4815    .constdata          m5310.o
    0x08007514   0x0000500c   Data   RO         4916    .constdata          st7789s.o
    0x0800c520   0x00005960   Data   RO         5086    .constdata          ui.o
    0x08011e80   0x00000013   Data   RO         5135    .constdata          key.o
    0x08011e93   0x00000001   PAD
    0x08011e94   0x000000dd   Data   RO         4718    .conststring        freertos_cli.o
    0x08011f71   0x00000003   PAD
    0x08011f74   0x000000d2   Data   RO         4762    .conststring        user_cli.o
    0x08012046   0x00000002   PAD
    0x08012048   0x00000020   Data   RO         5498    Region$$Table       anon$$obj.o


    Execution Region RW_IRAM1 (Base: 0x20000000, Size: 0x00003770, Max: 0x0000c000, ABSOLUTE, COMPRESSED[0x00000678])

    Base Addr    Size         Type   Attr      Idx    E Section Name        Object

    0x20000000   0x00000014   Data   RW         1694    .data               stm32f10x_rcc.o
    0x20000014   0x00000016   Data   RW         3071    .data               main.o
    0x2000002a   0x00000002   PAD
    0x2000002c   0x00000014   Data   RW         3246    .data               system_stm32f10x.o
    0x20000040   0x00000044   Data   RW         3927    .data               tasks.o
    0x20000084   0x00000014   Data   RW         4278    .data               timers.o
    0x20000098   0x00000018   Data   RW         4404    .data               heap_4.o
    0x200000b0   0x00000004   Data   RW         4454    .data               port.o
    0x200000b4   0x00000001   Data   RW         4521    .data               delay.o
    0x200000b5   0x00000003   PAD
    0x200000b8   0x00000008   Data   RW         4634    .data               timer.o
    0x200000c0   0x00000001   Data   RW         4666    .data               common.o
    0x200000c1   0x00000003   PAD
    0x200000c4   0x00000014   Data   RW         4719    .data               freertos_cli.o
    0x200000d8   0x00000030   Data   RW         4763    .data               user_cli.o
    0x20000108   0x00000004   Data   RW         4816    .data               m5310.o
    0x2000010c   0x000007ae   Data   RW         4917    .data               st7789s.o
    0x200008ba   0x00000002   PAD
    0x200008bc   0x00000084   Zero   RW         3069    .bss                main.o
    0x20000940   0x00000040   Zero   RW         3509    .bss                queue.o
    0x20000980   0x000000c8   Zero   RW         3926    .bss                tasks.o
    0x20000a48   0x00000028   Zero   RW         4277    .bss                timers.o
    0x20000a70   0x00002800   Zero   RW         4403    .bss                heap_4.o
    0x20003270   0x00000080   Zero   RW         4814    .bss                m5310.o
    0x200032f0   0x00000080   Zero   RW         5085    .bss                ui.o
    0x20003370   0x00000400   Zero   RW            1    STACK               startup_stm32f10x_hd.o


==============================================================================

Image component sizes


      Code (inc. data)   RO Data    RW Data    ZI Data      Debug   Object Name

       210          8          0          1          0       2450   common.o
         0          0          0          0          0        488   croutine.o
       202         16          0          1          0       2121   delay.o
         0          0          0          0          0      11588   event_groups.o
       490         32        237         20          0       5478   freertos_cli.o
       520         68          0         24      10240       4066   heap_4.o
       248         42         19          0          0       1099   key.o
       148          0          0          0          0       2838   list.o
      3828       1180        748          4        128      12964   m5310.o
       604        234         26         22        132      14502   main.o
       172         22          0          0          0     256533   misc.o
       404         48          0          4          0       8796   port.o
      1526         20          0          0         64      13926   queue.o
      5504        202      20492       1966          0      17242   st7789s.o
        36          8        304          0       1024        816   startup_stm32f10x_hd.o
       200         18          0          0          0       1884   stm32f10x_exti.o
       346          4          0          0          0       2893   stm32f10x_gpio.o
        26          0          0          0          0       2745   stm32f10x_it.o
       340         44          0         20          0       5232   stm32f10x_rcc.o
       246         42          0          0          0       3234   stm32f10x_tim.o
       616         28          0          0          0       6750   stm32f10x_usart.o
       328         28          0         20          0       2025   system_stm32f10x.o
      2794        432          0         68        200      28770   tasks.o
       176         22          0          8          0       1736   timer.o
       994        112          0         20         40       7887   timers.o
      3224        656      22880          0        128       4780   ui.o
       790         56          0          0          0       3887   usart.o
       588        216        210         48          0       4258   user_cli.o

    ----------------------------------------------------------------------
     24594       3538      44956       2236      11956     430988   Object Totals
         0          0         32          0          0          0   (incl. Generated)
        34          0          8         10          0          0   (incl. Padding)

    ----------------------------------------------------------------------

      Code (inc. data)   RO Data    RW Data    ZI Data      Debug   Library Member Name

        86          0          0          0          0          0   __dczerorl2.o
         0          0          0          0          0          0   entry.o
         0          0          0          0          0          0   entry10a.o
         0          0          0          0          0          0   entry11a.o
         8          4          0          0          0          0   entry2.o
         4          0          0          0          0          0   entry5.o
         0          0          0          0          0          0   entry7b.o
         0          0          0          0          0          0   entry8b.o
         8          4          0          0          0          0   entry9a.o
        30          0          0          0          0          0   handlers.o
        36          8          0          0          0         68   init.o
         0          0          0          0          0          0   iusefp.o
        30          0          0          0          0         68   llshl.o
        36          0          0          0          0         68   llsshr.o
        32          0          0          0          0         68   llushr.o
        36          0          0          0          0         68   memcpya.o
        36          0          0          0          0        108   memseta.o
      2302         90          0          0          0        660   printfa.o
        14          0          0          0          0         68   strlen.o
        40          0          0          0          0         76   strncat.o
        30          0          0          0          0         80   strncmp.o
        24          0          0          0          0         76   strncpy.o
        36          0          0          0          0         80   strstr.o
        44          0          0          0          0         80   uidiv.o
        98          0          0          0          0         92   uldiv.o
        48          0          0          0          0         68   cdrcmple.o
       334          0          0          0          0        148   dadd.o
       222          0          0          0          0        100   ddiv.o
       186          0          0          0          0        176   depilogue.o
        48          0          0          0          0         68   dfixul.o
       228          0          0          0          0         96   dmul.o
        38          0          0          0          0         68   f2d.o
       124          0          0          0          0         88   fdiv.o
       110          0          0          0          0        168   fepilogue.o
        10          0          0          0          0         68   ffltui.o

    ----------------------------------------------------------------------
      4282        106          0          0          0       2708   Library Totals
         4          0          0          0          0          0   (incl. Padding)

    ----------------------------------------------------------------------

      Code (inc. data)   RO Data    RW Data    ZI Data      Debug   Library Name

      2930        106          0          0          0       1660   mc_w.l
      1348          0          0          0          0       1048   mf_w.l

    ----------------------------------------------------------------------
      4282        106          0          0          0       2708   Library Totals

    ----------------------------------------------------------------------

==============================================================================


      Code (inc. data)   RO Data    RW Data    ZI Data      Debug   

     28876       3644      44956       2236      11956     423528   Grand Totals
     28876       3644      44956       1656      11956     423528   ELF Image Totals (compressed)
     28876       3644      44956       1656          0          0   ROM Totals

==============================================================================

    Total RO  Size (Code + RO Data)                73832 (  72.10kB)
    Total RW  Size (RW Data + ZI Data)             14192 (  13.86kB)
    Total ROM Size (Code + RO Data + RW Data)      75488 (  73.72kB)

==============================================================================

